Copyright 1986-2022 Xilinx, Inc. All Rights Reserved. Copyright 2022-2023 Advanced Micro Devices, Inc. All Rights Reserved.
----------------------------------------------------------------------------------------------------------------------------------------------------------------------------------------------------------------------
| Tool Version : Vivado v.2023.2 (lin64) Build 4029153 Fri Oct 13 20:13:54 MDT 2023
| Date         : Sat Sep  5 00:43:41 2026
| Host         : LAPTOP-PERMR8RO running 64-bit Ubuntu 22.04.5 LTS
| Command      : report_design_analysis -congestion -file /home/timhan/FHE/openfhe-for-HKS-ACC/src/fpga_backend/Solution/hks_digit_cosim-perf_mem_p3_r3/solution1/impl/verilog/report/postroute_margin/congestion.rpt
| Design       : bd_0_wrapper
| Device       : xcu55c
| Design State : Routed
----------------------------------------------------------------------------------------------------------------------------------------------------------------------------------------------------------------------

Report Design Analysis

Table of Contents
-----------------
1. Placer Final Level Congestion Reporting
2. Router Initial Congestion
3. SLR Net Crossing Reporting

1. Placer Final Level Congestion Reporting
------------------------------------------

+-----------+------+-------+---------------------------------+---------------+---------------+-----+--------+------+------+------+------+-----+-------+-----+----------------------------------------------------------------------------------------------------------------------------------------------------------------------------------------------------------------------------------------------------------------------------------------------------------------------------------------------------------------------------------------------------------------------------------------------------------------------------------------------------------------------------------------------------------------------------------------------+
| Direction | Type | Level |              Window             | Combined LUTs | Avg LUT Input | LUT | LUTRAM | Flop | MUXF | RAMB | URAM | DSP | CARRY | SRL |                                                                                                                                                                                                                                                                                          Cell Names                                                                                                                                                                                                                                                                                          |
+-----------+------+-------+---------------------------------+---------------+---------------+-----+--------+------+------+------+------+-----+-------+-----+----------------------------------------------------------------------------------------------------------------------------------------------------------------------------------------------------------------------------------------------------------------------------------------------------------------------------------------------------------------------------------------------------------------------------------------------------------------------------------------------------------------------------------------------------------------------------------------------+
| North     | Long |     5 | (CLEM_X19Y129,CLEM_X34Y160)     |            0% |         3.485 | 64% | 0%     |   5% |   6% | 100% | 0%   | 58% |    4% |  0% | bd_0_i/hls_inst/inst/grp_Execute_Transform_Operation_fu_696/grp_Execute_Transform_fu_1269/grp_CG_Transform_Work_fu_441/grp_CG_Transform_Work_Pipeline_WORK_BUTTERFLY_LOOP3_fu_788(21%),bd_0_i/hls_inst/inst/grp_Execute_Transform_Operation_fu_696/grp_Execute_Transform_fu_1269/grp_CG_Transform_Work_fu_441/grp_CG_Transform_Work_Pipeline_WORK_BUTTERFLY_LOOP_fu_440(19%),bd_0_i/hls_inst/inst(14%)                                                                                                                                                                                       |
| East      | Long |     5 | (CLEL_R_X29Y127,CLEL_L_X44Y158) |            0% |         3.385 | 70% | 0%     |  11% |   4% | 100% | NA   | 16% |   22% |  6% | bd_0_i/hls_inst/inst/grp_Execute_Transform_Operation_fu_696/grp_Execute_Transform_fu_1269/grp_CG_Transform_Work_fu_441/grp_CG_Transform_Work_Pipeline_WORK_BUTTERFLY_LOOP3_fu_788(43%),bd_0_i/hls_inst/inst/grp_Execute_Transform_Operation_fu_696/grp_Execute_Transform_fu_1269/grp_CG_Transform_Work_fu_441/grp_CG_Transform_Work_Pipeline_WORK_BUTTERFLY_LOOP_fu_440(19%),bd_0_i/hls_inst/inst/grp_Execute_Transform_Operation_fu_696/grp_Prepare_HKS_BConv_Input_fu_832/grp_Prepare_HKS_BConv_Input_Pipeline_HKS_SCALE_LIMB_HKS_SCALE_ROW_HKS_SCALE_COL_fu_180/grp_MultMod_2_fu_1927(9%) |
| West      | Long |     5 | (CLEL_R_X24Y138,CLEM_X40Y169)   |            0% |         3.077 | 62% | 0%     |   8% |   2% | 100% | 0%   | 29% |   17% |  3% | bd_0_i/hls_inst/inst/grp_Execute_Transform_Operation_fu_696/grp_Execute_Transform_fu_1269/grp_CG_Transform_Work_fu_441/grp_CG_Transform_Work_Pipeline_WORK_BUTTERFLY_LOOP3_fu_788(48%),bd_0_i/hls_inst/inst(13%),bd_0_i/hls_inst/inst/grp_Compute_BConv_Systolic_fu_1051/grp_Compute_BConv_Systolic_Pipeline_Load_Mod_fu_321(10%)                                                                                                                                                                                                                                                            |
+-----------+------+-------+---------------------------------+---------------+---------------+-----+--------+------+------+------+------+-----+-------+-----+----------------------------------------------------------------------------------------------------------------------------------------------------------------------------------------------------------------------------------------------------------------------------------------------------------------------------------------------------------------------------------------------------------------------------------------------------------------------------------------------------------------------------------------------------------------------------------------------+


2. Router Initial Congestion
----------------------------

+-----------+--------+-------+-------------------------------+---------------+---------------+-----+--------+------+------+------+------+-----+-------+-----+--------------------------------------------------------------------------------------------------------------------------------------------------------------------------------------------------------------------------------------------------------------------------------------------------------------------------------------------------------------------------------------------------------+--------------------------------------------------------------------------------------------------------------------------------------------------------------------------------------------------------------------------------------------------------------------------------------------------------------------------------------------------------------------------------------------------------------------------------------------------+
| Direction |  Type  | Level |             Window            | Combined LUTs | Avg LUT Input | LUT | LUTRAM | Flop | MUXF | RAMB | URAM | DSP | CARRY | SRL |                                                                                                                                                                                               Cell Names                                                                                                                                                                                               |                                                                                                                                                                                                                    Sub Windows                                                                                                                                                                                                                   |
+-----------+--------+-------+-------------------------------+---------------+---------------+-----+--------+------+------+------+------+-----+-------+-----+--------------------------------------------------------------------------------------------------------------------------------------------------------------------------------------------------------------------------------------------------------------------------------------------------------------------------------------------------------------------------------------------------------+--------------------------------------------------------------------------------------------------------------------------------------------------------------------------------------------------------------------------------------------------------------------------------------------------------------------------------------------------------------------------------------------------------------------------------------------------+
| West      | Global |     5 | (CLEM_X29Y134,CLEM_X60Y165)   |            0% |         4.245 | 73% |     0% |  15% |   2% | 100% |   NA | 55% |   34% | 10% | bd_0_i/hls_inst/inst/grp_Execute_Transform_Operation_fu_696/grp_Execute_Transform_fu_1269/grp_CG_Transform_Work_fu_441/grp_CG_Transform_Work_Pipeline_WORK_BUTTERFLY_LOOP3_fu_788(52%),bd_0_i/hls_inst/inst/grp_Execute_Transform_Operation_fu_696/grp_Execute_Transform_fu_1269/grp_CG_Transform_Work_fu_441/grp_CG_Transform_Work_Pipeline_WORK_BUTTERFLY_LOOP_fu_440(15%),bd_0_i/hls_inst/inst(9%)  | (CLEM_X29Y158,CLEM_X36Y165), (CLEM_X29Y134,CLEM_X36Y141), (CLEM_X37Y158,CLEL_R_X44Y165), (CLEM_X37Y150,CLEL_R_X44Y157), (CLEM_X37Y142,CLEL_R_X44Y149), (CLEM_X37Y134,CLEL_R_X44Y141), (CLEM_X45Y158,CLEL_R_X52Y165), (CLEM_X53Y158,CLEL_R_X60Y165)                                                                                                                                                                                               |
| North     | Long   |     5 | (CLEM_X19Y131,CLEM_X42Y170)   |            0% |         4.694 | 69% |     0% |  11% |   4% | 100% |   0% | 50% |   18% |  4% | bd_0_i/hls_inst/inst/grp_Execute_Transform_Operation_fu_696/grp_Execute_Transform_fu_1269/grp_CG_Transform_Work_fu_441/grp_CG_Transform_Work_Pipeline_WORK_BUTTERFLY_LOOP3_fu_788(44%),bd_0_i/hls_inst/inst/grp_Execute_Transform_Operation_fu_696/grp_Execute_Transform_fu_1269/grp_CG_Transform_Work_fu_441/grp_CG_Transform_Work_Pipeline_WORK_BUTTERFLY_LOOP_fu_440(15%),bd_0_i/hls_inst/inst(12%) | (CLEM_X19Y163,CLEL_R_X26Y170), (CLEM_X19Y155,CLEL_R_X26Y162), (CLEM_X19Y147,CLEL_R_X26Y154), (CLEM_X19Y139,CLEL_R_X26Y146), (CLEM_X27Y155,CLEL_R_X34Y162), (CLEM_X27Y147,CLEL_R_X34Y154), (CLEM_X27Y139,CLEL_R_X34Y146), (CLEL_R_X35Y163,CLEL_R_X42Y170), (CLEL_R_X35Y155,CLEL_R_X42Y162), (CLEL_R_X35Y147,CLEL_R_X42Y154), (CLEL_R_X35Y139,CLEL_R_X42Y146), (CLEL_R_X35Y131,CLEL_R_X42Y138)                                                     |
| East      | Long   |     5 | (CLEL_L_X16Y111,CLEM_X63Y142) |            0% |         4.845 | 70% |     0% |  12% |   9% | 100% |   0% | 40% |   23% |  8% | bd_0_i/hls_inst/inst/grp_Execute_Transform_Operation_fu_696/grp_Execute_Transform_fu_1269/grp_CG_Transform_Work_fu_441/grp_CG_Transform_Work_Pipeline_WORK_BUTTERFLY_LOOP_fu_440(32%),bd_0_i/hls_inst/inst(25%),bd_0_i/hls_inst/inst/grp_Execute_Transform_Operation_fu_696/grp_Execute_Transform_fu_1269/grp_CG_Transform_Work_fu_441/grp_CG_Transform_Work_Pipeline_WORK_BUTTERFLY_LOOP3_fu_788(16%) | (CLEL_L_X16Y127,CLEL_R_X31Y142), (CLEM_X32Y127,CLEL_R_X47Y142), (CLEM_X32Y111,CLEL_R_X47Y126), (CLEM_X48Y127,CLEL_R_X63Y142)                                                                                                                                                                                                                                                                                                                     |
| East      | Long   |     5 | (CLEL_L_X16Y119,CLEM_X63Y158) |            0% |         4.714 | 68% |     0% |  12% |   7% | 100% |  25% | 45% |   24% |  7% | bd_0_i/hls_inst/inst/grp_Execute_Transform_Operation_fu_696/grp_Execute_Transform_fu_1269/grp_CG_Transform_Work_fu_441/grp_CG_Transform_Work_Pipeline_WORK_BUTTERFLY_LOOP_fu_440(35%),bd_0_i/hls_inst/inst(18%),bd_0_i/hls_inst/inst/grp_Execute_Transform_Operation_fu_696/grp_Execute_Transform_fu_1269/grp_CG_Transform_Work_fu_441/grp_CG_Transform_Work_Pipeline_WORK_BUTTERFLY_LOOP3_fu_788(17%) | (CLEL_L_X16Y135,CLEL_R_X23Y142), (CLEM_X24Y135,CLEL_R_X31Y142), (CLEM_X24Y127,CLEL_R_X31Y134), (CLEM_X24Y119,CLEL_R_X31Y126), (CLEM_X32Y135,CLEM_X39Y142), (CLEM_X32Y127,CLEM_X39Y134), (CLEM_X32Y119,CLEM_X39Y126), (CLEM_X40Y135,CLEL_R_X47Y142), (CLEM_X40Y127,CLEL_R_X47Y134), (CLEM_X48Y151,CLEL_R_X55Y158), (CLEM_X48Y143,CLEL_R_X55Y150), (CLEM_X48Y135,CLEL_R_X55Y142), (CLEL_R_X56Y135,CLEL_R_X63Y142), (CLEL_R_X56Y127,CLEL_R_X63Y134) |
| West      | Long   |     6 | (CLEM_X25Y122,CLEL_R_X56Y217) |            0% |         4.656 | 66% |     0% |  12% |   4% | 100% |   0% | 61% |   27% |  6% | bd_0_i/hls_inst/inst(40%),bd_0_i/hls_inst/inst/grp_Execute_Transform_Operation_fu_696/grp_Execute_Transform_fu_1269/grp_CG_Transform_Work_fu_441/grp_CG_Transform_Work_Pipeline_WORK_BUTTERFLY_LOOP3_fu_788(24%),bd_0_i/hls_inst/inst/grp_Execute_Transform_Operation_fu_696/grp_Execute_Transform_fu_1269/grp_CG_Transform_Work_fu_441(18%)                                                           | (CLEM_X25Y186,CLEL_R_X56Y217), (CLEM_X25Y154,CLEL_R_X56Y185), (CLEM_X25Y122,CLEL_R_X56Y153)                                                                                                                                                                                                                                                                                                                                                      |
+-----------+--------+-------+-------------------------------+---------------+---------------+-----+--------+------+------+------+------+-----+-------+-----+--------------------------------------------------------------------------------------------------------------------------------------------------------------------------------------------------------------------------------------------------------------------------------------------------------------------------------------------------------------------------------------------------------+--------------------------------------------------------------------------------------------------------------------------------------------------------------------------------------------------------------------------------------------------------------------------------------------------------------------------------------------------------------------------------------------------------------------------------------------------+


3. SLR Net Crossing Reporting
-----------------------------

+------------+-----------------------------+-------------+-------------+-------------+
| Cell Names | Number of Nets crossing SLR | 0 - 1 Cuts  | 0 - 2 Cuts  | 1 - 2 Cuts  |
+------------+-----------------------------+-------------+-------------+-------------+
* Information not available. There are no nets crossing SLRs.


