Copyright 1986-2022 Xilinx, Inc. All Rights Reserved. Copyright 2022-2023 Advanced Micro Devices, Inc. All Rights Reserved.
------------------------------------------------------------------------------------------------------------------------------------------------------------------------------------------------------------------------
| Tool Version      : Vivado v.2023.2 (lin64) Build 4029153 Fri Oct 13 20:13:54 MDT 2023
| Date              : Sat Sep  5 00:43:30 2026
| Host              : LAPTOP-PERMR8RO running 64-bit Ubuntu 22.04.5 LTS
| Command           : report_timing -max_paths 10 -file /home/timhan/FHE/openfhe-for-HKS-ACC/src/fpga_backend/Solution/hks_digit_cosim-perf_mem_p3_r3/solution1/impl/verilog/report/postroute_margin/paths_setup075.rpt
| Design            : bd_0_wrapper
| Device            : xcu55c-fsvh2892
| Speed File        : -2L  PRODUCTION 1.30 05-01-2022
| Design State      : Routed
| Temperature Grade : E
------------------------------------------------------------------------------------------------------------------------------------------------------------------------------------------------------------------------

Timing Report

Slack (VIOLATED) :        -0.721ns  (required time - arrival time)
  Source:                 bd_0_i/hls_inst/inst/grp_Execute_Transform_Operation_fu_696/grp_Compute_BConv_Systolic_28_29_fu_1105/grp_Compute_BConv_Systolic_28_29_Pipeline_Load_W_VITIS_LOOP_163_1_fu_550/p_4_fu_110_reg[1]/C
                            (rising edge-triggered cell FDRE clocked by ap_clk  {rise@0.000ns fall@3.000ns period=6.000ns})
  Destination:            bd_0_i/hls_inst/inst/grp_Execute_Transform_Operation_fu_696/grp_Compute_BConv_Systolic_28_29_fu_1105/grp_Compute_BConv_Systolic_28_29_Pipeline_Load_W_VITIS_LOOP_163_1_fu_550/empty_313_fu_126_reg[22]/D
                            (rising edge-triggered cell FDRE clocked by ap_clk  {rise@0.000ns fall@3.000ns period=6.000ns})
  Path Group:             ap_clk
  Path Type:              Setup (Max at Slow Process Corner)
  Requirement:            6.000ns  (ap_clk rise@6.000ns - ap_clk rise@0.000ns)
  Data Path Delay:        5.951ns  (logic 0.515ns (8.654%)  route 5.436ns (91.346%))
  Logic Levels:           4  (LUT3=1 LUT4=1 LUT5=1 LUT6=1)
  Clock Path Skew:        -0.010ns (DCD - SCD + CPR)
    Destination Clock Delay (DCD):    0.020ns = ( 6.020 - 6.000 ) 
    Source Clock Delay      (SCD):    0.030ns
    Clock Pessimism Removal (CPR):    0.000ns
  Clock Uncertainty:      0.785ns  ((TSJ^2 + TIJ^2)^1/2 + DJ) / 2 + PE + UU
    Total System Jitter     (TSJ):    0.071ns
    Total Input Jitter      (TIJ):    0.000ns
    Discrete Jitter          (DJ):    0.000ns
    Phase Error              (PE):    0.000ns
    User Uncertainty         (UU):    0.750ns

    Location             Delay type                Incr(ns)  Path(ns)    Netlist Resource(s)
  -------------------------------------------------------------------    -------------------
                         (clock ap_clk rise edge)     0.000     0.000 r  
                                                      0.000     0.000 r  ap_clk (IN)
                         net (fo=79189, unset)        0.030     0.030    bd_0_i/hls_inst/inst/grp_Execute_Transform_Operation_fu_696/grp_Compute_BConv_Systolic_28_29_fu_1105/grp_Compute_BConv_Systolic_28_29_Pipeline_Load_W_VITIS_LOOP_163_1_fu_550/ap_clk
    SLICE_X102Y165       FDRE                                         r  bd_0_i/hls_inst/inst/grp_Execute_Transform_Operation_fu_696/grp_Compute_BConv_Systolic_28_29_fu_1105/grp_Compute_BConv_Systolic_28_29_Pipeline_Load_W_VITIS_LOOP_163_1_fu_550/p_4_fu_110_reg[1]/C
  -------------------------------------------------------------------    -------------------
    SLICE_X102Y165       FDRE (Prop_DFF2_SLICEM_C_Q)
                                                      0.080     0.110 r  bd_0_i/hls_inst/inst/grp_Execute_Transform_Operation_fu_696/grp_Compute_BConv_Systolic_28_29_fu_1105/grp_Compute_BConv_Systolic_28_29_Pipeline_Load_W_VITIS_LOOP_163_1_fu_550/p_4_fu_110_reg[1]/Q
                         net (fo=13, routed)          0.167     0.277    bd_0_i/hls_inst/inst/grp_Execute_Transform_Operation_fu_696/grp_Compute_BConv_Systolic_28_29_fu_1105/grp_Compute_BConv_Systolic_28_29_Pipeline_Load_W_VITIS_LOOP_163_1_fu_550_n_13
    SLICE_X102Y165       LUT3 (Prop_E6LUT_SLICEM_I0_O)
                                                      0.124     0.401 r  bd_0_i/hls_inst/inst/grp_Execute_Transform_Operation_fu_696/grp_Compute_BConv_Systolic_28_29_fu_1105/i___230_i_1/O
                         net (fo=200, routed)         0.240     0.641    bd_0_i/hls_inst/inst/grp_Execute_Transform_Operation_fu_696/grp_Compute_BConv_Systolic_28_29_fu_1105/select_ln162_fu_425_p3__7[1]
    SLICE_X102Y165       LUT6 (Prop_G6LUT_SLICEM_I0_O)
                                                      0.090     0.731 r  bd_0_i/hls_inst/inst/grp_Execute_Transform_Operation_fu_696/grp_Compute_BConv_Systolic_28_29_fu_1105/i___230/O
                         net (fo=192, routed)         1.786     2.517    bd_0_i/hls_inst/inst/grp_Execute_Transform_Operation_fu_696/grp_Compute_BConv_Systolic_28_29_fu_1105/i___230_n_6
    SLICE_X138Y118       LUT4 (Prop_C6LUT_SLICEL_I1_O)
                                                      0.123     2.640 r  bd_0_i/hls_inst/inst/grp_Execute_Transform_Operation_fu_696/grp_Compute_BConv_Systolic_28_29_fu_1105/empty_326_fu_178[22]_i_2/O
                         net (fo=1, routed)           0.085     2.725    bd_0_i/hls_inst/inst/grp_Execute_Transform_Operation_fu_696/grp_Compute_BConv_Systolic_28_29_fu_1105/sparsemux_11_3_64_1_1_U1695/dout_tmp__383[22]
    SLICE_X138Y117       LUT5 (Prop_B6LUT_SLICEL_I0_O)
                                                      0.098     2.823 r  bd_0_i/hls_inst/inst/grp_Execute_Transform_Operation_fu_696/grp_Compute_BConv_Systolic_28_29_fu_1105/empty_326_fu_178[22]_i_1/O
                         net (fo=15, routed)          3.159     5.981    bd_0_i/hls_inst/inst/grp_Execute_Transform_Operation_fu_696/grp_Compute_BConv_Systolic_28_29_fu_1105/grp_Compute_BConv_Systolic_28_29_Pipeline_Load_W_VITIS_LOOP_163_1_fu_550/D[22]
    SLICE_X40Y219        FDRE                                         r  bd_0_i/hls_inst/inst/grp_Execute_Transform_Operation_fu_696/grp_Compute_BConv_Systolic_28_29_fu_1105/grp_Compute_BConv_Systolic_28_29_Pipeline_Load_W_VITIS_LOOP_163_1_fu_550/empty_313_fu_126_reg[22]/D
  -------------------------------------------------------------------    -------------------

                         (clock ap_clk rise edge)     6.000     6.000 r  
                                                      0.000     6.000 r  ap_clk (IN)
                         net (fo=79189, unset)        0.020     6.020    bd_0_i/hls_inst/inst/grp_Execute_Transform_Operation_fu_696/grp_Compute_BConv_Systolic_28_29_fu_1105/grp_Compute_BConv_Systolic_28_29_Pipeline_Load_W_VITIS_LOOP_163_1_fu_550/ap_clk
    SLICE_X40Y219        FDRE                                         r  bd_0_i/hls_inst/inst/grp_Execute_Transform_Operation_fu_696/grp_Compute_BConv_Systolic_28_29_fu_1105/grp_Compute_BConv_Systolic_28_29_Pipeline_Load_W_VITIS_LOOP_163_1_fu_550/empty_313_fu_126_reg[22]/C
                         clock pessimism              0.000     6.020    
                         clock uncertainty           -0.785     5.235    
    SLICE_X40Y219        FDRE (Setup_AFF2_SLICEL_C_D)
                                                      0.025     5.260    bd_0_i/hls_inst/inst/grp_Execute_Transform_Operation_fu_696/grp_Compute_BConv_Systolic_28_29_fu_1105/grp_Compute_BConv_Systolic_28_29_Pipeline_Load_W_VITIS_LOOP_163_1_fu_550/empty_313_fu_126_reg[22]
  -------------------------------------------------------------------
                         required time                          5.260    
                         arrival time                          -5.981    
  -------------------------------------------------------------------
                         slack                                 -0.721    

Slack (VIOLATED) :        -0.710ns  (required time - arrival time)
  Source:                 bd_0_i/hls_inst/inst/grp_Execute_Transform_Operation_fu_696/grp_Compute_BConv_Systolic_28_29_fu_1105/grp_Compute_BConv_Systolic_28_29_Pipeline_Load_W_VITIS_LOOP_163_1_fu_550/p_4_fu_110_reg[1]/C
                            (rising edge-triggered cell FDRE clocked by ap_clk  {rise@0.000ns fall@3.000ns period=6.000ns})
  Destination:            bd_0_i/hls_inst/inst/grp_Execute_Transform_Operation_fu_696/grp_Compute_BConv_Systolic_28_29_fu_1105/grp_Compute_BConv_Systolic_28_29_Pipeline_Load_W_VITIS_LOOP_163_1_fu_550/empty_323_fu_166_reg[54]/D
                            (rising edge-triggered cell FDRE clocked by ap_clk  {rise@0.000ns fall@3.000ns period=6.000ns})
  Path Group:             ap_clk
  Path Type:              Setup (Max at Slow Process Corner)
  Requirement:            6.000ns  (ap_clk rise@6.000ns - ap_clk rise@0.000ns)
  Data Path Delay:        5.940ns  (logic 0.471ns (7.929%)  route 5.469ns (92.071%))
  Logic Levels:           4  (LUT3=1 LUT4=1 LUT5=1 LUT6=1)
  Clock Path Skew:        -0.010ns (DCD - SCD + CPR)
    Destination Clock Delay (DCD):    0.020ns = ( 6.020 - 6.000 ) 
    Source Clock Delay      (SCD):    0.030ns
    Clock Pessimism Removal (CPR):    0.000ns
  Clock Uncertainty:      0.785ns  ((TSJ^2 + TIJ^2)^1/2 + DJ) / 2 + PE + UU
    Total System Jitter     (TSJ):    0.071ns
    Total Input Jitter      (TIJ):    0.000ns
    Discrete Jitter          (DJ):    0.000ns
    Phase Error              (PE):    0.000ns
    User Uncertainty         (UU):    0.750ns

    Location             Delay type                Incr(ns)  Path(ns)    Netlist Resource(s)
  -------------------------------------------------------------------    -------------------
                         (clock ap_clk rise edge)     0.000     0.000 r  
                                                      0.000     0.000 r  ap_clk (IN)
                         net (fo=79189, unset)        0.030     0.030    bd_0_i/hls_inst/inst/grp_Execute_Transform_Operation_fu_696/grp_Compute_BConv_Systolic_28_29_fu_1105/grp_Compute_BConv_Systolic_28_29_Pipeline_Load_W_VITIS_LOOP_163_1_fu_550/ap_clk
    SLICE_X102Y165       FDRE                                         r  bd_0_i/hls_inst/inst/grp_Execute_Transform_Operation_fu_696/grp_Compute_BConv_Systolic_28_29_fu_1105/grp_Compute_BConv_Systolic_28_29_Pipeline_Load_W_VITIS_LOOP_163_1_fu_550/p_4_fu_110_reg[1]/C
  -------------------------------------------------------------------    -------------------
    SLICE_X102Y165       FDRE (Prop_DFF2_SLICEM_C_Q)
                                                      0.080     0.110 r  bd_0_i/hls_inst/inst/grp_Execute_Transform_Operation_fu_696/grp_Compute_BConv_Systolic_28_29_fu_1105/grp_Compute_BConv_Systolic_28_29_Pipeline_Load_W_VITIS_LOOP_163_1_fu_550/p_4_fu_110_reg[1]/Q
                         net (fo=13, routed)          0.167     0.277    bd_0_i/hls_inst/inst/grp_Execute_Transform_Operation_fu_696/grp_Compute_BConv_Systolic_28_29_fu_1105/grp_Compute_BConv_Systolic_28_29_Pipeline_Load_W_VITIS_LOOP_163_1_fu_550_n_13
    SLICE_X102Y165       LUT3 (Prop_E6LUT_SLICEM_I0_O)
                                                      0.124     0.401 r  bd_0_i/hls_inst/inst/grp_Execute_Transform_Operation_fu_696/grp_Compute_BConv_Systolic_28_29_fu_1105/i___230_i_1/O
                         net (fo=200, routed)         1.847     2.249    bd_0_i/hls_inst/inst/grp_Execute_Transform_Operation_fu_696/grp_Compute_BConv_Systolic_28_29_fu_1105/select_ln162_fu_425_p3__7[1]
    SLICE_X137Y126       LUT6 (Prop_G6LUT_SLICEM_I2_O)
                                                      0.052     2.301 r  bd_0_i/hls_inst/inst/grp_Execute_Transform_Operation_fu_696/grp_Compute_BConv_Systolic_28_29_fu_1105/empty_326_fu_178[54]_i_7/O
                         net (fo=1, routed)           0.102     2.403    bd_0_i/hls_inst/inst/grp_Execute_Transform_Operation_fu_696/grp_Compute_BConv_Systolic_28_29_fu_1105/empty_326_fu_178[54]_i_7_n_6
    SLICE_X137Y128       LUT4 (Prop_B6LUT_SLICEM_I0_O)
                                                      0.125     2.528 r  bd_0_i/hls_inst/inst/grp_Execute_Transform_Operation_fu_696/grp_Compute_BConv_Systolic_28_29_fu_1105/empty_326_fu_178[54]_i_4/O
                         net (fo=1, routed)           0.179     2.707    bd_0_i/hls_inst/inst/grp_Execute_Transform_Operation_fu_696/grp_Compute_BConv_Systolic_28_29_fu_1105/sparsemux_11_3_64_1_1_U1694/dout_tmp__383[54]
    SLICE_X138Y128       LUT5 (Prop_H6LUT_SLICEL_I4_O)
                                                      0.090     2.797 r  bd_0_i/hls_inst/inst/grp_Execute_Transform_Operation_fu_696/grp_Compute_BConv_Systolic_28_29_fu_1105/empty_326_fu_178[54]_i_1/O
                         net (fo=15, routed)          3.173     5.970    bd_0_i/hls_inst/inst/grp_Execute_Transform_Operation_fu_696/grp_Compute_BConv_Systolic_28_29_fu_1105/grp_Compute_BConv_Systolic_28_29_Pipeline_Load_W_VITIS_LOOP_163_1_fu_550/D[54]
    SLICE_X32Y207        FDRE                                         r  bd_0_i/hls_inst/inst/grp_Execute_Transform_Operation_fu_696/grp_Compute_BConv_Systolic_28_29_fu_1105/grp_Compute_BConv_Systolic_28_29_Pipeline_Load_W_VITIS_LOOP_163_1_fu_550/empty_323_fu_166_reg[54]/D
  -------------------------------------------------------------------    -------------------

                         (clock ap_clk rise edge)     6.000     6.000 r  
                                                      0.000     6.000 r  ap_clk (IN)
                         net (fo=79189, unset)        0.020     6.020    bd_0_i/hls_inst/inst/grp_Execute_Transform_Operation_fu_696/grp_Compute_BConv_Systolic_28_29_fu_1105/grp_Compute_BConv_Systolic_28_29_Pipeline_Load_W_VITIS_LOOP_163_1_fu_550/ap_clk
    SLICE_X32Y207        FDRE                                         r  bd_0_i/hls_inst/inst/grp_Execute_Transform_Operation_fu_696/grp_Compute_BConv_Systolic_28_29_fu_1105/grp_Compute_BConv_Systolic_28_29_Pipeline_Load_W_VITIS_LOOP_163_1_fu_550/empty_323_fu_166_reg[54]/C
                         clock pessimism              0.000     6.020    
                         clock uncertainty           -0.785     5.235    
    SLICE_X32Y207        FDRE (Setup_BFF2_SLICEL_C_D)
                                                      0.025     5.260    bd_0_i/hls_inst/inst/grp_Execute_Transform_Operation_fu_696/grp_Compute_BConv_Systolic_28_29_fu_1105/grp_Compute_BConv_Systolic_28_29_Pipeline_Load_W_VITIS_LOOP_163_1_fu_550/empty_323_fu_166_reg[54]
  -------------------------------------------------------------------
                         required time                          5.260    
                         arrival time                          -5.970    
  -------------------------------------------------------------------
                         slack                                 -0.710    

Slack (VIOLATED) :        -0.690ns  (required time - arrival time)
  Source:                 bd_0_i/hls_inst/inst/grp_Execute_Transform_Operation_fu_696/grp_Compute_BConv_Systolic_28_29_fu_1105/grp_Compute_BConv_Systolic_28_29_Pipeline_Load_W_VITIS_LOOP_163_1_fu_550/p_4_fu_110_reg[1]/C
                            (rising edge-triggered cell FDRE clocked by ap_clk  {rise@0.000ns fall@3.000ns period=6.000ns})
  Destination:            bd_0_i/hls_inst/inst/grp_Execute_Transform_Operation_fu_696/grp_Compute_BConv_Systolic_28_29_fu_1105/grp_Compute_BConv_Systolic_28_29_Pipeline_Load_W_VITIS_LOOP_163_1_fu_550/empty_313_fu_126_reg[13]/D
                            (rising edge-triggered cell FDRE clocked by ap_clk  {rise@0.000ns fall@3.000ns period=6.000ns})
  Path Group:             ap_clk
  Path Type:              Setup (Max at Slow Process Corner)
  Requirement:            6.000ns  (ap_clk rise@6.000ns - ap_clk rise@0.000ns)
  Data Path Delay:        5.920ns  (logic 0.501ns (8.462%)  route 5.419ns (91.538%))
  Logic Levels:           4  (LUT4=1 LUT5=2 LUT6=1)
  Clock Path Skew:        -0.009ns (DCD - SCD + CPR)
    Destination Clock Delay (DCD):    0.021ns = ( 6.021 - 6.000 ) 
    Source Clock Delay      (SCD):    0.030ns
    Clock Pessimism Removal (CPR):    0.000ns
  Clock Uncertainty:      0.785ns  ((TSJ^2 + TIJ^2)^1/2 + DJ) / 2 + PE + UU
    Total System Jitter     (TSJ):    0.071ns
    Total Input Jitter      (TIJ):    0.000ns
    Discrete Jitter          (DJ):    0.000ns
    Phase Error              (PE):    0.000ns
    User Uncertainty         (UU):    0.750ns

    Location             Delay type                Incr(ns)  Path(ns)    Netlist Resource(s)
  -------------------------------------------------------------------    -------------------
                         (clock ap_clk rise edge)     0.000     0.000 r  
                                                      0.000     0.000 r  ap_clk (IN)
                         net (fo=79189, unset)        0.030     0.030    bd_0_i/hls_inst/inst/grp_Execute_Transform_Operation_fu_696/grp_Compute_BConv_Systolic_28_29_fu_1105/grp_Compute_BConv_Systolic_28_29_Pipeline_Load_W_VITIS_LOOP_163_1_fu_550/ap_clk
    SLICE_X102Y165       FDRE                                         r  bd_0_i/hls_inst/inst/grp_Execute_Transform_Operation_fu_696/grp_Compute_BConv_Systolic_28_29_fu_1105/grp_Compute_BConv_Systolic_28_29_Pipeline_Load_W_VITIS_LOOP_163_1_fu_550/p_4_fu_110_reg[1]/C
  -------------------------------------------------------------------    -------------------
    SLICE_X102Y165       FDRE (Prop_DFF2_SLICEM_C_Q)
                                                      0.080     0.110 r  bd_0_i/hls_inst/inst/grp_Execute_Transform_Operation_fu_696/grp_Compute_BConv_Systolic_28_29_fu_1105/grp_Compute_BConv_Systolic_28_29_Pipeline_Load_W_VITIS_LOOP_163_1_fu_550/p_4_fu_110_reg[1]/Q
                         net (fo=13, routed)          0.216     0.326    bd_0_i/hls_inst/inst/grp_Execute_Transform_Operation_fu_696/grp_Compute_BConv_Systolic_28_29_fu_1105/grp_Compute_BConv_Systolic_28_29_Pipeline_Load_W_VITIS_LOOP_163_1_fu_550_n_13
    SLICE_X102Y165       LUT5 (Prop_F6LUT_SLICEM_I0_O)
                                                      0.123     0.449 r  bd_0_i/hls_inst/inst/grp_Execute_Transform_Operation_fu_696/grp_Compute_BConv_Systolic_28_29_fu_1105/i___231_i_1/O
                         net (fo=199, routed)         1.648     2.097    bd_0_i/hls_inst/inst/grp_Execute_Transform_Operation_fu_696/grp_Compute_BConv_Systolic_28_29_fu_1105/select_ln162_fu_425_p3__7[0]
    SLICE_X131Y130       LUT6 (Prop_H6LUT_SLICEL_I4_O)
                                                      0.051     2.148 r  bd_0_i/hls_inst/inst/grp_Execute_Transform_Operation_fu_696/grp_Compute_BConv_Systolic_28_29_fu_1105/empty_326_fu_178[13]_i_5/O
                         net (fo=1, routed)           0.155     2.303    bd_0_i/hls_inst/inst/grp_Execute_Transform_Operation_fu_696/grp_Compute_BConv_Systolic_28_29_fu_1105/empty_326_fu_178[13]_i_5_n_6
    SLICE_X131Y125       LUT4 (Prop_H6LUT_SLICEL_I0_O)
                                                      0.124     2.427 r  bd_0_i/hls_inst/inst/grp_Execute_Transform_Operation_fu_696/grp_Compute_BConv_Systolic_28_29_fu_1105/empty_326_fu_178[13]_i_2/O
                         net (fo=1, routed)           0.195     2.622    bd_0_i/hls_inst/inst/grp_Execute_Transform_Operation_fu_696/grp_Compute_BConv_Systolic_28_29_fu_1105/sparsemux_11_3_64_1_1_U1695/dout_tmp__383[13]
    SLICE_X129Y122       LUT5 (Prop_G6LUT_SLICEM_I0_O)
                                                      0.123     2.745 r  bd_0_i/hls_inst/inst/grp_Execute_Transform_Operation_fu_696/grp_Compute_BConv_Systolic_28_29_fu_1105/empty_326_fu_178[13]_i_1/O
                         net (fo=15, routed)          3.205     5.950    bd_0_i/hls_inst/inst/grp_Execute_Transform_Operation_fu_696/grp_Compute_BConv_Systolic_28_29_fu_1105/grp_Compute_BConv_Systolic_28_29_Pipeline_Load_W_VITIS_LOOP_163_1_fu_550/D[13]
    SLICE_X39Y211        FDRE                                         r  bd_0_i/hls_inst/inst/grp_Execute_Transform_Operation_fu_696/grp_Compute_BConv_Systolic_28_29_fu_1105/grp_Compute_BConv_Systolic_28_29_Pipeline_Load_W_VITIS_LOOP_163_1_fu_550/empty_313_fu_126_reg[13]/D
  -------------------------------------------------------------------    -------------------

                         (clock ap_clk rise edge)     6.000     6.000 r  
                                                      0.000     6.000 r  ap_clk (IN)
                         net (fo=79189, unset)        0.021     6.021    bd_0_i/hls_inst/inst/grp_Execute_Transform_Operation_fu_696/grp_Compute_BConv_Systolic_28_29_fu_1105/grp_Compute_BConv_Systolic_28_29_Pipeline_Load_W_VITIS_LOOP_163_1_fu_550/ap_clk
    SLICE_X39Y211        FDRE                                         r  bd_0_i/hls_inst/inst/grp_Execute_Transform_Operation_fu_696/grp_Compute_BConv_Systolic_28_29_fu_1105/grp_Compute_BConv_Systolic_28_29_Pipeline_Load_W_VITIS_LOOP_163_1_fu_550/empty_313_fu_126_reg[13]/C
                         clock pessimism              0.000     6.021    
                         clock uncertainty           -0.785     5.236    
    SLICE_X39Y211        FDRE (Setup_DFF2_SLICEM_C_D)
                                                      0.025     5.261    bd_0_i/hls_inst/inst/grp_Execute_Transform_Operation_fu_696/grp_Compute_BConv_Systolic_28_29_fu_1105/grp_Compute_BConv_Systolic_28_29_Pipeline_Load_W_VITIS_LOOP_163_1_fu_550/empty_313_fu_126_reg[13]
  -------------------------------------------------------------------
                         required time                          5.261    
                         arrival time                          -5.950    
  -------------------------------------------------------------------
                         slack                                 -0.690    

Slack (VIOLATED) :        -0.658ns  (required time - arrival time)
  Source:                 bd_0_i/hls_inst/inst/grp_Execute_Transform_Operation_fu_696/grp_Compute_BConv_Systolic_28_29_fu_1105/grp_Compute_BConv_Systolic_28_29_Pipeline_Load_W_VITIS_LOOP_163_1_fu_550/flow_control_loop_pipe_sequential_init_U/ap_loop_init_int_reg/C
                            (rising edge-triggered cell FDRE clocked by ap_clk  {rise@0.000ns fall@3.000ns period=6.000ns})
  Destination:            bd_0_i/hls_inst/inst/grp_Execute_Transform_Operation_fu_696/grp_Compute_BConv_Systolic_28_29_fu_1105/grp_Compute_BConv_Systolic_28_29_Pipeline_Load_W_VITIS_LOOP_163_1_fu_550/empty_313_fu_126_reg[11]/D
                            (rising edge-triggered cell FDRE clocked by ap_clk  {rise@0.000ns fall@3.000ns period=6.000ns})
  Path Group:             ap_clk
  Path Type:              Setup (Max at Slow Process Corner)
  Requirement:            6.000ns  (ap_clk rise@6.000ns - ap_clk rise@0.000ns)
  Data Path Delay:        5.887ns  (logic 0.388ns (6.590%)  route 5.499ns (93.410%))
  Logic Levels:           3  (LUT2=1 LUT5=1 LUT6=1)
  Clock Path Skew:        -0.010ns (DCD - SCD + CPR)
    Destination Clock Delay (DCD):    0.020ns = ( 6.020 - 6.000 ) 
    Source Clock Delay      (SCD):    0.030ns
    Clock Pessimism Removal (CPR):    0.000ns
  Clock Uncertainty:      0.785ns  ((TSJ^2 + TIJ^2)^1/2 + DJ) / 2 + PE + UU
    Total System Jitter     (TSJ):    0.071ns
    Total Input Jitter      (TIJ):    0.000ns
    Discrete Jitter          (DJ):    0.000ns
    Phase Error              (PE):    0.000ns
    User Uncertainty         (UU):    0.750ns

    Location             Delay type                Incr(ns)  Path(ns)    Netlist Resource(s)
  -------------------------------------------------------------------    -------------------
                         (clock ap_clk rise edge)     0.000     0.000 r  
                                                      0.000     0.000 r  ap_clk (IN)
                         net (fo=79189, unset)        0.030     0.030    bd_0_i/hls_inst/inst/grp_Execute_Transform_Operation_fu_696/grp_Compute_BConv_Systolic_28_29_fu_1105/grp_Compute_BConv_Systolic_28_29_Pipeline_Load_W_VITIS_LOOP_163_1_fu_550/flow_control_loop_pipe_sequential_init_U/ap_clk
    SLICE_X102Y165       FDRE                                         r  bd_0_i/hls_inst/inst/grp_Execute_Transform_Operation_fu_696/grp_Compute_BConv_Systolic_28_29_fu_1105/grp_Compute_BConv_Systolic_28_29_Pipeline_Load_W_VITIS_LOOP_163_1_fu_550/flow_control_loop_pipe_sequential_init_U/ap_loop_init_int_reg/C
  -------------------------------------------------------------------    -------------------
    SLICE_X102Y165       FDRE (Prop_HFF_SLICEM_C_Q)
                                                      0.079     0.109 f  bd_0_i/hls_inst/inst/grp_Execute_Transform_Operation_fu_696/grp_Compute_BConv_Systolic_28_29_fu_1105/grp_Compute_BConv_Systolic_28_29_Pipeline_Load_W_VITIS_LOOP_163_1_fu_550/flow_control_loop_pipe_sequential_init_U/ap_loop_init_int_reg/Q
                         net (fo=15, routed)          0.107     0.216    bd_0_i/hls_inst/inst/grp_Execute_Transform_Operation_fu_696/grp_Compute_BConv_Systolic_28_29_fu_1105/flow_control_loop_pipe_sequential_init_U/ap_loop_init_int_0
    SLICE_X102Y165       LUT2 (Prop_D6LUT_SLICEM_I0_O)
                                                      0.122     0.338 f  bd_0_i/hls_inst/inst/grp_Execute_Transform_Operation_fu_696/grp_Compute_BConv_Systolic_28_29_fu_1105/i___231_i_2/O
                         net (fo=7, routed)           0.306     0.645    bd_0_i/hls_inst/inst/grp_Execute_Transform_Operation_fu_696/grp_Compute_BConv_Systolic_28_29_fu_1105/ap_loop_init
    SLICE_X103Y165       LUT6 (Prop_E6LUT_SLICEL_I4_O)
                                                      0.090     0.735 r  bd_0_i/hls_inst/inst/grp_Execute_Transform_Operation_fu_696/grp_Compute_BConv_Systolic_28_29_fu_1105/q_fu_114[1]_i_1/O
                         net (fo=80, routed)          1.871     2.605    bd_0_i/hls_inst/inst/grp_Execute_Transform_Operation_fu_696/grp_Compute_BConv_Systolic_28_29_fu_1105/select_ln162_1_fu_433_p3__2[1]
    SLICE_X135Y133       LUT5 (Prop_G6LUT_SLICEL_I3_O)
                                                      0.097     2.702 r  bd_0_i/hls_inst/inst/grp_Execute_Transform_Operation_fu_696/grp_Compute_BConv_Systolic_28_29_fu_1105/empty_326_fu_178[11]_i_1/O
                         net (fo=15, routed)          3.215     5.917    bd_0_i/hls_inst/inst/grp_Execute_Transform_Operation_fu_696/grp_Compute_BConv_Systolic_28_29_fu_1105/grp_Compute_BConv_Systolic_28_29_Pipeline_Load_W_VITIS_LOOP_163_1_fu_550/D[11]
    SLICE_X22Y216        FDRE                                         r  bd_0_i/hls_inst/inst/grp_Execute_Transform_Operation_fu_696/grp_Compute_BConv_Systolic_28_29_fu_1105/grp_Compute_BConv_Systolic_28_29_Pipeline_Load_W_VITIS_LOOP_163_1_fu_550/empty_313_fu_126_reg[11]/D
  -------------------------------------------------------------------    -------------------

                         (clock ap_clk rise edge)     6.000     6.000 r  
                                                      0.000     6.000 r  ap_clk (IN)
                         net (fo=79189, unset)        0.020     6.020    bd_0_i/hls_inst/inst/grp_Execute_Transform_Operation_fu_696/grp_Compute_BConv_Systolic_28_29_fu_1105/grp_Compute_BConv_Systolic_28_29_Pipeline_Load_W_VITIS_LOOP_163_1_fu_550/ap_clk
    SLICE_X22Y216        FDRE                                         r  bd_0_i/hls_inst/inst/grp_Execute_Transform_Operation_fu_696/grp_Compute_BConv_Systolic_28_29_fu_1105/grp_Compute_BConv_Systolic_28_29_Pipeline_Load_W_VITIS_LOOP_163_1_fu_550/empty_313_fu_126_reg[11]/C
                         clock pessimism              0.000     6.020    
                         clock uncertainty           -0.785     5.235    
    SLICE_X22Y216        FDRE (Setup_HFF_SLICEL_C_D)
                                                      0.025     5.260    bd_0_i/hls_inst/inst/grp_Execute_Transform_Operation_fu_696/grp_Compute_BConv_Systolic_28_29_fu_1105/grp_Compute_BConv_Systolic_28_29_Pipeline_Load_W_VITIS_LOOP_163_1_fu_550/empty_313_fu_126_reg[11]
  -------------------------------------------------------------------
                         required time                          5.260    
                         arrival time                          -5.917    
  -------------------------------------------------------------------
                         slack                                 -0.658    

Slack (VIOLATED) :        -0.657ns  (required time - arrival time)
  Source:                 bd_0_i/hls_inst/inst/grp_MultMod_fu_2235/sub_64ns_64s_64_3_1_U258/bin_s2_reg[1]/C
                            (rising edge-triggered cell FDRE clocked by ap_clk  {rise@0.000ns fall@3.000ns period=6.000ns})
  Destination:            bd_0_i/hls_inst/inst/p_ZL13poly_buffer_1_6_5_U/ram_reg_bram_0/DINBDIN[18]
                            (rising edge-triggered cell RAMB36E2 clocked by ap_clk  {rise@0.000ns fall@3.000ns period=6.000ns})
  Path Group:             ap_clk
  Path Type:              Setup (Max at Slow Process Corner)
  Requirement:            6.000ns  (ap_clk rise@6.000ns - ap_clk rise@0.000ns)
  Data Path Delay:        5.644ns  (logic 1.436ns (25.444%)  route 4.208ns (74.556%))
  Logic Levels:           13  (CARRY8=8 LUT2=1 LUT3=1 LUT4=2 LUT5=1)
  Clock Path Skew:        0.010ns (DCD - SCD + CPR)
    Destination Clock Delay (DCD):    0.040ns = ( 6.040 - 6.000 ) 
    Source Clock Delay      (SCD):    0.030ns
    Clock Pessimism Removal (CPR):    0.000ns
  Clock Uncertainty:      0.785ns  ((TSJ^2 + TIJ^2)^1/2 + DJ) / 2 + PE + UU
    Total System Jitter     (TSJ):    0.071ns
    Total Input Jitter      (TIJ):    0.000ns
    Discrete Jitter          (DJ):    0.000ns
    Phase Error              (PE):    0.000ns
    User Uncertainty         (UU):    0.750ns

    Location             Delay type                Incr(ns)  Path(ns)    Netlist Resource(s)
  -------------------------------------------------------------------    -------------------
                         (clock ap_clk rise edge)     0.000     0.000 r  
                                                      0.000     0.000 r  ap_clk (IN)
                         net (fo=79189, unset)        0.030     0.030    bd_0_i/hls_inst/inst/grp_MultMod_fu_2235/sub_64ns_64s_64_3_1_U258/ap_clk
    SLICE_X81Y211        FDRE                                         r  bd_0_i/hls_inst/inst/grp_MultMod_fu_2235/sub_64ns_64s_64_3_1_U258/bin_s2_reg[1]/C
  -------------------------------------------------------------------    -------------------
    SLICE_X81Y211        FDRE (Prop_EFF2_SLICEM_C_Q)
                                                      0.079     0.109 r  bd_0_i/hls_inst/inst/grp_MultMod_fu_2235/sub_64ns_64s_64_3_1_U258/bin_s2_reg[1]/Q
                         net (fo=3, routed)           0.262     0.371    bd_0_i/hls_inst/inst/grp_MultMod_fu_2235/sub_64ns_64s_64_3_1_U258/u3/bin_s2_0[0]
    SLICE_X78Y212        LUT2 (Prop_B6LUT_SLICEL_I1_O)
                                                      0.090     0.461 r  bd_0_i/hls_inst/inst/grp_MultMod_fu_2235/sub_64ns_64s_64_3_1_U258/u3/ram_reg_bram_1_i_238__1/O
                         net (fo=1, routed)           0.009     0.470    bd_0_i/hls_inst/inst/grp_MultMod_fu_2235_n_1598
    SLICE_X78Y212        CARRY8 (Prop_CARRY8_SLICEL_S[1]_O[7])
                                                      0.234     0.704 r  bd_0_i/hls_inst/inst/sub_64ns_64s_64_3_1_U258/u3/ram_reg_bram_1_i_202__0/O[7]
                         net (fo=3, routed)           0.291     0.995    bd_0_i/hls_inst/inst/grp_MultMod_fu_2235/ram_reg_bram_1_i_133__1[7]
    SLICE_X81Y211        LUT4 (Prop_H6LUT_SLICEM_I0_O)
                                                      0.101     1.096 r  bd_0_i/hls_inst/inst/grp_MultMod_fu_2235/ram_reg_bram_1_i_147__2/O
                         net (fo=2, routed)           0.277     1.372    bd_0_i/hls_inst/inst/grp_MultMod_fu_2235/sub_64ns_64s_64_3_1_U258/ram_reg_bram_1_i_29__4[7]
    SLICE_X78Y210        CARRY8 (Prop_CARRY8_SLICEL_DI[2]_CO[7])
                                                      0.105     1.477 r  bd_0_i/hls_inst/inst/grp_MultMod_fu_2235/sub_64ns_64s_64_3_1_U258/ram_reg_bram_1_i_78__3/CO[7]
                         net (fo=1, routed)           0.026     1.503    bd_0_i/hls_inst/inst/grp_MultMod_fu_2235/sub_64ns_64s_64_3_1_U258/ram_reg_bram_1_i_78__3_n_6
    SLICE_X78Y211        CARRY8 (Prop_CARRY8_SLICEL_CI_O[2])
                                                      0.067     1.570 r  bd_0_i/hls_inst/inst/grp_MultMod_fu_2235/sub_64ns_64s_64_3_1_U258/ram_reg_bram_1_i_60__3/O[2]
                         net (fo=4, routed)           0.478     2.049    bd_0_i/hls_inst/inst/grp_Compute_BConv_Systolic_fu_1051/grp_Compute_BConv_Systolic_Pipeline_Load_Mod_fu_321/sum_out_34_fu_2820_p2[58]
    SLICE_X78Y202        LUT4 (Prop_F6LUT_SLICEL_I1_O)
                                                      0.148     2.197 r  bd_0_i/hls_inst/inst/grp_Compute_BConv_Systolic_fu_1051/grp_Compute_BConv_Systolic_Pipeline_Load_Mod_fu_321/ram_reg_bram_0_i_392__2/O
                         net (fo=1, routed)           0.011     2.208    bd_0_i/hls_inst/inst/grp_Compute_BConv_Systolic_fu_1051/grp_Compute_BConv_Systolic_Pipeline_Load_Mod_fu_321/ram_reg_bram_0_i_392__2_n_6
    SLICE_X78Y202        CARRY8 (Prop_CARRY8_SLICEL_S[5]_CO[7])
                                                      0.155     2.363 r  bd_0_i/hls_inst/inst/grp_Compute_BConv_Systolic_fu_1051/grp_Compute_BConv_Systolic_Pipeline_Load_Mod_fu_321/ram_reg_bram_0_i_295__6/CO[7]
                         net (fo=1, routed)           0.026     2.389    bd_0_i/hls_inst/inst/grp_Compute_BConv_Systolic_fu_1051/grp_Compute_BConv_Systolic_Pipeline_Load_Mod_fu_321/grp_Compute_BConv_Systolic_Pipeline_Systolic_Loop_fu_346/icmp_ln111_13_fu_2826_p2
    SLICE_X78Y203        CARRY8 (Prop_CARRY8_SLICEL_CI_O[0])
                                                      0.056     2.445 r  bd_0_i/hls_inst/inst/grp_Compute_BConv_Systolic_fu_1051/grp_Compute_BConv_Systolic_Pipeline_Load_Mod_fu_321/ram_reg_bram_0_i_174__2/O[0]
                         net (fo=65, routed)          0.470     2.915    bd_0_i/hls_inst/inst/grp_Compute_BConv_Systolic_fu_1051/grp_Compute_BConv_Systolic_Pipeline_Load_Mod_fu_321/ram_reg_bram_0_i_174__2_n_21
    SLICE_X77Y196        LUT3 (Prop_A6LUT_SLICEM_I2_O)
                                                      0.090     3.005 r  bd_0_i/hls_inst/inst/grp_Compute_BConv_Systolic_fu_1051/grp_Compute_BConv_Systolic_Pipeline_Load_Mod_fu_321/ram_reg_bram_0_i_183__2/O
                         net (fo=1, routed)           0.013     3.018    bd_0_i/hls_inst/inst/grp_Compute_BConv_Systolic_fu_1051/grp_Compute_BConv_Systolic_Pipeline_Load_Mod_fu_321/ram_reg_bram_0_i_183__2_n_6
    SLICE_X77Y196        CARRY8 (Prop_CARRY8_SLICEM_S[0]_CO[7])
                                                      0.192     3.210 r  bd_0_i/hls_inst/inst/grp_Compute_BConv_Systolic_fu_1051/grp_Compute_BConv_Systolic_Pipeline_Load_Mod_fu_321/ram_reg_bram_0_i_90__6/CO[7]
                         net (fo=1, routed)           0.026     3.236    bd_0_i/hls_inst/inst/grp_Compute_BConv_Systolic_fu_1051/grp_Compute_BConv_Systolic_Pipeline_Load_Mod_fu_321/ram_reg_bram_0_i_90__6_n_6
    SLICE_X77Y197        CARRY8 (Prop_CARRY8_SLICEM_CI_CO[7])
                                                      0.015     3.251 r  bd_0_i/hls_inst/inst/grp_Compute_BConv_Systolic_fu_1051/grp_Compute_BConv_Systolic_Pipeline_Load_Mod_fu_321/ram_reg_bram_0_i_80__7/CO[7]
                         net (fo=1, routed)           0.026     3.277    bd_0_i/hls_inst/inst/grp_Compute_BConv_Systolic_fu_1051/grp_Compute_BConv_Systolic_Pipeline_Load_Mod_fu_321/ram_reg_bram_0_i_80__7_n_6
    SLICE_X77Y198        CARRY8 (Prop_CARRY8_SLICEM_CI_O[2])
                                                      0.067     3.344 r  bd_0_i/hls_inst/inst/grp_Compute_BConv_Systolic_fu_1051/grp_Compute_BConv_Systolic_Pipeline_Load_Mod_fu_321/ram_reg_bram_0_i_71__3/O[2]
                         net (fo=7, routed)           1.574     4.918    bd_0_i/hls_inst/inst/grp_Compute_BConv_Systolic_fu_1051/grp_Compute_BConv_Systolic_Pipeline_Load_Mod_fu_321/empty_301_fu_82_reg[23]_0[2]
    SLICE_X39Y157        LUT5 (Prop_D6LUT_SLICEM_I0_O)
                                                      0.037     4.955 r  bd_0_i/hls_inst/inst/grp_Compute_BConv_Systolic_fu_1051/grp_Compute_BConv_Systolic_Pipeline_Load_Mod_fu_321/ram_reg_bram_0_i_66__58/O
                         net (fo=2, routed)           0.719     5.674    bd_0_i/hls_inst/inst/p_ZL13poly_buffer_1_6_5_U/d0[18]
    RAMB36_X1Y33         RAMB36E2                                     r  bd_0_i/hls_inst/inst/p_ZL13poly_buffer_1_6_5_U/ram_reg_bram_0/DINBDIN[18]
  -------------------------------------------------------------------    -------------------

                         (clock ap_clk rise edge)     6.000     6.000 r  
                                                      0.000     6.000 r  ap_clk (IN)
                         net (fo=79189, unset)        0.040     6.040    bd_0_i/hls_inst/inst/p_ZL13poly_buffer_1_6_5_U/ap_clk
    RAMB36_X1Y33         RAMB36E2                                     r  bd_0_i/hls_inst/inst/p_ZL13poly_buffer_1_6_5_U/ram_reg_bram_0/CLKBWRCLK
                         clock pessimism              0.000     6.040    
                         clock uncertainty           -0.785     5.255    
    RAMB36_X1Y33         RAMB36E2 (Setup_RAMB36E2_RAMB36_CLKBWRCLK_DINBDIN[18])
                                                     -0.238     5.017    bd_0_i/hls_inst/inst/p_ZL13poly_buffer_1_6_5_U/ram_reg_bram_0
  -------------------------------------------------------------------
                         required time                          5.017    
                         arrival time                          -5.674    
  -------------------------------------------------------------------
                         slack                                 -0.657    

Slack (VIOLATED) :        -0.654ns  (required time - arrival time)
  Source:                 bd_0_i/hls_inst/inst/grp_MultMod_1_fu_2299/S_val_read_reg_346_pp0_iter7_reg_reg[0]__0/C
                            (rising edge-triggered cell FDRE clocked by ap_clk  {rise@0.000ns fall@3.000ns period=6.000ns})
  Destination:            bd_0_i/hls_inst/inst/grp_MultMod_1_fu_2291/mul_64s_64s_64_5_1_U672/tmp_product/DSP_A_B_DATA_INST/A[5]
                            (rising edge-triggered cell DSP_A_B_DATA clocked by ap_clk  {rise@0.000ns fall@3.000ns period=6.000ns})
  Path Group:             ap_clk
  Path Type:              Setup (Max at Slow Process Corner)
  Requirement:            6.000ns  (ap_clk rise@6.000ns - ap_clk rise@0.000ns)
  Data Path Delay:        5.615ns  (logic 1.147ns (20.427%)  route 4.468ns (79.573%))
  Logic Levels:           13  (CARRY8=6 LUT2=1 LUT3=1 LUT4=1 LUT5=2 LUT6=2)
  Clock Path Skew:        0.013ns (DCD - SCD + CPR)
    Destination Clock Delay (DCD):    0.043ns = ( 6.043 - 6.000 ) 
    Source Clock Delay      (SCD):    0.030ns
    Clock Pessimism Removal (CPR):    0.000ns
  Clock Uncertainty:      0.785ns  ((TSJ^2 + TIJ^2)^1/2 + DJ) / 2 + PE + UU
    Total System Jitter     (TSJ):    0.071ns
    Total Input Jitter      (TIJ):    0.000ns
    Discrete Jitter          (DJ):    0.000ns
    Phase Error              (PE):    0.000ns
    User Uncertainty         (UU):    0.750ns

    Location             Delay type                Incr(ns)  Path(ns)    Netlist Resource(s)
  -------------------------------------------------------------------    -------------------
                         (clock ap_clk rise edge)     0.000     0.000 r  
                                                      0.000     0.000 r  ap_clk (IN)
                         net (fo=79189, unset)        0.030     0.030    bd_0_i/hls_inst/inst/grp_MultMod_1_fu_2299/ap_clk
    SLICE_X76Y70         FDRE                                         r  bd_0_i/hls_inst/inst/grp_MultMod_1_fu_2299/S_val_read_reg_346_pp0_iter7_reg_reg[0]__0/C
  -------------------------------------------------------------------    -------------------
    SLICE_X76Y70         FDRE (Prop_EFF_SLICEM_C_Q)
                                                      0.076     0.106 r  bd_0_i/hls_inst/inst/grp_MultMod_1_fu_2299/S_val_read_reg_346_pp0_iter7_reg_reg[0]__0/Q
                         net (fo=38, routed)          0.191     0.297    bd_0_i/hls_inst/inst/grp_MultMod_1_fu_2299/mul_64s_64s_64_5_1_U672/S_val_read_reg_346_pp0_iter7_reg[0]
    SLICE_X76Y70         LUT2 (Prop_E5LUT_SLICEM_I1_O)
                                                      0.070     0.367 r  bd_0_i/hls_inst/inst/grp_MultMod_1_fu_2299/mul_64s_64s_64_5_1_U672/buff0_reg_i_565__7/O
                         net (fo=4, routed)           0.228     0.596    bd_0_i/hls_inst/inst/grp_MultMod_1_fu_2299/mul_64s_64s_64_5_1_U672/buff0_reg_i_565__7_n_6
    SLICE_X76Y75         CARRY8 (Prop_CARRY8_SLICEM_CI_CO[7])
                                                      0.153     0.749 r  bd_0_i/hls_inst/inst/grp_MultMod_1_fu_2299/mul_64s_64s_64_5_1_U672/buff0_reg_i_477__16/CO[7]
                         net (fo=1, routed)           0.026     0.775    bd_0_i/hls_inst/inst/grp_MultMod_1_fu_2299/mul_64s_64s_64_5_1_U672/buff0_reg_i_477__16_n_6
    SLICE_X76Y76         CARRY8 (Prop_CARRY8_SLICEM_CI_CO[7])
                                                      0.015     0.790 r  bd_0_i/hls_inst/inst/grp_MultMod_1_fu_2299/mul_64s_64s_64_5_1_U672/buff0_reg_i_338__17/CO[7]
                         net (fo=1, routed)           0.026     0.816    bd_0_i/hls_inst/inst/grp_MultMod_1_fu_2299/mul_64s_64s_64_5_1_U672/buff0_reg_i_338__17_n_6
    SLICE_X76Y77         CARRY8 (Prop_CARRY8_SLICEM_CI_CO[7])
                                                      0.015     0.831 r  bd_0_i/hls_inst/inst/grp_MultMod_1_fu_2299/mul_64s_64s_64_5_1_U672/buff0_reg_i_206__20/CO[7]
                         net (fo=1, routed)           0.026     0.857    bd_0_i/hls_inst/inst/grp_MultMod_1_fu_2299/mul_64s_64s_64_5_1_U672/buff0_reg_i_206__20_n_6
    SLICE_X76Y78         CARRY8 (Prop_CARRY8_SLICEM_CI_CO[6])
                                                      0.092     0.949 r  bd_0_i/hls_inst/inst/grp_MultMod_1_fu_2299/mul_64s_64s_64_5_1_U672/buff0_reg_i_114__18/CO[6]
                         net (fo=249, routed)         0.189     1.138    bd_0_i/hls_inst/inst/grp_MultMod_1_fu_2299/mul_64s_64s_64_5_1_U672/S_val_read_reg_346_pp0_iter7_reg_reg[62]__0_0[0]
    SLICE_X76Y80         LUT3 (Prop_A6LUT_SLICEM_I0_O)
                                                      0.053     1.191 r  bd_0_i/hls_inst/inst/grp_MultMod_1_fu_2299/mul_64s_64s_64_5_1_U672/buff0_reg_i_359__11/O
                         net (fo=47, routed)          1.273     2.463    bd_0_i/hls_inst/inst/grp_MultMod_1_fu_2291/mul_64ns_64ns_128_5_1_U671/zext_ln114_fu_270_p1[1]
    SLICE_X32Y98         LUT6 (Prop_B6LUT_SLICEL_I2_O)
                                                      0.090     2.553 r  bd_0_i/hls_inst/inst/grp_MultMod_1_fu_2291/mul_64ns_64ns_128_5_1_U671/buff0_reg__0_i_396__16/O
                         net (fo=2, routed)           0.095     2.648    bd_0_i/hls_inst/inst/grp_MultMod_1_fu_2299/mul_64s_64s_64_5_1_U672/buff0_reg__0_i_255__17_4
    SLICE_X32Y97         LUT5 (Prop_E6LUT_SLICEL_I0_O)
                                                      0.123     2.771 r  bd_0_i/hls_inst/inst/grp_MultMod_1_fu_2299/mul_64s_64s_64_5_1_U672/buff0_reg__0_i_324__16/O
                         net (fo=4, routed)           0.369     3.141    bd_0_i/hls_inst/inst/grp_MultMod_1_fu_2299/mul_64s_64s_64_5_1_U672/buff0_reg__0_i_324__16_n_6
    SLICE_X36Y96         LUT6 (Prop_H6LUT_SLICEL_I5_O)
                                                      0.090     3.231 r  bd_0_i/hls_inst/inst/grp_MultMod_1_fu_2299/mul_64s_64s_64_5_1_U672/buff0_reg__0_i_217__17/O
                         net (fo=3, routed)           0.273     3.504    bd_0_i/hls_inst/inst/grp_MultMod_1_fu_2299/mul_64s_64s_64_5_1_U672/buff0_reg__0_i_217__17_n_6
    SLICE_X39Y90         LUT5 (Prop_H6LUT_SLICEM_I0_O)
                                                      0.039     3.543 r  bd_0_i/hls_inst/inst/grp_MultMod_1_fu_2299/mul_64s_64s_64_5_1_U672/buff0_reg__0_i_95__17/O
                         net (fo=4, routed)           0.649     4.192    bd_0_i/hls_inst/inst/grp_MultMod_1_fu_2299/mul_64s_64s_64_5_1_U672/buff0_reg__0_i_95__17_n_6
    SLICE_X42Y84         LUT4 (Prop_D5LUT_SLICEM_I0_O)
                                                      0.135     4.327 r  bd_0_i/hls_inst/inst/grp_MultMod_1_fu_2299/mul_64s_64s_64_5_1_U672/buff0_reg__0_i_23__20/O
                         net (fo=1, routed)           0.540     4.867    bd_0_i/hls_inst/inst/grp_MultMod_1_fu_2299/mul_64s_64s_64_5_1_U672/grp_MultMod_1_fu_2291/trunc_ln114_fu_280_p1[12]
    SLICE_X41Y84         CARRY8 (Prop_CARRY8_SLICEM_DI[4]_CO[7])
                                                      0.093     4.960 r  bd_0_i/hls_inst/inst/grp_MultMod_1_fu_2299/mul_64s_64s_64_5_1_U672/buff0_reg__0_i_2__18/CO[7]
                         net (fo=1, routed)           0.026     4.986    bd_0_i/hls_inst/inst/grp_MultMod_1_fu_2299/mul_64s_64s_64_5_1_U672/buff0_reg__0_i_2__18_n_6
    SLICE_X41Y85         CARRY8 (Prop_CARRY8_SLICEM_CI_O[6])
                                                      0.103     5.089 r  bd_0_i/hls_inst/inst/grp_MultMod_1_fu_2299/mul_64s_64s_64_5_1_U672/buff0_reg__0_i_1__18/O[6]
                         net (fo=3, routed)           0.556     5.645    bd_0_i/hls_inst/inst/grp_MultMod_1_fu_2291/mul_64s_64s_64_5_1_U672/tmp_product/A[5]
    DSP48E2_X5Y32        DSP_A_B_DATA                                 r  bd_0_i/hls_inst/inst/grp_MultMod_1_fu_2291/mul_64s_64s_64_5_1_U672/tmp_product/DSP_A_B_DATA_INST/A[5]
  -------------------------------------------------------------------    -------------------

                         (clock ap_clk rise edge)     6.000     6.000 r  
                                                      0.000     6.000 r  ap_clk (IN)
                         net (fo=79189, unset)        0.043     6.043    bd_0_i/hls_inst/inst/grp_MultMod_1_fu_2291/mul_64s_64s_64_5_1_U672/tmp_product/CLK
    DSP48E2_X5Y32        DSP_A_B_DATA                                 r  bd_0_i/hls_inst/inst/grp_MultMod_1_fu_2291/mul_64s_64s_64_5_1_U672/tmp_product/DSP_A_B_DATA_INST/CLK
                         clock pessimism              0.000     6.043    
                         clock uncertainty           -0.785     5.258    
    DSP48E2_X5Y32        DSP_A_B_DATA (Setup_DSP_A_B_DATA_DSP48E2_CLK_A[5])
                                                     -0.267     4.991    bd_0_i/hls_inst/inst/grp_MultMod_1_fu_2291/mul_64s_64s_64_5_1_U672/tmp_product/DSP_A_B_DATA_INST
  -------------------------------------------------------------------
                         required time                          4.991    
                         arrival time                          -5.645    
  -------------------------------------------------------------------
                         slack                                 -0.654    

Slack (VIOLATED) :        -0.652ns  (required time - arrival time)
  Source:                 bd_0_i/hls_inst/inst/grp_MultMod_fu_2211/sub_64ns_64s_64_3_1_U258/carry_s2_reg/C
                            (rising edge-triggered cell FDRE clocked by ap_clk  {rise@0.000ns fall@3.000ns period=6.000ns})
  Destination:            bd_0_i/hls_inst/inst/p_ZL13poly_buffer_1_3_0_U/ram_reg_bram_1/DINBDIN[13]
                            (rising edge-triggered cell RAMB36E2 clocked by ap_clk  {rise@0.000ns fall@3.000ns period=6.000ns})
  Path Group:             ap_clk
  Path Type:              Setup (Max at Slow Process Corner)
  Requirement:            6.000ns  (ap_clk rise@6.000ns - ap_clk rise@0.000ns)
  Data Path Delay:        5.619ns  (logic 1.688ns (30.043%)  route 3.931ns (69.957%))
  Logic Levels:           19  (CARRY8=12 LUT2=1 LUT3=1 LUT4=2 LUT5=2 LUT6=1)
  Clock Path Skew:        0.010ns (DCD - SCD + CPR)
    Destination Clock Delay (DCD):    0.040ns = ( 6.040 - 6.000 ) 
    Source Clock Delay      (SCD):    0.030ns
    Clock Pessimism Removal (CPR):    0.000ns
  Clock Uncertainty:      0.785ns  ((TSJ^2 + TIJ^2)^1/2 + DJ) / 2 + PE + UU
    Total System Jitter     (TSJ):    0.071ns
    Total Input Jitter      (TIJ):    0.000ns
    Discrete Jitter          (DJ):    0.000ns
    Phase Error              (PE):    0.000ns
    User Uncertainty         (UU):    0.750ns

    Location             Delay type                Incr(ns)  Path(ns)    Netlist Resource(s)
  -------------------------------------------------------------------    -------------------
                         (clock ap_clk rise edge)     0.000     0.000 r  
                                                      0.000     0.000 r  ap_clk (IN)
                         net (fo=79189, unset)        0.030     0.030    bd_0_i/hls_inst/inst/grp_MultMod_fu_2211/sub_64ns_64s_64_3_1_U258/ap_clk
    SLICE_X87Y183        FDRE                                         r  bd_0_i/hls_inst/inst/grp_MultMod_fu_2211/sub_64ns_64s_64_3_1_U258/carry_s2_reg/C
  -------------------------------------------------------------------    -------------------
    SLICE_X87Y183        FDRE (Prop_GFF_SLICEM_C_Q)
                                                      0.078     0.108 r  bd_0_i/hls_inst/inst/grp_MultMod_fu_2211/sub_64ns_64s_64_3_1_U258/carry_s2_reg/Q
                         net (fo=1, routed)           0.297     0.405    bd_0_i/hls_inst/inst/grp_MultMod_fu_2211/sub_64ns_64s_64_3_1_U258/u3/carry_s2
    SLICE_X86Y191        LUT2 (Prop_A6LUT_SLICEL_I1_O)
                                                      0.050     0.455 r  bd_0_i/hls_inst/inst/grp_MultMod_fu_2211/sub_64ns_64s_64_3_1_U258/u3/ram_reg_bram_1_i_239/O
                         net (fo=1, routed)           0.009     0.464    bd_0_i/hls_inst/inst/grp_MultMod_fu_2211_n_1651
    SLICE_X86Y191        CARRY8 (Prop_CARRY8_SLICEL_S[0]_CO[7])
                                                      0.190     0.654 r  bd_0_i/hls_inst/inst/sub_64ns_64s_64_3_1_U258/u3/ram_reg_bram_1_i_202/CO[7]
                         net (fo=1, routed)           0.026     0.680    bd_0_i/hls_inst/inst/sub_64ns_64s_64_3_1_U258/u3/ram_reg_bram_1_i_202_n_6
    SLICE_X86Y192        CARRY8 (Prop_CARRY8_SLICEL_CI_O[6])
                                                      0.103     0.783 r  bd_0_i/hls_inst/inst/sub_64ns_64s_64_3_1_U258/u3/ram_reg_bram_1_i_193/O[6]
                         net (fo=3, routed)           0.293     1.076    bd_0_i/hls_inst/inst/grp_MultMod_fu_2211/ram_reg_bram_1_i_133__0[14]
    SLICE_X87Y190        LUT4 (Prop_E6LUT_SLICEM_I0_O)
                                                      0.148     1.224 r  bd_0_i/hls_inst/inst/grp_MultMod_fu_2211/ram_reg_bram_1_i_123__0/O
                         net (fo=2, routed)           0.313     1.537    bd_0_i/hls_inst/inst/grp_MultMod_fu_2211/sub_64ns_64s_64_3_1_U258/ram_reg_bram_1_i_29__3[14]
    SLICE_X81Y190        CARRY8 (Prop_CARRY8_SLICEM_DI[1]_O[5])
                                                      0.196     1.733 r  bd_0_i/hls_inst/inst/grp_MultMod_fu_2211/sub_64ns_64s_64_3_1_U258/ram_reg_bram_1_i_133__0/O[5]
                         net (fo=4, routed)           0.216     1.948    bd_0_i/hls_inst/inst/grp_Execute_Transform_Operation_fu_696/grp_Compute_BConv_Systolic_28_29_fu_1105/grp_Compute_BConv_Systolic_28_29_Pipeline_Load_Mod_fu_599/sum_out_64_fu_2754_p2[61]
    SLICE_X80Y189        LUT4 (Prop_G6LUT_SLICEL_I3_O)
                                                      0.123     2.071 r  bd_0_i/hls_inst/inst/grp_Execute_Transform_Operation_fu_696/grp_Compute_BConv_Systolic_28_29_fu_1105/grp_Compute_BConv_Systolic_28_29_Pipeline_Load_Mod_fu_599/ram_reg_bram_0_i_431/O
                         net (fo=1, routed)           0.008     2.079    bd_0_i/hls_inst/inst/grp_Execute_Transform_Operation_fu_696/grp_Compute_BConv_Systolic_28_29_fu_1105/grp_Compute_BConv_Systolic_28_29_Pipeline_Load_Mod_fu_599/ram_reg_bram_0_i_431_n_6
    SLICE_X80Y189        CARRY8 (Prop_CARRY8_SLICEL_S[6]_CO[7])
                                                      0.115     2.194 r  bd_0_i/hls_inst/inst/grp_Execute_Transform_Operation_fu_696/grp_Compute_BConv_Systolic_28_29_fu_1105/grp_Compute_BConv_Systolic_28_29_Pipeline_Load_Mod_fu_599/ram_reg_bram_0_i_387/CO[7]
                         net (fo=1, routed)           0.026     2.220    bd_0_i/hls_inst/inst/grp_Execute_Transform_Operation_fu_696/grp_Compute_BConv_Systolic_28_29_fu_1105/grp_Compute_BConv_Systolic_28_29_Pipeline_Load_Mod_fu_599/grp_Compute_BConv_Systolic_28_29_Pipeline_Systolic_Loop_fu_648/icmp_ln111_24_fu_2760_p2
    SLICE_X80Y190        CARRY8 (Prop_CARRY8_SLICEL_CI_O[0])
                                                      0.056     2.276 r  bd_0_i/hls_inst/inst/grp_Execute_Transform_Operation_fu_696/grp_Compute_BConv_Systolic_28_29_fu_1105/grp_Compute_BConv_Systolic_28_29_Pipeline_Load_Mod_fu_599/ram_reg_bram_0_i_309/O[0]
                         net (fo=65, routed)          0.371     2.647    bd_0_i/hls_inst/inst/grp_Execute_Transform_Operation_fu_696/grp_Compute_BConv_Systolic_28_29_fu_1105/grp_Compute_BConv_Systolic_28_29_Pipeline_Load_Mod_fu_599/ram_reg_bram_0_i_309_n_21
    SLICE_X79Y183        LUT3 (Prop_B6LUT_SLICEL_I2_O)
                                                      0.090     2.737 r  bd_0_i/hls_inst/inst/grp_Execute_Transform_Operation_fu_696/grp_Compute_BConv_Systolic_28_29_fu_1105/grp_Compute_BConv_Systolic_28_29_Pipeline_Load_Mod_fu_599/ram_reg_bram_0_i_317/O
                         net (fo=1, routed)           0.009     2.746    bd_0_i/hls_inst/inst/grp_Execute_Transform_Operation_fu_696/grp_Compute_BConv_Systolic_28_29_fu_1105/grp_Compute_BConv_Systolic_28_29_Pipeline_Load_Mod_fu_599/ram_reg_bram_0_i_317_n_6
    SLICE_X79Y183        CARRY8 (Prop_CARRY8_SLICEL_S[1]_CO[7])
                                                      0.186     2.932 r  bd_0_i/hls_inst/inst/grp_Execute_Transform_Operation_fu_696/grp_Compute_BConv_Systolic_28_29_fu_1105/grp_Compute_BConv_Systolic_28_29_Pipeline_Load_Mod_fu_599/ram_reg_bram_0_i_182/CO[7]
                         net (fo=1, routed)           0.026     2.958    bd_0_i/hls_inst/inst/grp_Execute_Transform_Operation_fu_696/grp_Compute_BConv_Systolic_28_29_fu_1105/grp_Compute_BConv_Systolic_28_29_Pipeline_Load_Mod_fu_599/ram_reg_bram_0_i_182_n_6
    SLICE_X79Y184        CARRY8 (Prop_CARRY8_SLICEL_CI_CO[7])
                                                      0.015     2.973 r  bd_0_i/hls_inst/inst/grp_Execute_Transform_Operation_fu_696/grp_Compute_BConv_Systolic_28_29_fu_1105/grp_Compute_BConv_Systolic_28_29_Pipeline_Load_Mod_fu_599/ram_reg_bram_0_i_163__0/CO[7]
                         net (fo=1, routed)           0.026     2.999    bd_0_i/hls_inst/inst/grp_Execute_Transform_Operation_fu_696/grp_Compute_BConv_Systolic_28_29_fu_1105/grp_Compute_BConv_Systolic_28_29_Pipeline_Load_Mod_fu_599/ram_reg_bram_0_i_163__0_n_6
    SLICE_X79Y185        CARRY8 (Prop_CARRY8_SLICEL_CI_CO[7])
                                                      0.015     3.014 r  bd_0_i/hls_inst/inst/grp_Execute_Transform_Operation_fu_696/grp_Compute_BConv_Systolic_28_29_fu_1105/grp_Compute_BConv_Systolic_28_29_Pipeline_Load_Mod_fu_599/ram_reg_bram_0_i_145/CO[7]
                         net (fo=1, routed)           0.026     3.040    bd_0_i/hls_inst/inst/grp_Execute_Transform_Operation_fu_696/grp_Compute_BConv_Systolic_28_29_fu_1105/grp_Compute_BConv_Systolic_28_29_Pipeline_Load_Mod_fu_599/ram_reg_bram_0_i_145_n_6
    SLICE_X79Y186        CARRY8 (Prop_CARRY8_SLICEL_CI_CO[7])
                                                      0.015     3.055 r  bd_0_i/hls_inst/inst/grp_Execute_Transform_Operation_fu_696/grp_Compute_BConv_Systolic_28_29_fu_1105/grp_Compute_BConv_Systolic_28_29_Pipeline_Load_Mod_fu_599/ram_reg_bram_0_i_126__0/CO[7]
                         net (fo=1, routed)           0.026     3.081    bd_0_i/hls_inst/inst/grp_Execute_Transform_Operation_fu_696/grp_Compute_BConv_Systolic_28_29_fu_1105/grp_Compute_BConv_Systolic_28_29_Pipeline_Load_Mod_fu_599/ram_reg_bram_0_i_126__0_n_6
    SLICE_X79Y187        CARRY8 (Prop_CARRY8_SLICEL_CI_CO[7])
                                                      0.015     3.096 r  bd_0_i/hls_inst/inst/grp_Execute_Transform_Operation_fu_696/grp_Compute_BConv_Systolic_28_29_fu_1105/grp_Compute_BConv_Systolic_28_29_Pipeline_Load_Mod_fu_599/ram_reg_bram_0_i_200/CO[7]
                         net (fo=1, routed)           0.026     3.122    bd_0_i/hls_inst/inst/grp_Execute_Transform_Operation_fu_696/grp_Compute_BConv_Systolic_28_29_fu_1105/grp_Compute_BConv_Systolic_28_29_Pipeline_Load_Mod_fu_599/ram_reg_bram_0_i_200_n_6
    SLICE_X79Y188        CARRY8 (Prop_CARRY8_SLICEL_CI_CO[7])
                                                      0.015     3.137 r  bd_0_i/hls_inst/inst/grp_Execute_Transform_Operation_fu_696/grp_Compute_BConv_Systolic_28_29_fu_1105/grp_Compute_BConv_Systolic_28_29_Pipeline_Load_Mod_fu_599/ram_reg_bram_1_i_106/CO[7]
                         net (fo=1, routed)           0.026     3.163    bd_0_i/hls_inst/inst/grp_Execute_Transform_Operation_fu_696/grp_Compute_BConv_Systolic_28_29_fu_1105/grp_Compute_BConv_Systolic_28_29_Pipeline_Load_Mod_fu_599/ram_reg_bram_1_i_106_n_6
    SLICE_X79Y189        CARRY8 (Prop_CARRY8_SLICEL_CI_O[1])
                                                      0.076     3.239 r  bd_0_i/hls_inst/inst/grp_Execute_Transform_Operation_fu_696/grp_Compute_BConv_Systolic_28_29_fu_1105/grp_Compute_BConv_Systolic_28_29_Pipeline_Load_Mod_fu_599/ram_reg_bram_1_i_88/O[1]
                         net (fo=4, routed)           0.504     3.743    bd_0_i/hls_inst/inst/grp_Execute_Transform_Operation_fu_696/grp_Compute_BConv_Systolic_28_29_fu_1105/grp_Compute_BConv_Systolic_28_29_Pipeline_Load_Mod_fu_599/grp_Compute_BConv_Systolic_28_29_fu_1105_p_ZL13poly_buffer_1_3_0_d0[49]
    SLICE_X71Y201        LUT5 (Prop_E6LUT_SLICEM_I0_O)
                                                      0.052     3.795 r  bd_0_i/hls_inst/inst/grp_Execute_Transform_Operation_fu_696/grp_Compute_BConv_Systolic_28_29_fu_1105/grp_Compute_BConv_Systolic_28_29_Pipeline_Load_Mod_fu_599/ram_reg_bram_1_i_87__10/O
                         net (fo=5, routed)           0.708     4.503    bd_0_i/hls_inst/inst/grp_Execute_Transform_Operation_fu_696/grp_Execute_Transform_fu_1269/grp_CG_Transform_Work_fu_441/grp_CG_Transform_Work_Pipeline_WORK_BUTTERFLY_LOOP3_fu_788/add_64ns_64ns_64_2_1_U2199/ram_reg_bram_1_54
    SLICE_X33Y196        LUT6 (Prop_A6LUT_SLICEL_I4_O)
                                                      0.050     4.553 r  bd_0_i/hls_inst/inst/grp_Execute_Transform_Operation_fu_696/grp_Execute_Transform_fu_1269/grp_CG_Transform_Work_fu_441/grp_CG_Transform_Work_Pipeline_WORK_BUTTERFLY_LOOP3_fu_788/add_64ns_64ns_64_2_1_U2199/ram_reg_bram_1_i_44__49/O
                         net (fo=1, routed)           0.182     4.735    bd_0_i/hls_inst/inst/grp_Compute_BConv_Systolic_fu_1051/grp_Compute_BConv_Systolic_Pipeline_Load_Mod_fu_321/grp_Execute_Transform_Operation_fu_696_p_ZL13poly_buffer_1_3_0_d0[49]
    SLICE_X31Y196        LUT5 (Prop_B6LUT_SLICEM_I2_O)
                                                      0.100     4.835 r  bd_0_i/hls_inst/inst/grp_Compute_BConv_Systolic_fu_1051/grp_Compute_BConv_Systolic_Pipeline_Load_Mod_fu_321/ram_reg_bram_1_i_15__38/O
                         net (fo=1, routed)           0.814     5.649    bd_0_i/hls_inst/inst/p_ZL13poly_buffer_1_3_0_U/d0[49]
    RAMB36_X4Y38         RAMB36E2                                     r  bd_0_i/hls_inst/inst/p_ZL13poly_buffer_1_3_0_U/ram_reg_bram_1/DINBDIN[13]
  -------------------------------------------------------------------    -------------------

                         (clock ap_clk rise edge)     6.000     6.000 r  
                                                      0.000     6.000 r  ap_clk (IN)
                         net (fo=79189, unset)        0.040     6.040    bd_0_i/hls_inst/inst/p_ZL13poly_buffer_1_3_0_U/ap_clk
    RAMB36_X4Y38         RAMB36E2                                     r  bd_0_i/hls_inst/inst/p_ZL13poly_buffer_1_3_0_U/ram_reg_bram_1/CLKBWRCLK
                         clock pessimism              0.000     6.040    
                         clock uncertainty           -0.785     5.255    
    RAMB36_X4Y38         RAMB36E2 (Setup_RAMB36E2_RAMB36_CLKBWRCLK_DINBDIN[13])
                                                     -0.258     4.997    bd_0_i/hls_inst/inst/p_ZL13poly_buffer_1_3_0_U/ram_reg_bram_1
  -------------------------------------------------------------------
                         required time                          4.997    
                         arrival time                          -5.649    
  -------------------------------------------------------------------
                         slack                                 -0.652    

Slack (VIOLATED) :        -0.648ns  (required time - arrival time)
  Source:                 bd_0_i/hls_inst/inst/grp_MultMod_1_fu_2299/S_val_read_reg_346_pp0_iter7_reg_reg[0]__0/C
                            (rising edge-triggered cell FDRE clocked by ap_clk  {rise@0.000ns fall@3.000ns period=6.000ns})
  Destination:            bd_0_i/hls_inst/inst/grp_MultMod_1_fu_2291/mul_64s_64s_64_5_1_U672/tmp_product__0/DSP_A_B_DATA_INST/A[7]
                            (rising edge-triggered cell DSP_A_B_DATA clocked by ap_clk  {rise@0.000ns fall@3.000ns period=6.000ns})
  Path Group:             ap_clk
  Path Type:              Setup (Max at Slow Process Corner)
  Requirement:            6.000ns  (ap_clk rise@6.000ns - ap_clk rise@0.000ns)
  Data Path Delay:        5.620ns  (logic 1.115ns (19.840%)  route 4.505ns (80.160%))
  Logic Levels:           14  (CARRY8=7 LUT2=1 LUT3=1 LUT4=1 LUT5=2 LUT6=2)
  Clock Path Skew:        0.013ns (DCD - SCD + CPR)
    Destination Clock Delay (DCD):    0.043ns = ( 6.043 - 6.000 ) 
    Source Clock Delay      (SCD):    0.030ns
    Clock Pessimism Removal (CPR):    0.000ns
  Clock Uncertainty:      0.785ns  ((TSJ^2 + TIJ^2)^1/2 + DJ) / 2 + PE + UU
    Total System Jitter     (TSJ):    0.071ns
    Total Input Jitter      (TIJ):    0.000ns
    Discrete Jitter          (DJ):    0.000ns
    Phase Error              (PE):    0.000ns
    User Uncertainty         (UU):    0.750ns

    Location             Delay type                Incr(ns)  Path(ns)    Netlist Resource(s)
  -------------------------------------------------------------------    -------------------
                         (clock ap_clk rise edge)     0.000     0.000 r  
                                                      0.000     0.000 r  ap_clk (IN)
                         net (fo=79189, unset)        0.030     0.030    bd_0_i/hls_inst/inst/grp_MultMod_1_fu_2299/ap_clk
    SLICE_X76Y70         FDRE                                         r  bd_0_i/hls_inst/inst/grp_MultMod_1_fu_2299/S_val_read_reg_346_pp0_iter7_reg_reg[0]__0/C
  -------------------------------------------------------------------    -------------------
    SLICE_X76Y70         FDRE (Prop_EFF_SLICEM_C_Q)
                                                      0.076     0.106 r  bd_0_i/hls_inst/inst/grp_MultMod_1_fu_2299/S_val_read_reg_346_pp0_iter7_reg_reg[0]__0/Q
                         net (fo=38, routed)          0.191     0.297    bd_0_i/hls_inst/inst/grp_MultMod_1_fu_2299/mul_64s_64s_64_5_1_U672/S_val_read_reg_346_pp0_iter7_reg[0]
    SLICE_X76Y70         LUT2 (Prop_E5LUT_SLICEM_I1_O)
                                                      0.070     0.367 r  bd_0_i/hls_inst/inst/grp_MultMod_1_fu_2299/mul_64s_64s_64_5_1_U672/buff0_reg_i_565__7/O
                         net (fo=4, routed)           0.228     0.596    bd_0_i/hls_inst/inst/grp_MultMod_1_fu_2299/mul_64s_64s_64_5_1_U672/buff0_reg_i_565__7_n_6
    SLICE_X76Y75         CARRY8 (Prop_CARRY8_SLICEM_CI_CO[7])
                                                      0.153     0.749 r  bd_0_i/hls_inst/inst/grp_MultMod_1_fu_2299/mul_64s_64s_64_5_1_U672/buff0_reg_i_477__16/CO[7]
                         net (fo=1, routed)           0.026     0.775    bd_0_i/hls_inst/inst/grp_MultMod_1_fu_2299/mul_64s_64s_64_5_1_U672/buff0_reg_i_477__16_n_6
    SLICE_X76Y76         CARRY8 (Prop_CARRY8_SLICEM_CI_CO[7])
                                                      0.015     0.790 r  bd_0_i/hls_inst/inst/grp_MultMod_1_fu_2299/mul_64s_64s_64_5_1_U672/buff0_reg_i_338__17/CO[7]
                         net (fo=1, routed)           0.026     0.816    bd_0_i/hls_inst/inst/grp_MultMod_1_fu_2299/mul_64s_64s_64_5_1_U672/buff0_reg_i_338__17_n_6
    SLICE_X76Y77         CARRY8 (Prop_CARRY8_SLICEM_CI_CO[7])
                                                      0.015     0.831 r  bd_0_i/hls_inst/inst/grp_MultMod_1_fu_2299/mul_64s_64s_64_5_1_U672/buff0_reg_i_206__20/CO[7]
                         net (fo=1, routed)           0.026     0.857    bd_0_i/hls_inst/inst/grp_MultMod_1_fu_2299/mul_64s_64s_64_5_1_U672/buff0_reg_i_206__20_n_6
    SLICE_X76Y78         CARRY8 (Prop_CARRY8_SLICEM_CI_CO[6])
                                                      0.092     0.949 r  bd_0_i/hls_inst/inst/grp_MultMod_1_fu_2299/mul_64s_64s_64_5_1_U672/buff0_reg_i_114__18/CO[6]
                         net (fo=249, routed)         0.189     1.138    bd_0_i/hls_inst/inst/grp_MultMod_1_fu_2299/mul_64s_64s_64_5_1_U672/S_val_read_reg_346_pp0_iter7_reg_reg[62]__0_0[0]
    SLICE_X76Y80         LUT3 (Prop_A6LUT_SLICEM_I0_O)
                                                      0.053     1.191 r  bd_0_i/hls_inst/inst/grp_MultMod_1_fu_2299/mul_64s_64s_64_5_1_U672/buff0_reg_i_359__11/O
                         net (fo=47, routed)          1.273     2.463    bd_0_i/hls_inst/inst/grp_MultMod_1_fu_2291/mul_64ns_64ns_128_5_1_U671/zext_ln114_fu_270_p1[1]
    SLICE_X32Y98         LUT6 (Prop_B6LUT_SLICEL_I2_O)
                                                      0.090     2.553 r  bd_0_i/hls_inst/inst/grp_MultMod_1_fu_2291/mul_64ns_64ns_128_5_1_U671/buff0_reg__0_i_396__16/O
                         net (fo=2, routed)           0.095     2.648    bd_0_i/hls_inst/inst/grp_MultMod_1_fu_2299/mul_64s_64s_64_5_1_U672/buff0_reg__0_i_255__17_4
    SLICE_X32Y97         LUT5 (Prop_E6LUT_SLICEL_I0_O)
                                                      0.123     2.771 r  bd_0_i/hls_inst/inst/grp_MultMod_1_fu_2299/mul_64s_64s_64_5_1_U672/buff0_reg__0_i_324__16/O
                         net (fo=4, routed)           0.369     3.141    bd_0_i/hls_inst/inst/grp_MultMod_1_fu_2299/mul_64s_64s_64_5_1_U672/buff0_reg__0_i_324__16_n_6
    SLICE_X36Y96         LUT6 (Prop_H6LUT_SLICEL_I5_O)
                                                      0.090     3.231 r  bd_0_i/hls_inst/inst/grp_MultMod_1_fu_2299/mul_64s_64s_64_5_1_U672/buff0_reg__0_i_217__17/O
                         net (fo=3, routed)           0.273     3.504    bd_0_i/hls_inst/inst/grp_MultMod_1_fu_2299/mul_64s_64s_64_5_1_U672/buff0_reg__0_i_217__17_n_6
    SLICE_X39Y90         LUT5 (Prop_H6LUT_SLICEM_I0_O)
                                                      0.039     3.543 r  bd_0_i/hls_inst/inst/grp_MultMod_1_fu_2299/mul_64s_64s_64_5_1_U672/buff0_reg__0_i_95__17/O
                         net (fo=4, routed)           0.649     4.192    bd_0_i/hls_inst/inst/grp_MultMod_1_fu_2299/mul_64s_64s_64_5_1_U672/buff0_reg__0_i_95__17_n_6
    SLICE_X42Y84         LUT4 (Prop_D5LUT_SLICEM_I0_O)
                                                      0.135     4.327 r  bd_0_i/hls_inst/inst/grp_MultMod_1_fu_2299/mul_64s_64s_64_5_1_U672/buff0_reg__0_i_23__20/O
                         net (fo=1, routed)           0.540     4.867    bd_0_i/hls_inst/inst/grp_MultMod_1_fu_2299/mul_64s_64s_64_5_1_U672/grp_MultMod_1_fu_2291/trunc_ln114_fu_280_p1[12]
    SLICE_X41Y84         CARRY8 (Prop_CARRY8_SLICEM_DI[4]_CO[7])
                                                      0.093     4.960 r  bd_0_i/hls_inst/inst/grp_MultMod_1_fu_2299/mul_64s_64s_64_5_1_U672/buff0_reg__0_i_2__18/CO[7]
                         net (fo=1, routed)           0.026     4.986    bd_0_i/hls_inst/inst/grp_MultMod_1_fu_2299/mul_64s_64s_64_5_1_U672/buff0_reg__0_i_2__18_n_6
    SLICE_X41Y85         CARRY8 (Prop_CARRY8_SLICEM_CI_CO[7])
                                                      0.015     5.001 r  bd_0_i/hls_inst/inst/grp_MultMod_1_fu_2299/mul_64s_64s_64_5_1_U672/buff0_reg__0_i_1__18/CO[7]
                         net (fo=1, routed)           0.026     5.027    bd_0_i/hls_inst/inst/grp_MultMod_1_fu_2299/mul_64s_64s_64_5_1_U672/buff0_reg__0_i_1__18_n_6
    SLICE_X41Y86         CARRY8 (Prop_CARRY8_SLICEM_CI_O[0])
                                                      0.056     5.083 r  bd_0_i/hls_inst/inst/grp_MultMod_1_fu_2299/mul_64s_64s_64_5_1_U672/tmp_product_i_2__18/O[0]
                         net (fo=3, routed)           0.567     5.650    bd_0_i/hls_inst/inst/grp_MultMod_1_fu_2291/mul_64s_64s_64_5_1_U672/tmp_product__0/A[7]
    DSP48E2_X5Y29        DSP_A_B_DATA                                 r  bd_0_i/hls_inst/inst/grp_MultMod_1_fu_2291/mul_64s_64s_64_5_1_U672/tmp_product__0/DSP_A_B_DATA_INST/A[7]
  -------------------------------------------------------------------    -------------------

                         (clock ap_clk rise edge)     6.000     6.000 r  
                                                      0.000     6.000 r  ap_clk (IN)
                         net (fo=79189, unset)        0.043     6.043    bd_0_i/hls_inst/inst/grp_MultMod_1_fu_2291/mul_64s_64s_64_5_1_U672/tmp_product__0/CLK
    DSP48E2_X5Y29        DSP_A_B_DATA                                 r  bd_0_i/hls_inst/inst/grp_MultMod_1_fu_2291/mul_64s_64s_64_5_1_U672/tmp_product__0/DSP_A_B_DATA_INST/CLK
                         clock pessimism              0.000     6.043    
                         clock uncertainty           -0.785     5.258    
    DSP48E2_X5Y29        DSP_A_B_DATA (Setup_DSP_A_B_DATA_DSP48E2_CLK_A[7])
                                                     -0.256     5.002    bd_0_i/hls_inst/inst/grp_MultMod_1_fu_2291/mul_64s_64s_64_5_1_U672/tmp_product__0/DSP_A_B_DATA_INST
  -------------------------------------------------------------------
                         required time                          5.002    
                         arrival time                          -5.650    
  -------------------------------------------------------------------
                         slack                                 -0.648    

Slack (VIOLATED) :        -0.647ns  (required time - arrival time)
  Source:                 bd_0_i/hls_inst/inst/grp_MultMod_1_fu_2299/S_val_read_reg_346_pp0_iter7_reg_reg[0]__0/C
                            (rising edge-triggered cell FDRE clocked by ap_clk  {rise@0.000ns fall@3.000ns period=6.000ns})
  Destination:            bd_0_i/hls_inst/inst/grp_MultMod_1_fu_2291/mul_64s_64s_64_5_1_U672/buff1_reg__0/DSP_A_B_DATA_INST/A[2]
                            (rising edge-triggered cell DSP_A_B_DATA clocked by ap_clk  {rise@0.000ns fall@3.000ns period=6.000ns})
  Path Group:             ap_clk
  Path Type:              Setup (Max at Slow Process Corner)
  Requirement:            6.000ns  (ap_clk rise@6.000ns - ap_clk rise@0.000ns)
  Data Path Delay:        5.605ns  (logic 1.160ns (20.697%)  route 4.445ns (79.303%))
  Logic Levels:           15  (CARRY8=8 LUT2=1 LUT3=1 LUT4=1 LUT5=2 LUT6=2)
  Clock Path Skew:        0.013ns (DCD - SCD + CPR)
    Destination Clock Delay (DCD):    0.043ns = ( 6.043 - 6.000 ) 
    Source Clock Delay      (SCD):    0.030ns
    Clock Pessimism Removal (CPR):    0.000ns
  Clock Uncertainty:      0.785ns  ((TSJ^2 + TIJ^2)^1/2 + DJ) / 2 + PE + UU
    Total System Jitter     (TSJ):    0.071ns
    Total Input Jitter      (TIJ):    0.000ns
    Discrete Jitter          (DJ):    0.000ns
    Phase Error              (PE):    0.000ns
    User Uncertainty         (UU):    0.750ns

    Location             Delay type                Incr(ns)  Path(ns)    Netlist Resource(s)
  -------------------------------------------------------------------    -------------------
                         (clock ap_clk rise edge)     0.000     0.000 r  
                                                      0.000     0.000 r  ap_clk (IN)
                         net (fo=79189, unset)        0.030     0.030    bd_0_i/hls_inst/inst/grp_MultMod_1_fu_2299/ap_clk
    SLICE_X76Y70         FDRE                                         r  bd_0_i/hls_inst/inst/grp_MultMod_1_fu_2299/S_val_read_reg_346_pp0_iter7_reg_reg[0]__0/C
  -------------------------------------------------------------------    -------------------
    SLICE_X76Y70         FDRE (Prop_EFF_SLICEM_C_Q)
                                                      0.076     0.106 r  bd_0_i/hls_inst/inst/grp_MultMod_1_fu_2299/S_val_read_reg_346_pp0_iter7_reg_reg[0]__0/Q
                         net (fo=38, routed)          0.191     0.297    bd_0_i/hls_inst/inst/grp_MultMod_1_fu_2299/mul_64s_64s_64_5_1_U672/S_val_read_reg_346_pp0_iter7_reg[0]
    SLICE_X76Y70         LUT2 (Prop_E5LUT_SLICEM_I1_O)
                                                      0.070     0.367 r  bd_0_i/hls_inst/inst/grp_MultMod_1_fu_2299/mul_64s_64s_64_5_1_U672/buff0_reg_i_565__7/O
                         net (fo=4, routed)           0.228     0.596    bd_0_i/hls_inst/inst/grp_MultMod_1_fu_2299/mul_64s_64s_64_5_1_U672/buff0_reg_i_565__7_n_6
    SLICE_X76Y75         CARRY8 (Prop_CARRY8_SLICEM_CI_CO[7])
                                                      0.153     0.749 r  bd_0_i/hls_inst/inst/grp_MultMod_1_fu_2299/mul_64s_64s_64_5_1_U672/buff0_reg_i_477__16/CO[7]
                         net (fo=1, routed)           0.026     0.775    bd_0_i/hls_inst/inst/grp_MultMod_1_fu_2299/mul_64s_64s_64_5_1_U672/buff0_reg_i_477__16_n_6
    SLICE_X76Y76         CARRY8 (Prop_CARRY8_SLICEM_CI_CO[7])
                                                      0.015     0.790 r  bd_0_i/hls_inst/inst/grp_MultMod_1_fu_2299/mul_64s_64s_64_5_1_U672/buff0_reg_i_338__17/CO[7]
                         net (fo=1, routed)           0.026     0.816    bd_0_i/hls_inst/inst/grp_MultMod_1_fu_2299/mul_64s_64s_64_5_1_U672/buff0_reg_i_338__17_n_6
    SLICE_X76Y77         CARRY8 (Prop_CARRY8_SLICEM_CI_CO[7])
                                                      0.015     0.831 r  bd_0_i/hls_inst/inst/grp_MultMod_1_fu_2299/mul_64s_64s_64_5_1_U672/buff0_reg_i_206__20/CO[7]
                         net (fo=1, routed)           0.026     0.857    bd_0_i/hls_inst/inst/grp_MultMod_1_fu_2299/mul_64s_64s_64_5_1_U672/buff0_reg_i_206__20_n_6
    SLICE_X76Y78         CARRY8 (Prop_CARRY8_SLICEM_CI_CO[6])
                                                      0.092     0.949 r  bd_0_i/hls_inst/inst/grp_MultMod_1_fu_2299/mul_64s_64s_64_5_1_U672/buff0_reg_i_114__18/CO[6]
                         net (fo=249, routed)         0.189     1.138    bd_0_i/hls_inst/inst/grp_MultMod_1_fu_2299/mul_64s_64s_64_5_1_U672/S_val_read_reg_346_pp0_iter7_reg_reg[62]__0_0[0]
    SLICE_X76Y80         LUT3 (Prop_A6LUT_SLICEM_I0_O)
                                                      0.053     1.191 r  bd_0_i/hls_inst/inst/grp_MultMod_1_fu_2299/mul_64s_64s_64_5_1_U672/buff0_reg_i_359__11/O
                         net (fo=47, routed)          1.273     2.463    bd_0_i/hls_inst/inst/grp_MultMod_1_fu_2291/mul_64ns_64ns_128_5_1_U671/zext_ln114_fu_270_p1[1]
    SLICE_X32Y98         LUT6 (Prop_B6LUT_SLICEL_I2_O)
                                                      0.090     2.553 r  bd_0_i/hls_inst/inst/grp_MultMod_1_fu_2291/mul_64ns_64ns_128_5_1_U671/buff0_reg__0_i_396__16/O
                         net (fo=2, routed)           0.095     2.648    bd_0_i/hls_inst/inst/grp_MultMod_1_fu_2299/mul_64s_64s_64_5_1_U672/buff0_reg__0_i_255__17_4
    SLICE_X32Y97         LUT5 (Prop_E6LUT_SLICEL_I0_O)
                                                      0.123     2.771 r  bd_0_i/hls_inst/inst/grp_MultMod_1_fu_2299/mul_64s_64s_64_5_1_U672/buff0_reg__0_i_324__16/O
                         net (fo=4, routed)           0.369     3.141    bd_0_i/hls_inst/inst/grp_MultMod_1_fu_2299/mul_64s_64s_64_5_1_U672/buff0_reg__0_i_324__16_n_6
    SLICE_X36Y96         LUT6 (Prop_H6LUT_SLICEL_I5_O)
                                                      0.090     3.231 r  bd_0_i/hls_inst/inst/grp_MultMod_1_fu_2299/mul_64s_64s_64_5_1_U672/buff0_reg__0_i_217__17/O
                         net (fo=3, routed)           0.273     3.504    bd_0_i/hls_inst/inst/grp_MultMod_1_fu_2299/mul_64s_64s_64_5_1_U672/buff0_reg__0_i_217__17_n_6
    SLICE_X39Y90         LUT5 (Prop_H6LUT_SLICEM_I0_O)
                                                      0.039     3.543 r  bd_0_i/hls_inst/inst/grp_MultMod_1_fu_2299/mul_64s_64s_64_5_1_U672/buff0_reg__0_i_95__17/O
                         net (fo=4, routed)           0.649     4.192    bd_0_i/hls_inst/inst/grp_MultMod_1_fu_2299/mul_64s_64s_64_5_1_U672/buff0_reg__0_i_95__17_n_6
    SLICE_X42Y84         LUT4 (Prop_D5LUT_SLICEM_I0_O)
                                                      0.135     4.327 r  bd_0_i/hls_inst/inst/grp_MultMod_1_fu_2299/mul_64s_64s_64_5_1_U672/buff0_reg__0_i_23__20/O
                         net (fo=1, routed)           0.540     4.867    bd_0_i/hls_inst/inst/grp_MultMod_1_fu_2299/mul_64s_64s_64_5_1_U672/grp_MultMod_1_fu_2291/trunc_ln114_fu_280_p1[12]
    SLICE_X41Y84         CARRY8 (Prop_CARRY8_SLICEM_DI[4]_CO[7])
                                                      0.093     4.960 r  bd_0_i/hls_inst/inst/grp_MultMod_1_fu_2299/mul_64s_64s_64_5_1_U672/buff0_reg__0_i_2__18/CO[7]
                         net (fo=1, routed)           0.026     4.986    bd_0_i/hls_inst/inst/grp_MultMod_1_fu_2299/mul_64s_64s_64_5_1_U672/buff0_reg__0_i_2__18_n_6
    SLICE_X41Y85         CARRY8 (Prop_CARRY8_SLICEM_CI_CO[7])
                                                      0.015     5.001 r  bd_0_i/hls_inst/inst/grp_MultMod_1_fu_2299/mul_64s_64s_64_5_1_U672/buff0_reg__0_i_1__18/CO[7]
                         net (fo=1, routed)           0.026     5.027    bd_0_i/hls_inst/inst/grp_MultMod_1_fu_2299/mul_64s_64s_64_5_1_U672/buff0_reg__0_i_1__18_n_6
    SLICE_X41Y86         CARRY8 (Prop_CARRY8_SLICEM_CI_CO[7])
                                                      0.015     5.042 r  bd_0_i/hls_inst/inst/grp_MultMod_1_fu_2299/mul_64s_64s_64_5_1_U672/tmp_product_i_2__18/CO[7]
                         net (fo=1, routed)           0.026     5.068    bd_0_i/hls_inst/inst/grp_MultMod_1_fu_2299/mul_64s_64s_64_5_1_U672/tmp_product_i_2__18_n_6
    SLICE_X41Y87         CARRY8 (Prop_CARRY8_SLICEM_CI_O[4])
                                                      0.086     5.154 r  bd_0_i/hls_inst/inst/grp_MultMod_1_fu_2299/mul_64s_64s_64_5_1_U672/tmp_product_i_1__18/O[4]
                         net (fo=2, routed)           0.481     5.635    bd_0_i/hls_inst/inst/grp_MultMod_1_fu_2291/mul_64s_64s_64_5_1_U672/buff1_reg__0/A[2]
    DSP48E2_X5Y30        DSP_A_B_DATA                                 r  bd_0_i/hls_inst/inst/grp_MultMod_1_fu_2291/mul_64s_64s_64_5_1_U672/buff1_reg__0/DSP_A_B_DATA_INST/A[2]
  -------------------------------------------------------------------    -------------------

                         (clock ap_clk rise edge)     6.000     6.000 r  
                                                      0.000     6.000 r  ap_clk (IN)
                         net (fo=79189, unset)        0.043     6.043    bd_0_i/hls_inst/inst/grp_MultMod_1_fu_2291/mul_64s_64s_64_5_1_U672/buff1_reg__0/CLK
    DSP48E2_X5Y30        DSP_A_B_DATA                                 r  bd_0_i/hls_inst/inst/grp_MultMod_1_fu_2291/mul_64s_64s_64_5_1_U672/buff1_reg__0/DSP_A_B_DATA_INST/CLK
                         clock pessimism              0.000     6.043    
                         clock uncertainty           -0.785     5.258    
    DSP48E2_X5Y30        DSP_A_B_DATA (Setup_DSP_A_B_DATA_DSP48E2_CLK_A[2])
                                                     -0.270     4.988    bd_0_i/hls_inst/inst/grp_MultMod_1_fu_2291/mul_64s_64s_64_5_1_U672/buff1_reg__0/DSP_A_B_DATA_INST
  -------------------------------------------------------------------
                         required time                          4.988    
                         arrival time                          -5.635    
  -------------------------------------------------------------------
                         slack                                 -0.647    

Slack (VIOLATED) :        -0.644ns  (required time - arrival time)
  Source:                 bd_0_i/hls_inst/inst/grp_MultMod_fu_2235/sub_64ns_64s_64_3_1_U258/bin_s2_reg[1]/C
                            (rising edge-triggered cell FDRE clocked by ap_clk  {rise@0.000ns fall@3.000ns period=6.000ns})
  Destination:            bd_0_i/hls_inst/inst/p_ZL13poly_buffer_1_6_0_U/ram_reg_bram_0/DINBDIN[30]
                            (rising edge-triggered cell RAMB36E2 clocked by ap_clk  {rise@0.000ns fall@3.000ns period=6.000ns})
  Path Group:             ap_clk
  Path Type:              Setup (Max at Slow Process Corner)
  Requirement:            6.000ns  (ap_clk rise@6.000ns - ap_clk rise@0.000ns)
  Data Path Delay:        5.570ns  (logic 1.573ns (28.238%)  route 3.997ns (71.762%))
  Logic Levels:           14  (CARRY8=9 LUT2=1 LUT3=1 LUT4=2 LUT5=1)
  Clock Path Skew:        0.010ns (DCD - SCD + CPR)
    Destination Clock Delay (DCD):    0.040ns = ( 6.040 - 6.000 ) 
    Source Clock Delay      (SCD):    0.030ns
    Clock Pessimism Removal (CPR):    0.000ns
  Clock Uncertainty:      0.785ns  ((TSJ^2 + TIJ^2)^1/2 + DJ) / 2 + PE + UU
    Total System Jitter     (TSJ):    0.071ns
    Total Input Jitter      (TIJ):    0.000ns
    Discrete Jitter          (DJ):    0.000ns
    Phase Error              (PE):    0.000ns
    User Uncertainty         (UU):    0.750ns

    Location             Delay type                Incr(ns)  Path(ns)    Netlist Resource(s)
  -------------------------------------------------------------------    -------------------
                         (clock ap_clk rise edge)     0.000     0.000 r  
                                                      0.000     0.000 r  ap_clk (IN)
                         net (fo=79189, unset)        0.030     0.030    bd_0_i/hls_inst/inst/grp_MultMod_fu_2235/sub_64ns_64s_64_3_1_U258/ap_clk
    SLICE_X81Y211        FDRE                                         r  bd_0_i/hls_inst/inst/grp_MultMod_fu_2235/sub_64ns_64s_64_3_1_U258/bin_s2_reg[1]/C
  -------------------------------------------------------------------    -------------------
    SLICE_X81Y211        FDRE (Prop_EFF2_SLICEM_C_Q)
                                                      0.079     0.109 r  bd_0_i/hls_inst/inst/grp_MultMod_fu_2235/sub_64ns_64s_64_3_1_U258/bin_s2_reg[1]/Q
                         net (fo=3, routed)           0.262     0.371    bd_0_i/hls_inst/inst/grp_MultMod_fu_2235/sub_64ns_64s_64_3_1_U258/u3/bin_s2_0[0]
    SLICE_X78Y212        LUT2 (Prop_B6LUT_SLICEL_I1_O)
                                                      0.090     0.461 r  bd_0_i/hls_inst/inst/grp_MultMod_fu_2235/sub_64ns_64s_64_3_1_U258/u3/ram_reg_bram_1_i_238__1/O
                         net (fo=1, routed)           0.009     0.470    bd_0_i/hls_inst/inst/grp_MultMod_fu_2235_n_1598
    SLICE_X78Y212        CARRY8 (Prop_CARRY8_SLICEL_S[1]_O[7])
                                                      0.234     0.704 r  bd_0_i/hls_inst/inst/sub_64ns_64s_64_3_1_U258/u3/ram_reg_bram_1_i_202__0/O[7]
                         net (fo=3, routed)           0.291     0.995    bd_0_i/hls_inst/inst/grp_MultMod_fu_2235/ram_reg_bram_1_i_133__1[7]
    SLICE_X81Y211        LUT4 (Prop_H6LUT_SLICEM_I0_O)
                                                      0.101     1.096 r  bd_0_i/hls_inst/inst/grp_MultMod_fu_2235/ram_reg_bram_1_i_147__2/O
                         net (fo=2, routed)           0.277     1.372    bd_0_i/hls_inst/inst/grp_MultMod_fu_2235/sub_64ns_64s_64_3_1_U258/ram_reg_bram_1_i_29__4[7]
    SLICE_X78Y210        CARRY8 (Prop_CARRY8_SLICEL_DI[2]_CO[7])
                                                      0.105     1.477 r  bd_0_i/hls_inst/inst/grp_MultMod_fu_2235/sub_64ns_64s_64_3_1_U258/ram_reg_bram_1_i_78__3/CO[7]
                         net (fo=1, routed)           0.026     1.503    bd_0_i/hls_inst/inst/grp_MultMod_fu_2235/sub_64ns_64s_64_3_1_U258/ram_reg_bram_1_i_78__3_n_6
    SLICE_X78Y211        CARRY8 (Prop_CARRY8_SLICEL_CI_O[2])
                                                      0.067     1.570 r  bd_0_i/hls_inst/inst/grp_MultMod_fu_2235/sub_64ns_64s_64_3_1_U258/ram_reg_bram_1_i_60__3/O[2]
                         net (fo=4, routed)           0.478     2.049    bd_0_i/hls_inst/inst/grp_Compute_BConv_Systolic_fu_1051/grp_Compute_BConv_Systolic_Pipeline_Load_Mod_fu_321/sum_out_34_fu_2820_p2[58]
    SLICE_X78Y202        LUT4 (Prop_F6LUT_SLICEL_I1_O)
                                                      0.148     2.197 r  bd_0_i/hls_inst/inst/grp_Compute_BConv_Systolic_fu_1051/grp_Compute_BConv_Systolic_Pipeline_Load_Mod_fu_321/ram_reg_bram_0_i_392__2/O
                         net (fo=1, routed)           0.011     2.208    bd_0_i/hls_inst/inst/grp_Compute_BConv_Systolic_fu_1051/grp_Compute_BConv_Systolic_Pipeline_Load_Mod_fu_321/ram_reg_bram_0_i_392__2_n_6
    SLICE_X78Y202        CARRY8 (Prop_CARRY8_SLICEL_S[5]_CO[7])
                                                      0.155     2.363 r  bd_0_i/hls_inst/inst/grp_Compute_BConv_Systolic_fu_1051/grp_Compute_BConv_Systolic_Pipeline_Load_Mod_fu_321/ram_reg_bram_0_i_295__6/CO[7]
                         net (fo=1, routed)           0.026     2.389    bd_0_i/hls_inst/inst/grp_Compute_BConv_Systolic_fu_1051/grp_Compute_BConv_Systolic_Pipeline_Load_Mod_fu_321/grp_Compute_BConv_Systolic_Pipeline_Systolic_Loop_fu_346/icmp_ln111_13_fu_2826_p2
    SLICE_X78Y203        CARRY8 (Prop_CARRY8_SLICEL_CI_O[0])
                                                      0.056     2.445 r  bd_0_i/hls_inst/inst/grp_Compute_BConv_Systolic_fu_1051/grp_Compute_BConv_Systolic_Pipeline_Load_Mod_fu_321/ram_reg_bram_0_i_174__2/O[0]
                         net (fo=65, routed)          0.470     2.915    bd_0_i/hls_inst/inst/grp_Compute_BConv_Systolic_fu_1051/grp_Compute_BConv_Systolic_Pipeline_Load_Mod_fu_321/ram_reg_bram_0_i_174__2_n_21
    SLICE_X77Y196        LUT3 (Prop_A6LUT_SLICEM_I2_O)
                                                      0.090     3.005 r  bd_0_i/hls_inst/inst/grp_Compute_BConv_Systolic_fu_1051/grp_Compute_BConv_Systolic_Pipeline_Load_Mod_fu_321/ram_reg_bram_0_i_183__2/O
                         net (fo=1, routed)           0.013     3.018    bd_0_i/hls_inst/inst/grp_Compute_BConv_Systolic_fu_1051/grp_Compute_BConv_Systolic_Pipeline_Load_Mod_fu_321/ram_reg_bram_0_i_183__2_n_6
    SLICE_X77Y196        CARRY8 (Prop_CARRY8_SLICEM_S[0]_CO[7])
                                                      0.192     3.210 r  bd_0_i/hls_inst/inst/grp_Compute_BConv_Systolic_fu_1051/grp_Compute_BConv_Systolic_Pipeline_Load_Mod_fu_321/ram_reg_bram_0_i_90__6/CO[7]
                         net (fo=1, routed)           0.026     3.236    bd_0_i/hls_inst/inst/grp_Compute_BConv_Systolic_fu_1051/grp_Compute_BConv_Systolic_Pipeline_Load_Mod_fu_321/ram_reg_bram_0_i_90__6_n_6
    SLICE_X77Y197        CARRY8 (Prop_CARRY8_SLICEM_CI_CO[7])
                                                      0.015     3.251 r  bd_0_i/hls_inst/inst/grp_Compute_BConv_Systolic_fu_1051/grp_Compute_BConv_Systolic_Pipeline_Load_Mod_fu_321/ram_reg_bram_0_i_80__7/CO[7]
                         net (fo=1, routed)           0.026     3.277    bd_0_i/hls_inst/inst/grp_Compute_BConv_Systolic_fu_1051/grp_Compute_BConv_Systolic_Pipeline_Load_Mod_fu_321/ram_reg_bram_0_i_80__7_n_6
    SLICE_X77Y198        CARRY8 (Prop_CARRY8_SLICEM_CI_CO[7])
                                                      0.015     3.292 r  bd_0_i/hls_inst/inst/grp_Compute_BConv_Systolic_fu_1051/grp_Compute_BConv_Systolic_Pipeline_Load_Mod_fu_321/ram_reg_bram_0_i_71__3/CO[7]
                         net (fo=1, routed)           0.026     3.318    bd_0_i/hls_inst/inst/grp_Compute_BConv_Systolic_fu_1051/grp_Compute_BConv_Systolic_Pipeline_Load_Mod_fu_321/ram_reg_bram_0_i_71__3_n_6
    SLICE_X77Y199        CARRY8 (Prop_CARRY8_SLICEM_CI_O[6])
                                                      0.103     3.421 r  bd_0_i/hls_inst/inst/grp_Compute_BConv_Systolic_fu_1051/grp_Compute_BConv_Systolic_Pipeline_Load_Mod_fu_321/ram_reg_bram_0_i_61__4/O[6]
                         net (fo=7, routed)           1.308     4.729    bd_0_i/hls_inst/inst/grp_Compute_BConv_Systolic_fu_1051/grp_Compute_BConv_Systolic_Pipeline_Load_Mod_fu_321/empty_301_fu_82_reg[31]_0[6]
    SLICE_X40Y155        LUT5 (Prop_C6LUT_SLICEL_I0_O)
                                                      0.123     4.852 r  bd_0_i/hls_inst/inst/grp_Compute_BConv_Systolic_fu_1051/grp_Compute_BConv_Systolic_Pipeline_Load_Mod_fu_321/ram_reg_bram_0_i_13__30/O
                         net (fo=1, routed)           0.748     5.600    bd_0_i/hls_inst/inst/p_ZL13poly_buffer_1_6_0_U/d0[30]
    RAMB36_X1Y27         RAMB36E2                                     r  bd_0_i/hls_inst/inst/p_ZL13poly_buffer_1_6_0_U/ram_reg_bram_0/DINBDIN[30]
  -------------------------------------------------------------------    -------------------

                         (clock ap_clk rise edge)     6.000     6.000 r  
                                                      0.000     6.000 r  ap_clk (IN)
                         net (fo=79189, unset)        0.040     6.040    bd_0_i/hls_inst/inst/p_ZL13poly_buffer_1_6_0_U/ap_clk
    RAMB36_X1Y27         RAMB36E2                                     r  bd_0_i/hls_inst/inst/p_ZL13poly_buffer_1_6_0_U/ram_reg_bram_0/CLKBWRCLK
                         clock pessimism              0.000     6.040    
                         clock uncertainty           -0.785     5.255    
    RAMB36_X1Y27         RAMB36E2 (Setup_RAMB36E2_RAMB36_CLKBWRCLK_DINBDIN[30])
                                                     -0.298     4.957    bd_0_i/hls_inst/inst/p_ZL13poly_buffer_1_6_0_U/ram_reg_bram_0
  -------------------------------------------------------------------
                         required time                          4.957    
                         arrival time                          -5.600    
  -------------------------------------------------------------------
                         slack                                 -0.644    




