Copyright 1986-2022 Xilinx, Inc. All Rights Reserved. Copyright 2022-2023 Advanced Micro Devices, Inc. All Rights Reserved.
-----------------------------------------------------------------------------------------------------------------------------------------------------------------------------------------------------------------------------------------
| Tool Version      : Vivado v.2023.2 (lin64) Build 4029153 Fri Oct 13 20:13:54 MDT 2023
| Date              : Sat Sep  5 00:43:29 2026
| Host              : LAPTOP-PERMR8RO running 64-bit Ubuntu 22.04.5 LTS
| Command           : report_timing_summary -report_unconstrained -file /home/timhan/FHE/openfhe-for-HKS-ACC/src/fpga_backend/Solution/hks_digit_cosim-perf_mem_p3_r3/solution1/impl/verilog/report/postroute_margin/timing_setup075.rpt
| Design            : bd_0_wrapper
| Device            : xcu55c-fsvh2892
| Speed File        : -2L  PRODUCTION 1.30 05-01-2022
| Design State      : Routed
| Temperature Grade : E
-----------------------------------------------------------------------------------------------------------------------------------------------------------------------------------------------------------------------------------------

Timing Summary Report

------------------------------------------------------------------------------------------------
| Timer Settings
| --------------
------------------------------------------------------------------------------------------------

  Enable Multi Corner Analysis               :  Yes
  Enable Pessimism Removal                   :  Yes
  Pessimism Removal Resolution               :  Nearest Common Node
  Enable Input Delay Default Clock           :  No
  Enable Preset / Clear Arcs                 :  No
  Disable Flight Delays                      :  No
  Ignore I/O Paths                           :  No
  Timing Early Launch at Borrowing Latches   :  No
  Borrow Time for Max Delay Exceptions       :  Yes
  Merge Timing Exceptions                    :  Yes
  Inter-SLR Compensation                     :  Conservative

  Corner  Analyze    Analyze    
  Name    Max Paths  Min Paths  
  ------  ---------  ---------  
  Slow    Yes        Yes        
  Fast    Yes        Yes        


------------------------------------------------------------------------------------------------
| Report Methodology
| ------------------
------------------------------------------------------------------------------------------------

Rule       Severity  Description                    Violations  
---------  --------  -----------------------------  ----------  
TIMING-18  Warning   Missing input or output delay  1000        

Note: This report is based on the most recent report_methodology run and may not be up-to-date. Run report_methodology on the current design for the latest report.



check_timing report

Table of Contents
-----------------
1. checking no_clock (0)
2. checking constant_clock (0)
3. checking pulse_width_clock (0)
4. checking unconstrained_internal_endpoints (0)
5. checking no_input_delay (580)
6. checking no_output_delay (526)
7. checking multiple_clock (0)
8. checking generated_clocks (0)
9. checking loops (0)
10. checking partial_input_delay (0)
11. checking partial_output_delay (0)
12. checking latch_loops (0)

1. checking no_clock (0)
------------------------
 There are 0 register/latch pins with no clock.


2. checking constant_clock (0)
------------------------------
 There are 0 register/latch pins with constant_clock.


3. checking pulse_width_clock (0)
---------------------------------
 There are 0 register/latch pins which need pulse_width check


4. checking unconstrained_internal_endpoints (0)
------------------------------------------------
 There are 0 pins that are not constrained for maximum delay.

 There are 0 pins that are not constrained for maximum delay due to constant clock.


5. checking no_input_delay (580)
--------------------------------
 There are 580 input ports with no input delay specified. (HIGH)

 There are 0 input ports with no input delay but user has a false path constraint.


6. checking no_output_delay (526)
---------------------------------
 There are 526 ports with no output delay specified. (HIGH)

 There are 0 ports with no output delay but user has a false path constraint

 There are 0 ports with no output delay but with a timing clock defined on it or propagating through it


7. checking multiple_clock (0)
------------------------------
 There are 0 register/latch pins with multiple clocks.


8. checking generated_clocks (0)
--------------------------------
 There are 0 generated clocks that are not connected to a clock source.


9. checking loops (0)
---------------------
 There are 0 combinational loops in the design.


10. checking partial_input_delay (0)
------------------------------------
 There are 0 input ports with partial input delay specified.


11. checking partial_output_delay (0)
-------------------------------------
 There are 0 ports with partial output delay specified.


12. checking latch_loops (0)
----------------------------
 There are 0 combinational latch loops in the design through latch input



------------------------------------------------------------------------------------------------
| Design Timing Summary
| ---------------------
------------------------------------------------------------------------------------------------

    WNS(ns)      TNS(ns)  TNS Failing Endpoints  TNS Total Endpoints      WHS(ns)      THS(ns)  THS Failing Endpoints  THS Total Endpoints     WPWS(ns)     TPWS(ns)  TPWS Failing Endpoints  TPWS Total Endpoints  
    -------      -------  ---------------------  -------------------      -------      -------  ---------------------  -------------------     --------     --------  ----------------------  --------------------  
     -0.721     -595.871                   3140               278333        0.007        0.000                      0               278333        2.300        0.000                       0                 74190  


Timing constraints are not met.


------------------------------------------------------------------------------------------------
| Clock Summary
| -------------
------------------------------------------------------------------------------------------------

Clock   Waveform(ns)         Period(ns)      Frequency(MHz)
-----   ------------         ----------      --------------
ap_clk  {0.000 3.000}        6.000           166.667         


------------------------------------------------------------------------------------------------
| Intra Clock Table
| -----------------
------------------------------------------------------------------------------------------------

Clock             WNS(ns)      TNS(ns)  TNS Failing Endpoints  TNS Total Endpoints      WHS(ns)      THS(ns)  THS Failing Endpoints  THS Total Endpoints     WPWS(ns)     TPWS(ns)  TPWS Failing Endpoints  TPWS Total Endpoints  
-----             -------      -------  ---------------------  -------------------      -------      -------  ---------------------  -------------------     --------     --------  ----------------------  --------------------  
ap_clk             -0.721     -595.871                   3140               278333        0.007        0.000                      0               278333        2.300        0.000                       0                 74190  


------------------------------------------------------------------------------------------------
| Inter Clock Table
| -----------------
------------------------------------------------------------------------------------------------

From Clock    To Clock          WNS(ns)      TNS(ns)  TNS Failing Endpoints  TNS Total Endpoints      WHS(ns)      THS(ns)  THS Failing Endpoints  THS Total Endpoints  
----------    --------          -------      -------  ---------------------  -------------------      -------      -------  ---------------------  -------------------  


------------------------------------------------------------------------------------------------
| Other Path Groups Table
| -----------------------
------------------------------------------------------------------------------------------------

Path Group    From Clock    To Clock          WNS(ns)      TNS(ns)  TNS Failing Endpoints  TNS Total Endpoints      WHS(ns)      THS(ns)  THS Failing Endpoints  THS Total Endpoints  
----------    ----------    --------          -------      -------  ---------------------  -------------------      -------      -------  ---------------------  -------------------  


------------------------------------------------------------------------------------------------
| User Ignored Path Table
| -----------------------
------------------------------------------------------------------------------------------------

Path Group    From Clock    To Clock    
----------    ----------    --------    


------------------------------------------------------------------------------------------------
| Unconstrained Path Table
| ------------------------
------------------------------------------------------------------------------------------------

Path Group    From Clock    To Clock    
----------    ----------    --------    
(none)        ap_clk                      
(none)                      ap_clk        


------------------------------------------------------------------------------------------------
| Timing Details
| --------------
------------------------------------------------------------------------------------------------


---------------------------------------------------------------------------------------------------
From Clock:  ap_clk
  To Clock:  ap_clk

Setup :         3140  Failing Endpoints,  Worst Slack       -0.721ns,  Total Violation     -595.871ns
Hold  :            0  Failing Endpoints,  Worst Slack        0.007ns,  Total Violation        0.000ns
PW    :            0  Failing Endpoints,  Worst Slack        2.300ns,  Total Violation        0.000ns
---------------------------------------------------------------------------------------------------


Max Delay Paths
--------------------------------------------------------------------------------------
Slack (VIOLATED) :        -0.721ns  (required time - arrival time)
  Source:                 bd_0_i/hls_inst/inst/grp_Execute_Transform_Operation_fu_696/grp_Compute_BConv_Systolic_28_29_fu_1105/grp_Compute_BConv_Systolic_28_29_Pipeline_Load_W_VITIS_LOOP_163_1_fu_550/p_4_fu_110_reg[1]/C
                            (rising edge-triggered cell FDRE clocked by ap_clk  {rise@0.000ns fall@3.000ns period=6.000ns})
  Destination:            bd_0_i/hls_inst/inst/grp_Execute_Transform_Operation_fu_696/grp_Compute_BConv_Systolic_28_29_fu_1105/grp_Compute_BConv_Systolic_28_29_Pipeline_Load_W_VITIS_LOOP_163_1_fu_550/empty_313_fu_126_reg[22]/D
                            (rising edge-triggered cell FDRE clocked by ap_clk  {rise@0.000ns fall@3.000ns period=6.000ns})
  Path Group:             ap_clk
  Path Type:              Setup (Max at Slow Process Corner)
  Requirement:            6.000ns  (ap_clk rise@6.000ns - ap_clk rise@0.000ns)
  Data Path Delay:        5.951ns  (logic 0.515ns (8.654%)  route 5.436ns (91.346%))
  Logic Levels:           4  (LUT3=1 LUT4=1 LUT5=1 LUT6=1)
  Clock Path Skew:        -0.010ns (DCD - SCD + CPR)
    Destination Clock Delay (DCD):    0.020ns = ( 6.020 - 6.000 ) 
    Source Clock Delay      (SCD):    0.030ns
    Clock Pessimism Removal (CPR):    0.000ns
  Clock Uncertainty:      0.785ns  ((TSJ^2 + TIJ^2)^1/2 + DJ) / 2 + PE + UU
    Total System Jitter     (TSJ):    0.071ns
    Total Input Jitter      (TIJ):    0.000ns
    Discrete Jitter          (DJ):    0.000ns
    Phase Error              (PE):    0.000ns
    User Uncertainty         (UU):    0.750ns

    Location             Delay type                Incr(ns)  Path(ns)    Netlist Resource(s)
  -------------------------------------------------------------------    -------------------
                         (clock ap_clk rise edge)     0.000     0.000 r  
                                                      0.000     0.000 r  ap_clk (IN)
                         net (fo=79189, unset)        0.030     0.030    bd_0_i/hls_inst/inst/grp_Execute_Transform_Operation_fu_696/grp_Compute_BConv_Systolic_28_29_fu_1105/grp_Compute_BConv_Systolic_28_29_Pipeline_Load_W_VITIS_LOOP_163_1_fu_550/ap_clk
    SLICE_X102Y165       FDRE                                         r  bd_0_i/hls_inst/inst/grp_Execute_Transform_Operation_fu_696/grp_Compute_BConv_Systolic_28_29_fu_1105/grp_Compute_BConv_Systolic_28_29_Pipeline_Load_W_VITIS_LOOP_163_1_fu_550/p_4_fu_110_reg[1]/C
  -------------------------------------------------------------------    -------------------
    SLICE_X102Y165       FDRE (Prop_DFF2_SLICEM_C_Q)
                                                      0.080     0.110 r  bd_0_i/hls_inst/inst/grp_Execute_Transform_Operation_fu_696/grp_Compute_BConv_Systolic_28_29_fu_1105/grp_Compute_BConv_Systolic_28_29_Pipeline_Load_W_VITIS_LOOP_163_1_fu_550/p_4_fu_110_reg[1]/Q
                         net (fo=13, routed)          0.167     0.277    bd_0_i/hls_inst/inst/grp_Execute_Transform_Operation_fu_696/grp_Compute_BConv_Systolic_28_29_fu_1105/grp_Compute_BConv_Systolic_28_29_Pipeline_Load_W_VITIS_LOOP_163_1_fu_550_n_13
    SLICE_X102Y165       LUT3 (Prop_E6LUT_SLICEM_I0_O)
                                                      0.124     0.401 r  bd_0_i/hls_inst/inst/grp_Execute_Transform_Operation_fu_696/grp_Compute_BConv_Systolic_28_29_fu_1105/i___230_i_1/O
                         net (fo=200, routed)         0.240     0.641    bd_0_i/hls_inst/inst/grp_Execute_Transform_Operation_fu_696/grp_Compute_BConv_Systolic_28_29_fu_1105/select_ln162_fu_425_p3__7[1]
    SLICE_X102Y165       LUT6 (Prop_G6LUT_SLICEM_I0_O)
                                                      0.090     0.731 r  bd_0_i/hls_inst/inst/grp_Execute_Transform_Operation_fu_696/grp_Compute_BConv_Systolic_28_29_fu_1105/i___230/O
                         net (fo=192, routed)         1.786     2.517    bd_0_i/hls_inst/inst/grp_Execute_Transform_Operation_fu_696/grp_Compute_BConv_Systolic_28_29_fu_1105/i___230_n_6
    SLICE_X138Y118       LUT4 (Prop_C6LUT_SLICEL_I1_O)
                                                      0.123     2.640 r  bd_0_i/hls_inst/inst/grp_Execute_Transform_Operation_fu_696/grp_Compute_BConv_Systolic_28_29_fu_1105/empty_326_fu_178[22]_i_2/O
                         net (fo=1, routed)           0.085     2.725    bd_0_i/hls_inst/inst/grp_Execute_Transform_Operation_fu_696/grp_Compute_BConv_Systolic_28_29_fu_1105/sparsemux_11_3_64_1_1_U1695/dout_tmp__383[22]
    SLICE_X138Y117       LUT5 (Prop_B6LUT_SLICEL_I0_O)
                                                      0.098     2.823 r  bd_0_i/hls_inst/inst/grp_Execute_Transform_Operation_fu_696/grp_Compute_BConv_Systolic_28_29_fu_1105/empty_326_fu_178[22]_i_1/O
                         net (fo=15, routed)          3.159     5.981    bd_0_i/hls_inst/inst/grp_Execute_Transform_Operation_fu_696/grp_Compute_BConv_Systolic_28_29_fu_1105/grp_Compute_BConv_Systolic_28_29_Pipeline_Load_W_VITIS_LOOP_163_1_fu_550/D[22]
    SLICE_X40Y219        FDRE                                         r  bd_0_i/hls_inst/inst/grp_Execute_Transform_Operation_fu_696/grp_Compute_BConv_Systolic_28_29_fu_1105/grp_Compute_BConv_Systolic_28_29_Pipeline_Load_W_VITIS_LOOP_163_1_fu_550/empty_313_fu_126_reg[22]/D
  -------------------------------------------------------------------    -------------------

                         (clock ap_clk rise edge)     6.000     6.000 r  
                                                      0.000     6.000 r  ap_clk (IN)
                         net (fo=79189, unset)        0.020     6.020    bd_0_i/hls_inst/inst/grp_Execute_Transform_Operation_fu_696/grp_Compute_BConv_Systolic_28_29_fu_1105/grp_Compute_BConv_Systolic_28_29_Pipeline_Load_W_VITIS_LOOP_163_1_fu_550/ap_clk
    SLICE_X40Y219        FDRE                                         r  bd_0_i/hls_inst/inst/grp_Execute_Transform_Operation_fu_696/grp_Compute_BConv_Systolic_28_29_fu_1105/grp_Compute_BConv_Systolic_28_29_Pipeline_Load_W_VITIS_LOOP_163_1_fu_550/empty_313_fu_126_reg[22]/C
                         clock pessimism              0.000     6.020    
                         clock uncertainty           -0.785     5.235    
    SLICE_X40Y219        FDRE (Setup_AFF2_SLICEL_C_D)
                                                      0.025     5.260    bd_0_i/hls_inst/inst/grp_Execute_Transform_Operation_fu_696/grp_Compute_BConv_Systolic_28_29_fu_1105/grp_Compute_BConv_Systolic_28_29_Pipeline_Load_W_VITIS_LOOP_163_1_fu_550/empty_313_fu_126_reg[22]
  -------------------------------------------------------------------
                         required time                          5.260    
                         arrival time                          -5.981    
  -------------------------------------------------------------------
                         slack                                 -0.721    





Min Delay Paths
--------------------------------------------------------------------------------------
Slack (MET) :             0.007ns  (arrival time - required time)
  Source:                 bd_0_i/hls_inst/inst/grp_MultMod_fu_2243/S_val_int_reg_reg[21]/C
                            (rising edge-triggered cell FDRE clocked by ap_clk  {rise@0.000ns fall@3.000ns period=6.000ns})
  Destination:            bd_0_i/hls_inst/inst/grp_MultMod_fu_2243/S_val_read_reg_346_pp0_iter6_reg_reg[21]_srl7/D
                            (rising edge-triggered cell SRL16E clocked by ap_clk  {rise@0.000ns fall@3.000ns period=6.000ns})
  Path Group:             ap_clk
  Path Type:              Hold (Min at Fast Process Corner)
  Requirement:            0.000ns  (ap_clk rise@0.000ns - ap_clk rise@0.000ns)
  Data Path Delay:        0.095ns  (logic 0.041ns (43.158%)  route 0.054ns (56.842%))
  Logic Levels:           0  
  Clock Path Skew:        0.026ns (DCD - SCD - CPR)
    Destination Clock Delay (DCD):    0.039ns
    Source Clock Delay      (SCD):    0.013ns
    Clock Pessimism Removal (CPR):    -0.000ns

    Location             Delay type                Incr(ns)  Path(ns)    Netlist Resource(s)
  -------------------------------------------------------------------    -------------------
                         (clock ap_clk rise edge)     0.000     0.000 r  
                                                      0.000     0.000 r  ap_clk (IN)
                         net (fo=79189, unset)        0.013     0.013    bd_0_i/hls_inst/inst/grp_MultMod_fu_2243/ap_clk
    SLICE_X156Y169       FDRE                                         r  bd_0_i/hls_inst/inst/grp_MultMod_fu_2243/S_val_int_reg_reg[21]/C
  -------------------------------------------------------------------    -------------------
    SLICE_X156Y169       FDRE (Prop_DFF2_SLICEM_C_Q)
                                                      0.041     0.054 r  bd_0_i/hls_inst/inst/grp_MultMod_fu_2243/S_val_int_reg_reg[21]/Q
                         net (fo=2, routed)           0.054     0.108    bd_0_i/hls_inst/inst/grp_MultMod_fu_2243/sel0[15]
    SLICE_X156Y168       SRL16E                                       r  bd_0_i/hls_inst/inst/grp_MultMod_fu_2243/S_val_read_reg_346_pp0_iter6_reg_reg[21]_srl7/D
  -------------------------------------------------------------------    -------------------

                         (clock ap_clk rise edge)     0.000     0.000 r  
                                                      0.000     0.000 r  ap_clk (IN)
                         net (fo=79189, unset)        0.039     0.039    bd_0_i/hls_inst/inst/grp_MultMod_fu_2243/ap_clk
    SLICE_X156Y168       SRL16E                                       r  bd_0_i/hls_inst/inst/grp_MultMod_fu_2243/S_val_read_reg_346_pp0_iter6_reg_reg[21]_srl7/CLK
                         clock pessimism              0.000     0.039    
    SLICE_X156Y168       SRL16E (Hold_H5LUT_SLICEM_CLK_D)
                                                      0.062     0.101    bd_0_i/hls_inst/inst/grp_MultMod_fu_2243/S_val_read_reg_346_pp0_iter6_reg_reg[21]_srl7
  -------------------------------------------------------------------
                         required time                         -0.101    
                         arrival time                           0.108    
  -------------------------------------------------------------------
                         slack                                  0.007    





Pulse Width Checks
--------------------------------------------------------------------------------------
Clock Name:         ap_clk
Waveform(ns):       { 0.000 3.000 }
Period(ns):         6.000
Sources:            { ap_clk }

Check Type        Corner  Lib Pin      Reference Pin  Required(ns)  Actual(ns)  Slack(ns)  Location       Pin
Min Period        n/a     URAM288/CLK  n/a            2.000         6.000       4.000      URAM288_X1Y44  bd_0_i/hls_inst/inst/p_ZL16NTTTwiddleFactor_0_0_U/ram_reg_uram_0/CLK
Low Pulse Width   Slow    URAM288/CLK  n/a            0.700         3.000       2.300      URAM288_X1Y44  bd_0_i/hls_inst/inst/p_ZL16NTTTwiddleFactor_0_0_U/ram_reg_uram_0/CLK
High Pulse Width  Slow    URAM288/CLK  n/a            0.700         3.000       2.300      URAM288_X1Y44  bd_0_i/hls_inst/inst/p_ZL16NTTTwiddleFactor_0_0_U/ram_reg_uram_0/CLK



--------------------------------------------------------------------------------------
Path Group:  (none)
From Clock:  ap_clk
  To Clock:  

Max Delay           526 Endpoints
Min Delay           526 Endpoints
--------------------------------------------------------------------------------------


Max Delay Paths
--------------------------------------------------------------------------------------
Slack:                    inf
  Source:                 bd_0_i/hls_inst/inst/gmem2_m_axi_U/bus_write/wreq_throttle/last_cnt_reg[0]/C
                            (rising edge-triggered cell FDRE clocked by ap_clk  {rise@0.000ns fall@3.000ns period=6.000ns})
  Destination:            m_axi_gmem2_wvalid
                            (output port)
  Path Group:             (none)
  Path Type:              Max at Slow Process Corner
  Data Path Delay:        0.796ns  (logic 0.386ns (48.478%)  route 0.410ns (51.522%))
  Logic Levels:           2  (LUT3=1 LUT5=1)
  Clock Uncertainty:      0.775ns  ((TSJ^2 + TIJ^2)^1/2 + DJ) / 2 + PE + UU
    Total System Jitter     (TSJ):    0.050ns
    Total Input Jitter      (TIJ):    0.000ns
    Discrete Jitter          (DJ):    0.000ns
    Phase Error              (PE):    0.000ns
    User Uncertainty         (UU):    0.750ns

    Location             Delay type                Incr(ns)  Path(ns)    Netlist Resource(s)
  -------------------------------------------------------------------    -------------------
                         (clock ap_clk rise edge)     0.000     0.000 r  
                                                      0.000     0.000 r  ap_clk (IN)
                         net (fo=79189, unset)        0.029     0.029    bd_0_i/hls_inst/inst/gmem2_m_axi_U/bus_write/wreq_throttle/ap_clk
    SLICE_X113Y116       FDRE                                         r  bd_0_i/hls_inst/inst/gmem2_m_axi_U/bus_write/wreq_throttle/last_cnt_reg[0]/C
  -------------------------------------------------------------------    -------------------
    SLICE_X113Y116       FDRE (Prop_HFF2_SLICEL_C_Q)
                                                      0.080     0.109 r  bd_0_i/hls_inst/inst/gmem2_m_axi_U/bus_write/wreq_throttle/last_cnt_reg[0]/Q
                         net (fo=6, routed)           0.237     0.346    bd_0_i/hls_inst/inst/gmem2_m_axi_U/bus_write/wreq_throttle/data_fifo/U_fifo_srl/Q[0]
    SLICE_X113Y116       LUT5 (Prop_A6LUT_SLICEL_I2_O)
                                                      0.149     0.495 r  bd_0_i/hls_inst/inst/gmem2_m_axi_U/bus_write/wreq_throttle/data_fifo/U_fifo_srl/m_axi_gmem2_WVALID_INST_0_i_1/O
                         net (fo=4, routed)           0.152     0.647    bd_0_i/hls_inst/inst/gmem2_m_axi_U/bus_write/wreq_throttle/data_fifo/data_en__3
    SLICE_X113Y117       LUT3 (Prop_D5LUT_SLICEL_I2_O)
                                                      0.157     0.804 r  bd_0_i/hls_inst/inst/gmem2_m_axi_U/bus_write/wreq_throttle/data_fifo/m_axi_gmem2_WVALID_INST_0/O
                         net (fo=0)                   0.021     0.825    m_axi_gmem2_wvalid
                                                                      r  m_axi_gmem2_wvalid (OUT)
  -------------------------------------------------------------------    -------------------





Min Delay Paths
--------------------------------------------------------------------------------------
Slack:                    inf
  Source:                 bd_0_i/hls_inst/inst/gmem1_m_axi_U/bus_read/rreq_burst_conv/could_multi_bursts.addr_buf_reg[10]/C
                            (rising edge-triggered cell FDRE clocked by ap_clk  {rise@0.000ns fall@3.000ns period=6.000ns})
  Destination:            m_axi_gmem1_araddr[10]
                            (output port)
  Path Group:             (none)
  Path Type:              Min at Fast Process Corner
  Data Path Delay:        0.037ns  (logic 0.037ns (100.000%)  route 0.000ns (0.000%))
  Logic Levels:           0  
  Clock Uncertainty:      0.025ns  ((TSJ^2 + TIJ^2)^1/2 + DJ) / 2 + PE
    Total System Jitter     (TSJ):    0.050ns
    Total Input Jitter      (TIJ):    0.000ns
    Discrete Jitter          (DJ):    0.000ns
    Phase Error              (PE):    0.000ns

    Location             Delay type                Incr(ns)  Path(ns)    Netlist Resource(s)
  -------------------------------------------------------------------    -------------------
                         (clock ap_clk rise edge)     0.000     0.000 r  
                                                      0.000     0.000 r  ap_clk (IN)
                         net (fo=79189, unset)        0.013     0.013    bd_0_i/hls_inst/inst/gmem1_m_axi_U/bus_read/rreq_burst_conv/ap_clk
    SLICE_X129Y138       FDRE                                         r  bd_0_i/hls_inst/inst/gmem1_m_axi_U/bus_read/rreq_burst_conv/could_multi_bursts.addr_buf_reg[10]/C
  -------------------------------------------------------------------    -------------------
    SLICE_X129Y138       FDRE (Prop_FFF_SLICEM_C_Q)
                                                      0.037     0.050 r  bd_0_i/hls_inst/inst/gmem1_m_axi_U/bus_read/rreq_burst_conv/could_multi_bursts.addr_buf_reg[10]/Q
                         net (fo=1, unset)            0.000     0.050    m_axi_gmem1_araddr[10]
                                                                      r  m_axi_gmem1_araddr[10] (OUT)
  -------------------------------------------------------------------    -------------------





--------------------------------------------------------------------------------------
Path Group:  (none)
From Clock:  
  To Clock:  ap_clk

Max Delay          7151 Endpoints
Min Delay          7151 Endpoints
--------------------------------------------------------------------------------------


Max Delay Paths
--------------------------------------------------------------------------------------
Slack:                    inf
  Source:                 m_axi_gmem2_wready
                            (input port)
  Destination:            bd_0_i/hls_inst/inst/gmem2_m_axi_U/bus_write/wreq_throttle/data_fifo/U_fifo_srl/dout_reg[34]/CE
                            (rising edge-triggered cell FDRE clocked by ap_clk  {rise@0.000ns fall@3.000ns period=6.000ns})
  Path Group:             (none)
  Path Type:              Setup (Max at Slow Process Corner)
  Data Path Delay:        2.853ns  (logic 0.124ns (4.346%)  route 2.729ns (95.654%))
  Logic Levels:           1  (LUT5=1)
  Clock Path Skew:        0.020ns (DCD - SCD + CPR)
    Destination Clock Delay (DCD):    0.020ns
    Source Clock Delay      (SCD):    0.000ns
    Clock Pessimism Removal (CPR):    0.000ns
  Clock Uncertainty:      0.775ns  ((TSJ^2 + TIJ^2)^1/2 + DJ) / 2 + PE + UU
    Total System Jitter     (TSJ):    0.050ns
    Total Input Jitter      (TIJ):    0.000ns
    Discrete Jitter          (DJ):    0.000ns
    Phase Error              (PE):    0.000ns
    User Uncertainty         (UU):    0.750ns

    Location             Delay type                Incr(ns)  Path(ns)    Netlist Resource(s)
  -------------------------------------------------------------------    -------------------
                                                      0.000     0.000 r  m_axi_gmem2_wready (IN)
                         net (fo=2, unset)            0.000     0.000    bd_0_i/hls_inst/inst/gmem2_m_axi_U/bus_write/wreq_throttle/data_fifo/U_fifo_srl/m_axi_gmem2_WREADY
    SLICE_X113Y117       LUT5 (Prop_H6LUT_SLICEL_I0_O)
                                                      0.124     0.124 r  bd_0_i/hls_inst/inst/gmem2_m_axi_U/bus_write/wreq_throttle/data_fifo/U_fifo_srl/dout[255]_i_1/O
                         net (fo=302, routed)         2.729     2.853    bd_0_i/hls_inst/inst/gmem2_m_axi_U/bus_write/wreq_throttle/data_fifo/U_fifo_srl/pop
    SLICE_X90Y182        FDRE                                         r  bd_0_i/hls_inst/inst/gmem2_m_axi_U/bus_write/wreq_throttle/data_fifo/U_fifo_srl/dout_reg[34]/CE
  -------------------------------------------------------------------    -------------------

                         (clock ap_clk rise edge)     0.000     0.000 r  
                                                      0.000     0.000 r  ap_clk (IN)
                         net (fo=79189, unset)        0.020     0.020    bd_0_i/hls_inst/inst/gmem2_m_axi_U/bus_write/wreq_throttle/data_fifo/U_fifo_srl/ap_clk
    SLICE_X90Y182        FDRE                                         r  bd_0_i/hls_inst/inst/gmem2_m_axi_U/bus_write/wreq_throttle/data_fifo/U_fifo_srl/dout_reg[34]/C





Min Delay Paths
--------------------------------------------------------------------------------------
Slack:                    inf
  Source:                 s_axi_control_awaddr[5]
                            (input port)
  Destination:            bd_0_i/hls_inst/inst/control_s_axi_U/waddr_reg[5]/D
                            (rising edge-triggered cell FDRE clocked by ap_clk  {rise@0.000ns fall@3.000ns period=6.000ns})
  Path Group:             (none)
  Path Type:              Hold (Min at Fast Process Corner)
  Data Path Delay:        0.007ns  (logic 0.000ns (0.000%)  route 0.007ns (100.000%))
  Logic Levels:           0  
  Clock Path Skew:        0.019ns (DCD - SCD - CPR)
    Destination Clock Delay (DCD):    0.019ns
    Source Clock Delay      (SCD):    0.000ns
    Clock Pessimism Removal (CPR):    -0.000ns

    Location             Delay type                Incr(ns)  Path(ns)    Netlist Resource(s)
  -------------------------------------------------------------------    -------------------
                                                      0.000     0.000 r  s_axi_control_awaddr[5] (IN)
                         net (fo=0)                   0.007     0.007    bd_0_i/hls_inst/inst/control_s_axi_U/s_axi_control_AWADDR[5]
    SLICE_X84Y98         FDRE                                         r  bd_0_i/hls_inst/inst/control_s_axi_U/waddr_reg[5]/D
  -------------------------------------------------------------------    -------------------

                         (clock ap_clk rise edge)     0.000     0.000 r  
                                                      0.000     0.000 r  ap_clk (IN)
                         net (fo=79189, unset)        0.019     0.019    bd_0_i/hls_inst/inst/control_s_axi_U/ap_clk
    SLICE_X84Y98         FDRE                                         r  bd_0_i/hls_inst/inst/control_s_axi_U/waddr_reg[5]/C





