Copyright 1986-2022 Xilinx, Inc. All Rights Reserved. Copyright 2022-2023 Advanced Micro Devices, Inc. All Rights Reserved.
-------------------------------------------------------------------------------------------------------------------------------------------------------------------------------------------------------------
| Tool Version : Vivado v.2023.2 (lin64) Build 4029153 Fri Oct 13 20:13:54 MDT 2023
| Date         : Fri Sep  4 16:50:41 2026
| Host         : LAPTOP-PERMR8RO running 64-bit Ubuntu 22.04.5 LTS
| Command      : report_high_fanout_nets -file /home/timhan/FHE/openfhe-for-HKS-ACC/src/fpga_backend/Solution/hks_digit_cosim-perf_no_auto_r1/solution1/impl/verilog/report/postroute_margin/high_fanout.rpt
| Design       : bd_0_wrapper
| Device       : xcu55c
-------------------------------------------------------------------------------------------------------------------------------------------------------------------------------------------------------------

High Fan-out Nets Information

1. Summary
----------

+--------------------------------------------------------------------------------------------------------------------------------------------------------------------------------------------------------------------------+--------+-------------+
| Net Name                                                                                                                                                                                                                 | Fanout | Driver Type |
+--------------------------------------------------------------------------------------------------------------------------------------------------------------------------------------------------------------------------+--------+-------------+
| ap_rst_n                                                                                                                                                                                                                 |   2812 | PORT        |
| bd_0_i/hls_inst/inst/grp_Compute_BConv_Systolic_fu_721/grp_Compute_BConv_Systolic_Pipeline_Systolic_Loop_fu_570/flow_control_loop_pipe_sequential_init_U/ap_loop_init                                                    |   1551 | BUFGCE      |
| bd_0_i/hls_inst/inst/grp_Execute_Transform_Operation_fu_470/grp_Compute_BConv_Systolic_32_33_fu_674/grp_Compute_BConv_Systolic_32_33_Pipeline_Systolic_Loop_fu_856/flow_control_loop_pipe_sequential_init_U/ap_loop_init |   1551 | BUFGCE      |
| bd_0_i/hls_inst/inst/grp_Compute_BConv_Systolic_fu_721/grp_Compute_BConv_Systolic_Pipeline_Store_X_VITIS_LOOP_194_3_fu_673/select_ln192_1_fu_971_p3[0]                                                                   |   1030 | CARRY8      |
| bd_0_i/hls_inst/inst/grp_Compute_BConv_Systolic_fu_721/grp_Compute_BConv_Systolic_Pipeline_Store_X_VITIS_LOOP_194_3_fu_673/select_ln192_1_fu_971_p3[1]                                                                   |   1026 | CARRY8      |
| bd_0_i/hls_inst/inst/grp_Execute_Transform_Operation_fu_470/grp_Compute_BConv_Systolic_32_33_fu_674/grp_Compute_BConv_Systolic_32_33_Pipeline_Store_X_VITIS_LOOP_194_3_fu_959/p_fu_170[0]_i_1_n_5                        |   1025 | LUT2        |
| bd_0_i/hls_inst/inst/grp_Execute_Transform_Operation_fu_470/grp_Compute_BConv_Systolic_32_33_fu_674/grp_Compute_BConv_Systolic_32_33_Pipeline_Store_X_VITIS_LOOP_194_3_fu_959/select_ln192_1_fu_967_p3[1]                |   1025 | LUT3        |
| bd_0_i/hls_inst/inst/grp_Compute_BConv_Systolic_fu_721/grp_Compute_BConv_Systolic_Pipeline_Systolic_Loop_fu_570/x_in_fu_292[63]_i_2_n_5                                                                                  |    960 | LUT2        |
| bd_0_i/hls_inst/inst/grp_Execute_Transform_Operation_fu_470/grp_Compute_BConv_Systolic_32_33_fu_674/grp_Compute_BConv_Systolic_32_33_Pipeline_Systolic_Loop_fu_856/x_in_fu_292[63]_i_1_n_5                               |    960 | LUT2        |
| bd_0_i/hls_inst/inst/grp_Compute_BConv_Systolic_fu_721/grp_Compute_BConv_Systolic_Pipeline_Systolic_Loop_fu_570/grp_Compute_BConv_Systolic_Pipeline_Systolic_Loop_fu_570_local_out_x_149_ce1                             |    688 | FDRE        |
+--------------------------------------------------------------------------------------------------------------------------------------------------------------------------------------------------------------------------+--------+-------------+


