Copyright 1986-2022 Xilinx, Inc. All Rights Reserved. Copyright 2022-2023 Advanced Micro Devices, Inc. All Rights Reserved.
-----------------------------------------------------------------------------------------------------------------------------------------------------------------------------------------------------------------------
| Tool Version : Vivado v.2023.2 (lin64) Build 4029153 Fri Oct 13 20:13:54 MDT 2023
| Date         : Fri Sep  4 16:50:42 2026
| Host         : LAPTOP-PERMR8RO running 64-bit Ubuntu 22.04.5 LTS
| Command      : report_design_analysis -congestion -file /home/timhan/FHE/openfhe-for-HKS-ACC/src/fpga_backend/Solution/hks_digit_cosim-perf_no_auto_r1/solution1/impl/verilog/report/postroute_margin/congestion.rpt
| Design       : bd_0_wrapper
| Device       : xcu55c
| Design State : Routed
-----------------------------------------------------------------------------------------------------------------------------------------------------------------------------------------------------------------------

Report Design Analysis

Table of Contents
-----------------
1. Placer Final Level Congestion Reporting
2. Router Initial Congestion
3. SLR Net Crossing Reporting

1. Placer Final Level Congestion Reporting
------------------------------------------

+-----------+------+-------+--------+---------------+---------------+-----+--------+------+------+------+------+-----+-------+-----+------------+
| Direction | Type | Level | Window | Combined LUTs | Avg LUT Input | LUT | LUTRAM | Flop | MUXF | RAMB | URAM | DSP | CARRY | SRL | Cell Names |
+-----------+------+-------+--------+---------------+---------------+-----+--------+------+------+------+------+-----+-------+-----+------------+
* No congestion windows are found above level 5


2. Router Initial Congestion
----------------------------

+-----------+------+-------+----------------------------+---------------+---------------+-----+--------+------+------+------+------+-----+-------+-----+------------------------------------------------------------------------------------------------------------------------------------------------------------------------------------------------+------------------------------------------------------------------------------------------------------------------------------------------------------------------------------------------------------------------------------------------------------------------------------------------------------------------------------------------------+
| Direction | Type | Level |           Window           | Combined LUTs | Avg LUT Input | LUT | LUTRAM | Flop | MUXF | RAMB | URAM | DSP | CARRY | SRL |                                                                                           Cell Names                                                                                           |                                                                                                                                                                   Sub Windows                                                                                                                                                                  |
+-----------+------+-------+----------------------------+---------------+---------------+-----+--------+------+------+------+------+-----+-------+-----+------------------------------------------------------------------------------------------------------------------------------------------------------------------------------------------------+------------------------------------------------------------------------------------------------------------------------------------------------------------------------------------------------------------------------------------------------------------------------------------------------------------------------------------------------+
| North     | Long |     5 | (CLEM_X34Y78,CLEM_X41Y165) |            0% |         4.979 | 46% |     0% |   8% |   0% | 100% |   NA | 79% |   11% |  3% | bd_0_i/hls_inst/inst/grp_Execute_Transform_Operation_fu_470/grp_Compute_BConv_Systolic_32_33_fu_674(34%),bd_0_i/hls_inst/inst(28%),bd_0_i/hls_inst/inst/grp_Compute_BConv_Systolic_fu_721(26%) | (CLEM_X34Y158,CLEL_R_X41Y165), (CLEM_X34Y150,CLEL_R_X41Y157), (CLEM_X34Y142,CLEL_R_X41Y149), (CLEM_X34Y134,CLEL_R_X41Y141), (CLEM_X34Y126,CLEL_R_X41Y133), (CLEM_X34Y118,CLEL_R_X41Y125), (CLEM_X34Y110,CLEL_R_X41Y117), (CLEM_X34Y102,CLEL_R_X41Y109), (CLEM_X34Y94,CLEL_R_X41Y101), (CLEM_X34Y86,CLEL_R_X41Y93), (CLEM_X34Y78,CLEL_R_X41Y85) |
+-----------+------+-------+----------------------------+---------------+---------------+-----+--------+------+------+------+------+-----+-------+-----+------------------------------------------------------------------------------------------------------------------------------------------------------------------------------------------------+------------------------------------------------------------------------------------------------------------------------------------------------------------------------------------------------------------------------------------------------------------------------------------------------------------------------------------------------+
* No effective congestion windows are found above level 5


3. SLR Net Crossing Reporting
-----------------------------

+------------+-----------------------------+-------------+-------------+-------------+
| Cell Names | Number of Nets crossing SLR | 0 - 1 Cuts  | 0 - 2 Cuts  | 1 - 2 Cuts  |
+------------+-----------------------------+-------------+-------------+-------------+
* Information not available. There are no nets crossing SLRs.


