Copyright 1986-2022 Xilinx, Inc. All Rights Reserved. Copyright 2022-2023 Advanced Micro Devices, Inc. All Rights Reserved.
--------------------------------------------------------------------------------------------------------------------------------------------------------------------------------------------------------------------------------------------------
| Tool Version      : Vivado v.2023.2 (lin64) Build 4029153 Fri Oct 13 20:13:54 MDT 2023
| Date              : Fri Sep  4 16:51:03 2026
| Host              : LAPTOP-PERMR8RO running 64-bit Ubuntu 22.04.5 LTS
| Command           : report_timing_summary -report_unconstrained -file /home/timhan/FHE/openfhe-for-HKS-ACC/src/fpga_backend/Solution/hks_digit_cosim-perf_no_auto_r1/solution1/impl/verilog/report/postroute_margin/timing_period7_setup075.rpt
| Design            : bd_0_wrapper
| Device            : xcu55c-fsvh2892
| Speed File        : -2L  PRODUCTION 1.30 05-01-2022
| Design State      : Routed
| Temperature Grade : E
--------------------------------------------------------------------------------------------------------------------------------------------------------------------------------------------------------------------------------------------------

Timing Summary Report

------------------------------------------------------------------------------------------------
| Timer Settings
| --------------
------------------------------------------------------------------------------------------------

  Enable Multi Corner Analysis               :  Yes
  Enable Pessimism Removal                   :  Yes
  Pessimism Removal Resolution               :  Nearest Common Node
  Enable Input Delay Default Clock           :  No
  Enable Preset / Clear Arcs                 :  No
  Disable Flight Delays                      :  No
  Ignore I/O Paths                           :  No
  Timing Early Launch at Borrowing Latches   :  No
  Borrow Time for Max Delay Exceptions       :  Yes
  Merge Timing Exceptions                    :  Yes
  Inter-SLR Compensation                     :  Conservative

  Corner  Analyze    Analyze    
  Name    Max Paths  Min Paths  
  ------  ---------  ---------  
  Slow    Yes        Yes        
  Fast    Yes        Yes        


------------------------------------------------------------------------------------------------
| Report Methodology
| ------------------
------------------------------------------------------------------------------------------------

Rule       Severity  Description                    Violations  
---------  --------  -----------------------------  ----------  
TIMING-18  Warning   Missing input or output delay  1000        

Note: This report is based on the most recent report_methodology run and may not be up-to-date. Run report_methodology on the current design for the latest report.



check_timing report

Table of Contents
-----------------
1. checking no_clock (0)
2. checking constant_clock (0)
3. checking pulse_width_clock (0)
4. checking unconstrained_internal_endpoints (0)
5. checking no_input_delay (580)
6. checking no_output_delay (526)
7. checking multiple_clock (0)
8. checking generated_clocks (0)
9. checking loops (0)
10. checking partial_input_delay (0)
11. checking partial_output_delay (0)
12. checking latch_loops (0)

1. checking no_clock (0)
------------------------
 There are 0 register/latch pins with no clock.


2. checking constant_clock (0)
------------------------------
 There are 0 register/latch pins with constant_clock.


3. checking pulse_width_clock (0)
---------------------------------
 There are 0 register/latch pins which need pulse_width check


4. checking unconstrained_internal_endpoints (0)
------------------------------------------------
 There are 0 pins that are not constrained for maximum delay.

 There are 0 pins that are not constrained for maximum delay due to constant clock.


5. checking no_input_delay (580)
--------------------------------
 There are 580 input ports with no input delay specified. (HIGH)

 There are 0 input ports with no input delay but user has a false path constraint.


6. checking no_output_delay (526)
---------------------------------
 There are 526 ports with no output delay specified. (HIGH)

 There are 0 ports with no output delay but user has a false path constraint

 There are 0 ports with no output delay but with a timing clock defined on it or propagating through it


7. checking multiple_clock (0)
------------------------------
 There are 0 register/latch pins with multiple clocks.


8. checking generated_clocks (0)
--------------------------------
 There are 0 generated clocks that are not connected to a clock source.


9. checking loops (0)
---------------------
 There are 0 combinational loops in the design.


10. checking partial_input_delay (0)
------------------------------------
 There are 0 input ports with partial input delay specified.


11. checking partial_output_delay (0)
-------------------------------------
 There are 0 ports with partial output delay specified.


12. checking latch_loops (0)
----------------------------
 There are 0 combinational latch loops in the design through latch input



------------------------------------------------------------------------------------------------
| Design Timing Summary
| ---------------------
------------------------------------------------------------------------------------------------

    WNS(ns)      TNS(ns)  TNS Failing Endpoints  TNS Total Endpoints      WHS(ns)      THS(ns)  THS Failing Endpoints  THS Total Endpoints     WPWS(ns)     TPWS(ns)  TPWS Failing Endpoints  TPWS Total Endpoints  
    -------      -------  ---------------------  -------------------      -------      -------  ---------------------  -------------------     --------     --------  ----------------------  --------------------  
      0.328        0.000                      0               279593        0.008        0.000                      0               279593        2.800        0.000                       0                 70550  


All user specified timing constraints are met.


------------------------------------------------------------------------------------------------
| Clock Summary
| -------------
------------------------------------------------------------------------------------------------

Clock   Waveform(ns)         Period(ns)      Frequency(MHz)
-----   ------------         ----------      --------------
ap_clk  {0.000 3.500}        7.000           142.857         


------------------------------------------------------------------------------------------------
| Intra Clock Table
| -----------------
------------------------------------------------------------------------------------------------

Clock             WNS(ns)      TNS(ns)  TNS Failing Endpoints  TNS Total Endpoints      WHS(ns)      THS(ns)  THS Failing Endpoints  THS Total Endpoints     WPWS(ns)     TPWS(ns)  TPWS Failing Endpoints  TPWS Total Endpoints  
-----             -------      -------  ---------------------  -------------------      -------      -------  ---------------------  -------------------     --------     --------  ----------------------  --------------------  
ap_clk              0.328        0.000                      0               279593        0.008        0.000                      0               279593        2.800        0.000                       0                 70550  


------------------------------------------------------------------------------------------------
| Inter Clock Table
| -----------------
------------------------------------------------------------------------------------------------

From Clock    To Clock          WNS(ns)      TNS(ns)  TNS Failing Endpoints  TNS Total Endpoints      WHS(ns)      THS(ns)  THS Failing Endpoints  THS Total Endpoints  
----------    --------          -------      -------  ---------------------  -------------------      -------      -------  ---------------------  -------------------  


------------------------------------------------------------------------------------------------
| Other Path Groups Table
| -----------------------
------------------------------------------------------------------------------------------------

Path Group    From Clock    To Clock          WNS(ns)      TNS(ns)  TNS Failing Endpoints  TNS Total Endpoints      WHS(ns)      THS(ns)  THS Failing Endpoints  THS Total Endpoints  
----------    ----------    --------          -------      -------  ---------------------  -------------------      -------      -------  ---------------------  -------------------  


------------------------------------------------------------------------------------------------
| User Ignored Path Table
| -----------------------
------------------------------------------------------------------------------------------------

Path Group    From Clock    To Clock    
----------    ----------    --------    


------------------------------------------------------------------------------------------------
| Unconstrained Path Table
| ------------------------
------------------------------------------------------------------------------------------------

Path Group    From Clock    To Clock    
----------    ----------    --------    
(none)        ap_clk                      
(none)                      ap_clk        


------------------------------------------------------------------------------------------------
| Timing Details
| --------------
------------------------------------------------------------------------------------------------


---------------------------------------------------------------------------------------------------
From Clock:  ap_clk
  To Clock:  ap_clk

Setup :            0  Failing Endpoints,  Worst Slack        0.328ns,  Total Violation        0.000ns
Hold  :            0  Failing Endpoints,  Worst Slack        0.008ns,  Total Violation        0.000ns
PW    :            0  Failing Endpoints,  Worst Slack        2.800ns,  Total Violation        0.000ns
---------------------------------------------------------------------------------------------------


Max Delay Paths
--------------------------------------------------------------------------------------
Slack (MET) :             0.328ns  (required time - arrival time)
  Source:                 bd_0_i/hls_inst/inst/p_ZL13poly_buffer_1_7_U/ram_reg_bram_6/CLKBWRCLK
                            (rising edge-triggered cell RAMB36E2 clocked by ap_clk  {rise@0.000ns fall@3.500ns period=7.000ns})
  Destination:            bd_0_i/hls_inst/inst/grp_Execute_Transform_Operation_fu_470/grp_Compute_BConv_Systolic_32_33_fu_674/local_in_x_38_U/ram_reg/DINBDIN[25]
                            (rising edge-triggered cell RAMB36E2 clocked by ap_clk  {rise@0.000ns fall@3.500ns period=7.000ns})
  Path Group:             ap_clk
  Path Type:              Setup (Max at Slow Process Corner)
  Requirement:            7.000ns  (ap_clk rise@7.000ns - ap_clk rise@0.000ns)
  Data Path Delay:        5.618ns  (logic 0.907ns (16.143%)  route 4.711ns (83.857%))
  Logic Levels:           0  
  Clock Path Skew:        -0.036ns (DCD - SCD + CPR)
    Destination Clock Delay (DCD):    0.040ns = ( 7.040 - 7.000 ) 
    Source Clock Delay      (SCD):    0.076ns
    Clock Pessimism Removal (CPR):    0.000ns
  Clock Uncertainty:      0.785ns  ((TSJ^2 + TIJ^2)^1/2 + DJ) / 2 + PE + UU
    Total System Jitter     (TSJ):    0.071ns
    Total Input Jitter      (TIJ):    0.000ns
    Discrete Jitter          (DJ):    0.000ns
    Phase Error              (PE):    0.000ns
    User Uncertainty         (UU):    0.750ns

    Location             Delay type                Incr(ns)  Path(ns)    Netlist Resource(s)
  -------------------------------------------------------------------    -------------------
                         (clock ap_clk rise edge)     0.000     0.000 r  
                                                      0.000     0.000 r  ap_clk (IN)
                         net (fo=75549, unset)        0.076     0.076    bd_0_i/hls_inst/inst/p_ZL13poly_buffer_1_7_U/ap_clk
    RAMB36_X5Y7          RAMB36E2                                     r  bd_0_i/hls_inst/inst/p_ZL13poly_buffer_1_7_U/ram_reg_bram_6/CLKBWRCLK
  -------------------------------------------------------------------    -------------------
    RAMB36_X5Y7          RAMB36E2 (Prop_RAMB36E2_RAMB36_CLKBWRCLK_DOUTBDOUT[7])
                                                      0.907     0.983 r  bd_0_i/hls_inst/inst/p_ZL13poly_buffer_1_7_U/ram_reg_bram_6/DOUTBDOUT[7]
                         net (fo=11, routed)          4.711     5.694    bd_0_i/hls_inst/inst/grp_Execute_Transform_Operation_fu_470/grp_Compute_BConv_Systolic_32_33_fu_674/local_in_x_38_U/ram_reg_0[61]
    RAMB36_X5Y41         RAMB36E2                                     r  bd_0_i/hls_inst/inst/grp_Execute_Transform_Operation_fu_470/grp_Compute_BConv_Systolic_32_33_fu_674/local_in_x_38_U/ram_reg/DINBDIN[25]
  -------------------------------------------------------------------    -------------------

                         (clock ap_clk rise edge)     7.000     7.000 r  
                                                      0.000     7.000 r  ap_clk (IN)
                         net (fo=75549, unset)        0.040     7.040    bd_0_i/hls_inst/inst/grp_Execute_Transform_Operation_fu_470/grp_Compute_BConv_Systolic_32_33_fu_674/local_in_x_38_U/ap_clk
    RAMB36_X5Y41         RAMB36E2                                     r  bd_0_i/hls_inst/inst/grp_Execute_Transform_Operation_fu_470/grp_Compute_BConv_Systolic_32_33_fu_674/local_in_x_38_U/ram_reg/CLKBWRCLK
                         clock pessimism              0.000     7.040    
                         clock uncertainty           -0.785     6.255    
    RAMB36_X5Y41         RAMB36E2 (Setup_RAMB36E2_RAMB36_CLKBWRCLK_DINBDIN[25])
                                                     -0.232     6.023    bd_0_i/hls_inst/inst/grp_Execute_Transform_Operation_fu_470/grp_Compute_BConv_Systolic_32_33_fu_674/local_in_x_38_U/ram_reg
  -------------------------------------------------------------------
                         required time                          6.023    
                         arrival time                          -5.694    
  -------------------------------------------------------------------
                         slack                                  0.328    





Min Delay Paths
--------------------------------------------------------------------------------------
Slack (MET) :             0.008ns  (arrival time - required time)
  Source:                 bd_0_i/hls_inst/inst/grp_MultMod_fu_1353/mod_val_read_reg_360_pp0_iter2_reg_reg[31]__0/C
                            (rising edge-triggered cell FDRE clocked by ap_clk  {rise@0.000ns fall@3.500ns period=7.000ns})
  Destination:            bd_0_i/hls_inst/inst/grp_MultMod_fu_1353/mod_val_read_reg_360_pp0_iter6_reg_reg[31]_srl4/D
                            (rising edge-triggered cell SRL16E clocked by ap_clk  {rise@0.000ns fall@3.500ns period=7.000ns})
  Path Group:             ap_clk
  Path Type:              Hold (Min at Fast Process Corner)
  Requirement:            0.000ns  (ap_clk rise@0.000ns - ap_clk rise@0.000ns)
  Data Path Delay:        0.096ns  (logic 0.041ns (42.536%)  route 0.055ns (57.464%))
  Logic Levels:           0  
  Clock Path Skew:        0.026ns (DCD - SCD - CPR)
    Destination Clock Delay (DCD):    0.039ns
    Source Clock Delay      (SCD):    0.013ns
    Clock Pessimism Removal (CPR):    -0.000ns

    Location             Delay type                Incr(ns)  Path(ns)    Netlist Resource(s)
  -------------------------------------------------------------------    -------------------
                         (clock ap_clk rise edge)     0.000     0.000 r  
                                                      0.000     0.000 r  ap_clk (IN)
                         net (fo=75549, unset)        0.013     0.013    bd_0_i/hls_inst/inst/grp_MultMod_fu_1353/ap_clk
    SLICE_X71Y46         FDRE                                         r  bd_0_i/hls_inst/inst/grp_MultMod_fu_1353/mod_val_read_reg_360_pp0_iter2_reg_reg[31]__0/C
  -------------------------------------------------------------------    -------------------
    SLICE_X71Y46         FDRE (Prop_DFF2_SLICEM_C_Q)
                                                      0.041     0.054 r  bd_0_i/hls_inst/inst/grp_MultMod_fu_1353/mod_val_read_reg_360_pp0_iter2_reg_reg[31]__0/Q
                         net (fo=2, routed)           0.055     0.109    bd_0_i/hls_inst/inst/grp_MultMod_fu_1353/mod_val_read_reg_360_pp0_iter2_reg[31]
    SLICE_X71Y45         SRL16E                                       r  bd_0_i/hls_inst/inst/grp_MultMod_fu_1353/mod_val_read_reg_360_pp0_iter6_reg_reg[31]_srl4/D
  -------------------------------------------------------------------    -------------------

                         (clock ap_clk rise edge)     0.000     0.000 r  
                                                      0.000     0.000 r  ap_clk (IN)
                         net (fo=75549, unset)        0.039     0.039    bd_0_i/hls_inst/inst/grp_MultMod_fu_1353/ap_clk
    SLICE_X71Y45         SRL16E                                       r  bd_0_i/hls_inst/inst/grp_MultMod_fu_1353/mod_val_read_reg_360_pp0_iter6_reg_reg[31]_srl4/CLK
                         clock pessimism              0.000     0.039    
    SLICE_X71Y45         SRL16E (Hold_H5LUT_SLICEM_CLK_D)
                                                      0.062     0.101    bd_0_i/hls_inst/inst/grp_MultMod_fu_1353/mod_val_read_reg_360_pp0_iter6_reg_reg[31]_srl4
  -------------------------------------------------------------------
                         required time                         -0.101    
                         arrival time                           0.109    
  -------------------------------------------------------------------
                         slack                                  0.008    





Pulse Width Checks
--------------------------------------------------------------------------------------
Clock Name:         ap_clk
Waveform(ns):       { 0.000 3.500 }
Period(ns):         7.000
Sources:            { ap_clk }

Check Type        Corner  Lib Pin      Reference Pin  Required(ns)  Actual(ns)  Slack(ns)  Location       Pin
Min Period        n/a     URAM288/CLK  n/a            2.000         7.000       5.000      URAM288_X2Y12  bd_0_i/hls_inst/inst/p_ZL16NTTTwiddleFactor_0_0_U/ram_reg_uram_0/CLK
Low Pulse Width   Slow    URAM288/CLK  n/a            0.700         3.500       2.800      URAM288_X2Y12  bd_0_i/hls_inst/inst/p_ZL16NTTTwiddleFactor_0_0_U/ram_reg_uram_0/CLK
High Pulse Width  Slow    URAM288/CLK  n/a            0.700         3.500       2.800      URAM288_X2Y12  bd_0_i/hls_inst/inst/p_ZL16NTTTwiddleFactor_0_0_U/ram_reg_uram_0/CLK



--------------------------------------------------------------------------------------
Path Group:  (none)
From Clock:  ap_clk
  To Clock:  

Max Delay           526 Endpoints
Min Delay           526 Endpoints
--------------------------------------------------------------------------------------


Max Delay Paths
--------------------------------------------------------------------------------------
Slack:                    inf
  Source:                 bd_0_i/hls_inst/inst/gmem2_m_axi_U/bus_write/wreq_throttle/last_cnt_reg[3]/C
                            (rising edge-triggered cell FDRE clocked by ap_clk  {rise@0.000ns fall@3.500ns period=7.000ns})
  Destination:            m_axi_gmem2_wvalid
                            (output port)
  Path Group:             (none)
  Path Type:              Max at Slow Process Corner
  Data Path Delay:        0.607ns  (logic 0.278ns (45.800%)  route 0.329ns (54.200%))
  Logic Levels:           2  (LUT3=1 LUT5=1)
  Clock Uncertainty:      0.775ns  ((TSJ^2 + TIJ^2)^1/2 + DJ) / 2 + PE + UU
    Total System Jitter     (TSJ):    0.050ns
    Total Input Jitter      (TIJ):    0.000ns
    Discrete Jitter          (DJ):    0.000ns
    Phase Error              (PE):    0.000ns
    User Uncertainty         (UU):    0.750ns

    Location             Delay type                Incr(ns)  Path(ns)    Netlist Resource(s)
  -------------------------------------------------------------------    -------------------
                         (clock ap_clk rise edge)     0.000     0.000 r  
                                                      0.000     0.000 r  ap_clk (IN)
                         net (fo=75549, unset)        0.028     0.028    bd_0_i/hls_inst/inst/gmem2_m_axi_U/bus_write/wreq_throttle/ap_clk
    SLICE_X153Y167       FDRE                                         r  bd_0_i/hls_inst/inst/gmem2_m_axi_U/bus_write/wreq_throttle/last_cnt_reg[3]/C
  -------------------------------------------------------------------    -------------------
    SLICE_X153Y167       FDRE (Prop_CFF_SLICEL_C_Q)
                                                      0.079     0.107 r  bd_0_i/hls_inst/inst/gmem2_m_axi_U/bus_write/wreq_throttle/last_cnt_reg[3]/Q
                         net (fo=4, routed)           0.250     0.357    bd_0_i/hls_inst/inst/gmem2_m_axi_U/bus_write/wreq_throttle/data_fifo/U_fifo_srl/Q[3]
    SLICE_X153Y168       LUT5 (Prop_B6LUT_SLICEL_I3_O)
                                                      0.090     0.447 r  bd_0_i/hls_inst/inst/gmem2_m_axi_U/bus_write/wreq_throttle/data_fifo/U_fifo_srl/m_axi_gmem2_WVALID_INST_0_i_1/O
                         net (fo=5, routed)           0.057     0.504    bd_0_i/hls_inst/inst/gmem2_m_axi_U/bus_write/wreq_throttle/data_fifo/data_en__3
    SLICE_X153Y168       LUT3 (Prop_H5LUT_SLICEL_I2_O)
                                                      0.109     0.613 r  bd_0_i/hls_inst/inst/gmem2_m_axi_U/bus_write/wreq_throttle/data_fifo/m_axi_gmem2_WVALID_INST_0/O
                         net (fo=0)                   0.022     0.635    m_axi_gmem2_wvalid
                                                                      r  m_axi_gmem2_wvalid (OUT)
  -------------------------------------------------------------------    -------------------





Min Delay Paths
--------------------------------------------------------------------------------------
Slack:                    inf
  Source:                 bd_0_i/hls_inst/inst/gmem2_m_axi_U/bus_write/wreq_throttle/rs_req/data_p1_reg[32]/C
                            (rising edge-triggered cell FDRE clocked by ap_clk  {rise@0.000ns fall@3.500ns period=7.000ns})
  Destination:            m_axi_gmem2_awaddr[32]
                            (output port)
  Path Group:             (none)
  Path Type:              Min at Fast Process Corner
  Data Path Delay:        0.037ns  (logic 0.037ns (100.000%)  route 0.000ns (0.000%))
  Logic Levels:           0  
  Clock Uncertainty:      0.025ns  ((TSJ^2 + TIJ^2)^1/2 + DJ) / 2 + PE
    Total System Jitter     (TSJ):    0.050ns
    Total Input Jitter      (TIJ):    0.000ns
    Discrete Jitter          (DJ):    0.000ns
    Phase Error              (PE):    0.000ns

    Location             Delay type                Incr(ns)  Path(ns)    Netlist Resource(s)
  -------------------------------------------------------------------    -------------------
                         (clock ap_clk rise edge)     0.000     0.000 r  
                                                      0.000     0.000 r  ap_clk (IN)
                         net (fo=75549, unset)        0.013     0.013    bd_0_i/hls_inst/inst/gmem2_m_axi_U/bus_write/wreq_throttle/rs_req/ap_clk
    SLICE_X157Y141       FDRE                                         r  bd_0_i/hls_inst/inst/gmem2_m_axi_U/bus_write/wreq_throttle/rs_req/data_p1_reg[32]/C
  -------------------------------------------------------------------    -------------------
    SLICE_X157Y141       FDRE (Prop_FFF_SLICEM_C_Q)
                                                      0.037     0.050 r  bd_0_i/hls_inst/inst/gmem2_m_axi_U/bus_write/wreq_throttle/rs_req/data_p1_reg[32]/Q
                         net (fo=0)                   0.000     0.050    m_axi_gmem2_awaddr[32]
                                                                      r  m_axi_gmem2_awaddr[32] (OUT)
  -------------------------------------------------------------------    -------------------





--------------------------------------------------------------------------------------
Path Group:  (none)
From Clock:  
  To Clock:  ap_clk

Max Delay          7114 Endpoints
Min Delay          7114 Endpoints
--------------------------------------------------------------------------------------


Max Delay Paths
--------------------------------------------------------------------------------------
Slack:                    inf
  Source:                 m_axi_gmem0_rvalid
                            (input port)
  Destination:            bd_0_i/hls_inst/inst/gmem0_m_axi_U/bus_read/rs_rdata/data_p1_reg[109]/CE
                            (rising edge-triggered cell FDRE clocked by ap_clk  {rise@0.000ns fall@3.500ns period=7.000ns})
  Path Group:             (none)
  Path Type:              Setup (Max at Slow Process Corner)
  Data Path Delay:        2.510ns  (logic 0.091ns (3.625%)  route 2.419ns (96.375%))
  Logic Levels:           1  (LUT4=1)
  Clock Path Skew:        0.021ns (DCD - SCD + CPR)
    Destination Clock Delay (DCD):    0.021ns
    Source Clock Delay      (SCD):    0.000ns
    Clock Pessimism Removal (CPR):    0.000ns
  Clock Uncertainty:      0.775ns  ((TSJ^2 + TIJ^2)^1/2 + DJ) / 2 + PE + UU
    Total System Jitter     (TSJ):    0.050ns
    Total Input Jitter      (TIJ):    0.000ns
    Discrete Jitter          (DJ):    0.000ns
    Phase Error              (PE):    0.000ns
    User Uncertainty         (UU):    0.750ns

    Location             Delay type                Incr(ns)  Path(ns)    Netlist Resource(s)
  -------------------------------------------------------------------    -------------------
                                                      0.000     0.000 r  m_axi_gmem0_rvalid (IN)
                         net (fo=11, unset)           0.000     0.000    bd_0_i/hls_inst/inst/gmem0_m_axi_U/bus_read/rs_rdata/m_axi_gmem0_RVALID
    SLICE_X121Y124       LUT4 (Prop_E6LUT_SLICEM_I2_O)
                                                      0.091     0.091 r  bd_0_i/hls_inst/inst/gmem0_m_axi_U/bus_read/rs_rdata/data_p1[256]_i_1/O
                         net (fo=257, routed)         2.419     2.510    bd_0_i/hls_inst/inst/gmem0_m_axi_U/bus_read/rs_rdata/load_p1
    SLICE_X118Y118       FDRE                                         r  bd_0_i/hls_inst/inst/gmem0_m_axi_U/bus_read/rs_rdata/data_p1_reg[109]/CE
  -------------------------------------------------------------------    -------------------

                         (clock ap_clk rise edge)     0.000     0.000 r  
                                                      0.000     0.000 r  ap_clk (IN)
                         net (fo=75549, unset)        0.021     0.021    bd_0_i/hls_inst/inst/gmem0_m_axi_U/bus_read/rs_rdata/ap_clk
    SLICE_X118Y118       FDRE                                         r  bd_0_i/hls_inst/inst/gmem0_m_axi_U/bus_read/rs_rdata/data_p1_reg[109]/C





Min Delay Paths
--------------------------------------------------------------------------------------
Slack:                    inf
  Source:                 s_axi_control_awaddr[5]
                            (input port)
  Destination:            bd_0_i/hls_inst/inst/control_s_axi_U/waddr_reg[5]/D
                            (rising edge-triggered cell FDRE clocked by ap_clk  {rise@0.000ns fall@3.500ns period=7.000ns})
  Path Group:             (none)
  Path Type:              Hold (Min at Fast Process Corner)
  Data Path Delay:        0.007ns  (logic 0.000ns (0.000%)  route 0.007ns (100.000%))
  Logic Levels:           0  
  Clock Path Skew:        0.019ns (DCD - SCD - CPR)
    Destination Clock Delay (DCD):    0.019ns
    Source Clock Delay      (SCD):    0.000ns
    Clock Pessimism Removal (CPR):    -0.000ns

    Location             Delay type                Incr(ns)  Path(ns)    Netlist Resource(s)
  -------------------------------------------------------------------    -------------------
                                                      0.000     0.000 r  s_axi_control_awaddr[5] (IN)
                         net (fo=0)                   0.007     0.007    bd_0_i/hls_inst/inst/control_s_axi_U/s_axi_control_AWADDR[5]
    SLICE_X143Y137       FDRE                                         r  bd_0_i/hls_inst/inst/control_s_axi_U/waddr_reg[5]/D
  -------------------------------------------------------------------    -------------------

                         (clock ap_clk rise edge)     0.000     0.000 r  
                                                      0.000     0.000 r  ap_clk (IN)
                         net (fo=75549, unset)        0.019     0.019    bd_0_i/hls_inst/inst/control_s_axi_U/ap_clk
    SLICE_X143Y137       FDRE                                         r  bd_0_i/hls_inst/inst/control_s_axi_U/waddr_reg[5]/C





