

================================================================
== Vitis HLS Report for 'Prepare_HKS_BConv_Input'
================================================================
* Date:           Fri Sep  4 15:54:45 2026

* Version:        2023.2 (Build 4023990 on Oct 11 2023)
* Project:        hks_digit_cosim-perf_no_auto_r1
* Solution:       solution1 (Vivado IP Flow Target)
* Product family: virtexuplusHBM
* Target device:  xcu55c-fsvh2892-2L-e


================================================================
== Performance Estimates
================================================================
+ Timing: 
    * Summary: 
    +--------+---------+----------+------------+
    |  Clock |  Target | Estimated| Uncertainty|
    +--------+---------+----------+------------+
    |ap_clk  |  6.00 ns|  5.020 ns|     0.75 ns|
    +--------+---------+----------+------------+

+ Latency: 
    * Summary: 
    +---------+---------+-----------+-----------+-------+-------+---------+
    |  Latency (cycles) |   Latency (absolute)  |    Interval   | Pipeline|
    |   min   |   max   |    min    |    max    |  min  |  max  |   Type  |
    +---------+---------+-----------+-----------+-------+-------+---------+
    |    12312|    12312|  73.872 us|  73.872 us|  12312|  12312|       no|
    +---------+---------+-----------+-----------+-------+-------+---------+

    + Detail: 
        * Instance: 
        +----------------------+-----------+---------+---------+----------+----------+-----+-----+---------+
        |                      |           |  Latency (cycles) |  Latency (absolute) |  Interval | Pipeline|
        |       Instance       |   Module  |   min   |   max   |    min   |    max   | min | max |   Type  |
        +----------------------+-----------+---------+---------+----------+----------+-----+-----+---------+
        |grp_MultMod_2_fu_448  |MultMod_2  |       19|       19|  0.114 us|  0.114 us|    1|    1|      yes|
        +----------------------+-----------+---------+---------+----------+----------+-----+-----+---------+

        * Loop: 
        +----------------------------------------------+---------+---------+----------+-----------+-----------+-------+----------+
        |                                              |  Latency (cycles) | Iteration|  Initiation Interval  |  Trip |          |
        |                   Loop Name                  |   min   |   max   |  Latency |  achieved |   target  | Count | Pipelined|
        +----------------------------------------------+---------+---------+----------+-----------+-----------+-------+----------+
        |- HKS_SCALE_LIMB_HKS_SCALE_ROW_HKS_SCALE_COL  |    12310|    12310|        24|          1|          1|  12288|       yes|
        +----------------------------------------------+---------+---------+----------+-----------+-----------+-------+----------+



================================================================
== Utilization Estimates
================================================================
* Summary: 
+---------------------+---------+------+---------+---------+-----+
|         Name        | BRAM_18K|  DSP |    FF   |   LUT   | URAM|
+---------------------+---------+------+---------+---------+-----+
|DSP                  |        -|     -|        -|        -|    -|
|Expression           |        -|     -|        0|      287|    -|
|FIFO                 |        -|     -|        -|        -|    -|
|Instance             |        -|    58|     1757|     3283|    -|
|Memory               |        -|     -|        -|        -|    -|
|Multiplexer          |        -|     -|        -|      154|    -|
|Register             |        -|     -|     2292|      224|    -|
+---------------------+---------+------+---------+---------+-----+
|Total                |        0|    58|     4049|     3948|    0|
+---------------------+---------+------+---------+---------+-----+
|Available SLR        |     1344|  3008|   869120|   434560|  320|
+---------------------+---------+------+---------+---------+-----+
|Utilization SLR (%)  |        0|     1|       ~0|       ~0|    0|
+---------------------+---------+------+---------+---------+-----+
|Available            |     4032|  9024|  2607360|  1303680|  960|
+---------------------+---------+------+---------+---------+-----+
|Utilization (%)      |        0|    ~0|       ~0|       ~0|    0|
+---------------------+---------+------+---------+---------+-----+

+ Detail: 
    * Instance: 
    +----------------------+-----------+---------+----+------+------+-----+
    |       Instance       |   Module  | BRAM_18K| DSP|  FF  |  LUT | URAM|
    +----------------------+-----------+---------+----+------+------+-----+
    |grp_MultMod_2_fu_448  |MultMod_2  |        0|  58|  1757|  3283|    0|
    +----------------------+-----------+---------+----+------+------+-----+
    |Total                 |           |        0|  58|  1757|  3283|    0|
    +----------------------+-----------+---------+----+------+------+-----+

    * DSP: 
    N/A

    * Memory: 
    N/A

    * FIFO: 
    N/A

    * Expression: 
    +--------------------------------+----------+----+---+----+------------+------------+
    |          Variable Name         | Operation| DSP| FF| LUT| Bitwidth P0| Bitwidth P1|
    +--------------------------------+----------+----+---+----+------------+------------+
    |add_ln241_1_fu_529_p2           |         +|   0|  0|  21|          14|           1|
    |add_ln241_fu_538_p2             |         +|   0|  0|   9|           2|           1|
    |add_ln242_1_fu_568_p2           |         +|   0|  0|  21|          14|           1|
    |add_ln242_fu_627_p2             |         +|   0|  0|  14|           7|           1|
    |add_ln243_fu_741_p2             |         +|   0|  0|  14|           7|           1|
    |add_ln248_fu_703_p2             |         +|   0|  0|  16|           9|           9|
    |add_ln250_fu_735_p2             |         +|   0|  0|  16|           9|           9|
    |empty_fu_664_p2                 |         +|   0|  0|  10|           3|           3|
    |and_ln241_fu_621_p2             |       and|   0|  0|   2|           1|           1|
    |ap_condition_2184               |       and|   0|  0|   2|           1|           1|
    |ap_predicate_op144_call_state4  |       and|   0|  0|   2|           1|           1|
    |ap_predicate_op145_call_state4  |       and|   0|  0|   2|           1|           1|
    |ap_predicate_op146_call_state4  |       and|   0|  0|   2|           1|           1|
    |ap_predicate_op147_call_state4  |       and|   0|  0|   2|           1|           1|
    |ap_predicate_op148_call_state4  |       and|   0|  0|   2|           1|           1|
    |ap_predicate_op149_call_state4  |       and|   0|  0|   2|           1|           1|
    |ap_predicate_op150_call_state4  |       and|   0|  0|   2|           1|           1|
    |ap_predicate_op151_call_state4  |       and|   0|  0|   2|           1|           1|
    |ap_predicate_op152_call_state4  |       and|   0|  0|   2|           1|           1|
    |ap_predicate_op153_call_state4  |       and|   0|  0|   2|           1|           1|
    |ap_predicate_op154_call_state4  |       and|   0|  0|   2|           1|           1|
    |ap_predicate_op155_call_state4  |       and|   0|  0|   2|           1|           1|
    |cmp9_fu_562_p2                  |      icmp|   0|  0|  38|          31|          31|
    |icmp_ln241_fu_523_p2            |      icmp|   0|  0|  21|          14|          14|
    |icmp_ln242_fu_544_p2            |      icmp|   0|  0|  21|          14|          13|
    |icmp_ln243_fu_615_p2            |      icmp|   0|  0|  15|           7|           8|
    |or_ln242_fu_633_p2              |        or|   0|  0|   2|           1|           1|
    |select_ln241_1_fu_550_p3        |    select|   0|  0|   2|           1|           2|
    |select_ln241_fu_603_p3          |    select|   0|  0|   7|           1|           1|
    |select_ln242_1_fu_646_p3        |    select|   0|  0|   7|           1|           7|
    |select_ln242_2_fu_574_p3        |    select|   0|  0|  14|           1|           1|
    |select_ln242_fu_638_p3          |    select|   0|  0|   7|           1|           1|
    |ap_enable_pp0                   |       xor|   0|  0|   2|           1|           2|
    |xor_ln241_fu_610_p2             |       xor|   0|  0|   2|           1|           2|
    +--------------------------------+----------+----+---+----+------------+------------+
    |Total                           |          |   0|  0| 287|         153|         123|
    +--------------------------------+----------+----+---+----+------------+------------+

    * Multiplexer: 
    +----------------------------------------+----+-----------+-----+-----------+
    |                  Name                  | LUT| Input Size| Bits| Total Bits|
    +----------------------------------------+----+-----------+-----+-----------+
    |ap_done_int                             |   9|          2|    1|          2|
    |ap_enable_reg_pp0_iter1                 |   9|          2|    1|          2|
    |ap_phi_mux_scaled_5_phi_fu_411_p26      |   9|          2|   64|        128|
    |ap_phi_reg_pp0_iter1_scaled_5_reg_407   |   9|          2|   64|        128|
    |ap_sig_allocacmp_indvar_flatten12_load  |   9|          2|   14|         28|
    |ap_sig_allocacmp_indvar_flatten_load    |   9|          2|   14|         28|
    |ap_sig_allocacmp_q_load                 |   9|          2|    2|          4|
    |grp_MultMod_2_fu_448_b_val              |  20|          4|   64|        256|
    |grp_MultMod_2_fu_448_p_read             |  26|          5|   64|        320|
    |i_fu_134                                |   9|          2|    7|         14|
    |indvar_flatten12_fu_146                 |   9|          2|   14|         28|
    |indvar_flatten_fu_138                   |   9|          2|   14|         28|
    |j_fu_130                                |   9|          2|    7|         14|
    |q_fu_142                                |   9|          2|    2|          4|
    +----------------------------------------+----+-----------+-----+-----------+
    |Total                                   | 154|         33|  332|        984|
    +----------------------------------------+----+-----------+-----+-----------+

    * Register: 
    +----------------------------------------+----+----+-----+-----------+
    |                  Name                  | FF | LUT| Bits| Const Bits|
    +----------------------------------------+----+----+-----+-----------+
    |add_ln250_reg_895                       |   9|   0|    9|          0|
    |ap_CS_fsm                               |   1|   0|    1|          0|
    |ap_done_reg                             |   1|   0|    1|          0|
    |ap_enable_reg_pp0_iter1                 |   1|   0|    1|          0|
    |ap_enable_reg_pp0_iter10                |   1|   0|    1|          0|
    |ap_enable_reg_pp0_iter11                |   1|   0|    1|          0|
    |ap_enable_reg_pp0_iter12                |   1|   0|    1|          0|
    |ap_enable_reg_pp0_iter13                |   1|   0|    1|          0|
    |ap_enable_reg_pp0_iter14                |   1|   0|    1|          0|
    |ap_enable_reg_pp0_iter15                |   1|   0|    1|          0|
    |ap_enable_reg_pp0_iter16                |   1|   0|    1|          0|
    |ap_enable_reg_pp0_iter17                |   1|   0|    1|          0|
    |ap_enable_reg_pp0_iter18                |   1|   0|    1|          0|
    |ap_enable_reg_pp0_iter19                |   1|   0|    1|          0|
    |ap_enable_reg_pp0_iter2                 |   1|   0|    1|          0|
    |ap_enable_reg_pp0_iter20                |   1|   0|    1|          0|
    |ap_enable_reg_pp0_iter21                |   1|   0|    1|          0|
    |ap_enable_reg_pp0_iter22                |   1|   0|    1|          0|
    |ap_enable_reg_pp0_iter23                |   1|   0|    1|          0|
    |ap_enable_reg_pp0_iter3                 |   1|   0|    1|          0|
    |ap_enable_reg_pp0_iter4                 |   1|   0|    1|          0|
    |ap_enable_reg_pp0_iter5                 |   1|   0|    1|          0|
    |ap_enable_reg_pp0_iter6                 |   1|   0|    1|          0|
    |ap_enable_reg_pp0_iter7                 |   1|   0|    1|          0|
    |ap_enable_reg_pp0_iter8                 |   1|   0|    1|          0|
    |ap_enable_reg_pp0_iter9                 |   1|   0|    1|          0|
    |ap_loop_exit_ready_pp0_iter10_reg       |   1|   0|    1|          0|
    |ap_loop_exit_ready_pp0_iter11_reg       |   1|   0|    1|          0|
    |ap_loop_exit_ready_pp0_iter12_reg       |   1|   0|    1|          0|
    |ap_loop_exit_ready_pp0_iter13_reg       |   1|   0|    1|          0|
    |ap_loop_exit_ready_pp0_iter14_reg       |   1|   0|    1|          0|
    |ap_loop_exit_ready_pp0_iter15_reg       |   1|   0|    1|          0|
    |ap_loop_exit_ready_pp0_iter16_reg       |   1|   0|    1|          0|
    |ap_loop_exit_ready_pp0_iter17_reg       |   1|   0|    1|          0|
    |ap_loop_exit_ready_pp0_iter18_reg       |   1|   0|    1|          0|
    |ap_loop_exit_ready_pp0_iter19_reg       |   1|   0|    1|          0|
    |ap_loop_exit_ready_pp0_iter1_reg        |   1|   0|    1|          0|
    |ap_loop_exit_ready_pp0_iter20_reg       |   1|   0|    1|          0|
    |ap_loop_exit_ready_pp0_iter21_reg       |   1|   0|    1|          0|
    |ap_loop_exit_ready_pp0_iter22_reg       |   1|   0|    1|          0|
    |ap_loop_exit_ready_pp0_iter2_reg        |   1|   0|    1|          0|
    |ap_loop_exit_ready_pp0_iter3_reg        |   1|   0|    1|          0|
    |ap_loop_exit_ready_pp0_iter4_reg        |   1|   0|    1|          0|
    |ap_loop_exit_ready_pp0_iter5_reg        |   1|   0|    1|          0|
    |ap_loop_exit_ready_pp0_iter6_reg        |   1|   0|    1|          0|
    |ap_loop_exit_ready_pp0_iter7_reg        |   1|   0|    1|          0|
    |ap_loop_exit_ready_pp0_iter8_reg        |   1|   0|    1|          0|
    |ap_loop_exit_ready_pp0_iter9_reg        |   1|   0|    1|          0|
    |ap_phi_reg_pp0_iter10_scaled_5_reg_407  |  64|   0|   64|          0|
    |ap_phi_reg_pp0_iter11_scaled_5_reg_407  |  64|   0|   64|          0|
    |ap_phi_reg_pp0_iter12_scaled_5_reg_407  |  64|   0|   64|          0|
    |ap_phi_reg_pp0_iter13_scaled_5_reg_407  |  64|   0|   64|          0|
    |ap_phi_reg_pp0_iter14_scaled_5_reg_407  |  64|   0|   64|          0|
    |ap_phi_reg_pp0_iter15_scaled_5_reg_407  |  64|   0|   64|          0|
    |ap_phi_reg_pp0_iter16_scaled_5_reg_407  |  64|   0|   64|          0|
    |ap_phi_reg_pp0_iter17_scaled_5_reg_407  |  64|   0|   64|          0|
    |ap_phi_reg_pp0_iter18_scaled_5_reg_407  |  64|   0|   64|          0|
    |ap_phi_reg_pp0_iter19_scaled_5_reg_407  |  64|   0|   64|          0|
    |ap_phi_reg_pp0_iter1_scaled_5_reg_407   |  64|   0|   64|          0|
    |ap_phi_reg_pp0_iter20_scaled_5_reg_407  |  64|   0|   64|          0|
    |ap_phi_reg_pp0_iter21_scaled_5_reg_407  |  64|   0|   64|          0|
    |ap_phi_reg_pp0_iter22_scaled_5_reg_407  |  64|   0|   64|          0|
    |ap_phi_reg_pp0_iter23_scaled_5_reg_407  |  64|   0|   64|          0|
    |ap_phi_reg_pp0_iter2_scaled_5_reg_407   |  64|   0|   64|          0|
    |ap_phi_reg_pp0_iter3_scaled_5_reg_407   |  64|   0|   64|          0|
    |ap_phi_reg_pp0_iter4_scaled_5_reg_407   |  64|   0|   64|          0|
    |ap_phi_reg_pp0_iter5_scaled_5_reg_407   |  64|   0|   64|          0|
    |ap_phi_reg_pp0_iter6_scaled_5_reg_407   |  64|   0|   64|          0|
    |ap_phi_reg_pp0_iter7_scaled_5_reg_407   |  64|   0|   64|          0|
    |ap_phi_reg_pp0_iter8_scaled_5_reg_407   |  64|   0|   64|          0|
    |ap_phi_reg_pp0_iter9_scaled_5_reg_407   |  64|   0|   64|          0|
    |cmp9_reg_853                            |   1|   0|    1|          0|
    |empty_reg_857                           |   3|   0|    3|          0|
    |i_fu_134                                |   7|   0|    7|          0|
    |icmp_ln241_reg_836                      |   1|   0|    1|          0|
    |icmp_ln242_reg_840                      |   1|   0|    1|          0|
    |indvar_flatten12_fu_146                 |  14|   0|   14|          0|
    |indvar_flatten_fu_138                   |  14|   0|   14|          0|
    |j_fu_130                                |   7|   0|    7|          0|
    |lshr_ln245_1_reg_890                    |   3|   0|    3|          0|
    |q_fu_142                                |   2|   0|    2|          0|
    |reg_472                                 |  64|   0|   64|          0|
    |reg_477                                 |  64|   0|   64|          0|
    |reg_482                                 |  64|   0|   64|          0|
    |reg_487                                 |  64|   0|   64|          0|
    |select_ln241_1_reg_847                  |   2|   0|    2|          0|
    |trunc_ln243_1_reg_866                   |   2|   0|    2|          0|
    |trunc_ln243_reg_862                     |   3|   0|    3|          0|
    |add_ln250_reg_895                       |  64|  32|    9|          0|
    |cmp9_reg_853                            |  64|  32|    1|          0|
    |icmp_ln241_reg_836                      |  64|  32|    1|          0|
    |lshr_ln245_1_reg_890                    |  64|  32|    3|          0|
    |select_ln241_1_reg_847                  |  64|  32|    2|          0|
    |trunc_ln243_1_reg_866                   |  64|  32|    2|          0|
    |trunc_ln243_reg_862                     |  64|  32|    3|          0|
    +----------------------------------------+----+----+-----+-----------+
    |Total                                   |2292| 224| 1865|          0|
    +----------------------------------------+----+----+-----+-----------+



================================================================
== Interface
================================================================
* Summary: 
+--------------------------------+-----+-----+------------+-------------------------+--------------+
|            RTL Ports           | Dir | Bits|  Protocol  |      Source Object      |    C Type    |
+--------------------------------+-----+-----+------------+-------------------------+--------------+
|ap_clk                          |   in|    1|  ap_ctrl_hs|  Prepare_HKS_BConv_Input|  return value|
|ap_rst                          |   in|    1|  ap_ctrl_hs|  Prepare_HKS_BConv_Input|  return value|
|ap_start                        |   in|    1|  ap_ctrl_hs|  Prepare_HKS_BConv_Input|  return value|
|ap_done                         |  out|    1|  ap_ctrl_hs|  Prepare_HKS_BConv_Input|  return value|
|ap_idle                         |  out|    1|  ap_ctrl_hs|  Prepare_HKS_BConv_Input|  return value|
|ap_ready                        |  out|    1|  ap_ctrl_hs|  Prepare_HKS_BConv_Input|  return value|
|inv_0_val4                      |   in|   64|     ap_none|               inv_0_val4|        scalar|
|inv_1_val9                      |   in|   64|     ap_none|               inv_1_val9|        scalar|
|inv_2_val13                     |   in|   64|     ap_none|              inv_2_val13|        scalar|
|alpha                           |   in|   31|     ap_none|                    alpha|        scalar|
|digit_start                     |   in|    3|     ap_none|              digit_start|        scalar|
|p_ZL13poly_buffer_2_0_address0  |  out|   13|   ap_memory|    p_ZL13poly_buffer_2_0|         array|
|p_ZL13poly_buffer_2_0_ce0       |  out|    1|   ap_memory|    p_ZL13poly_buffer_2_0|         array|
|p_ZL13poly_buffer_2_0_q0        |   in|   64|   ap_memory|    p_ZL13poly_buffer_2_0|         array|
|p_ZL13poly_buffer_2_1_address0  |  out|   13|   ap_memory|    p_ZL13poly_buffer_2_1|         array|
|p_ZL13poly_buffer_2_1_ce0       |  out|    1|   ap_memory|    p_ZL13poly_buffer_2_1|         array|
|p_ZL13poly_buffer_2_1_q0        |   in|   64|   ap_memory|    p_ZL13poly_buffer_2_1|         array|
|p_ZL13poly_buffer_2_2_address0  |  out|   13|   ap_memory|    p_ZL13poly_buffer_2_2|         array|
|p_ZL13poly_buffer_2_2_ce0       |  out|    1|   ap_memory|    p_ZL13poly_buffer_2_2|         array|
|p_ZL13poly_buffer_2_2_q0        |   in|   64|   ap_memory|    p_ZL13poly_buffer_2_2|         array|
|p_ZL13poly_buffer_2_3_address0  |  out|   13|   ap_memory|    p_ZL13poly_buffer_2_3|         array|
|p_ZL13poly_buffer_2_3_ce0       |  out|    1|   ap_memory|    p_ZL13poly_buffer_2_3|         array|
|p_ZL13poly_buffer_2_3_q0        |   in|   64|   ap_memory|    p_ZL13poly_buffer_2_3|         array|
|p_ZL13poly_buffer_1_0_address1  |  out|   12|   ap_memory|    p_ZL13poly_buffer_1_0|         array|
|p_ZL13poly_buffer_1_0_ce1       |  out|    1|   ap_memory|    p_ZL13poly_buffer_1_0|         array|
|p_ZL13poly_buffer_1_0_we1       |  out|    1|   ap_memory|    p_ZL13poly_buffer_1_0|         array|
|p_ZL13poly_buffer_1_0_d1        |  out|   64|   ap_memory|    p_ZL13poly_buffer_1_0|         array|
|p_ZL13poly_buffer_1_1_address1  |  out|   12|   ap_memory|    p_ZL13poly_buffer_1_1|         array|
|p_ZL13poly_buffer_1_1_ce1       |  out|    1|   ap_memory|    p_ZL13poly_buffer_1_1|         array|
|p_ZL13poly_buffer_1_1_we1       |  out|    1|   ap_memory|    p_ZL13poly_buffer_1_1|         array|
|p_ZL13poly_buffer_1_1_d1        |  out|   64|   ap_memory|    p_ZL13poly_buffer_1_1|         array|
|p_ZL13poly_buffer_1_2_address1  |  out|   12|   ap_memory|    p_ZL13poly_buffer_1_2|         array|
|p_ZL13poly_buffer_1_2_ce1       |  out|    1|   ap_memory|    p_ZL13poly_buffer_1_2|         array|
|p_ZL13poly_buffer_1_2_we1       |  out|    1|   ap_memory|    p_ZL13poly_buffer_1_2|         array|
|p_ZL13poly_buffer_1_2_d1        |  out|   64|   ap_memory|    p_ZL13poly_buffer_1_2|         array|
|p_ZL13poly_buffer_1_3_address1  |  out|   12|   ap_memory|    p_ZL13poly_buffer_1_3|         array|
|p_ZL13poly_buffer_1_3_ce1       |  out|    1|   ap_memory|    p_ZL13poly_buffer_1_3|         array|
|p_ZL13poly_buffer_1_3_we1       |  out|    1|   ap_memory|    p_ZL13poly_buffer_1_3|         array|
|p_ZL13poly_buffer_1_3_d1        |  out|   64|   ap_memory|    p_ZL13poly_buffer_1_3|         array|
|p_ZL13poly_buffer_1_4_address1  |  out|   12|   ap_memory|    p_ZL13poly_buffer_1_4|         array|
|p_ZL13poly_buffer_1_4_ce1       |  out|    1|   ap_memory|    p_ZL13poly_buffer_1_4|         array|
|p_ZL13poly_buffer_1_4_we1       |  out|    1|   ap_memory|    p_ZL13poly_buffer_1_4|         array|
|p_ZL13poly_buffer_1_4_d1        |  out|   64|   ap_memory|    p_ZL13poly_buffer_1_4|         array|
|p_ZL13poly_buffer_1_5_address1  |  out|   12|   ap_memory|    p_ZL13poly_buffer_1_5|         array|
|p_ZL13poly_buffer_1_5_ce1       |  out|    1|   ap_memory|    p_ZL13poly_buffer_1_5|         array|
|p_ZL13poly_buffer_1_5_we1       |  out|    1|   ap_memory|    p_ZL13poly_buffer_1_5|         array|
|p_ZL13poly_buffer_1_5_d1        |  out|   64|   ap_memory|    p_ZL13poly_buffer_1_5|         array|
|p_ZL13poly_buffer_1_6_address1  |  out|   12|   ap_memory|    p_ZL13poly_buffer_1_6|         array|
|p_ZL13poly_buffer_1_6_ce1       |  out|    1|   ap_memory|    p_ZL13poly_buffer_1_6|         array|
|p_ZL13poly_buffer_1_6_we1       |  out|    1|   ap_memory|    p_ZL13poly_buffer_1_6|         array|
|p_ZL13poly_buffer_1_6_d1        |  out|   64|   ap_memory|    p_ZL13poly_buffer_1_6|         array|
|p_ZL13poly_buffer_1_7_address1  |  out|   12|   ap_memory|    p_ZL13poly_buffer_1_7|         array|
|p_ZL13poly_buffer_1_7_ce1       |  out|    1|   ap_memory|    p_ZL13poly_buffer_1_7|         array|
|p_ZL13poly_buffer_1_7_we1       |  out|    1|   ap_memory|    p_ZL13poly_buffer_1_7|         array|
|p_ZL13poly_buffer_1_7_d1        |  out|   64|   ap_memory|    p_ZL13poly_buffer_1_7|         array|
|MODULUS_address0                |  out|    3|   ap_memory|                  MODULUS|         array|
|MODULUS_ce0                     |  out|    1|   ap_memory|                  MODULUS|         array|
|MODULUS_q0                      |   in|   64|   ap_memory|                  MODULUS|         array|
|M_address0                      |  out|    3|   ap_memory|                        M|         array|
|M_ce0                           |  out|    1|   ap_memory|                        M|         array|
|M_q0                            |   in|   64|   ap_memory|                        M|         array|
|S_address0                      |  out|    3|   ap_memory|                        S|         array|
|S_ce0                           |  out|    1|   ap_memory|                        S|         array|
|S_q0                            |   in|   64|   ap_memory|                        S|         array|
+--------------------------------+-----+-----+------------+-------------------------+--------------+

