                             latency        interval
transaction       0:              91              91
transaction       1:          295023          295023
transaction       2:              44              44
transaction       3:            6538            6538
transaction       4:            6538            6538
transaction       5:            6562            6562
transaction       6:           10784           10784
transaction       7:           10774           10774
transaction       8:           13928           13928
transaction       9:           10784           10784
transaction      10:           10774           10774
transaction      11:           10774           10774
transaction      12:           70136           70136
transaction      13:           10784           10784
transaction      14:           15620           15620
transaction      15:           10779           10779
transaction      16:           10774           10774
transaction      17:           10774           10774
transaction      18:           10774           10774
transaction      19:           69603           69603
transaction      20:           10779           10779
transaction      21:           10774           10774
transaction      22:           10774           10774
transaction      23:           12224           12224
transaction      24:           10784           10784
transaction      25:           10774           10774
transaction      26:           70664           70664
transaction      27:           10784           10784
transaction      28:           10774           10774
transaction      29:           13928           13928
transaction      30:           10779           10779
transaction      31:           10774           10774
transaction      32:           10774           10774
transaction      33:           70136           70136
transaction      34:              34               x
