

================================================================
== Vitis HLS Report for 'Top'
================================================================
* Date:           Fri Sep  4 15:54:48 2026

* Version:        2023.2 (Build 4023990 on Oct 11 2023)
* Project:        hks_digit_cosim-perf_no_auto_r1
* Solution:       solution1 (Vivado IP Flow Target)
* Product family: virtexuplusHBM
* Target device:  xcu55c-fsvh2892-2L-e


================================================================
== Performance Estimates
================================================================
+ Timing: 
    * Summary: 
    +--------+---------+----------+------------+
    |  Clock |  Target | Estimated| Uncertainty|
    +--------+---------+----------+------------+
    |ap_clk  |  6.00 ns|  5.250 ns|     0.75 ns|
    +--------+---------+----------+------------+

+ Latency: 
    * Summary: 
    +---------+---------+----------+----------+-----+-----+---------+
    |  Latency (cycles) |  Latency (absolute) |  Interval | Pipeline|
    |   min   |   max   |    min   |    max   | min | max |   Type  |
    +---------+---------+----------+----------+-----+-----+---------+
    |        ?|        ?|         ?|         ?|    ?|    ?|       no|
    +---------+---------+----------+----------+-----+-----+---------+

    + Detail: 
        * Instance: 
        +------------------------------------------------------+-------------------------------------------+---------+---------+-----------+-----------+--------+--------+---------+
        |                                                      |                                           |  Latency (cycles) |   Latency (absolute)  |     Interval    | Pipeline|
        |                       Instance                       |                   Module                  |   min   |   max   |    min    |    max    |   min  |   max  |   Type  |
        +------------------------------------------------------+-------------------------------------------+---------+---------+-----------+-----------+--------+--------+---------+
        |grp_Load_1_fu_404                                     |Load_1                                     |        ?|        ?|          ?|          ?|       ?|       ?|       no|
        |grp_Load_BConv_Params_fu_434                          |Load_BConv_Params                          |       55|       55|   0.330 us|   0.330 us|      55|      55|       no|
        |grp_Load_clone_1_fu_450                               |Load_clone_1                               |        ?|        ?|          ?|          ?|       ?|       ?|       no|
        |grp_Execute_Transform_Operation_fu_470                |Execute_Transform_Operation                |        ?|        ?|          ?|          ?|       ?|       ?|       no|
        |grp_Compute_BConv_Systolic_fu_721                     |Compute_BConv_Systolic                     |     6182|     8230|  37.092 us|  49.380 us|    6182|    8230|       no|
        |grp_Compute_Mult_fu_750                               |Compute_Mult                               |        ?|        ?|          ?|          ?|       ?|       ?|       no|
        |grp_Top_Pipeline_Limb_Loop_Row_Loop_Col_Loop2_fu_794  |Top_Pipeline_Limb_Loop_Row_Loop_Col_Loop2  |        ?|        ?|          ?|          ?|       ?|       ?|       no|
        |grp_Top_Pipeline_Limb_Loop_Row_Loop_Col_Loop_fu_834   |Top_Pipeline_Limb_Loop_Row_Loop_Col_Loop   |        ?|        ?|          ?|          ?|       ?|       ?|       no|
        |grp_Store_40_43_1_fu_874                              |Store_40_43_1                              |        ?|        ?|          ?|          ?|       ?|       ?|       no|
        |grp_Store_26_29_1_fu_898                              |Store_26_29_1                              |        ?|        ?|          ?|          ?|       ?|       ?|       no|
        |grp_Load_Init_Params_fu_915                           |Load_Init_Params                           |   196674|   196674|   1.180 ms|   1.180 ms|  196674|  196674|       no|
        +------------------------------------------------------+-------------------------------------------+---------+---------+-----------+-----------+--------+--------+---------+

        * Loop: 
        N/A



================================================================
== Utilization Estimates
================================================================
* Summary: 
+---------------------+---------+------+---------+---------+-----+
|         Name        | BRAM_18K|  DSP |    FF   |   LUT   | URAM|
+---------------------+---------+------+---------+---------+-----+
|DSP                  |        -|     -|        -|        -|    -|
|Expression           |        -|     -|        0|      230|    -|
|FIFO                 |        -|     -|        -|        -|    -|
|Instance             |      336|  1160|    77508|   139998|    0|
|Memory               |      352|     -|      448|      615|   96|
|Multiplexer          |        -|     -|        -|     6837|    -|
|Register             |        -|     -|      367|        -|    -|
+---------------------+---------+------+---------+---------+-----+
|Total                |      688|  1160|    78323|   147680|   96|
+---------------------+---------+------+---------+---------+-----+
|Available SLR        |     1344|  3008|   869120|   434560|  320|
+---------------------+---------+------+---------+---------+-----+
|Utilization SLR (%)  |       51|    38|        9|       33|   30|
+---------------------+---------+------+---------+---------+-----+
|Available            |     4032|  9024|  2607360|  1303680|  960|
+---------------------+---------+------+---------+---------+-----+
|Utilization (%)      |       17|    12|        3|       11|   10|
+---------------------+---------+------+---------+---------+-----+

+ Detail: 
    * Instance: 
    +------------------------------------------------------+-------------------------------------------+---------+----+-------+-------+-----+
    |                       Instance                       |                   Module                  | BRAM_18K| DSP|   FF  |  LUT  | URAM|
    +------------------------------------------------------+-------------------------------------------+---------+----+-------+-------+-----+
    |grp_Compute_BConv_Systolic_fu_721                     |Compute_BConv_Systolic                     |      128|   0|   4115|   8019|    0|
    |grp_Compute_Mult_fu_750                               |Compute_Mult                               |        0|   0|    801|    970|    0|
    |grp_Execute_Transform_Operation_fu_470                |Execute_Transform_Operation                |      160|  58|  24518|  42862|    0|
    |grp_Load_1_fu_404                                     |Load_1                                     |        0|   0|    482|    586|    0|
    |grp_Load_BConv_Params_fu_434                          |Load_BConv_Params                          |        0|   0|   1796|   4915|    0|
    |grp_Load_Init_Params_fu_915                           |Load_Init_Params                           |        0|   0|   4426|   9050|    0|
    |grp_Load_clone_1_fu_450                               |Load_clone_1                               |        0|   0|    476|    537|    0|
    |grp_MultMod_fu_1265                                   |MultMod                                    |        0|  58|   1692|   3269|    0|
    |grp_MultMod_fu_1273                                   |MultMod                                    |        0|  58|   1692|   3269|    0|
    |grp_MultMod_fu_1281                                   |MultMod                                    |        0|  58|   1692|   3269|    0|
    |grp_MultMod_fu_1289                                   |MultMod                                    |        0|  58|   1692|   3269|    0|
    |grp_MultMod_fu_1297                                   |MultMod                                    |        0|  58|   1692|   3269|    0|
    |grp_MultMod_fu_1305                                   |MultMod                                    |        0|  58|   1692|   3269|    0|
    |grp_MultMod_fu_1313                                   |MultMod                                    |        0|  58|   1692|   3269|    0|
    |grp_MultMod_fu_1321                                   |MultMod                                    |        0|  58|   1692|   3269|    0|
    |grp_MultMod_fu_1329                                   |MultMod                                    |        0|  58|   1692|   3269|    0|
    |grp_MultMod_fu_1337                                   |MultMod                                    |        0|  58|   1692|   3269|    0|
    |grp_MultMod_fu_1345                                   |MultMod                                    |        0|  58|   1692|   3269|    0|
    |grp_MultMod_fu_1353                                   |MultMod                                    |        0|  58|   1692|   3269|    0|
    |grp_MultMod_fu_1361                                   |MultMod                                    |        0|  58|   1692|   3269|    0|
    |grp_MultMod_fu_1369                                   |MultMod                                    |        0|  58|   1692|   3269|    0|
    |grp_MultMod_fu_1377                                   |MultMod                                    |        0|  58|   1692|   3269|    0|
    |grp_MultMod_1_fu_1385                                 |MultMod_1                                  |        0|  58|   1692|   3269|    0|
    |grp_MultMod_1_fu_1393                                 |MultMod_1                                  |        0|  58|   1692|   3269|    0|
    |grp_MultMod_1_fu_1401                                 |MultMod_1                                  |        0|  58|   1692|   3269|    0|
    |grp_MultMod_1_fu_1409                                 |MultMod_1                                  |        0|  58|   1692|   3269|    0|
    |grp_Store_26_29_1_fu_898                              |Store_26_29_1                              |        0|   0|    454|    558|    0|
    |grp_Store_40_43_1_fu_874                              |Store_40_43_1                              |        0|   0|    436|    858|    0|
    |grp_Top_Pipeline_Limb_Loop_Row_Loop_Col_Loop_fu_834   |Top_Pipeline_Limb_Loop_Row_Loop_Col_Loop   |        0|   0|    714|   1918|    0|
    |grp_Top_Pipeline_Limb_Loop_Row_Loop_Col_Loop2_fu_794  |Top_Pipeline_Limb_Loop_Row_Loop_Col_Loop2  |        0|   0|    917|   2114|    0|
    |control_s_axi_U                                       |control_s_axi                              |        0|   0|    336|    568|    0|
    |gmem0_m_axi_U                                         |gmem0_m_axi                                |       16|   0|   1963|   1644|    0|
    |gmem1_m_axi_U                                         |gmem1_m_axi                                |       16|   0|   1963|   1644|    0|
    |gmem2_m_axi_U                                         |gmem2_m_axi                                |       16|   0|   1963|   1644|    0|
    +------------------------------------------------------+-------------------------------------------+---------+----+-------+-------+-----+
    |Total                                                 |                                           |      336|1160|  77508| 139998|    0|
    +------------------------------------------------------+-------------------------------------------+---------+----+-------+-------+-----+

    * DSP: 
    N/A

    * Memory: 
    +--------------------------------+---------------------------------------------+---------+----+----+-----+------+-----+------+-------------+
    |             Memory             |                    Module                   | BRAM_18K| FF | LUT| URAM| Words| Bits| Banks| W*Bits*Banks|
    +--------------------------------+---------------------------------------------+---------+----+----+-----+------+-----+------+-------------+
    |MODULUS_U                       |MODULUS_RAM_AUTO_1R1W                        |        0|  64|  65|    0|     8|   64|     1|          512|
    |S_U                             |MODULUS_RAM_AUTO_1R1W                        |        0|  64|  65|    0|     8|   64|     1|          512|
    |M_U                             |MODULUS_RAM_AUTO_1R1W                        |        0|  64|  65|    0|     8|   64|     1|          512|
    |in_w_U                          |in_w_RAM_AUTO_1R1W                           |        0|  64|  65|    0|    15|   64|     1|          960|
    |out_mod_U                       |out_mod_RAM_AUTO_1R1W                        |        0|  64|  65|    0|     5|   64|     1|          320|
    |out_S_U                         |out_mod_RAM_AUTO_1R1W                        |        0|  64|  65|    0|     5|   64|     1|          320|
    |out_m_barrett_U                 |out_mod_RAM_AUTO_1R1W                        |        0|  64|  65|    0|     5|   64|     1|          320|
    |p_ZL13poly_buffer_1_0_U         |p_ZL13poly_buffer_1_0_RAM_2P_BRAM_1R1W       |       15|   0|   0|    0|  4096|   64|     1|       262144|
    |p_ZL13poly_buffer_1_1_U         |p_ZL13poly_buffer_1_0_RAM_2P_BRAM_1R1W       |       15|   0|   0|    0|  4096|   64|     1|       262144|
    |p_ZL13poly_buffer_1_2_U         |p_ZL13poly_buffer_1_0_RAM_2P_BRAM_1R1W       |       15|   0|   0|    0|  4096|   64|     1|       262144|
    |p_ZL13poly_buffer_1_3_U         |p_ZL13poly_buffer_1_0_RAM_2P_BRAM_1R1W       |       15|   0|   0|    0|  4096|   64|     1|       262144|
    |p_ZL13poly_buffer_1_4_U         |p_ZL13poly_buffer_1_0_RAM_2P_BRAM_1R1W       |       15|   0|   0|    0|  4096|   64|     1|       262144|
    |p_ZL13poly_buffer_1_5_U         |p_ZL13poly_buffer_1_0_RAM_2P_BRAM_1R1W       |       15|   0|   0|    0|  4096|   64|     1|       262144|
    |p_ZL13poly_buffer_1_6_U         |p_ZL13poly_buffer_1_0_RAM_2P_BRAM_1R1W       |       15|   0|   0|    0|  4096|   64|     1|       262144|
    |p_ZL13poly_buffer_1_7_U         |p_ZL13poly_buffer_1_0_RAM_2P_BRAM_1R1W       |       15|   0|   0|    0|  4096|   64|     1|       262144|
    |p_ZL13poly_buffer_2_0_U         |p_ZL13poly_buffer_2_0_RAM_2P_BRAM_1R1W       |       29|   0|  20|    0|  8192|   64|     1|       524288|
    |p_ZL13poly_buffer_2_1_U         |p_ZL13poly_buffer_2_0_RAM_2P_BRAM_1R1W       |       29|   0|  20|    0|  8192|   64|     1|       524288|
    |p_ZL13poly_buffer_2_2_U         |p_ZL13poly_buffer_2_0_RAM_2P_BRAM_1R1W       |       29|   0|  20|    0|  8192|   64|     1|       524288|
    |p_ZL13poly_buffer_2_3_U         |p_ZL13poly_buffer_2_0_RAM_2P_BRAM_1R1W       |       29|   0|  20|    0|  8192|   64|     1|       524288|
    |p_ZL13result_buffer_0_U         |p_ZL13poly_buffer_2_0_RAM_2P_BRAM_1R1W       |       29|   0|  20|    0|  8192|   64|     1|       524288|
    |p_ZL13result_buffer_1_U         |p_ZL13poly_buffer_2_0_RAM_2P_BRAM_1R1W       |       29|   0|  20|    0|  8192|   64|     1|       524288|
    |p_ZL13result_buffer_2_U         |p_ZL13poly_buffer_2_0_RAM_2P_BRAM_1R1W       |       29|   0|  20|    0|  8192|   64|     1|       524288|
    |p_ZL13result_buffer_3_U         |p_ZL13poly_buffer_2_0_RAM_2P_BRAM_1R1W       |       29|   0|  20|    0|  8192|   64|     1|       524288|
    |p_ZL16NTTTwiddleFactor_0_0_U    |p_ZL16NTTTwiddleFactor_0_0_RAM_2P_URAM_1R1W  |        0|   0|   0|    1|  4096|   64|     1|       262144|
    |p_ZL16NTTTwiddleFactor_0_1_U    |p_ZL16NTTTwiddleFactor_0_0_RAM_2P_URAM_1R1W  |        0|   0|   0|    1|  4096|   64|     1|       262144|
    |p_ZL16NTTTwiddleFactor_0_2_U    |p_ZL16NTTTwiddleFactor_0_0_RAM_2P_URAM_1R1W  |        0|   0|   0|    1|  4096|   64|     1|       262144|
    |p_ZL16NTTTwiddleFactor_0_3_U    |p_ZL16NTTTwiddleFactor_0_0_RAM_2P_URAM_1R1W  |        0|   0|   0|    1|  4096|   64|     1|       262144|
    |p_ZL16NTTTwiddleFactor_1_0_U    |p_ZL16NTTTwiddleFactor_0_0_RAM_2P_URAM_1R1W  |        0|   0|   0|    1|  4096|   64|     1|       262144|
    |p_ZL16NTTTwiddleFactor_1_1_U    |p_ZL16NTTTwiddleFactor_0_0_RAM_2P_URAM_1R1W  |        0|   0|   0|    1|  4096|   64|     1|       262144|
    |p_ZL16NTTTwiddleFactor_1_2_U    |p_ZL16NTTTwiddleFactor_0_0_RAM_2P_URAM_1R1W  |        0|   0|   0|    1|  4096|   64|     1|       262144|
    |p_ZL16NTTTwiddleFactor_1_3_U    |p_ZL16NTTTwiddleFactor_0_0_RAM_2P_URAM_1R1W  |        0|   0|   0|    1|  4096|   64|     1|       262144|
    |p_ZL16NTTTwiddleFactor_2_0_U    |p_ZL16NTTTwiddleFactor_0_0_RAM_2P_URAM_1R1W  |        0|   0|   0|    1|  4096|   64|     1|       262144|
    |p_ZL16NTTTwiddleFactor_2_1_U    |p_ZL16NTTTwiddleFactor_0_0_RAM_2P_URAM_1R1W  |        0|   0|   0|    1|  4096|   64|     1|       262144|
    |p_ZL16NTTTwiddleFactor_2_2_U    |p_ZL16NTTTwiddleFactor_0_0_RAM_2P_URAM_1R1W  |        0|   0|   0|    1|  4096|   64|     1|       262144|
    |p_ZL16NTTTwiddleFactor_2_3_U    |p_ZL16NTTTwiddleFactor_0_0_RAM_2P_URAM_1R1W  |        0|   0|   0|    1|  4096|   64|     1|       262144|
    |p_ZL16NTTTwiddleFactor_3_0_U    |p_ZL16NTTTwiddleFactor_0_0_RAM_2P_URAM_1R1W  |        0|   0|   0|    1|  4096|   64|     1|       262144|
    |p_ZL16NTTTwiddleFactor_3_1_U    |p_ZL16NTTTwiddleFactor_0_0_RAM_2P_URAM_1R1W  |        0|   0|   0|    1|  4096|   64|     1|       262144|
    |p_ZL16NTTTwiddleFactor_3_2_U    |p_ZL16NTTTwiddleFactor_0_0_RAM_2P_URAM_1R1W  |        0|   0|   0|    1|  4096|   64|     1|       262144|
    |p_ZL16NTTTwiddleFactor_3_3_U    |p_ZL16NTTTwiddleFactor_0_0_RAM_2P_URAM_1R1W  |        0|   0|   0|    1|  4096|   64|     1|       262144|
    |p_ZL16NTTTwiddleFactor_4_0_U    |p_ZL16NTTTwiddleFactor_0_0_RAM_2P_URAM_1R1W  |        0|   0|   0|    1|  4096|   64|     1|       262144|
    |p_ZL16NTTTwiddleFactor_4_1_U    |p_ZL16NTTTwiddleFactor_0_0_RAM_2P_URAM_1R1W  |        0|   0|   0|    1|  4096|   64|     1|       262144|
    |p_ZL16NTTTwiddleFactor_4_2_U    |p_ZL16NTTTwiddleFactor_0_0_RAM_2P_URAM_1R1W  |        0|   0|   0|    1|  4096|   64|     1|       262144|
    |p_ZL16NTTTwiddleFactor_4_3_U    |p_ZL16NTTTwiddleFactor_0_0_RAM_2P_URAM_1R1W  |        0|   0|   0|    1|  4096|   64|     1|       262144|
    |p_ZL16NTTTwiddleFactor_5_0_U    |p_ZL16NTTTwiddleFactor_0_0_RAM_2P_URAM_1R1W  |        0|   0|   0|    1|  4096|   64|     1|       262144|
    |p_ZL16NTTTwiddleFactor_5_1_U    |p_ZL16NTTTwiddleFactor_0_0_RAM_2P_URAM_1R1W  |        0|   0|   0|    1|  4096|   64|     1|       262144|
    |p_ZL16NTTTwiddleFactor_5_2_U    |p_ZL16NTTTwiddleFactor_0_0_RAM_2P_URAM_1R1W  |        0|   0|   0|    1|  4096|   64|     1|       262144|
    |p_ZL16NTTTwiddleFactor_5_3_U    |p_ZL16NTTTwiddleFactor_0_0_RAM_2P_URAM_1R1W  |        0|   0|   0|    1|  4096|   64|     1|       262144|
    |p_ZL16NTTTwiddleFactor_6_0_U    |p_ZL16NTTTwiddleFactor_0_0_RAM_2P_URAM_1R1W  |        0|   0|   0|    1|  4096|   64|     1|       262144|
    |p_ZL16NTTTwiddleFactor_6_1_U    |p_ZL16NTTTwiddleFactor_0_0_RAM_2P_URAM_1R1W  |        0|   0|   0|    1|  4096|   64|     1|       262144|
    |p_ZL16NTTTwiddleFactor_6_2_U    |p_ZL16NTTTwiddleFactor_0_0_RAM_2P_URAM_1R1W  |        0|   0|   0|    1|  4096|   64|     1|       262144|
    |p_ZL16NTTTwiddleFactor_6_3_U    |p_ZL16NTTTwiddleFactor_0_0_RAM_2P_URAM_1R1W  |        0|   0|   0|    1|  4096|   64|     1|       262144|
    |p_ZL16NTTTwiddleFactor_7_0_U    |p_ZL16NTTTwiddleFactor_0_0_RAM_2P_URAM_1R1W  |        0|   0|   0|    1|  4096|   64|     1|       262144|
    |p_ZL16NTTTwiddleFactor_7_1_U    |p_ZL16NTTTwiddleFactor_0_0_RAM_2P_URAM_1R1W  |        0|   0|   0|    1|  4096|   64|     1|       262144|
    |p_ZL16NTTTwiddleFactor_7_2_U    |p_ZL16NTTTwiddleFactor_0_0_RAM_2P_URAM_1R1W  |        0|   0|   0|    1|  4096|   64|     1|       262144|
    |p_ZL16NTTTwiddleFactor_7_3_U    |p_ZL16NTTTwiddleFactor_0_0_RAM_2P_URAM_1R1W  |        0|   0|   0|    1|  4096|   64|     1|       262144|
    |p_ZL16NTTTwiddleFactor_8_0_U    |p_ZL16NTTTwiddleFactor_0_0_RAM_2P_URAM_1R1W  |        0|   0|   0|    1|  4096|   64|     1|       262144|
    |p_ZL16NTTTwiddleFactor_8_1_U    |p_ZL16NTTTwiddleFactor_0_0_RAM_2P_URAM_1R1W  |        0|   0|   0|    1|  4096|   64|     1|       262144|
    |p_ZL16NTTTwiddleFactor_8_2_U    |p_ZL16NTTTwiddleFactor_0_0_RAM_2P_URAM_1R1W  |        0|   0|   0|    1|  4096|   64|     1|       262144|
    |p_ZL16NTTTwiddleFactor_8_3_U    |p_ZL16NTTTwiddleFactor_0_0_RAM_2P_URAM_1R1W  |        0|   0|   0|    1|  4096|   64|     1|       262144|
    |p_ZL16NTTTwiddleFactor_9_0_U    |p_ZL16NTTTwiddleFactor_0_0_RAM_2P_URAM_1R1W  |        0|   0|   0|    1|  4096|   64|     1|       262144|
    |p_ZL16NTTTwiddleFactor_9_1_U    |p_ZL16NTTTwiddleFactor_0_0_RAM_2P_URAM_1R1W  |        0|   0|   0|    1|  4096|   64|     1|       262144|
    |p_ZL16NTTTwiddleFactor_9_2_U    |p_ZL16NTTTwiddleFactor_0_0_RAM_2P_URAM_1R1W  |        0|   0|   0|    1|  4096|   64|     1|       262144|
    |p_ZL16NTTTwiddleFactor_9_3_U    |p_ZL16NTTTwiddleFactor_0_0_RAM_2P_URAM_1R1W  |        0|   0|   0|    1|  4096|   64|     1|       262144|
    |p_ZL16NTTTwiddleFactor_10_0_U   |p_ZL16NTTTwiddleFactor_0_0_RAM_2P_URAM_1R1W  |        0|   0|   0|    1|  4096|   64|     1|       262144|
    |p_ZL16NTTTwiddleFactor_10_1_U   |p_ZL16NTTTwiddleFactor_0_0_RAM_2P_URAM_1R1W  |        0|   0|   0|    1|  4096|   64|     1|       262144|
    |p_ZL16NTTTwiddleFactor_10_2_U   |p_ZL16NTTTwiddleFactor_0_0_RAM_2P_URAM_1R1W  |        0|   0|   0|    1|  4096|   64|     1|       262144|
    |p_ZL16NTTTwiddleFactor_10_3_U   |p_ZL16NTTTwiddleFactor_0_0_RAM_2P_URAM_1R1W  |        0|   0|   0|    1|  4096|   64|     1|       262144|
    |p_ZL16NTTTwiddleFactor_11_0_U   |p_ZL16NTTTwiddleFactor_0_0_RAM_2P_URAM_1R1W  |        0|   0|   0|    1|  4096|   64|     1|       262144|
    |p_ZL16NTTTwiddleFactor_11_1_U   |p_ZL16NTTTwiddleFactor_0_0_RAM_2P_URAM_1R1W  |        0|   0|   0|    1|  4096|   64|     1|       262144|
    |p_ZL16NTTTwiddleFactor_11_2_U   |p_ZL16NTTTwiddleFactor_0_0_RAM_2P_URAM_1R1W  |        0|   0|   0|    1|  4096|   64|     1|       262144|
    |p_ZL16NTTTwiddleFactor_11_3_U   |p_ZL16NTTTwiddleFactor_0_0_RAM_2P_URAM_1R1W  |        0|   0|   0|    1|  4096|   64|     1|       262144|
    |p_ZL17INTTTwiddleFactor_0_0_U   |p_ZL16NTTTwiddleFactor_0_0_RAM_2P_URAM_1R1W  |        0|   0|   0|    1|  4096|   64|     1|       262144|
    |p_ZL17INTTTwiddleFactor_0_1_U   |p_ZL16NTTTwiddleFactor_0_0_RAM_2P_URAM_1R1W  |        0|   0|   0|    1|  4096|   64|     1|       262144|
    |p_ZL17INTTTwiddleFactor_0_2_U   |p_ZL16NTTTwiddleFactor_0_0_RAM_2P_URAM_1R1W  |        0|   0|   0|    1|  4096|   64|     1|       262144|
    |p_ZL17INTTTwiddleFactor_0_3_U   |p_ZL16NTTTwiddleFactor_0_0_RAM_2P_URAM_1R1W  |        0|   0|   0|    1|  4096|   64|     1|       262144|
    |p_ZL17INTTTwiddleFactor_1_0_U   |p_ZL16NTTTwiddleFactor_0_0_RAM_2P_URAM_1R1W  |        0|   0|   0|    1|  4096|   64|     1|       262144|
    |p_ZL17INTTTwiddleFactor_1_1_U   |p_ZL16NTTTwiddleFactor_0_0_RAM_2P_URAM_1R1W  |        0|   0|   0|    1|  4096|   64|     1|       262144|
    |p_ZL17INTTTwiddleFactor_1_2_U   |p_ZL16NTTTwiddleFactor_0_0_RAM_2P_URAM_1R1W  |        0|   0|   0|    1|  4096|   64|     1|       262144|
    |p_ZL17INTTTwiddleFactor_1_3_U   |p_ZL16NTTTwiddleFactor_0_0_RAM_2P_URAM_1R1W  |        0|   0|   0|    1|  4096|   64|     1|       262144|
    |p_ZL17INTTTwiddleFactor_2_0_U   |p_ZL16NTTTwiddleFactor_0_0_RAM_2P_URAM_1R1W  |        0|   0|   0|    1|  4096|   64|     1|       262144|
    |p_ZL17INTTTwiddleFactor_2_1_U   |p_ZL16NTTTwiddleFactor_0_0_RAM_2P_URAM_1R1W  |        0|   0|   0|    1|  4096|   64|     1|       262144|
    |p_ZL17INTTTwiddleFactor_2_2_U   |p_ZL16NTTTwiddleFactor_0_0_RAM_2P_URAM_1R1W  |        0|   0|   0|    1|  4096|   64|     1|       262144|
    |p_ZL17INTTTwiddleFactor_2_3_U   |p_ZL16NTTTwiddleFactor_0_0_RAM_2P_URAM_1R1W  |        0|   0|   0|    1|  4096|   64|     1|       262144|
    |p_ZL17INTTTwiddleFactor_3_0_U   |p_ZL16NTTTwiddleFactor_0_0_RAM_2P_URAM_1R1W  |        0|   0|   0|    1|  4096|   64|     1|       262144|
    |p_ZL17INTTTwiddleFactor_3_1_U   |p_ZL16NTTTwiddleFactor_0_0_RAM_2P_URAM_1R1W  |        0|   0|   0|    1|  4096|   64|     1|       262144|
    |p_ZL17INTTTwiddleFactor_3_2_U   |p_ZL16NTTTwiddleFactor_0_0_RAM_2P_URAM_1R1W  |        0|   0|   0|    1|  4096|   64|     1|       262144|
    |p_ZL17INTTTwiddleFactor_3_3_U   |p_ZL16NTTTwiddleFactor_0_0_RAM_2P_URAM_1R1W  |        0|   0|   0|    1|  4096|   64|     1|       262144|
    |p_ZL17INTTTwiddleFactor_4_0_U   |p_ZL16NTTTwiddleFactor_0_0_RAM_2P_URAM_1R1W  |        0|   0|   0|    1|  4096|   64|     1|       262144|
    |p_ZL17INTTTwiddleFactor_4_1_U   |p_ZL16NTTTwiddleFactor_0_0_RAM_2P_URAM_1R1W  |        0|   0|   0|    1|  4096|   64|     1|       262144|
    |p_ZL17INTTTwiddleFactor_4_2_U   |p_ZL16NTTTwiddleFactor_0_0_RAM_2P_URAM_1R1W  |        0|   0|   0|    1|  4096|   64|     1|       262144|
    |p_ZL17INTTTwiddleFactor_4_3_U   |p_ZL16NTTTwiddleFactor_0_0_RAM_2P_URAM_1R1W  |        0|   0|   0|    1|  4096|   64|     1|       262144|
    |p_ZL17INTTTwiddleFactor_5_0_U   |p_ZL16NTTTwiddleFactor_0_0_RAM_2P_URAM_1R1W  |        0|   0|   0|    1|  4096|   64|     1|       262144|
    |p_ZL17INTTTwiddleFactor_5_1_U   |p_ZL16NTTTwiddleFactor_0_0_RAM_2P_URAM_1R1W  |        0|   0|   0|    1|  4096|   64|     1|       262144|
    |p_ZL17INTTTwiddleFactor_5_2_U   |p_ZL16NTTTwiddleFactor_0_0_RAM_2P_URAM_1R1W  |        0|   0|   0|    1|  4096|   64|     1|       262144|
    |p_ZL17INTTTwiddleFactor_5_3_U   |p_ZL16NTTTwiddleFactor_0_0_RAM_2P_URAM_1R1W  |        0|   0|   0|    1|  4096|   64|     1|       262144|
    |p_ZL17INTTTwiddleFactor_6_0_U   |p_ZL16NTTTwiddleFactor_0_0_RAM_2P_URAM_1R1W  |        0|   0|   0|    1|  4096|   64|     1|       262144|
    |p_ZL17INTTTwiddleFactor_6_1_U   |p_ZL16NTTTwiddleFactor_0_0_RAM_2P_URAM_1R1W  |        0|   0|   0|    1|  4096|   64|     1|       262144|
    |p_ZL17INTTTwiddleFactor_6_2_U   |p_ZL16NTTTwiddleFactor_0_0_RAM_2P_URAM_1R1W  |        0|   0|   0|    1|  4096|   64|     1|       262144|
    |p_ZL17INTTTwiddleFactor_6_3_U   |p_ZL16NTTTwiddleFactor_0_0_RAM_2P_URAM_1R1W  |        0|   0|   0|    1|  4096|   64|     1|       262144|
    |p_ZL17INTTTwiddleFactor_7_0_U   |p_ZL16NTTTwiddleFactor_0_0_RAM_2P_URAM_1R1W  |        0|   0|   0|    1|  4096|   64|     1|       262144|
    |p_ZL17INTTTwiddleFactor_7_1_U   |p_ZL16NTTTwiddleFactor_0_0_RAM_2P_URAM_1R1W  |        0|   0|   0|    1|  4096|   64|     1|       262144|
    |p_ZL17INTTTwiddleFactor_7_2_U   |p_ZL16NTTTwiddleFactor_0_0_RAM_2P_URAM_1R1W  |        0|   0|   0|    1|  4096|   64|     1|       262144|
    |p_ZL17INTTTwiddleFactor_7_3_U   |p_ZL16NTTTwiddleFactor_0_0_RAM_2P_URAM_1R1W  |        0|   0|   0|    1|  4096|   64|     1|       262144|
    |p_ZL17INTTTwiddleFactor_8_0_U   |p_ZL16NTTTwiddleFactor_0_0_RAM_2P_URAM_1R1W  |        0|   0|   0|    1|  4096|   64|     1|       262144|
    |p_ZL17INTTTwiddleFactor_8_1_U   |p_ZL16NTTTwiddleFactor_0_0_RAM_2P_URAM_1R1W  |        0|   0|   0|    1|  4096|   64|     1|       262144|
    |p_ZL17INTTTwiddleFactor_8_2_U   |p_ZL16NTTTwiddleFactor_0_0_RAM_2P_URAM_1R1W  |        0|   0|   0|    1|  4096|   64|     1|       262144|
    |p_ZL17INTTTwiddleFactor_8_3_U   |p_ZL16NTTTwiddleFactor_0_0_RAM_2P_URAM_1R1W  |        0|   0|   0|    1|  4096|   64|     1|       262144|
    |p_ZL17INTTTwiddleFactor_9_0_U   |p_ZL16NTTTwiddleFactor_0_0_RAM_2P_URAM_1R1W  |        0|   0|   0|    1|  4096|   64|     1|       262144|
    |p_ZL17INTTTwiddleFactor_9_1_U   |p_ZL16NTTTwiddleFactor_0_0_RAM_2P_URAM_1R1W  |        0|   0|   0|    1|  4096|   64|     1|       262144|
    |p_ZL17INTTTwiddleFactor_9_2_U   |p_ZL16NTTTwiddleFactor_0_0_RAM_2P_URAM_1R1W  |        0|   0|   0|    1|  4096|   64|     1|       262144|
    |p_ZL17INTTTwiddleFactor_9_3_U   |p_ZL16NTTTwiddleFactor_0_0_RAM_2P_URAM_1R1W  |        0|   0|   0|    1|  4096|   64|     1|       262144|
    |p_ZL17INTTTwiddleFactor_10_0_U  |p_ZL16NTTTwiddleFactor_0_0_RAM_2P_URAM_1R1W  |        0|   0|   0|    1|  4096|   64|     1|       262144|
    |p_ZL17INTTTwiddleFactor_10_1_U  |p_ZL16NTTTwiddleFactor_0_0_RAM_2P_URAM_1R1W  |        0|   0|   0|    1|  4096|   64|     1|       262144|
    |p_ZL17INTTTwiddleFactor_10_2_U  |p_ZL16NTTTwiddleFactor_0_0_RAM_2P_URAM_1R1W  |        0|   0|   0|    1|  4096|   64|     1|       262144|
    |p_ZL17INTTTwiddleFactor_10_3_U  |p_ZL16NTTTwiddleFactor_0_0_RAM_2P_URAM_1R1W  |        0|   0|   0|    1|  4096|   64|     1|       262144|
    |p_ZL17INTTTwiddleFactor_11_0_U  |p_ZL16NTTTwiddleFactor_0_0_RAM_2P_URAM_1R1W  |        0|   0|   0|    1|  4096|   64|     1|       262144|
    |p_ZL17INTTTwiddleFactor_11_1_U  |p_ZL16NTTTwiddleFactor_0_0_RAM_2P_URAM_1R1W  |        0|   0|   0|    1|  4096|   64|     1|       262144|
    |p_ZL17INTTTwiddleFactor_11_2_U  |p_ZL16NTTTwiddleFactor_0_0_RAM_2P_URAM_1R1W  |        0|   0|   0|    1|  4096|   64|     1|       262144|
    |p_ZL17INTTTwiddleFactor_11_3_U  |p_ZL16NTTTwiddleFactor_0_0_RAM_2P_URAM_1R1W  |        0|   0|   0|    1|  4096|   64|     1|       262144|
    +--------------------------------+---------------------------------------------+---------+----+----+-----+------+-----+------+-------------+
    |Total                           |                                             |      352| 448| 615|   96|491574| 7616|   119|     31460736|
    +--------------------------------+---------------------------------------------+---------+----+----+-----+------+-----+------+-------------+

    * FIFO: 
    N/A

    * Expression: 
    +---------------------------------+----------+----+---+----+------------+------------+
    |          Variable Name          | Operation| DSP| FF| LUT| Bitwidth P0| Bitwidth P1|
    +---------------------------------+----------+----+---+----+------------+------------+
    |grp_fu_1123_p2                   |         +|   0|  0|  39|          32|          32|
    |sub_ln20_fu_1180_p2              |         -|   0|  0|  40|          33|          33|
    |sub_ln22_fu_1151_p2              |         -|   0|  0|  40|          33|          33|
    |grp_fu_1127_p2                   |      icmp|   0|  0|  39|          32|          32|
    |ap_block_state2_on_subcall_done  |        or|   0|  0|   2|           1|           1|
    |ap_block_state4_on_subcall_done  |        or|   0|  0|   2|           1|           1|
    |ap_block_state6_on_subcall_done  |        or|   0|  0|   2|           1|           1|
    |ap_predicate_pred4119_state4     |        or|   0|  0|   2|           1|           1|
    |empty_266_fu_1169_p3             |    select|   0|  0|  32|           1|          32|
    |empty_268_fu_1140_p3             |    select|   0|  0|  32|           1|          32|
    +---------------------------------+----------+----+---+----+------------+------------+
    |Total                            |          |   0|  0| 230|         136|         198|
    +---------------------------------+----------+----+---+----+------------+------------+

    * Multiplexer: 
    +------------------------------------+----+-----------+-----+-----------+
    |                Name                | LUT| Input Size| Bits| Total Bits|
    +------------------------------------+----+-----------+-----+-----------+
    |MODULUS_address0                    |  31|          6|    3|         18|
    |MODULUS_ce0                         |  31|          6|    1|          6|
    |MODULUS_we0                         |   9|          2|    1|          2|
    |M_address0                          |  20|          4|    3|         12|
    |M_ce0                               |  20|          4|    1|          4|
    |M_we0                               |   9|          2|    1|          2|
    |S_address0                          |  20|          4|    3|         12|
    |S_ce0                               |  20|          4|    1|          4|
    |S_we0                               |   9|          2|    1|          2|
    |ap_NS_fsm                           |  54|         10|    1|         10|
    |gmem0_ARADDR                        |  20|          4|   64|        256|
    |gmem0_ARLEN                         |  20|          4|   32|        128|
    |gmem0_ARVALID                       |  20|          4|    1|          4|
    |gmem0_RREADY                        |  20|          4|    1|          4|
    |gmem1_ARADDR                        |  26|          5|   64|        320|
    |gmem1_ARLEN                         |  26|          5|   32|        160|
    |gmem1_ARVALID                       |  26|          5|    1|          5|
    |gmem1_RREADY                        |  26|          5|    1|          5|
    |gmem2_AWADDR                        |  20|          4|   64|        256|
    |gmem2_AWLEN                         |  20|          4|   32|        128|
    |gmem2_AWVALID                       |  20|          4|    1|          4|
    |gmem2_BREADY                        |  20|          4|    1|          4|
    |gmem2_WDATA                         |  20|          4|  256|       1024|
    |gmem2_WSTRB                         |  20|          4|   32|        128|
    |gmem2_WVALID                        |  20|          4|    1|          4|
    |grp_Load_1_fu_404_mod_index         |  14|          3|   32|         96|
    |grp_Load_1_fu_404_num_active_limbs  |  14|          3|   32|         96|
    |grp_MultMod_1_fu_1385_S_val         |  14|          3|   64|        192|
    |grp_MultMod_1_fu_1385_a_val         |  14|          3|   64|        192|
    |grp_MultMod_1_fu_1385_b_val         |  14|          3|   64|        192|
    |grp_MultMod_1_fu_1385_m_val         |  14|          3|   64|        192|
    |grp_MultMod_1_fu_1385_mod_val       |  14|          3|   64|        192|
    |grp_MultMod_1_fu_1393_S_val         |  14|          3|   64|        192|
    |grp_MultMod_1_fu_1393_a_val         |  14|          3|   64|        192|
    |grp_MultMod_1_fu_1393_b_val         |  14|          3|   64|        192|
    |grp_MultMod_1_fu_1393_m_val         |  14|          3|   64|        192|
    |grp_MultMod_1_fu_1393_mod_val       |  14|          3|   64|        192|
    |grp_MultMod_1_fu_1401_S_val         |  14|          3|   64|        192|
    |grp_MultMod_1_fu_1401_a_val         |  14|          3|   64|        192|
    |grp_MultMod_1_fu_1401_b_val         |  14|          3|   64|        192|
    |grp_MultMod_1_fu_1401_m_val         |  14|          3|   64|        192|
    |grp_MultMod_1_fu_1401_mod_val       |  14|          3|   64|        192|
    |grp_MultMod_1_fu_1409_S_val         |  14|          3|   64|        192|
    |grp_MultMod_1_fu_1409_a_val         |  14|          3|   64|        192|
    |grp_MultMod_1_fu_1409_b_val         |  14|          3|   64|        192|
    |grp_MultMod_1_fu_1409_m_val         |  14|          3|   64|        192|
    |grp_MultMod_1_fu_1409_mod_val       |  14|          3|   64|        192|
    |grp_MultMod_fu_1265_S_val           |  14|          3|   64|        192|
    |grp_MultMod_fu_1265_a_val           |  14|          3|   64|        192|
    |grp_MultMod_fu_1265_b_val           |  14|          3|   64|        192|
    |grp_MultMod_fu_1265_m_val           |  14|          3|   64|        192|
    |grp_MultMod_fu_1265_mod_val         |  14|          3|   64|        192|
    |grp_MultMod_fu_1273_S_val           |  14|          3|   64|        192|
    |grp_MultMod_fu_1273_a_val           |  14|          3|   64|        192|
    |grp_MultMod_fu_1273_b_val           |  14|          3|   64|        192|
    |grp_MultMod_fu_1273_m_val           |  14|          3|   64|        192|
    |grp_MultMod_fu_1273_mod_val         |  14|          3|   64|        192|
    |grp_MultMod_fu_1281_S_val           |  14|          3|   64|        192|
    |grp_MultMod_fu_1281_a_val           |  14|          3|   64|        192|
    |grp_MultMod_fu_1281_b_val           |  14|          3|   64|        192|
    |grp_MultMod_fu_1281_m_val           |  14|          3|   64|        192|
    |grp_MultMod_fu_1281_mod_val         |  14|          3|   64|        192|
    |grp_MultMod_fu_1289_S_val           |  14|          3|   64|        192|
    |grp_MultMod_fu_1289_a_val           |  14|          3|   64|        192|
    |grp_MultMod_fu_1289_b_val           |  14|          3|   64|        192|
    |grp_MultMod_fu_1289_m_val           |  14|          3|   64|        192|
    |grp_MultMod_fu_1289_mod_val         |  14|          3|   64|        192|
    |grp_MultMod_fu_1297_S_val           |  14|          3|   64|        192|
    |grp_MultMod_fu_1297_a_val           |  14|          3|   64|        192|
    |grp_MultMod_fu_1297_b_val           |  14|          3|   64|        192|
    |grp_MultMod_fu_1297_m_val           |  14|          3|   64|        192|
    |grp_MultMod_fu_1297_mod_val         |  14|          3|   64|        192|
    |grp_MultMod_fu_1305_S_val           |  14|          3|   64|        192|
    |grp_MultMod_fu_1305_a_val           |  14|          3|   64|        192|
    |grp_MultMod_fu_1305_b_val           |  14|          3|   64|        192|
    |grp_MultMod_fu_1305_m_val           |  14|          3|   64|        192|
    |grp_MultMod_fu_1305_mod_val         |  14|          3|   64|        192|
    |grp_MultMod_fu_1313_S_val           |  14|          3|   64|        192|
    |grp_MultMod_fu_1313_a_val           |  14|          3|   64|        192|
    |grp_MultMod_fu_1313_b_val           |  14|          3|   64|        192|
    |grp_MultMod_fu_1313_m_val           |  14|          3|   64|        192|
    |grp_MultMod_fu_1313_mod_val         |  14|          3|   64|        192|
    |grp_MultMod_fu_1321_S_val           |  14|          3|   64|        192|
    |grp_MultMod_fu_1321_a_val           |  14|          3|   64|        192|
    |grp_MultMod_fu_1321_b_val           |  14|          3|   64|        192|
    |grp_MultMod_fu_1321_m_val           |  14|          3|   64|        192|
    |grp_MultMod_fu_1321_mod_val         |  14|          3|   64|        192|
    |grp_MultMod_fu_1329_S_val           |  14|          3|   64|        192|
    |grp_MultMod_fu_1329_a_val           |  14|          3|   64|        192|
    |grp_MultMod_fu_1329_b_val           |  14|          3|   64|        192|
    |grp_MultMod_fu_1329_m_val           |  14|          3|   64|        192|
    |grp_MultMod_fu_1329_mod_val         |  14|          3|   64|        192|
    |grp_MultMod_fu_1337_S_val           |  14|          3|   64|        192|
    |grp_MultMod_fu_1337_a_val           |  14|          3|   64|        192|
    |grp_MultMod_fu_1337_b_val           |  14|          3|   64|        192|
    |grp_MultMod_fu_1337_m_val           |  14|          3|   64|        192|
    |grp_MultMod_fu_1337_mod_val         |  14|          3|   64|        192|
    |grp_MultMod_fu_1345_S_val           |  14|          3|   64|        192|
    |grp_MultMod_fu_1345_a_val           |  14|          3|   64|        192|
    |grp_MultMod_fu_1345_b_val           |  14|          3|   64|        192|
    |grp_MultMod_fu_1345_m_val           |  14|          3|   64|        192|
    |grp_MultMod_fu_1345_mod_val         |  14|          3|   64|        192|
    |grp_MultMod_fu_1353_S_val           |  14|          3|   64|        192|
    |grp_MultMod_fu_1353_a_val           |  14|          3|   64|        192|
    |grp_MultMod_fu_1353_b_val           |  14|          3|   64|        192|
    |grp_MultMod_fu_1353_m_val           |  14|          3|   64|        192|
    |grp_MultMod_fu_1353_mod_val         |  14|          3|   64|        192|
    |grp_MultMod_fu_1361_S_val           |  14|          3|   64|        192|
    |grp_MultMod_fu_1361_a_val           |  14|          3|   64|        192|
    |grp_MultMod_fu_1361_b_val           |  14|          3|   64|        192|
    |grp_MultMod_fu_1361_m_val           |  14|          3|   64|        192|
    |grp_MultMod_fu_1361_mod_val         |  14|          3|   64|        192|
    |grp_MultMod_fu_1369_S_val           |  14|          3|   64|        192|
    |grp_MultMod_fu_1369_a_val           |  14|          3|   64|        192|
    |grp_MultMod_fu_1369_b_val           |  14|          3|   64|        192|
    |grp_MultMod_fu_1369_m_val           |  14|          3|   64|        192|
    |grp_MultMod_fu_1369_mod_val         |  14|          3|   64|        192|
    |grp_MultMod_fu_1377_S_val           |  14|          3|   64|        192|
    |grp_MultMod_fu_1377_a_val           |  14|          3|   64|        192|
    |grp_MultMod_fu_1377_b_val           |  14|          3|   64|        192|
    |grp_MultMod_fu_1377_m_val           |  14|          3|   64|        192|
    |grp_MultMod_fu_1377_mod_val         |  14|          3|   64|        192|
    |in_w_address0                       |  14|          3|    4|         12|
    |in_w_ce0                            |  14|          3|    1|          3|
    |in_w_we0                            |   9|          2|    1|          2|
    |out_S_address0                      |  14|          3|    3|          9|
    |out_S_ce0                           |  14|          3|    1|          3|
    |out_S_we0                           |   9|          2|    1|          2|
    |out_m_barrett_address0              |  14|          3|    3|          9|
    |out_m_barrett_ce0                   |  14|          3|    1|          3|
    |out_m_barrett_we0                   |   9|          2|    1|          2|
    |out_mod_address0                    |  14|          3|    3|          9|
    |out_mod_ce0                         |  14|          3|    1|          3|
    |out_mod_we0                         |   9|          2|    1|          2|
    |p_ZL13poly_buffer_1_0_address0      |  37|          7|   12|         84|
    |p_ZL13poly_buffer_1_0_address1      |  20|          4|   12|         48|
    |p_ZL13poly_buffer_1_0_ce0           |  37|          7|    1|          7|
    |p_ZL13poly_buffer_1_0_ce1           |  20|          4|    1|          4|
    |p_ZL13poly_buffer_1_0_d1            |  20|          4|   64|        256|
    |p_ZL13poly_buffer_1_0_we1           |  20|          4|    1|          4|
    |p_ZL13poly_buffer_1_1_address0      |  37|          7|   12|         84|
    |p_ZL13poly_buffer_1_1_address1      |  20|          4|   12|         48|
    |p_ZL13poly_buffer_1_1_ce0           |  37|          7|    1|          7|
    |p_ZL13poly_buffer_1_1_ce1           |  20|          4|    1|          4|
    |p_ZL13poly_buffer_1_1_d1            |  20|          4|   64|        256|
    |p_ZL13poly_buffer_1_1_we1           |  20|          4|    1|          4|
    |p_ZL13poly_buffer_1_2_address0      |  37|          7|   12|         84|
    |p_ZL13poly_buffer_1_2_address1      |  20|          4|   12|         48|
    |p_ZL13poly_buffer_1_2_ce0           |  37|          7|    1|          7|
    |p_ZL13poly_buffer_1_2_ce1           |  20|          4|    1|          4|
    |p_ZL13poly_buffer_1_2_d1            |  20|          4|   64|        256|
    |p_ZL13poly_buffer_1_2_we1           |  20|          4|    1|          4|
    |p_ZL13poly_buffer_1_3_address0      |  37|          7|   12|         84|
    |p_ZL13poly_buffer_1_3_address1      |  20|          4|   12|         48|
    |p_ZL13poly_buffer_1_3_ce0           |  37|          7|    1|          7|
    |p_ZL13poly_buffer_1_3_ce1           |  20|          4|    1|          4|
    |p_ZL13poly_buffer_1_3_d1            |  20|          4|   64|        256|
    |p_ZL13poly_buffer_1_3_we1           |  20|          4|    1|          4|
    |p_ZL13poly_buffer_1_4_address0      |  37|          7|   12|         84|
    |p_ZL13poly_buffer_1_4_address1      |  20|          4|   12|         48|
    |p_ZL13poly_buffer_1_4_ce0           |  37|          7|    1|          7|
    |p_ZL13poly_buffer_1_4_ce1           |  20|          4|    1|          4|
    |p_ZL13poly_buffer_1_4_d1            |  20|          4|   64|        256|
    |p_ZL13poly_buffer_1_4_we1           |  20|          4|    1|          4|
    |p_ZL13poly_buffer_1_5_address0      |  37|          7|   12|         84|
    |p_ZL13poly_buffer_1_5_address1      |  20|          4|   12|         48|
    |p_ZL13poly_buffer_1_5_ce0           |  37|          7|    1|          7|
    |p_ZL13poly_buffer_1_5_ce1           |  20|          4|    1|          4|
    |p_ZL13poly_buffer_1_5_d1            |  20|          4|   64|        256|
    |p_ZL13poly_buffer_1_5_we1           |  20|          4|    1|          4|
    |p_ZL13poly_buffer_1_6_address0      |  37|          7|   12|         84|
    |p_ZL13poly_buffer_1_6_address1      |  20|          4|   12|         48|
    |p_ZL13poly_buffer_1_6_ce0           |  37|          7|    1|          7|
    |p_ZL13poly_buffer_1_6_ce1           |  20|          4|    1|          4|
    |p_ZL13poly_buffer_1_6_d1            |  20|          4|   64|        256|
    |p_ZL13poly_buffer_1_6_we1           |  20|          4|    1|          4|
    |p_ZL13poly_buffer_1_7_address0      |  37|          7|   12|         84|
    |p_ZL13poly_buffer_1_7_address1      |  20|          4|   12|         48|
    |p_ZL13poly_buffer_1_7_ce0           |  37|          7|    1|          7|
    |p_ZL13poly_buffer_1_7_ce1           |  20|          4|    1|          4|
    |p_ZL13poly_buffer_1_7_d1            |  20|          4|   64|        256|
    |p_ZL13poly_buffer_1_7_we1           |  20|          4|    1|          4|
    |p_ZL13poly_buffer_2_0_address0      |  26|          5|   13|         65|
    |p_ZL13poly_buffer_2_0_address1      |  14|          3|   13|         39|
    |p_ZL13poly_buffer_2_0_ce0           |  26|          5|    1|          5|
    |p_ZL13poly_buffer_2_0_ce1           |  14|          3|    1|          3|
    |p_ZL13poly_buffer_2_0_d1            |  14|          3|   64|        192|
    |p_ZL13poly_buffer_2_0_we1           |  14|          3|    1|          3|
    |p_ZL13poly_buffer_2_1_address0      |  26|          5|   13|         65|
    |p_ZL13poly_buffer_2_1_address1      |  14|          3|   13|         39|
    |p_ZL13poly_buffer_2_1_ce0           |  26|          5|    1|          5|
    |p_ZL13poly_buffer_2_1_ce1           |  14|          3|    1|          3|
    |p_ZL13poly_buffer_2_1_d1            |  14|          3|   64|        192|
    |p_ZL13poly_buffer_2_1_we1           |  14|          3|    1|          3|
    |p_ZL13poly_buffer_2_2_address0      |  26|          5|   13|         65|
    |p_ZL13poly_buffer_2_2_address1      |  14|          3|   13|         39|
    |p_ZL13poly_buffer_2_2_ce0           |  26|          5|    1|          5|
    |p_ZL13poly_buffer_2_2_ce1           |  14|          3|    1|          3|
    |p_ZL13poly_buffer_2_2_d1            |  14|          3|   64|        192|
    |p_ZL13poly_buffer_2_2_we1           |  14|          3|    1|          3|
    |p_ZL13poly_buffer_2_3_address0      |  26|          5|   13|         65|
    |p_ZL13poly_buffer_2_3_address1      |  14|          3|   13|         39|
    |p_ZL13poly_buffer_2_3_ce0           |  26|          5|    1|          5|
    |p_ZL13poly_buffer_2_3_ce1           |  14|          3|    1|          3|
    |p_ZL13poly_buffer_2_3_d1            |  14|          3|   64|        192|
    |p_ZL13poly_buffer_2_3_we1           |  14|          3|    1|          3|
    |p_ZL13result_buffer_0_address0      |  14|          3|   13|         39|
    |p_ZL13result_buffer_0_address1      |  26|          5|   13|         65|
    |p_ZL13result_buffer_0_ce0           |  14|          3|    1|          3|
    |p_ZL13result_buffer_0_ce1           |  26|          5|    1|          5|
    |p_ZL13result_buffer_0_d1            |  26|          5|   64|        320|
    |p_ZL13result_buffer_0_we1           |  26|          5|    1|          5|
    |p_ZL13result_buffer_1_address0      |  14|          3|   13|         39|
    |p_ZL13result_buffer_1_address1      |  26|          5|   13|         65|
    |p_ZL13result_buffer_1_ce0           |  14|          3|    1|          3|
    |p_ZL13result_buffer_1_ce1           |  26|          5|    1|          5|
    |p_ZL13result_buffer_1_d1            |  26|          5|   64|        320|
    |p_ZL13result_buffer_1_we1           |  26|          5|    1|          5|
    |p_ZL13result_buffer_2_address0      |  14|          3|   13|         39|
    |p_ZL13result_buffer_2_address1      |  26|          5|   13|         65|
    |p_ZL13result_buffer_2_ce0           |  14|          3|    1|          3|
    |p_ZL13result_buffer_2_ce1           |  26|          5|    1|          5|
    |p_ZL13result_buffer_2_d1            |  26|          5|   64|        320|
    |p_ZL13result_buffer_2_we1           |  26|          5|    1|          5|
    |p_ZL13result_buffer_3_address0      |  14|          3|   13|         39|
    |p_ZL13result_buffer_3_address1      |  26|          5|   13|         65|
    |p_ZL13result_buffer_3_ce0           |  14|          3|    1|          3|
    |p_ZL13result_buffer_3_ce1           |  26|          5|    1|          5|
    |p_ZL13result_buffer_3_d1            |  26|          5|   64|        320|
    |p_ZL13result_buffer_3_we1           |  26|          5|    1|          5|
    |p_ZL16NTTTwiddleFactor_0_0_ce0      |   9|          2|    1|          2|
    |p_ZL16NTTTwiddleFactor_0_0_ce1      |   9|          2|    1|          2|
    |p_ZL16NTTTwiddleFactor_0_0_we1      |   9|          2|    1|          2|
    |p_ZL16NTTTwiddleFactor_0_1_ce0      |   9|          2|    1|          2|
    |p_ZL16NTTTwiddleFactor_0_1_ce1      |   9|          2|    1|          2|
    |p_ZL16NTTTwiddleFactor_0_1_we1      |   9|          2|    1|          2|
    |p_ZL16NTTTwiddleFactor_0_2_ce0      |   9|          2|    1|          2|
    |p_ZL16NTTTwiddleFactor_0_2_ce1      |   9|          2|    1|          2|
    |p_ZL16NTTTwiddleFactor_0_2_we1      |   9|          2|    1|          2|
    |p_ZL16NTTTwiddleFactor_0_3_ce0      |   9|          2|    1|          2|
    |p_ZL16NTTTwiddleFactor_0_3_ce1      |   9|          2|    1|          2|
    |p_ZL16NTTTwiddleFactor_0_3_we1      |   9|          2|    1|          2|
    |p_ZL16NTTTwiddleFactor_10_0_ce0     |   9|          2|    1|          2|
    |p_ZL16NTTTwiddleFactor_10_0_ce1     |   9|          2|    1|          2|
    |p_ZL16NTTTwiddleFactor_10_0_we1     |   9|          2|    1|          2|
    |p_ZL16NTTTwiddleFactor_10_1_ce0     |   9|          2|    1|          2|
    |p_ZL16NTTTwiddleFactor_10_1_ce1     |   9|          2|    1|          2|
    |p_ZL16NTTTwiddleFactor_10_1_we1     |   9|          2|    1|          2|
    |p_ZL16NTTTwiddleFactor_10_2_ce0     |   9|          2|    1|          2|
    |p_ZL16NTTTwiddleFactor_10_2_ce1     |   9|          2|    1|          2|
    |p_ZL16NTTTwiddleFactor_10_2_we1     |   9|          2|    1|          2|
    |p_ZL16NTTTwiddleFactor_10_3_ce0     |   9|          2|    1|          2|
    |p_ZL16NTTTwiddleFactor_10_3_ce1     |   9|          2|    1|          2|
    |p_ZL16NTTTwiddleFactor_10_3_we1     |   9|          2|    1|          2|
    |p_ZL16NTTTwiddleFactor_11_0_ce0     |   9|          2|    1|          2|
    |p_ZL16NTTTwiddleFactor_11_0_ce1     |   9|          2|    1|          2|
    |p_ZL16NTTTwiddleFactor_11_0_we1     |   9|          2|    1|          2|
    |p_ZL16NTTTwiddleFactor_11_1_ce0     |   9|          2|    1|          2|
    |p_ZL16NTTTwiddleFactor_11_1_ce1     |   9|          2|    1|          2|
    |p_ZL16NTTTwiddleFactor_11_1_we1     |   9|          2|    1|          2|
    |p_ZL16NTTTwiddleFactor_11_2_ce0     |   9|          2|    1|          2|
    |p_ZL16NTTTwiddleFactor_11_2_ce1     |   9|          2|    1|          2|
    |p_ZL16NTTTwiddleFactor_11_2_we1     |   9|          2|    1|          2|
    |p_ZL16NTTTwiddleFactor_11_3_ce0     |   9|          2|    1|          2|
    |p_ZL16NTTTwiddleFactor_11_3_ce1     |   9|          2|    1|          2|
    |p_ZL16NTTTwiddleFactor_11_3_we1     |   9|          2|    1|          2|
    |p_ZL16NTTTwiddleFactor_1_0_ce0      |   9|          2|    1|          2|
    |p_ZL16NTTTwiddleFactor_1_0_ce1      |   9|          2|    1|          2|
    |p_ZL16NTTTwiddleFactor_1_0_we1      |   9|          2|    1|          2|
    |p_ZL16NTTTwiddleFactor_1_1_ce0      |   9|          2|    1|          2|
    |p_ZL16NTTTwiddleFactor_1_1_ce1      |   9|          2|    1|          2|
    |p_ZL16NTTTwiddleFactor_1_1_we1      |   9|          2|    1|          2|
    |p_ZL16NTTTwiddleFactor_1_2_ce0      |   9|          2|    1|          2|
    |p_ZL16NTTTwiddleFactor_1_2_ce1      |   9|          2|    1|          2|
    |p_ZL16NTTTwiddleFactor_1_2_we1      |   9|          2|    1|          2|
    |p_ZL16NTTTwiddleFactor_1_3_ce0      |   9|          2|    1|          2|
    |p_ZL16NTTTwiddleFactor_1_3_ce1      |   9|          2|    1|          2|
    |p_ZL16NTTTwiddleFactor_1_3_we1      |   9|          2|    1|          2|
    |p_ZL16NTTTwiddleFactor_2_0_ce0      |   9|          2|    1|          2|
    |p_ZL16NTTTwiddleFactor_2_0_ce1      |   9|          2|    1|          2|
    |p_ZL16NTTTwiddleFactor_2_0_we1      |   9|          2|    1|          2|
    |p_ZL16NTTTwiddleFactor_2_1_ce0      |   9|          2|    1|          2|
    |p_ZL16NTTTwiddleFactor_2_1_ce1      |   9|          2|    1|          2|
    |p_ZL16NTTTwiddleFactor_2_1_we1      |   9|          2|    1|          2|
    |p_ZL16NTTTwiddleFactor_2_2_ce0      |   9|          2|    1|          2|
    |p_ZL16NTTTwiddleFactor_2_2_ce1      |   9|          2|    1|          2|
    |p_ZL16NTTTwiddleFactor_2_2_we1      |   9|          2|    1|          2|
    |p_ZL16NTTTwiddleFactor_2_3_ce0      |   9|          2|    1|          2|
    |p_ZL16NTTTwiddleFactor_2_3_ce1      |   9|          2|    1|          2|
    |p_ZL16NTTTwiddleFactor_2_3_we1      |   9|          2|    1|          2|
    |p_ZL16NTTTwiddleFactor_3_0_ce0      |   9|          2|    1|          2|
    |p_ZL16NTTTwiddleFactor_3_0_ce1      |   9|          2|    1|          2|
    |p_ZL16NTTTwiddleFactor_3_0_we1      |   9|          2|    1|          2|
    |p_ZL16NTTTwiddleFactor_3_1_ce0      |   9|          2|    1|          2|
    |p_ZL16NTTTwiddleFactor_3_1_ce1      |   9|          2|    1|          2|
    |p_ZL16NTTTwiddleFactor_3_1_we1      |   9|          2|    1|          2|
    |p_ZL16NTTTwiddleFactor_3_2_ce0      |   9|          2|    1|          2|
    |p_ZL16NTTTwiddleFactor_3_2_ce1      |   9|          2|    1|          2|
    |p_ZL16NTTTwiddleFactor_3_2_we1      |   9|          2|    1|          2|
    |p_ZL16NTTTwiddleFactor_3_3_ce0      |   9|          2|    1|          2|
    |p_ZL16NTTTwiddleFactor_3_3_ce1      |   9|          2|    1|          2|
    |p_ZL16NTTTwiddleFactor_3_3_we1      |   9|          2|    1|          2|
    |p_ZL16NTTTwiddleFactor_4_0_ce0      |   9|          2|    1|          2|
    |p_ZL16NTTTwiddleFactor_4_0_ce1      |   9|          2|    1|          2|
    |p_ZL16NTTTwiddleFactor_4_0_we1      |   9|          2|    1|          2|
    |p_ZL16NTTTwiddleFactor_4_1_ce0      |   9|          2|    1|          2|
    |p_ZL16NTTTwiddleFactor_4_1_ce1      |   9|          2|    1|          2|
    |p_ZL16NTTTwiddleFactor_4_1_we1      |   9|          2|    1|          2|
    |p_ZL16NTTTwiddleFactor_4_2_ce0      |   9|          2|    1|          2|
    |p_ZL16NTTTwiddleFactor_4_2_ce1      |   9|          2|    1|          2|
    |p_ZL16NTTTwiddleFactor_4_2_we1      |   9|          2|    1|          2|
    |p_ZL16NTTTwiddleFactor_4_3_ce0      |   9|          2|    1|          2|
    |p_ZL16NTTTwiddleFactor_4_3_ce1      |   9|          2|    1|          2|
    |p_ZL16NTTTwiddleFactor_4_3_we1      |   9|          2|    1|          2|
    |p_ZL16NTTTwiddleFactor_5_0_ce0      |   9|          2|    1|          2|
    |p_ZL16NTTTwiddleFactor_5_0_ce1      |   9|          2|    1|          2|
    |p_ZL16NTTTwiddleFactor_5_0_we1      |   9|          2|    1|          2|
    |p_ZL16NTTTwiddleFactor_5_1_ce0      |   9|          2|    1|          2|
    |p_ZL16NTTTwiddleFactor_5_1_ce1      |   9|          2|    1|          2|
    |p_ZL16NTTTwiddleFactor_5_1_we1      |   9|          2|    1|          2|
    |p_ZL16NTTTwiddleFactor_5_2_ce0      |   9|          2|    1|          2|
    |p_ZL16NTTTwiddleFactor_5_2_ce1      |   9|          2|    1|          2|
    |p_ZL16NTTTwiddleFactor_5_2_we1      |   9|          2|    1|          2|
    |p_ZL16NTTTwiddleFactor_5_3_ce0      |   9|          2|    1|          2|
    |p_ZL16NTTTwiddleFactor_5_3_ce1      |   9|          2|    1|          2|
    |p_ZL16NTTTwiddleFactor_5_3_we1      |   9|          2|    1|          2|
    |p_ZL16NTTTwiddleFactor_6_0_ce0      |   9|          2|    1|          2|
    |p_ZL16NTTTwiddleFactor_6_0_ce1      |   9|          2|    1|          2|
    |p_ZL16NTTTwiddleFactor_6_0_we1      |   9|          2|    1|          2|
    |p_ZL16NTTTwiddleFactor_6_1_ce0      |   9|          2|    1|          2|
    |p_ZL16NTTTwiddleFactor_6_1_ce1      |   9|          2|    1|          2|
    |p_ZL16NTTTwiddleFactor_6_1_we1      |   9|          2|    1|          2|
    |p_ZL16NTTTwiddleFactor_6_2_ce0      |   9|          2|    1|          2|
    |p_ZL16NTTTwiddleFactor_6_2_ce1      |   9|          2|    1|          2|
    |p_ZL16NTTTwiddleFactor_6_2_we1      |   9|          2|    1|          2|
    |p_ZL16NTTTwiddleFactor_6_3_ce0      |   9|          2|    1|          2|
    |p_ZL16NTTTwiddleFactor_6_3_ce1      |   9|          2|    1|          2|
    |p_ZL16NTTTwiddleFactor_6_3_we1      |   9|          2|    1|          2|
    |p_ZL16NTTTwiddleFactor_7_0_ce0      |   9|          2|    1|          2|
    |p_ZL16NTTTwiddleFactor_7_0_ce1      |   9|          2|    1|          2|
    |p_ZL16NTTTwiddleFactor_7_0_we1      |   9|          2|    1|          2|
    |p_ZL16NTTTwiddleFactor_7_1_ce0      |   9|          2|    1|          2|
    |p_ZL16NTTTwiddleFactor_7_1_ce1      |   9|          2|    1|          2|
    |p_ZL16NTTTwiddleFactor_7_1_we1      |   9|          2|    1|          2|
    |p_ZL16NTTTwiddleFactor_7_2_ce0      |   9|          2|    1|          2|
    |p_ZL16NTTTwiddleFactor_7_2_ce1      |   9|          2|    1|          2|
    |p_ZL16NTTTwiddleFactor_7_2_we1      |   9|          2|    1|          2|
    |p_ZL16NTTTwiddleFactor_7_3_ce0      |   9|          2|    1|          2|
    |p_ZL16NTTTwiddleFactor_7_3_ce1      |   9|          2|    1|          2|
    |p_ZL16NTTTwiddleFactor_7_3_we1      |   9|          2|    1|          2|
    |p_ZL16NTTTwiddleFactor_8_0_ce0      |   9|          2|    1|          2|
    |p_ZL16NTTTwiddleFactor_8_0_ce1      |   9|          2|    1|          2|
    |p_ZL16NTTTwiddleFactor_8_0_we1      |   9|          2|    1|          2|
    |p_ZL16NTTTwiddleFactor_8_1_ce0      |   9|          2|    1|          2|
    |p_ZL16NTTTwiddleFactor_8_1_ce1      |   9|          2|    1|          2|
    |p_ZL16NTTTwiddleFactor_8_1_we1      |   9|          2|    1|          2|
    |p_ZL16NTTTwiddleFactor_8_2_ce0      |   9|          2|    1|          2|
    |p_ZL16NTTTwiddleFactor_8_2_ce1      |   9|          2|    1|          2|
    |p_ZL16NTTTwiddleFactor_8_2_we1      |   9|          2|    1|          2|
    |p_ZL16NTTTwiddleFactor_8_3_ce0      |   9|          2|    1|          2|
    |p_ZL16NTTTwiddleFactor_8_3_ce1      |   9|          2|    1|          2|
    |p_ZL16NTTTwiddleFactor_8_3_we1      |   9|          2|    1|          2|
    |p_ZL16NTTTwiddleFactor_9_0_ce0      |   9|          2|    1|          2|
    |p_ZL16NTTTwiddleFactor_9_0_ce1      |   9|          2|    1|          2|
    |p_ZL16NTTTwiddleFactor_9_0_we1      |   9|          2|    1|          2|
    |p_ZL16NTTTwiddleFactor_9_1_ce0      |   9|          2|    1|          2|
    |p_ZL16NTTTwiddleFactor_9_1_ce1      |   9|          2|    1|          2|
    |p_ZL16NTTTwiddleFactor_9_1_we1      |   9|          2|    1|          2|
    |p_ZL16NTTTwiddleFactor_9_2_ce0      |   9|          2|    1|          2|
    |p_ZL16NTTTwiddleFactor_9_2_ce1      |   9|          2|    1|          2|
    |p_ZL16NTTTwiddleFactor_9_2_we1      |   9|          2|    1|          2|
    |p_ZL16NTTTwiddleFactor_9_3_ce0      |   9|          2|    1|          2|
    |p_ZL16NTTTwiddleFactor_9_3_ce1      |   9|          2|    1|          2|
    |p_ZL16NTTTwiddleFactor_9_3_we1      |   9|          2|    1|          2|
    |p_ZL17INTTTwiddleFactor_0_0_ce0     |   9|          2|    1|          2|
    |p_ZL17INTTTwiddleFactor_0_0_ce1     |   9|          2|    1|          2|
    |p_ZL17INTTTwiddleFactor_0_0_we1     |   9|          2|    1|          2|
    |p_ZL17INTTTwiddleFactor_0_1_ce0     |   9|          2|    1|          2|
    |p_ZL17INTTTwiddleFactor_0_1_ce1     |   9|          2|    1|          2|
    |p_ZL17INTTTwiddleFactor_0_1_we1     |   9|          2|    1|          2|
    |p_ZL17INTTTwiddleFactor_0_2_ce0     |   9|          2|    1|          2|
    |p_ZL17INTTTwiddleFactor_0_2_ce1     |   9|          2|    1|          2|
    |p_ZL17INTTTwiddleFactor_0_2_we1     |   9|          2|    1|          2|
    |p_ZL17INTTTwiddleFactor_0_3_ce0     |   9|          2|    1|          2|
    |p_ZL17INTTTwiddleFactor_0_3_ce1     |   9|          2|    1|          2|
    |p_ZL17INTTTwiddleFactor_0_3_we1     |   9|          2|    1|          2|
    |p_ZL17INTTTwiddleFactor_10_0_ce0    |   9|          2|    1|          2|
    |p_ZL17INTTTwiddleFactor_10_0_ce1    |   9|          2|    1|          2|
    |p_ZL17INTTTwiddleFactor_10_0_we1    |   9|          2|    1|          2|
    |p_ZL17INTTTwiddleFactor_10_1_ce0    |   9|          2|    1|          2|
    |p_ZL17INTTTwiddleFactor_10_1_ce1    |   9|          2|    1|          2|
    |p_ZL17INTTTwiddleFactor_10_1_we1    |   9|          2|    1|          2|
    |p_ZL17INTTTwiddleFactor_10_2_ce0    |   9|          2|    1|          2|
    |p_ZL17INTTTwiddleFactor_10_2_ce1    |   9|          2|    1|          2|
    |p_ZL17INTTTwiddleFactor_10_2_we1    |   9|          2|    1|          2|
    |p_ZL17INTTTwiddleFactor_10_3_ce0    |   9|          2|    1|          2|
    |p_ZL17INTTTwiddleFactor_10_3_ce1    |   9|          2|    1|          2|
    |p_ZL17INTTTwiddleFactor_10_3_we1    |   9|          2|    1|          2|
    |p_ZL17INTTTwiddleFactor_11_0_ce0    |   9|          2|    1|          2|
    |p_ZL17INTTTwiddleFactor_11_0_ce1    |   9|          2|    1|          2|
    |p_ZL17INTTTwiddleFactor_11_0_we1    |   9|          2|    1|          2|
    |p_ZL17INTTTwiddleFactor_11_1_ce0    |   9|          2|    1|          2|
    |p_ZL17INTTTwiddleFactor_11_1_ce1    |   9|          2|    1|          2|
    |p_ZL17INTTTwiddleFactor_11_1_we1    |   9|          2|    1|          2|
    |p_ZL17INTTTwiddleFactor_11_2_ce0    |   9|          2|    1|          2|
    |p_ZL17INTTTwiddleFactor_11_2_ce1    |   9|          2|    1|          2|
    |p_ZL17INTTTwiddleFactor_11_2_we1    |   9|          2|    1|          2|
    |p_ZL17INTTTwiddleFactor_11_3_ce0    |   9|          2|    1|          2|
    |p_ZL17INTTTwiddleFactor_11_3_ce1    |   9|          2|    1|          2|
    |p_ZL17INTTTwiddleFactor_11_3_we1    |   9|          2|    1|          2|
    |p_ZL17INTTTwiddleFactor_1_0_ce0     |   9|          2|    1|          2|
    |p_ZL17INTTTwiddleFactor_1_0_ce1     |   9|          2|    1|          2|
    |p_ZL17INTTTwiddleFactor_1_0_we1     |   9|          2|    1|          2|
    |p_ZL17INTTTwiddleFactor_1_1_ce0     |   9|          2|    1|          2|
    |p_ZL17INTTTwiddleFactor_1_1_ce1     |   9|          2|    1|          2|
    |p_ZL17INTTTwiddleFactor_1_1_we1     |   9|          2|    1|          2|
    |p_ZL17INTTTwiddleFactor_1_2_ce0     |   9|          2|    1|          2|
    |p_ZL17INTTTwiddleFactor_1_2_ce1     |   9|          2|    1|          2|
    |p_ZL17INTTTwiddleFactor_1_2_we1     |   9|          2|    1|          2|
    |p_ZL17INTTTwiddleFactor_1_3_ce0     |   9|          2|    1|          2|
    |p_ZL17INTTTwiddleFactor_1_3_ce1     |   9|          2|    1|          2|
    |p_ZL17INTTTwiddleFactor_1_3_we1     |   9|          2|    1|          2|
    |p_ZL17INTTTwiddleFactor_2_0_ce0     |   9|          2|    1|          2|
    |p_ZL17INTTTwiddleFactor_2_0_ce1     |   9|          2|    1|          2|
    |p_ZL17INTTTwiddleFactor_2_0_we1     |   9|          2|    1|          2|
    |p_ZL17INTTTwiddleFactor_2_1_ce0     |   9|          2|    1|          2|
    |p_ZL17INTTTwiddleFactor_2_1_ce1     |   9|          2|    1|          2|
    |p_ZL17INTTTwiddleFactor_2_1_we1     |   9|          2|    1|          2|
    |p_ZL17INTTTwiddleFactor_2_2_ce0     |   9|          2|    1|          2|
    |p_ZL17INTTTwiddleFactor_2_2_ce1     |   9|          2|    1|          2|
    |p_ZL17INTTTwiddleFactor_2_2_we1     |   9|          2|    1|          2|
    |p_ZL17INTTTwiddleFactor_2_3_ce0     |   9|          2|    1|          2|
    |p_ZL17INTTTwiddleFactor_2_3_ce1     |   9|          2|    1|          2|
    |p_ZL17INTTTwiddleFactor_2_3_we1     |   9|          2|    1|          2|
    |p_ZL17INTTTwiddleFactor_3_0_ce0     |   9|          2|    1|          2|
    |p_ZL17INTTTwiddleFactor_3_0_ce1     |   9|          2|    1|          2|
    |p_ZL17INTTTwiddleFactor_3_0_we1     |   9|          2|    1|          2|
    |p_ZL17INTTTwiddleFactor_3_1_ce0     |   9|          2|    1|          2|
    |p_ZL17INTTTwiddleFactor_3_1_ce1     |   9|          2|    1|          2|
    |p_ZL17INTTTwiddleFactor_3_1_we1     |   9|          2|    1|          2|
    |p_ZL17INTTTwiddleFactor_3_2_ce0     |   9|          2|    1|          2|
    |p_ZL17INTTTwiddleFactor_3_2_ce1     |   9|          2|    1|          2|
    |p_ZL17INTTTwiddleFactor_3_2_we1     |   9|          2|    1|          2|
    |p_ZL17INTTTwiddleFactor_3_3_ce0     |   9|          2|    1|          2|
    |p_ZL17INTTTwiddleFactor_3_3_ce1     |   9|          2|    1|          2|
    |p_ZL17INTTTwiddleFactor_3_3_we1     |   9|          2|    1|          2|
    |p_ZL17INTTTwiddleFactor_4_0_ce0     |   9|          2|    1|          2|
    |p_ZL17INTTTwiddleFactor_4_0_ce1     |   9|          2|    1|          2|
    |p_ZL17INTTTwiddleFactor_4_0_we1     |   9|          2|    1|          2|
    |p_ZL17INTTTwiddleFactor_4_1_ce0     |   9|          2|    1|          2|
    |p_ZL17INTTTwiddleFactor_4_1_ce1     |   9|          2|    1|          2|
    |p_ZL17INTTTwiddleFactor_4_1_we1     |   9|          2|    1|          2|
    |p_ZL17INTTTwiddleFactor_4_2_ce0     |   9|          2|    1|          2|
    |p_ZL17INTTTwiddleFactor_4_2_ce1     |   9|          2|    1|          2|
    |p_ZL17INTTTwiddleFactor_4_2_we1     |   9|          2|    1|          2|
    |p_ZL17INTTTwiddleFactor_4_3_ce0     |   9|          2|    1|          2|
    |p_ZL17INTTTwiddleFactor_4_3_ce1     |   9|          2|    1|          2|
    |p_ZL17INTTTwiddleFactor_4_3_we1     |   9|          2|    1|          2|
    |p_ZL17INTTTwiddleFactor_5_0_ce0     |   9|          2|    1|          2|
    |p_ZL17INTTTwiddleFactor_5_0_ce1     |   9|          2|    1|          2|
    |p_ZL17INTTTwiddleFactor_5_0_we1     |   9|          2|    1|          2|
    |p_ZL17INTTTwiddleFactor_5_1_ce0     |   9|          2|    1|          2|
    |p_ZL17INTTTwiddleFactor_5_1_ce1     |   9|          2|    1|          2|
    |p_ZL17INTTTwiddleFactor_5_1_we1     |   9|          2|    1|          2|
    |p_ZL17INTTTwiddleFactor_5_2_ce0     |   9|          2|    1|          2|
    |p_ZL17INTTTwiddleFactor_5_2_ce1     |   9|          2|    1|          2|
    |p_ZL17INTTTwiddleFactor_5_2_we1     |   9|          2|    1|          2|
    |p_ZL17INTTTwiddleFactor_5_3_ce0     |   9|          2|    1|          2|
    |p_ZL17INTTTwiddleFactor_5_3_ce1     |   9|          2|    1|          2|
    |p_ZL17INTTTwiddleFactor_5_3_we1     |   9|          2|    1|          2|
    |p_ZL17INTTTwiddleFactor_6_0_ce0     |   9|          2|    1|          2|
    |p_ZL17INTTTwiddleFactor_6_0_ce1     |   9|          2|    1|          2|
    |p_ZL17INTTTwiddleFactor_6_0_we1     |   9|          2|    1|          2|
    |p_ZL17INTTTwiddleFactor_6_1_ce0     |   9|          2|    1|          2|
    |p_ZL17INTTTwiddleFactor_6_1_ce1     |   9|          2|    1|          2|
    |p_ZL17INTTTwiddleFactor_6_1_we1     |   9|          2|    1|          2|
    |p_ZL17INTTTwiddleFactor_6_2_ce0     |   9|          2|    1|          2|
    |p_ZL17INTTTwiddleFactor_6_2_ce1     |   9|          2|    1|          2|
    |p_ZL17INTTTwiddleFactor_6_2_we1     |   9|          2|    1|          2|
    |p_ZL17INTTTwiddleFactor_6_3_ce0     |   9|          2|    1|          2|
    |p_ZL17INTTTwiddleFactor_6_3_ce1     |   9|          2|    1|          2|
    |p_ZL17INTTTwiddleFactor_6_3_we1     |   9|          2|    1|          2|
    |p_ZL17INTTTwiddleFactor_7_0_ce0     |   9|          2|    1|          2|
    |p_ZL17INTTTwiddleFactor_7_0_ce1     |   9|          2|    1|          2|
    |p_ZL17INTTTwiddleFactor_7_0_we1     |   9|          2|    1|          2|
    |p_ZL17INTTTwiddleFactor_7_1_ce0     |   9|          2|    1|          2|
    |p_ZL17INTTTwiddleFactor_7_1_ce1     |   9|          2|    1|          2|
    |p_ZL17INTTTwiddleFactor_7_1_we1     |   9|          2|    1|          2|
    |p_ZL17INTTTwiddleFactor_7_2_ce0     |   9|          2|    1|          2|
    |p_ZL17INTTTwiddleFactor_7_2_ce1     |   9|          2|    1|          2|
    |p_ZL17INTTTwiddleFactor_7_2_we1     |   9|          2|    1|          2|
    |p_ZL17INTTTwiddleFactor_7_3_ce0     |   9|          2|    1|          2|
    |p_ZL17INTTTwiddleFactor_7_3_ce1     |   9|          2|    1|          2|
    |p_ZL17INTTTwiddleFactor_7_3_we1     |   9|          2|    1|          2|
    |p_ZL17INTTTwiddleFactor_8_0_ce0     |   9|          2|    1|          2|
    |p_ZL17INTTTwiddleFactor_8_0_ce1     |   9|          2|    1|          2|
    |p_ZL17INTTTwiddleFactor_8_0_we1     |   9|          2|    1|          2|
    |p_ZL17INTTTwiddleFactor_8_1_ce0     |   9|          2|    1|          2|
    |p_ZL17INTTTwiddleFactor_8_1_ce1     |   9|          2|    1|          2|
    |p_ZL17INTTTwiddleFactor_8_1_we1     |   9|          2|    1|          2|
    |p_ZL17INTTTwiddleFactor_8_2_ce0     |   9|          2|    1|          2|
    |p_ZL17INTTTwiddleFactor_8_2_ce1     |   9|          2|    1|          2|
    |p_ZL17INTTTwiddleFactor_8_2_we1     |   9|          2|    1|          2|
    |p_ZL17INTTTwiddleFactor_8_3_ce0     |   9|          2|    1|          2|
    |p_ZL17INTTTwiddleFactor_8_3_ce1     |   9|          2|    1|          2|
    |p_ZL17INTTTwiddleFactor_8_3_we1     |   9|          2|    1|          2|
    |p_ZL17INTTTwiddleFactor_9_0_ce0     |   9|          2|    1|          2|
    |p_ZL17INTTTwiddleFactor_9_0_ce1     |   9|          2|    1|          2|
    |p_ZL17INTTTwiddleFactor_9_0_we1     |   9|          2|    1|          2|
    |p_ZL17INTTTwiddleFactor_9_1_ce0     |   9|          2|    1|          2|
    |p_ZL17INTTTwiddleFactor_9_1_ce1     |   9|          2|    1|          2|
    |p_ZL17INTTTwiddleFactor_9_1_we1     |   9|          2|    1|          2|
    |p_ZL17INTTTwiddleFactor_9_2_ce0     |   9|          2|    1|          2|
    |p_ZL17INTTTwiddleFactor_9_2_ce1     |   9|          2|    1|          2|
    |p_ZL17INTTTwiddleFactor_9_2_we1     |   9|          2|    1|          2|
    |p_ZL17INTTTwiddleFactor_9_3_ce0     |   9|          2|    1|          2|
    |p_ZL17INTTTwiddleFactor_9_3_ce1     |   9|          2|    1|          2|
    |p_ZL17INTTTwiddleFactor_9_3_we1     |   9|          2|    1|          2|
    +------------------------------------+----+-----------+-----+-----------+
    |Total                               |6837|       1439| 8524|      27769|
    +------------------------------------+----+-----------+-----+-----------+

    * Register: 
    +-------------------------------------------------------------------+----+----+-----+-----------+
    |                                Name                               | FF | LUT| Bits| Const Bits|
    +-------------------------------------------------------------------+----+----+-----+-----------+
    |ap_CS_fsm                                                          |   9|   0|    9|          0|
    |ap_predicate_pred3849_state3                                       |   1|   0|    1|          0|
    |ap_predicate_pred3849_state4                                       |   1|   0|    1|          0|
    |ap_predicate_pred3849_state5                                       |   1|   0|    1|          0|
    |ap_predicate_pred3854_state3                                       |   1|   0|    1|          0|
    |ap_predicate_pred3854_state4                                       |   1|   0|    1|          0|
    |ap_predicate_pred3854_state5                                       |   1|   0|    1|          0|
    |ap_predicate_pred3859_state3                                       |   1|   0|    1|          0|
    |ap_predicate_pred3859_state4                                       |   1|   0|    1|          0|
    |ap_predicate_pred3859_state5                                       |   1|   0|    1|          0|
    |ap_predicate_pred3864_state3                                       |   1|   0|    1|          0|
    |ap_predicate_pred3864_state4                                       |   1|   0|    1|          0|
    |ap_predicate_pred3864_state5                                       |   1|   0|    1|          0|
    |ap_predicate_pred4119_state4                                       |   1|   0|    1|          0|
    |grp_Compute_BConv_Systolic_fu_721_ap_start_reg                     |   1|   0|    1|          0|
    |grp_Compute_Mult_fu_750_ap_start_reg                               |   1|   0|    1|          0|
    |grp_Execute_Transform_Operation_fu_470_ap_start_reg                |   1|   0|    1|          0|
    |grp_Load_1_fu_404_ap_start_reg                                     |   1|   0|    1|          0|
    |grp_Load_BConv_Params_fu_434_ap_start_reg                          |   1|   0|    1|          0|
    |grp_Load_Init_Params_fu_915_ap_start_reg                           |   1|   0|    1|          0|
    |grp_Load_clone_1_fu_450_ap_start_reg                               |   1|   0|    1|          0|
    |grp_Store_26_29_1_fu_898_ap_start_reg                              |   1|   0|    1|          0|
    |grp_Store_40_43_1_fu_874_ap_start_reg                              |   1|   0|    1|          0|
    |grp_Top_Pipeline_Limb_Loop_Row_Loop_Col_Loop2_fu_794_ap_start_reg  |   1|   0|    1|          0|
    |grp_Top_Pipeline_Limb_Loop_Row_Loop_Col_Loop_fu_834_ap_start_reg   |   1|   0|    1|          0|
    |mem_in1_read_reg_1243                                              |  64|   0|   64|          0|
    |mem_in2_read_reg_1235                                              |  64|   0|   64|          0|
    |mem_out_read_reg_1228                                              |  64|   0|   64|          0|
    |mod_index_read_reg_1195                                            |  32|   0|   32|          0|
    |num_active_limbs_read_reg_1212                                     |  32|   0|   32|          0|
    |opcode_read_reg_1224                                               |   8|   0|    8|          0|
    |tmp_1_reg_1255                                                     |  33|   0|   43|         10|
    |tmp_reg_1260                                                       |  33|   0|   43|         10|
    |trunc_ln323_reg_1250                                               |   4|   0|    4|          0|
    +-------------------------------------------------------------------+----+----+-----+-----------+
    |Total                                                              | 367|   0|  387|         20|
    +-------------------------------------------------------------------+----+----+-----+-----------+



================================================================
== Interface
================================================================
* Summary: 
+-----------------------+-----+-----+------------+--------------+--------------+
|       RTL Ports       | Dir | Bits|  Protocol  | Source Object|    C Type    |
+-----------------------+-----+-----+------------+--------------+--------------+
|s_axi_control_AWVALID  |   in|    1|       s_axi|       control|        scalar|
|s_axi_control_AWREADY  |  out|    1|       s_axi|       control|        scalar|
|s_axi_control_AWADDR   |   in|    7|       s_axi|       control|        scalar|
|s_axi_control_WVALID   |   in|    1|       s_axi|       control|        scalar|
|s_axi_control_WREADY   |  out|    1|       s_axi|       control|        scalar|
|s_axi_control_WDATA    |   in|   32|       s_axi|       control|        scalar|
|s_axi_control_WSTRB    |   in|    4|       s_axi|       control|        scalar|
|s_axi_control_ARVALID  |   in|    1|       s_axi|       control|        scalar|
|s_axi_control_ARREADY  |  out|    1|       s_axi|       control|        scalar|
|s_axi_control_ARADDR   |   in|    7|       s_axi|       control|        scalar|
|s_axi_control_RVALID   |  out|    1|       s_axi|       control|        scalar|
|s_axi_control_RREADY   |   in|    1|       s_axi|       control|        scalar|
|s_axi_control_RDATA    |  out|   32|       s_axi|       control|        scalar|
|s_axi_control_RRESP    |  out|    2|       s_axi|       control|        scalar|
|s_axi_control_BVALID   |  out|    1|       s_axi|       control|        scalar|
|s_axi_control_BREADY   |   in|    1|       s_axi|       control|        scalar|
|s_axi_control_BRESP    |  out|    2|       s_axi|       control|        scalar|
|ap_clk                 |   in|    1|  ap_ctrl_hs|           Top|  return value|
|ap_rst_n               |   in|    1|  ap_ctrl_hs|           Top|  return value|
|interrupt              |  out|    1|  ap_ctrl_hs|           Top|  return value|
|m_axi_gmem0_AWVALID    |  out|    1|       m_axi|         gmem0|       pointer|
|m_axi_gmem0_AWREADY    |   in|    1|       m_axi|         gmem0|       pointer|
|m_axi_gmem0_AWADDR     |  out|   64|       m_axi|         gmem0|       pointer|
|m_axi_gmem0_AWID       |  out|    1|       m_axi|         gmem0|       pointer|
|m_axi_gmem0_AWLEN      |  out|    8|       m_axi|         gmem0|       pointer|
|m_axi_gmem0_AWSIZE     |  out|    3|       m_axi|         gmem0|       pointer|
|m_axi_gmem0_AWBURST    |  out|    2|       m_axi|         gmem0|       pointer|
|m_axi_gmem0_AWLOCK     |  out|    2|       m_axi|         gmem0|       pointer|
|m_axi_gmem0_AWCACHE    |  out|    4|       m_axi|         gmem0|       pointer|
|m_axi_gmem0_AWPROT     |  out|    3|       m_axi|         gmem0|       pointer|
|m_axi_gmem0_AWQOS      |  out|    4|       m_axi|         gmem0|       pointer|
|m_axi_gmem0_AWREGION   |  out|    4|       m_axi|         gmem0|       pointer|
|m_axi_gmem0_AWUSER     |  out|    1|       m_axi|         gmem0|       pointer|
|m_axi_gmem0_WVALID     |  out|    1|       m_axi|         gmem0|       pointer|
|m_axi_gmem0_WREADY     |   in|    1|       m_axi|         gmem0|       pointer|
|m_axi_gmem0_WDATA      |  out|  256|       m_axi|         gmem0|       pointer|
|m_axi_gmem0_WSTRB      |  out|   32|       m_axi|         gmem0|       pointer|
|m_axi_gmem0_WLAST      |  out|    1|       m_axi|         gmem0|       pointer|
|m_axi_gmem0_WID        |  out|    1|       m_axi|         gmem0|       pointer|
|m_axi_gmem0_WUSER      |  out|    1|       m_axi|         gmem0|       pointer|
|m_axi_gmem0_ARVALID    |  out|    1|       m_axi|         gmem0|       pointer|
|m_axi_gmem0_ARREADY    |   in|    1|       m_axi|         gmem0|       pointer|
|m_axi_gmem0_ARADDR     |  out|   64|       m_axi|         gmem0|       pointer|
|m_axi_gmem0_ARID       |  out|    1|       m_axi|         gmem0|       pointer|
|m_axi_gmem0_ARLEN      |  out|    8|       m_axi|         gmem0|       pointer|
|m_axi_gmem0_ARSIZE     |  out|    3|       m_axi|         gmem0|       pointer|
|m_axi_gmem0_ARBURST    |  out|    2|       m_axi|         gmem0|       pointer|
|m_axi_gmem0_ARLOCK     |  out|    2|       m_axi|         gmem0|       pointer|
|m_axi_gmem0_ARCACHE    |  out|    4|       m_axi|         gmem0|       pointer|
|m_axi_gmem0_ARPROT     |  out|    3|       m_axi|         gmem0|       pointer|
|m_axi_gmem0_ARQOS      |  out|    4|       m_axi|         gmem0|       pointer|
|m_axi_gmem0_ARREGION   |  out|    4|       m_axi|         gmem0|       pointer|
|m_axi_gmem0_ARUSER     |  out|    1|       m_axi|         gmem0|       pointer|
|m_axi_gmem0_RVALID     |   in|    1|       m_axi|         gmem0|       pointer|
|m_axi_gmem0_RREADY     |  out|    1|       m_axi|         gmem0|       pointer|
|m_axi_gmem0_RDATA      |   in|  256|       m_axi|         gmem0|       pointer|
|m_axi_gmem0_RLAST      |   in|    1|       m_axi|         gmem0|       pointer|
|m_axi_gmem0_RID        |   in|    1|       m_axi|         gmem0|       pointer|
|m_axi_gmem0_RUSER      |   in|    1|       m_axi|         gmem0|       pointer|
|m_axi_gmem0_RRESP      |   in|    2|       m_axi|         gmem0|       pointer|
|m_axi_gmem0_BVALID     |   in|    1|       m_axi|         gmem0|       pointer|
|m_axi_gmem0_BREADY     |  out|    1|       m_axi|         gmem0|       pointer|
|m_axi_gmem0_BRESP      |   in|    2|       m_axi|         gmem0|       pointer|
|m_axi_gmem0_BID        |   in|    1|       m_axi|         gmem0|       pointer|
|m_axi_gmem0_BUSER      |   in|    1|       m_axi|         gmem0|       pointer|
|m_axi_gmem1_AWVALID    |  out|    1|       m_axi|         gmem1|       pointer|
|m_axi_gmem1_AWREADY    |   in|    1|       m_axi|         gmem1|       pointer|
|m_axi_gmem1_AWADDR     |  out|   64|       m_axi|         gmem1|       pointer|
|m_axi_gmem1_AWID       |  out|    1|       m_axi|         gmem1|       pointer|
|m_axi_gmem1_AWLEN      |  out|    8|       m_axi|         gmem1|       pointer|
|m_axi_gmem1_AWSIZE     |  out|    3|       m_axi|         gmem1|       pointer|
|m_axi_gmem1_AWBURST    |  out|    2|       m_axi|         gmem1|       pointer|
|m_axi_gmem1_AWLOCK     |  out|    2|       m_axi|         gmem1|       pointer|
|m_axi_gmem1_AWCACHE    |  out|    4|       m_axi|         gmem1|       pointer|
|m_axi_gmem1_AWPROT     |  out|    3|       m_axi|         gmem1|       pointer|
|m_axi_gmem1_AWQOS      |  out|    4|       m_axi|         gmem1|       pointer|
|m_axi_gmem1_AWREGION   |  out|    4|       m_axi|         gmem1|       pointer|
|m_axi_gmem1_AWUSER     |  out|    1|       m_axi|         gmem1|       pointer|
|m_axi_gmem1_WVALID     |  out|    1|       m_axi|         gmem1|       pointer|
|m_axi_gmem1_WREADY     |   in|    1|       m_axi|         gmem1|       pointer|
|m_axi_gmem1_WDATA      |  out|  256|       m_axi|         gmem1|       pointer|
|m_axi_gmem1_WSTRB      |  out|   32|       m_axi|         gmem1|       pointer|
|m_axi_gmem1_WLAST      |  out|    1|       m_axi|         gmem1|       pointer|
|m_axi_gmem1_WID        |  out|    1|       m_axi|         gmem1|       pointer|
|m_axi_gmem1_WUSER      |  out|    1|       m_axi|         gmem1|       pointer|
|m_axi_gmem1_ARVALID    |  out|    1|       m_axi|         gmem1|       pointer|
|m_axi_gmem1_ARREADY    |   in|    1|       m_axi|         gmem1|       pointer|
|m_axi_gmem1_ARADDR     |  out|   64|       m_axi|         gmem1|       pointer|
|m_axi_gmem1_ARID       |  out|    1|       m_axi|         gmem1|       pointer|
|m_axi_gmem1_ARLEN      |  out|    8|       m_axi|         gmem1|       pointer|
|m_axi_gmem1_ARSIZE     |  out|    3|       m_axi|         gmem1|       pointer|
|m_axi_gmem1_ARBURST    |  out|    2|       m_axi|         gmem1|       pointer|
|m_axi_gmem1_ARLOCK     |  out|    2|       m_axi|         gmem1|       pointer|
|m_axi_gmem1_ARCACHE    |  out|    4|       m_axi|         gmem1|       pointer|
|m_axi_gmem1_ARPROT     |  out|    3|       m_axi|         gmem1|       pointer|
|m_axi_gmem1_ARQOS      |  out|    4|       m_axi|         gmem1|       pointer|
|m_axi_gmem1_ARREGION   |  out|    4|       m_axi|         gmem1|       pointer|
|m_axi_gmem1_ARUSER     |  out|    1|       m_axi|         gmem1|       pointer|
|m_axi_gmem1_RVALID     |   in|    1|       m_axi|         gmem1|       pointer|
|m_axi_gmem1_RREADY     |  out|    1|       m_axi|         gmem1|       pointer|
|m_axi_gmem1_RDATA      |   in|  256|       m_axi|         gmem1|       pointer|
|m_axi_gmem1_RLAST      |   in|    1|       m_axi|         gmem1|       pointer|
|m_axi_gmem1_RID        |   in|    1|       m_axi|         gmem1|       pointer|
|m_axi_gmem1_RUSER      |   in|    1|       m_axi|         gmem1|       pointer|
|m_axi_gmem1_RRESP      |   in|    2|       m_axi|         gmem1|       pointer|
|m_axi_gmem1_BVALID     |   in|    1|       m_axi|         gmem1|       pointer|
|m_axi_gmem1_BREADY     |  out|    1|       m_axi|         gmem1|       pointer|
|m_axi_gmem1_BRESP      |   in|    2|       m_axi|         gmem1|       pointer|
|m_axi_gmem1_BID        |   in|    1|       m_axi|         gmem1|       pointer|
|m_axi_gmem1_BUSER      |   in|    1|       m_axi|         gmem1|       pointer|
|m_axi_gmem2_AWVALID    |  out|    1|       m_axi|         gmem2|       pointer|
|m_axi_gmem2_AWREADY    |   in|    1|       m_axi|         gmem2|       pointer|
|m_axi_gmem2_AWADDR     |  out|   64|       m_axi|         gmem2|       pointer|
|m_axi_gmem2_AWID       |  out|    1|       m_axi|         gmem2|       pointer|
|m_axi_gmem2_AWLEN      |  out|    8|       m_axi|         gmem2|       pointer|
|m_axi_gmem2_AWSIZE     |  out|    3|       m_axi|         gmem2|       pointer|
|m_axi_gmem2_AWBURST    |  out|    2|       m_axi|         gmem2|       pointer|
|m_axi_gmem2_AWLOCK     |  out|    2|       m_axi|         gmem2|       pointer|
|m_axi_gmem2_AWCACHE    |  out|    4|       m_axi|         gmem2|       pointer|
|m_axi_gmem2_AWPROT     |  out|    3|       m_axi|         gmem2|       pointer|
|m_axi_gmem2_AWQOS      |  out|    4|       m_axi|         gmem2|       pointer|
|m_axi_gmem2_AWREGION   |  out|    4|       m_axi|         gmem2|       pointer|
|m_axi_gmem2_AWUSER     |  out|    1|       m_axi|         gmem2|       pointer|
|m_axi_gmem2_WVALID     |  out|    1|       m_axi|         gmem2|       pointer|
|m_axi_gmem2_WREADY     |   in|    1|       m_axi|         gmem2|       pointer|
|m_axi_gmem2_WDATA      |  out|  256|       m_axi|         gmem2|       pointer|
|m_axi_gmem2_WSTRB      |  out|   32|       m_axi|         gmem2|       pointer|
|m_axi_gmem2_WLAST      |  out|    1|       m_axi|         gmem2|       pointer|
|m_axi_gmem2_WID        |  out|    1|       m_axi|         gmem2|       pointer|
|m_axi_gmem2_WUSER      |  out|    1|       m_axi|         gmem2|       pointer|
|m_axi_gmem2_ARVALID    |  out|    1|       m_axi|         gmem2|       pointer|
|m_axi_gmem2_ARREADY    |   in|    1|       m_axi|         gmem2|       pointer|
|m_axi_gmem2_ARADDR     |  out|   64|       m_axi|         gmem2|       pointer|
|m_axi_gmem2_ARID       |  out|    1|       m_axi|         gmem2|       pointer|
|m_axi_gmem2_ARLEN      |  out|    8|       m_axi|         gmem2|       pointer|
|m_axi_gmem2_ARSIZE     |  out|    3|       m_axi|         gmem2|       pointer|
|m_axi_gmem2_ARBURST    |  out|    2|       m_axi|         gmem2|       pointer|
|m_axi_gmem2_ARLOCK     |  out|    2|       m_axi|         gmem2|       pointer|
|m_axi_gmem2_ARCACHE    |  out|    4|       m_axi|         gmem2|       pointer|
|m_axi_gmem2_ARPROT     |  out|    3|       m_axi|         gmem2|       pointer|
|m_axi_gmem2_ARQOS      |  out|    4|       m_axi|         gmem2|       pointer|
|m_axi_gmem2_ARREGION   |  out|    4|       m_axi|         gmem2|       pointer|
|m_axi_gmem2_ARUSER     |  out|    1|       m_axi|         gmem2|       pointer|
|m_axi_gmem2_RVALID     |   in|    1|       m_axi|         gmem2|       pointer|
|m_axi_gmem2_RREADY     |  out|    1|       m_axi|         gmem2|       pointer|
|m_axi_gmem2_RDATA      |   in|  256|       m_axi|         gmem2|       pointer|
|m_axi_gmem2_RLAST      |   in|    1|       m_axi|         gmem2|       pointer|
|m_axi_gmem2_RID        |   in|    1|       m_axi|         gmem2|       pointer|
|m_axi_gmem2_RUSER      |   in|    1|       m_axi|         gmem2|       pointer|
|m_axi_gmem2_RRESP      |   in|    2|       m_axi|         gmem2|       pointer|
|m_axi_gmem2_BVALID     |   in|    1|       m_axi|         gmem2|       pointer|
|m_axi_gmem2_BREADY     |  out|    1|       m_axi|         gmem2|       pointer|
|m_axi_gmem2_BRESP      |   in|    2|       m_axi|         gmem2|       pointer|
|m_axi_gmem2_BID        |   in|    1|       m_axi|         gmem2|       pointer|
|m_axi_gmem2_BUSER      |   in|    1|       m_axi|         gmem2|       pointer|
+-----------------------+-----+-----+------------+--------------+--------------+

