

================================================================
== Vitis HLS Report for 'Execute_Transform'
================================================================
* Date:           Fri Sep  4 15:54:47 2026

* Version:        2023.2 (Build 4023990 on Oct 11 2023)
* Project:        hks_digit_cosim-perf_no_auto_r1
* Solution:       solution1 (Vivado IP Flow Target)
* Product family: virtexuplusHBM
* Target device:  xcu55c-fsvh2892-2L-e


================================================================
== Performance Estimates
================================================================
+ Timing: 
    * Summary: 
    +--------+---------+----------+------------+
    |  Clock |  Target | Estimated| Uncertainty|
    +--------+---------+----------+------------+
    |ap_clk  |  6.00 ns|  5.043 ns|     0.75 ns|
    +--------+---------+----------+------------+

+ Latency: 
    * Summary: 
    +---------+---------+-----------+-----------+------+------+---------+
    |  Latency (cycles) |   Latency (absolute)  |   Interval  | Pipeline|
    |   min   |   max   |    min    |    max    |  min |  max |   Type  |
    +---------+---------+-----------+-----------+------+------+---------+
    |     8526|     8526|  51.156 us|  51.156 us|  8526|  8526|       no|
    +---------+---------+-----------+-----------+------+------+---------+

    + Detail: 
        * Instance: 
        +-------------------------------------------------------+--------------------------------------------+---------+---------+-----------+-----------+------+------+---------+
        |                                                       |                                            |  Latency (cycles) |   Latency (absolute)  |   Interval  | Pipeline|
        |                        Instance                       |                   Module                   |   min   |   max   |    min    |    max    |  min |  max |   Type  |
        +-------------------------------------------------------+--------------------------------------------+---------+---------+-----------+-----------+------+------+---------+
        |grp_Execute_Transform_Pipeline_TRANSFORM_LOAD_fu_399   |Execute_Transform_Pipeline_TRANSFORM_LOAD   |     1026|     1026|   6.156 us|   6.156 us|  1026|  1026|       no|
        |grp_CG_Transform_Banks_fu_447                          |CG_Transform_Banks                          |     6469|     6469|  38.814 us|  38.814 us|  6469|  6469|       no|
        |grp_Execute_Transform_Pipeline_TRANSFORM_STORE_fu_668  |Execute_Transform_Pipeline_TRANSFORM_STORE  |     1026|     1026|   6.156 us|   6.156 us|  1026|  1026|       no|
        +-------------------------------------------------------+--------------------------------------------+---------+---------+-----------+-----------+------+------+---------+

        * Loop: 
        N/A



================================================================
== Utilization Estimates
================================================================
* Summary: 
+---------------------+---------+------+---------+---------+-----+
|         Name        | BRAM_18K|  DSP |    FF   |   LUT   | URAM|
+---------------------+---------+------+---------+---------+-----+
|DSP                  |        -|     -|        -|        -|    -|
|Expression           |        -|     -|        -|        -|    -|
|FIFO                 |        -|     -|        -|        -|    -|
|Instance             |        -|     -|    10304|    23076|    -|
|Memory               |       32|     -|        0|        0|    -|
|Multiplexer          |        -|     -|        -|      833|    -|
|Register             |        -|     -|      201|        -|    -|
+---------------------+---------+------+---------+---------+-----+
|Total                |       32|     0|    10505|    23909|    0|
+---------------------+---------+------+---------+---------+-----+
|Available SLR        |     1344|  3008|   869120|   434560|  320|
+---------------------+---------+------+---------+---------+-----+
|Utilization SLR (%)  |        2|     0|        1|        5|    0|
+---------------------+---------+------+---------+---------+-----+
|Available            |     4032|  9024|  2607360|  1303680|  960|
+---------------------+---------+------+---------+---------+-----+
|Utilization (%)      |       ~0|     0|       ~0|        1|    0|
+---------------------+---------+------+---------+---------+-----+

+ Detail: 
    * Instance: 
    +-------------------------------------------------------+--------------------------------------------+---------+----+-------+-------+-----+
    |                        Instance                       |                   Module                   | BRAM_18K| DSP|   FF  |  LUT  | URAM|
    +-------------------------------------------------------+--------------------------------------------+---------+----+-------+-------+-----+
    |grp_CG_Transform_Banks_fu_447                          |CG_Transform_Banks                          |        0|   0|  10255|  22121|    0|
    |grp_Execute_Transform_Pipeline_TRANSFORM_LOAD_fu_399   |Execute_Transform_Pipeline_TRANSFORM_LOAD   |        0|   0|     24|    628|    0|
    |grp_Execute_Transform_Pipeline_TRANSFORM_STORE_fu_668  |Execute_Transform_Pipeline_TRANSFORM_STORE  |        0|   0|     25|    327|    0|
    +-------------------------------------------------------+--------------------------------------------+---------+----+-------+-------+-----+
    |Total                                                  |                                            |        0|   0|  10304|  23076|    0|
    +-------------------------------------------------------+--------------------------------------------+---------+----+-------+-------+-----+

    * DSP: 
    N/A

    * Memory: 
    +------------+--------------------------------------------+---------+---+----+-----+------+-----+------+-------------+
    |   Memory   |                   Module                   | BRAM_18K| FF| LUT| URAM| Words| Bits| Banks| W*Bits*Banks|
    +------------+--------------------------------------------+---------+---+----+-----+------+-----+------+-------------+
    |bank_a_U    |Execute_Transform_bank_a_RAM_T2P_BRAM_1R1W  |        2|  0|   0|    0|   512|   64|     1|        32768|
    |bank_a_1_U  |Execute_Transform_bank_a_RAM_T2P_BRAM_1R1W  |        2|  0|   0|    0|   512|   64|     1|        32768|
    |bank_a_2_U  |Execute_Transform_bank_a_RAM_T2P_BRAM_1R1W  |        2|  0|   0|    0|   512|   64|     1|        32768|
    |bank_a_3_U  |Execute_Transform_bank_a_RAM_T2P_BRAM_1R1W  |        2|  0|   0|    0|   512|   64|     1|        32768|
    |bank_a_4_U  |Execute_Transform_bank_a_RAM_T2P_BRAM_1R1W  |        2|  0|   0|    0|   512|   64|     1|        32768|
    |bank_a_5_U  |Execute_Transform_bank_a_RAM_T2P_BRAM_1R1W  |        2|  0|   0|    0|   512|   64|     1|        32768|
    |bank_a_6_U  |Execute_Transform_bank_a_RAM_T2P_BRAM_1R1W  |        2|  0|   0|    0|   512|   64|     1|        32768|
    |bank_a_7_U  |Execute_Transform_bank_a_RAM_T2P_BRAM_1R1W  |        2|  0|   0|    0|   512|   64|     1|        32768|
    |bank_b_U    |Execute_Transform_bank_a_RAM_T2P_BRAM_1R1W  |        2|  0|   0|    0|   512|   64|     1|        32768|
    |bank_b_1_U  |Execute_Transform_bank_a_RAM_T2P_BRAM_1R1W  |        2|  0|   0|    0|   512|   64|     1|        32768|
    |bank_b_2_U  |Execute_Transform_bank_a_RAM_T2P_BRAM_1R1W  |        2|  0|   0|    0|   512|   64|     1|        32768|
    |bank_b_3_U  |Execute_Transform_bank_a_RAM_T2P_BRAM_1R1W  |        2|  0|   0|    0|   512|   64|     1|        32768|
    |bank_b_4_U  |Execute_Transform_bank_a_RAM_T2P_BRAM_1R1W  |        2|  0|   0|    0|   512|   64|     1|        32768|
    |bank_b_5_U  |Execute_Transform_bank_a_RAM_T2P_BRAM_1R1W  |        2|  0|   0|    0|   512|   64|     1|        32768|
    |bank_b_6_U  |Execute_Transform_bank_a_RAM_T2P_BRAM_1R1W  |        2|  0|   0|    0|   512|   64|     1|        32768|
    |bank_b_7_U  |Execute_Transform_bank_a_RAM_T2P_BRAM_1R1W  |        2|  0|   0|    0|   512|   64|     1|        32768|
    +------------+--------------------------------------------+---------+---+----+-----+------+-----+------+-------------+
    |Total       |                                            |       32|  0|   0|    0|  8192| 1024|    16|       524288|
    +------------+--------------------------------------------+---------+---+----+-----+------+-----+------+-------------+

    * FIFO: 
    N/A

    * Expression: 
    N/A

    * Multiplexer: 
    +---------------------------+----+-----------+-----+-----------+
    |            Name           | LUT| Input Size| Bits| Total Bits|
    +---------------------------+----+-----------+-----+-----------+
    |ap_NS_fsm                  |  37|          7|    1|          7|
    |bank_a_1_address0          |  20|          4|    9|         36|
    |bank_a_1_ce0               |  20|          4|    1|          4|
    |bank_a_1_ce1               |   9|          2|    1|          2|
    |bank_a_1_d0                |  14|          3|   64|        192|
    |bank_a_1_we0               |  14|          3|    1|          3|
    |bank_a_1_we1               |   9|          2|    1|          2|
    |bank_a_2_address0          |  20|          4|    9|         36|
    |bank_a_2_ce0               |  20|          4|    1|          4|
    |bank_a_2_ce1               |   9|          2|    1|          2|
    |bank_a_2_d0                |  14|          3|   64|        192|
    |bank_a_2_we0               |  14|          3|    1|          3|
    |bank_a_2_we1               |   9|          2|    1|          2|
    |bank_a_3_address0          |  20|          4|    9|         36|
    |bank_a_3_ce0               |  20|          4|    1|          4|
    |bank_a_3_ce1               |   9|          2|    1|          2|
    |bank_a_3_d0                |  14|          3|   64|        192|
    |bank_a_3_we0               |  14|          3|    1|          3|
    |bank_a_3_we1               |   9|          2|    1|          2|
    |bank_a_4_address0          |  20|          4|    9|         36|
    |bank_a_4_ce0               |  20|          4|    1|          4|
    |bank_a_4_ce1               |   9|          2|    1|          2|
    |bank_a_4_d0                |  14|          3|   64|        192|
    |bank_a_4_we0               |  14|          3|    1|          3|
    |bank_a_4_we1               |   9|          2|    1|          2|
    |bank_a_5_address0          |  20|          4|    9|         36|
    |bank_a_5_ce0               |  20|          4|    1|          4|
    |bank_a_5_ce1               |   9|          2|    1|          2|
    |bank_a_5_d0                |  14|          3|   64|        192|
    |bank_a_5_we0               |  14|          3|    1|          3|
    |bank_a_5_we1               |   9|          2|    1|          2|
    |bank_a_6_address0          |  20|          4|    9|         36|
    |bank_a_6_ce0               |  20|          4|    1|          4|
    |bank_a_6_ce1               |   9|          2|    1|          2|
    |bank_a_6_d0                |  14|          3|   64|        192|
    |bank_a_6_we0               |  14|          3|    1|          3|
    |bank_a_6_we1               |   9|          2|    1|          2|
    |bank_a_7_address0          |  20|          4|    9|         36|
    |bank_a_7_ce0               |  20|          4|    1|          4|
    |bank_a_7_ce1               |   9|          2|    1|          2|
    |bank_a_7_d0                |  14|          3|   64|        192|
    |bank_a_7_we0               |  14|          3|    1|          3|
    |bank_a_7_we1               |   9|          2|    1|          2|
    |bank_a_address0            |  20|          4|    9|         36|
    |bank_a_ce0                 |  20|          4|    1|          4|
    |bank_a_ce1                 |   9|          2|    1|          2|
    |bank_a_d0                  |  14|          3|   64|        192|
    |bank_a_we0                 |  14|          3|    1|          3|
    |bank_a_we1                 |   9|          2|    1|          2|
    |p_ZL13poly_buffer_2_0_ce0  |   9|          2|    1|          2|
    |p_ZL13poly_buffer_2_0_ce1  |   9|          2|    1|          2|
    |p_ZL13poly_buffer_2_0_we1  |   9|          2|    1|          2|
    |p_ZL13poly_buffer_2_1_ce0  |   9|          2|    1|          2|
    |p_ZL13poly_buffer_2_1_ce1  |   9|          2|    1|          2|
    |p_ZL13poly_buffer_2_1_we1  |   9|          2|    1|          2|
    |p_ZL13poly_buffer_2_2_ce0  |   9|          2|    1|          2|
    |p_ZL13poly_buffer_2_2_ce1  |   9|          2|    1|          2|
    |p_ZL13poly_buffer_2_2_we1  |   9|          2|    1|          2|
    |p_ZL13poly_buffer_2_3_ce0  |   9|          2|    1|          2|
    |p_ZL13poly_buffer_2_3_ce1  |   9|          2|    1|          2|
    |p_ZL13poly_buffer_2_3_we1  |   9|          2|    1|          2|
    +---------------------------+----+-----------+-----+-----------+
    |Total                      | 833|        175|  629|       1943|
    +---------------------------+----+-----------+-----+-----------+

    * Register: 
    +--------------------------------------------------------------------+----+----+-----+-----------+
    |                                Name                                | FF | LUT| Bits| Const Bits|
    +--------------------------------------------------------------------+----+----+-----+-----------+
    |MODULUS_load_reg_742                                                |  64|   0|   64|          0|
    |M_load_reg_752                                                      |  64|   0|   64|          0|
    |S_load_reg_747                                                      |  64|   0|   64|          0|
    |ap_CS_fsm                                                           |   6|   0|    6|          0|
    |grp_CG_Transform_Banks_fu_447_ap_start_reg                          |   1|   0|    1|          0|
    |grp_Execute_Transform_Pipeline_TRANSFORM_LOAD_fu_399_ap_start_reg   |   1|   0|    1|          0|
    |grp_Execute_Transform_Pipeline_TRANSFORM_STORE_fu_668_ap_start_reg  |   1|   0|    1|          0|
    +--------------------------------------------------------------------+----+----+-----+-----------+
    |Total                                                               | 201|   0|  201|          0|
    +--------------------------------------------------------------------+----+----+-----+-----------+



================================================================
== Interface
================================================================
* Summary: 
+---------------------------------------+-----+-----+------------+------------------------------+--------------+
|               RTL Ports               | Dir | Bits|  Protocol  |         Source Object        |    C Type    |
+---------------------------------------+-----+-----+------------+------------------------------+--------------+
|ap_clk                                 |   in|    1|  ap_ctrl_hs|             Execute_Transform|  return value|
|ap_rst                                 |   in|    1|  ap_ctrl_hs|             Execute_Transform|  return value|
|ap_start                               |   in|    1|  ap_ctrl_hs|             Execute_Transform|  return value|
|ap_done                                |  out|    1|  ap_ctrl_hs|             Execute_Transform|  return value|
|ap_idle                                |  out|    1|  ap_ctrl_hs|             Execute_Transform|  return value|
|ap_ready                               |  out|    1|  ap_ctrl_hs|             Execute_Transform|  return value|
|grp_MultMod_1_fu_1846_p_din1           |  out|   64|  ap_ctrl_hs|             Execute_Transform|  return value|
|grp_MultMod_1_fu_1846_p_din2           |  out|   64|  ap_ctrl_hs|             Execute_Transform|  return value|
|grp_MultMod_1_fu_1846_p_din3           |  out|   64|  ap_ctrl_hs|             Execute_Transform|  return value|
|grp_MultMod_1_fu_1846_p_din4           |  out|   64|  ap_ctrl_hs|             Execute_Transform|  return value|
|grp_MultMod_1_fu_1846_p_din5           |  out|   64|  ap_ctrl_hs|             Execute_Transform|  return value|
|grp_MultMod_1_fu_1846_p_dout0          |   in|   64|  ap_ctrl_hs|             Execute_Transform|  return value|
|grp_MultMod_1_fu_1854_p_din1           |  out|   64|  ap_ctrl_hs|             Execute_Transform|  return value|
|grp_MultMod_1_fu_1854_p_din2           |  out|   64|  ap_ctrl_hs|             Execute_Transform|  return value|
|grp_MultMod_1_fu_1854_p_din3           |  out|   64|  ap_ctrl_hs|             Execute_Transform|  return value|
|grp_MultMod_1_fu_1854_p_din4           |  out|   64|  ap_ctrl_hs|             Execute_Transform|  return value|
|grp_MultMod_1_fu_1854_p_din5           |  out|   64|  ap_ctrl_hs|             Execute_Transform|  return value|
|grp_MultMod_1_fu_1854_p_dout0          |   in|   64|  ap_ctrl_hs|             Execute_Transform|  return value|
|grp_MultMod_1_fu_1862_p_din1           |  out|   64|  ap_ctrl_hs|             Execute_Transform|  return value|
|grp_MultMod_1_fu_1862_p_din2           |  out|   64|  ap_ctrl_hs|             Execute_Transform|  return value|
|grp_MultMod_1_fu_1862_p_din3           |  out|   64|  ap_ctrl_hs|             Execute_Transform|  return value|
|grp_MultMod_1_fu_1862_p_din4           |  out|   64|  ap_ctrl_hs|             Execute_Transform|  return value|
|grp_MultMod_1_fu_1862_p_din5           |  out|   64|  ap_ctrl_hs|             Execute_Transform|  return value|
|grp_MultMod_1_fu_1862_p_dout0          |   in|   64|  ap_ctrl_hs|             Execute_Transform|  return value|
|grp_MultMod_1_fu_1870_p_din1           |  out|   64|  ap_ctrl_hs|             Execute_Transform|  return value|
|grp_MultMod_1_fu_1870_p_din2           |  out|   64|  ap_ctrl_hs|             Execute_Transform|  return value|
|grp_MultMod_1_fu_1870_p_din3           |  out|   64|  ap_ctrl_hs|             Execute_Transform|  return value|
|grp_MultMod_1_fu_1870_p_din4           |  out|   64|  ap_ctrl_hs|             Execute_Transform|  return value|
|grp_MultMod_1_fu_1870_p_din5           |  out|   64|  ap_ctrl_hs|             Execute_Transform|  return value|
|grp_MultMod_1_fu_1870_p_dout0          |   in|   64|  ap_ctrl_hs|             Execute_Transform|  return value|
|limb                                   |   in|    3|     ap_none|                          limb|        scalar|
|is_ntt                                 |   in|    1|     ap_none|                        is_ntt|        scalar|
|complement                             |   in|    1|     ap_none|                    complement|        scalar|
|source_limb                            |   in|    3|     ap_none|                   source_limb|        scalar|
|store_coeff                            |   in|    1|     ap_none|                   store_coeff|        scalar|
|p_ZL13poly_buffer_1_0_address0         |  out|   12|   ap_memory|         p_ZL13poly_buffer_1_0|         array|
|p_ZL13poly_buffer_1_0_ce0              |  out|    1|   ap_memory|         p_ZL13poly_buffer_1_0|         array|
|p_ZL13poly_buffer_1_0_q0               |   in|   64|   ap_memory|         p_ZL13poly_buffer_1_0|         array|
|p_ZL13poly_buffer_1_4_address0         |  out|   12|   ap_memory|         p_ZL13poly_buffer_1_4|         array|
|p_ZL13poly_buffer_1_4_ce0              |  out|    1|   ap_memory|         p_ZL13poly_buffer_1_4|         array|
|p_ZL13poly_buffer_1_4_q0               |   in|   64|   ap_memory|         p_ZL13poly_buffer_1_4|         array|
|p_ZL13poly_buffer_1_1_address0         |  out|   12|   ap_memory|         p_ZL13poly_buffer_1_1|         array|
|p_ZL13poly_buffer_1_1_ce0              |  out|    1|   ap_memory|         p_ZL13poly_buffer_1_1|         array|
|p_ZL13poly_buffer_1_1_q0               |   in|   64|   ap_memory|         p_ZL13poly_buffer_1_1|         array|
|p_ZL13poly_buffer_1_5_address0         |  out|   12|   ap_memory|         p_ZL13poly_buffer_1_5|         array|
|p_ZL13poly_buffer_1_5_ce0              |  out|    1|   ap_memory|         p_ZL13poly_buffer_1_5|         array|
|p_ZL13poly_buffer_1_5_q0               |   in|   64|   ap_memory|         p_ZL13poly_buffer_1_5|         array|
|p_ZL13poly_buffer_1_2_address0         |  out|   12|   ap_memory|         p_ZL13poly_buffer_1_2|         array|
|p_ZL13poly_buffer_1_2_ce0              |  out|    1|   ap_memory|         p_ZL13poly_buffer_1_2|         array|
|p_ZL13poly_buffer_1_2_q0               |   in|   64|   ap_memory|         p_ZL13poly_buffer_1_2|         array|
|p_ZL13poly_buffer_1_6_address0         |  out|   12|   ap_memory|         p_ZL13poly_buffer_1_6|         array|
|p_ZL13poly_buffer_1_6_ce0              |  out|    1|   ap_memory|         p_ZL13poly_buffer_1_6|         array|
|p_ZL13poly_buffer_1_6_q0               |   in|   64|   ap_memory|         p_ZL13poly_buffer_1_6|         array|
|p_ZL13poly_buffer_1_3_address0         |  out|   12|   ap_memory|         p_ZL13poly_buffer_1_3|         array|
|p_ZL13poly_buffer_1_3_ce0              |  out|    1|   ap_memory|         p_ZL13poly_buffer_1_3|         array|
|p_ZL13poly_buffer_1_3_q0               |   in|   64|   ap_memory|         p_ZL13poly_buffer_1_3|         array|
|p_ZL13poly_buffer_1_7_address0         |  out|   12|   ap_memory|         p_ZL13poly_buffer_1_7|         array|
|p_ZL13poly_buffer_1_7_ce0              |  out|    1|   ap_memory|         p_ZL13poly_buffer_1_7|         array|
|p_ZL13poly_buffer_1_7_q0               |   in|   64|   ap_memory|         p_ZL13poly_buffer_1_7|         array|
|p_ZL13poly_buffer_2_0_address0         |  out|   13|   ap_memory|         p_ZL13poly_buffer_2_0|         array|
|p_ZL13poly_buffer_2_0_ce0              |  out|    1|   ap_memory|         p_ZL13poly_buffer_2_0|         array|
|p_ZL13poly_buffer_2_0_q0               |   in|   64|   ap_memory|         p_ZL13poly_buffer_2_0|         array|
|p_ZL13poly_buffer_2_0_address1         |  out|   13|   ap_memory|         p_ZL13poly_buffer_2_0|         array|
|p_ZL13poly_buffer_2_0_ce1              |  out|    1|   ap_memory|         p_ZL13poly_buffer_2_0|         array|
|p_ZL13poly_buffer_2_0_we1              |  out|    1|   ap_memory|         p_ZL13poly_buffer_2_0|         array|
|p_ZL13poly_buffer_2_0_d1               |  out|   64|   ap_memory|         p_ZL13poly_buffer_2_0|         array|
|p_ZL13poly_buffer_2_1_address0         |  out|   13|   ap_memory|         p_ZL13poly_buffer_2_1|         array|
|p_ZL13poly_buffer_2_1_ce0              |  out|    1|   ap_memory|         p_ZL13poly_buffer_2_1|         array|
|p_ZL13poly_buffer_2_1_q0               |   in|   64|   ap_memory|         p_ZL13poly_buffer_2_1|         array|
|p_ZL13poly_buffer_2_1_address1         |  out|   13|   ap_memory|         p_ZL13poly_buffer_2_1|         array|
|p_ZL13poly_buffer_2_1_ce1              |  out|    1|   ap_memory|         p_ZL13poly_buffer_2_1|         array|
|p_ZL13poly_buffer_2_1_we1              |  out|    1|   ap_memory|         p_ZL13poly_buffer_2_1|         array|
|p_ZL13poly_buffer_2_1_d1               |  out|   64|   ap_memory|         p_ZL13poly_buffer_2_1|         array|
|p_ZL13poly_buffer_2_2_address0         |  out|   13|   ap_memory|         p_ZL13poly_buffer_2_2|         array|
|p_ZL13poly_buffer_2_2_ce0              |  out|    1|   ap_memory|         p_ZL13poly_buffer_2_2|         array|
|p_ZL13poly_buffer_2_2_q0               |   in|   64|   ap_memory|         p_ZL13poly_buffer_2_2|         array|
|p_ZL13poly_buffer_2_2_address1         |  out|   13|   ap_memory|         p_ZL13poly_buffer_2_2|         array|
|p_ZL13poly_buffer_2_2_ce1              |  out|    1|   ap_memory|         p_ZL13poly_buffer_2_2|         array|
|p_ZL13poly_buffer_2_2_we1              |  out|    1|   ap_memory|         p_ZL13poly_buffer_2_2|         array|
|p_ZL13poly_buffer_2_2_d1               |  out|   64|   ap_memory|         p_ZL13poly_buffer_2_2|         array|
|p_ZL13poly_buffer_2_3_address0         |  out|   13|   ap_memory|         p_ZL13poly_buffer_2_3|         array|
|p_ZL13poly_buffer_2_3_ce0              |  out|    1|   ap_memory|         p_ZL13poly_buffer_2_3|         array|
|p_ZL13poly_buffer_2_3_q0               |   in|   64|   ap_memory|         p_ZL13poly_buffer_2_3|         array|
|p_ZL13poly_buffer_2_3_address1         |  out|   13|   ap_memory|         p_ZL13poly_buffer_2_3|         array|
|p_ZL13poly_buffer_2_3_ce1              |  out|    1|   ap_memory|         p_ZL13poly_buffer_2_3|         array|
|p_ZL13poly_buffer_2_3_we1              |  out|    1|   ap_memory|         p_ZL13poly_buffer_2_3|         array|
|p_ZL13poly_buffer_2_3_d1               |  out|   64|   ap_memory|         p_ZL13poly_buffer_2_3|         array|
|MODULUS_address0                       |  out|    3|   ap_memory|                       MODULUS|         array|
|MODULUS_ce0                            |  out|    1|   ap_memory|                       MODULUS|         array|
|MODULUS_q0                             |   in|   64|   ap_memory|                       MODULUS|         array|
|S_address0                             |  out|    3|   ap_memory|                             S|         array|
|S_ce0                                  |  out|    1|   ap_memory|                             S|         array|
|S_q0                                   |   in|   64|   ap_memory|                             S|         array|
|M_address0                             |  out|    3|   ap_memory|                             M|         array|
|M_ce0                                  |  out|    1|   ap_memory|                             M|         array|
|M_q0                                   |   in|   64|   ap_memory|                             M|         array|
|p_ZL16NTTTwiddleFactor_0_0_address0    |  out|   12|   ap_memory|    p_ZL16NTTTwiddleFactor_0_0|         array|
|p_ZL16NTTTwiddleFactor_0_0_ce0         |  out|    1|   ap_memory|    p_ZL16NTTTwiddleFactor_0_0|         array|
|p_ZL16NTTTwiddleFactor_0_0_q0          |   in|   64|   ap_memory|    p_ZL16NTTTwiddleFactor_0_0|         array|
|p_ZL16NTTTwiddleFactor_0_1_address0    |  out|   12|   ap_memory|    p_ZL16NTTTwiddleFactor_0_1|         array|
|p_ZL16NTTTwiddleFactor_0_1_ce0         |  out|    1|   ap_memory|    p_ZL16NTTTwiddleFactor_0_1|         array|
|p_ZL16NTTTwiddleFactor_0_1_q0          |   in|   64|   ap_memory|    p_ZL16NTTTwiddleFactor_0_1|         array|
|p_ZL16NTTTwiddleFactor_0_2_address0    |  out|   12|   ap_memory|    p_ZL16NTTTwiddleFactor_0_2|         array|
|p_ZL16NTTTwiddleFactor_0_2_ce0         |  out|    1|   ap_memory|    p_ZL16NTTTwiddleFactor_0_2|         array|
|p_ZL16NTTTwiddleFactor_0_2_q0          |   in|   64|   ap_memory|    p_ZL16NTTTwiddleFactor_0_2|         array|
|p_ZL16NTTTwiddleFactor_0_3_address0    |  out|   12|   ap_memory|    p_ZL16NTTTwiddleFactor_0_3|         array|
|p_ZL16NTTTwiddleFactor_0_3_ce0         |  out|    1|   ap_memory|    p_ZL16NTTTwiddleFactor_0_3|         array|
|p_ZL16NTTTwiddleFactor_0_3_q0          |   in|   64|   ap_memory|    p_ZL16NTTTwiddleFactor_0_3|         array|
|p_ZL16NTTTwiddleFactor_1_0_address0    |  out|   12|   ap_memory|    p_ZL16NTTTwiddleFactor_1_0|         array|
|p_ZL16NTTTwiddleFactor_1_0_ce0         |  out|    1|   ap_memory|    p_ZL16NTTTwiddleFactor_1_0|         array|
|p_ZL16NTTTwiddleFactor_1_0_q0          |   in|   64|   ap_memory|    p_ZL16NTTTwiddleFactor_1_0|         array|
|p_ZL16NTTTwiddleFactor_1_1_address0    |  out|   12|   ap_memory|    p_ZL16NTTTwiddleFactor_1_1|         array|
|p_ZL16NTTTwiddleFactor_1_1_ce0         |  out|    1|   ap_memory|    p_ZL16NTTTwiddleFactor_1_1|         array|
|p_ZL16NTTTwiddleFactor_1_1_q0          |   in|   64|   ap_memory|    p_ZL16NTTTwiddleFactor_1_1|         array|
|p_ZL16NTTTwiddleFactor_1_2_address0    |  out|   12|   ap_memory|    p_ZL16NTTTwiddleFactor_1_2|         array|
|p_ZL16NTTTwiddleFactor_1_2_ce0         |  out|    1|   ap_memory|    p_ZL16NTTTwiddleFactor_1_2|         array|
|p_ZL16NTTTwiddleFactor_1_2_q0          |   in|   64|   ap_memory|    p_ZL16NTTTwiddleFactor_1_2|         array|
|p_ZL16NTTTwiddleFactor_1_3_address0    |  out|   12|   ap_memory|    p_ZL16NTTTwiddleFactor_1_3|         array|
|p_ZL16NTTTwiddleFactor_1_3_ce0         |  out|    1|   ap_memory|    p_ZL16NTTTwiddleFactor_1_3|         array|
|p_ZL16NTTTwiddleFactor_1_3_q0          |   in|   64|   ap_memory|    p_ZL16NTTTwiddleFactor_1_3|         array|
|p_ZL16NTTTwiddleFactor_2_0_address0    |  out|   12|   ap_memory|    p_ZL16NTTTwiddleFactor_2_0|         array|
|p_ZL16NTTTwiddleFactor_2_0_ce0         |  out|    1|   ap_memory|    p_ZL16NTTTwiddleFactor_2_0|         array|
|p_ZL16NTTTwiddleFactor_2_0_q0          |   in|   64|   ap_memory|    p_ZL16NTTTwiddleFactor_2_0|         array|
|p_ZL16NTTTwiddleFactor_2_1_address0    |  out|   12|   ap_memory|    p_ZL16NTTTwiddleFactor_2_1|         array|
|p_ZL16NTTTwiddleFactor_2_1_ce0         |  out|    1|   ap_memory|    p_ZL16NTTTwiddleFactor_2_1|         array|
|p_ZL16NTTTwiddleFactor_2_1_q0          |   in|   64|   ap_memory|    p_ZL16NTTTwiddleFactor_2_1|         array|
|p_ZL16NTTTwiddleFactor_2_2_address0    |  out|   12|   ap_memory|    p_ZL16NTTTwiddleFactor_2_2|         array|
|p_ZL16NTTTwiddleFactor_2_2_ce0         |  out|    1|   ap_memory|    p_ZL16NTTTwiddleFactor_2_2|         array|
|p_ZL16NTTTwiddleFactor_2_2_q0          |   in|   64|   ap_memory|    p_ZL16NTTTwiddleFactor_2_2|         array|
|p_ZL16NTTTwiddleFactor_2_3_address0    |  out|   12|   ap_memory|    p_ZL16NTTTwiddleFactor_2_3|         array|
|p_ZL16NTTTwiddleFactor_2_3_ce0         |  out|    1|   ap_memory|    p_ZL16NTTTwiddleFactor_2_3|         array|
|p_ZL16NTTTwiddleFactor_2_3_q0          |   in|   64|   ap_memory|    p_ZL16NTTTwiddleFactor_2_3|         array|
|p_ZL16NTTTwiddleFactor_3_0_address0    |  out|   12|   ap_memory|    p_ZL16NTTTwiddleFactor_3_0|         array|
|p_ZL16NTTTwiddleFactor_3_0_ce0         |  out|    1|   ap_memory|    p_ZL16NTTTwiddleFactor_3_0|         array|
|p_ZL16NTTTwiddleFactor_3_0_q0          |   in|   64|   ap_memory|    p_ZL16NTTTwiddleFactor_3_0|         array|
|p_ZL16NTTTwiddleFactor_3_1_address0    |  out|   12|   ap_memory|    p_ZL16NTTTwiddleFactor_3_1|         array|
|p_ZL16NTTTwiddleFactor_3_1_ce0         |  out|    1|   ap_memory|    p_ZL16NTTTwiddleFactor_3_1|         array|
|p_ZL16NTTTwiddleFactor_3_1_q0          |   in|   64|   ap_memory|    p_ZL16NTTTwiddleFactor_3_1|         array|
|p_ZL16NTTTwiddleFactor_3_2_address0    |  out|   12|   ap_memory|    p_ZL16NTTTwiddleFactor_3_2|         array|
|p_ZL16NTTTwiddleFactor_3_2_ce0         |  out|    1|   ap_memory|    p_ZL16NTTTwiddleFactor_3_2|         array|
|p_ZL16NTTTwiddleFactor_3_2_q0          |   in|   64|   ap_memory|    p_ZL16NTTTwiddleFactor_3_2|         array|
|p_ZL16NTTTwiddleFactor_3_3_address0    |  out|   12|   ap_memory|    p_ZL16NTTTwiddleFactor_3_3|         array|
|p_ZL16NTTTwiddleFactor_3_3_ce0         |  out|    1|   ap_memory|    p_ZL16NTTTwiddleFactor_3_3|         array|
|p_ZL16NTTTwiddleFactor_3_3_q0          |   in|   64|   ap_memory|    p_ZL16NTTTwiddleFactor_3_3|         array|
|p_ZL16NTTTwiddleFactor_4_0_address0    |  out|   12|   ap_memory|    p_ZL16NTTTwiddleFactor_4_0|         array|
|p_ZL16NTTTwiddleFactor_4_0_ce0         |  out|    1|   ap_memory|    p_ZL16NTTTwiddleFactor_4_0|         array|
|p_ZL16NTTTwiddleFactor_4_0_q0          |   in|   64|   ap_memory|    p_ZL16NTTTwiddleFactor_4_0|         array|
|p_ZL16NTTTwiddleFactor_4_1_address0    |  out|   12|   ap_memory|    p_ZL16NTTTwiddleFactor_4_1|         array|
|p_ZL16NTTTwiddleFactor_4_1_ce0         |  out|    1|   ap_memory|    p_ZL16NTTTwiddleFactor_4_1|         array|
|p_ZL16NTTTwiddleFactor_4_1_q0          |   in|   64|   ap_memory|    p_ZL16NTTTwiddleFactor_4_1|         array|
|p_ZL16NTTTwiddleFactor_4_2_address0    |  out|   12|   ap_memory|    p_ZL16NTTTwiddleFactor_4_2|         array|
|p_ZL16NTTTwiddleFactor_4_2_ce0         |  out|    1|   ap_memory|    p_ZL16NTTTwiddleFactor_4_2|         array|
|p_ZL16NTTTwiddleFactor_4_2_q0          |   in|   64|   ap_memory|    p_ZL16NTTTwiddleFactor_4_2|         array|
|p_ZL16NTTTwiddleFactor_4_3_address0    |  out|   12|   ap_memory|    p_ZL16NTTTwiddleFactor_4_3|         array|
|p_ZL16NTTTwiddleFactor_4_3_ce0         |  out|    1|   ap_memory|    p_ZL16NTTTwiddleFactor_4_3|         array|
|p_ZL16NTTTwiddleFactor_4_3_q0          |   in|   64|   ap_memory|    p_ZL16NTTTwiddleFactor_4_3|         array|
|p_ZL16NTTTwiddleFactor_5_0_address0    |  out|   12|   ap_memory|    p_ZL16NTTTwiddleFactor_5_0|         array|
|p_ZL16NTTTwiddleFactor_5_0_ce0         |  out|    1|   ap_memory|    p_ZL16NTTTwiddleFactor_5_0|         array|
|p_ZL16NTTTwiddleFactor_5_0_q0          |   in|   64|   ap_memory|    p_ZL16NTTTwiddleFactor_5_0|         array|
|p_ZL16NTTTwiddleFactor_5_1_address0    |  out|   12|   ap_memory|    p_ZL16NTTTwiddleFactor_5_1|         array|
|p_ZL16NTTTwiddleFactor_5_1_ce0         |  out|    1|   ap_memory|    p_ZL16NTTTwiddleFactor_5_1|         array|
|p_ZL16NTTTwiddleFactor_5_1_q0          |   in|   64|   ap_memory|    p_ZL16NTTTwiddleFactor_5_1|         array|
|p_ZL16NTTTwiddleFactor_5_2_address0    |  out|   12|   ap_memory|    p_ZL16NTTTwiddleFactor_5_2|         array|
|p_ZL16NTTTwiddleFactor_5_2_ce0         |  out|    1|   ap_memory|    p_ZL16NTTTwiddleFactor_5_2|         array|
|p_ZL16NTTTwiddleFactor_5_2_q0          |   in|   64|   ap_memory|    p_ZL16NTTTwiddleFactor_5_2|         array|
|p_ZL16NTTTwiddleFactor_5_3_address0    |  out|   12|   ap_memory|    p_ZL16NTTTwiddleFactor_5_3|         array|
|p_ZL16NTTTwiddleFactor_5_3_ce0         |  out|    1|   ap_memory|    p_ZL16NTTTwiddleFactor_5_3|         array|
|p_ZL16NTTTwiddleFactor_5_3_q0          |   in|   64|   ap_memory|    p_ZL16NTTTwiddleFactor_5_3|         array|
|p_ZL16NTTTwiddleFactor_6_0_address0    |  out|   12|   ap_memory|    p_ZL16NTTTwiddleFactor_6_0|         array|
|p_ZL16NTTTwiddleFactor_6_0_ce0         |  out|    1|   ap_memory|    p_ZL16NTTTwiddleFactor_6_0|         array|
|p_ZL16NTTTwiddleFactor_6_0_q0          |   in|   64|   ap_memory|    p_ZL16NTTTwiddleFactor_6_0|         array|
|p_ZL16NTTTwiddleFactor_6_1_address0    |  out|   12|   ap_memory|    p_ZL16NTTTwiddleFactor_6_1|         array|
|p_ZL16NTTTwiddleFactor_6_1_ce0         |  out|    1|   ap_memory|    p_ZL16NTTTwiddleFactor_6_1|         array|
|p_ZL16NTTTwiddleFactor_6_1_q0          |   in|   64|   ap_memory|    p_ZL16NTTTwiddleFactor_6_1|         array|
|p_ZL16NTTTwiddleFactor_6_2_address0    |  out|   12|   ap_memory|    p_ZL16NTTTwiddleFactor_6_2|         array|
|p_ZL16NTTTwiddleFactor_6_2_ce0         |  out|    1|   ap_memory|    p_ZL16NTTTwiddleFactor_6_2|         array|
|p_ZL16NTTTwiddleFactor_6_2_q0          |   in|   64|   ap_memory|    p_ZL16NTTTwiddleFactor_6_2|         array|
|p_ZL16NTTTwiddleFactor_6_3_address0    |  out|   12|   ap_memory|    p_ZL16NTTTwiddleFactor_6_3|         array|
|p_ZL16NTTTwiddleFactor_6_3_ce0         |  out|    1|   ap_memory|    p_ZL16NTTTwiddleFactor_6_3|         array|
|p_ZL16NTTTwiddleFactor_6_3_q0          |   in|   64|   ap_memory|    p_ZL16NTTTwiddleFactor_6_3|         array|
|p_ZL16NTTTwiddleFactor_7_0_address0    |  out|   12|   ap_memory|    p_ZL16NTTTwiddleFactor_7_0|         array|
|p_ZL16NTTTwiddleFactor_7_0_ce0         |  out|    1|   ap_memory|    p_ZL16NTTTwiddleFactor_7_0|         array|
|p_ZL16NTTTwiddleFactor_7_0_q0          |   in|   64|   ap_memory|    p_ZL16NTTTwiddleFactor_7_0|         array|
|p_ZL16NTTTwiddleFactor_7_1_address0    |  out|   12|   ap_memory|    p_ZL16NTTTwiddleFactor_7_1|         array|
|p_ZL16NTTTwiddleFactor_7_1_ce0         |  out|    1|   ap_memory|    p_ZL16NTTTwiddleFactor_7_1|         array|
|p_ZL16NTTTwiddleFactor_7_1_q0          |   in|   64|   ap_memory|    p_ZL16NTTTwiddleFactor_7_1|         array|
|p_ZL16NTTTwiddleFactor_7_2_address0    |  out|   12|   ap_memory|    p_ZL16NTTTwiddleFactor_7_2|         array|
|p_ZL16NTTTwiddleFactor_7_2_ce0         |  out|    1|   ap_memory|    p_ZL16NTTTwiddleFactor_7_2|         array|
|p_ZL16NTTTwiddleFactor_7_2_q0          |   in|   64|   ap_memory|    p_ZL16NTTTwiddleFactor_7_2|         array|
|p_ZL16NTTTwiddleFactor_7_3_address0    |  out|   12|   ap_memory|    p_ZL16NTTTwiddleFactor_7_3|         array|
|p_ZL16NTTTwiddleFactor_7_3_ce0         |  out|    1|   ap_memory|    p_ZL16NTTTwiddleFactor_7_3|         array|
|p_ZL16NTTTwiddleFactor_7_3_q0          |   in|   64|   ap_memory|    p_ZL16NTTTwiddleFactor_7_3|         array|
|p_ZL16NTTTwiddleFactor_8_0_address0    |  out|   12|   ap_memory|    p_ZL16NTTTwiddleFactor_8_0|         array|
|p_ZL16NTTTwiddleFactor_8_0_ce0         |  out|    1|   ap_memory|    p_ZL16NTTTwiddleFactor_8_0|         array|
|p_ZL16NTTTwiddleFactor_8_0_q0          |   in|   64|   ap_memory|    p_ZL16NTTTwiddleFactor_8_0|         array|
|p_ZL16NTTTwiddleFactor_8_1_address0    |  out|   12|   ap_memory|    p_ZL16NTTTwiddleFactor_8_1|         array|
|p_ZL16NTTTwiddleFactor_8_1_ce0         |  out|    1|   ap_memory|    p_ZL16NTTTwiddleFactor_8_1|         array|
|p_ZL16NTTTwiddleFactor_8_1_q0          |   in|   64|   ap_memory|    p_ZL16NTTTwiddleFactor_8_1|         array|
|p_ZL16NTTTwiddleFactor_8_2_address0    |  out|   12|   ap_memory|    p_ZL16NTTTwiddleFactor_8_2|         array|
|p_ZL16NTTTwiddleFactor_8_2_ce0         |  out|    1|   ap_memory|    p_ZL16NTTTwiddleFactor_8_2|         array|
|p_ZL16NTTTwiddleFactor_8_2_q0          |   in|   64|   ap_memory|    p_ZL16NTTTwiddleFactor_8_2|         array|
|p_ZL16NTTTwiddleFactor_8_3_address0    |  out|   12|   ap_memory|    p_ZL16NTTTwiddleFactor_8_3|         array|
|p_ZL16NTTTwiddleFactor_8_3_ce0         |  out|    1|   ap_memory|    p_ZL16NTTTwiddleFactor_8_3|         array|
|p_ZL16NTTTwiddleFactor_8_3_q0          |   in|   64|   ap_memory|    p_ZL16NTTTwiddleFactor_8_3|         array|
|p_ZL16NTTTwiddleFactor_9_0_address0    |  out|   12|   ap_memory|    p_ZL16NTTTwiddleFactor_9_0|         array|
|p_ZL16NTTTwiddleFactor_9_0_ce0         |  out|    1|   ap_memory|    p_ZL16NTTTwiddleFactor_9_0|         array|
|p_ZL16NTTTwiddleFactor_9_0_q0          |   in|   64|   ap_memory|    p_ZL16NTTTwiddleFactor_9_0|         array|
|p_ZL16NTTTwiddleFactor_9_1_address0    |  out|   12|   ap_memory|    p_ZL16NTTTwiddleFactor_9_1|         array|
|p_ZL16NTTTwiddleFactor_9_1_ce0         |  out|    1|   ap_memory|    p_ZL16NTTTwiddleFactor_9_1|         array|
|p_ZL16NTTTwiddleFactor_9_1_q0          |   in|   64|   ap_memory|    p_ZL16NTTTwiddleFactor_9_1|         array|
|p_ZL16NTTTwiddleFactor_9_2_address0    |  out|   12|   ap_memory|    p_ZL16NTTTwiddleFactor_9_2|         array|
|p_ZL16NTTTwiddleFactor_9_2_ce0         |  out|    1|   ap_memory|    p_ZL16NTTTwiddleFactor_9_2|         array|
|p_ZL16NTTTwiddleFactor_9_2_q0          |   in|   64|   ap_memory|    p_ZL16NTTTwiddleFactor_9_2|         array|
|p_ZL16NTTTwiddleFactor_9_3_address0    |  out|   12|   ap_memory|    p_ZL16NTTTwiddleFactor_9_3|         array|
|p_ZL16NTTTwiddleFactor_9_3_ce0         |  out|    1|   ap_memory|    p_ZL16NTTTwiddleFactor_9_3|         array|
|p_ZL16NTTTwiddleFactor_9_3_q0          |   in|   64|   ap_memory|    p_ZL16NTTTwiddleFactor_9_3|         array|
|p_ZL16NTTTwiddleFactor_10_0_address0   |  out|   12|   ap_memory|   p_ZL16NTTTwiddleFactor_10_0|         array|
|p_ZL16NTTTwiddleFactor_10_0_ce0        |  out|    1|   ap_memory|   p_ZL16NTTTwiddleFactor_10_0|         array|
|p_ZL16NTTTwiddleFactor_10_0_q0         |   in|   64|   ap_memory|   p_ZL16NTTTwiddleFactor_10_0|         array|
|p_ZL16NTTTwiddleFactor_10_1_address0   |  out|   12|   ap_memory|   p_ZL16NTTTwiddleFactor_10_1|         array|
|p_ZL16NTTTwiddleFactor_10_1_ce0        |  out|    1|   ap_memory|   p_ZL16NTTTwiddleFactor_10_1|         array|
|p_ZL16NTTTwiddleFactor_10_1_q0         |   in|   64|   ap_memory|   p_ZL16NTTTwiddleFactor_10_1|         array|
|p_ZL16NTTTwiddleFactor_10_2_address0   |  out|   12|   ap_memory|   p_ZL16NTTTwiddleFactor_10_2|         array|
|p_ZL16NTTTwiddleFactor_10_2_ce0        |  out|    1|   ap_memory|   p_ZL16NTTTwiddleFactor_10_2|         array|
|p_ZL16NTTTwiddleFactor_10_2_q0         |   in|   64|   ap_memory|   p_ZL16NTTTwiddleFactor_10_2|         array|
|p_ZL16NTTTwiddleFactor_10_3_address0   |  out|   12|   ap_memory|   p_ZL16NTTTwiddleFactor_10_3|         array|
|p_ZL16NTTTwiddleFactor_10_3_ce0        |  out|    1|   ap_memory|   p_ZL16NTTTwiddleFactor_10_3|         array|
|p_ZL16NTTTwiddleFactor_10_3_q0         |   in|   64|   ap_memory|   p_ZL16NTTTwiddleFactor_10_3|         array|
|p_ZL16NTTTwiddleFactor_11_0_address0   |  out|   12|   ap_memory|   p_ZL16NTTTwiddleFactor_11_0|         array|
|p_ZL16NTTTwiddleFactor_11_0_ce0        |  out|    1|   ap_memory|   p_ZL16NTTTwiddleFactor_11_0|         array|
|p_ZL16NTTTwiddleFactor_11_0_q0         |   in|   64|   ap_memory|   p_ZL16NTTTwiddleFactor_11_0|         array|
|p_ZL16NTTTwiddleFactor_11_1_address0   |  out|   12|   ap_memory|   p_ZL16NTTTwiddleFactor_11_1|         array|
|p_ZL16NTTTwiddleFactor_11_1_ce0        |  out|    1|   ap_memory|   p_ZL16NTTTwiddleFactor_11_1|         array|
|p_ZL16NTTTwiddleFactor_11_1_q0         |   in|   64|   ap_memory|   p_ZL16NTTTwiddleFactor_11_1|         array|
|p_ZL16NTTTwiddleFactor_11_2_address0   |  out|   12|   ap_memory|   p_ZL16NTTTwiddleFactor_11_2|         array|
|p_ZL16NTTTwiddleFactor_11_2_ce0        |  out|    1|   ap_memory|   p_ZL16NTTTwiddleFactor_11_2|         array|
|p_ZL16NTTTwiddleFactor_11_2_q0         |   in|   64|   ap_memory|   p_ZL16NTTTwiddleFactor_11_2|         array|
|p_ZL16NTTTwiddleFactor_11_3_address0   |  out|   12|   ap_memory|   p_ZL16NTTTwiddleFactor_11_3|         array|
|p_ZL16NTTTwiddleFactor_11_3_ce0        |  out|    1|   ap_memory|   p_ZL16NTTTwiddleFactor_11_3|         array|
|p_ZL16NTTTwiddleFactor_11_3_q0         |   in|   64|   ap_memory|   p_ZL16NTTTwiddleFactor_11_3|         array|
|p_ZL17INTTTwiddleFactor_0_0_address0   |  out|   12|   ap_memory|   p_ZL17INTTTwiddleFactor_0_0|         array|
|p_ZL17INTTTwiddleFactor_0_0_ce0        |  out|    1|   ap_memory|   p_ZL17INTTTwiddleFactor_0_0|         array|
|p_ZL17INTTTwiddleFactor_0_0_q0         |   in|   64|   ap_memory|   p_ZL17INTTTwiddleFactor_0_0|         array|
|p_ZL17INTTTwiddleFactor_0_1_address0   |  out|   12|   ap_memory|   p_ZL17INTTTwiddleFactor_0_1|         array|
|p_ZL17INTTTwiddleFactor_0_1_ce0        |  out|    1|   ap_memory|   p_ZL17INTTTwiddleFactor_0_1|         array|
|p_ZL17INTTTwiddleFactor_0_1_q0         |   in|   64|   ap_memory|   p_ZL17INTTTwiddleFactor_0_1|         array|
|p_ZL17INTTTwiddleFactor_0_2_address0   |  out|   12|   ap_memory|   p_ZL17INTTTwiddleFactor_0_2|         array|
|p_ZL17INTTTwiddleFactor_0_2_ce0        |  out|    1|   ap_memory|   p_ZL17INTTTwiddleFactor_0_2|         array|
|p_ZL17INTTTwiddleFactor_0_2_q0         |   in|   64|   ap_memory|   p_ZL17INTTTwiddleFactor_0_2|         array|
|p_ZL17INTTTwiddleFactor_0_3_address0   |  out|   12|   ap_memory|   p_ZL17INTTTwiddleFactor_0_3|         array|
|p_ZL17INTTTwiddleFactor_0_3_ce0        |  out|    1|   ap_memory|   p_ZL17INTTTwiddleFactor_0_3|         array|
|p_ZL17INTTTwiddleFactor_0_3_q0         |   in|   64|   ap_memory|   p_ZL17INTTTwiddleFactor_0_3|         array|
|p_ZL17INTTTwiddleFactor_1_0_address0   |  out|   12|   ap_memory|   p_ZL17INTTTwiddleFactor_1_0|         array|
|p_ZL17INTTTwiddleFactor_1_0_ce0        |  out|    1|   ap_memory|   p_ZL17INTTTwiddleFactor_1_0|         array|
|p_ZL17INTTTwiddleFactor_1_0_q0         |   in|   64|   ap_memory|   p_ZL17INTTTwiddleFactor_1_0|         array|
|p_ZL17INTTTwiddleFactor_1_1_address0   |  out|   12|   ap_memory|   p_ZL17INTTTwiddleFactor_1_1|         array|
|p_ZL17INTTTwiddleFactor_1_1_ce0        |  out|    1|   ap_memory|   p_ZL17INTTTwiddleFactor_1_1|         array|
|p_ZL17INTTTwiddleFactor_1_1_q0         |   in|   64|   ap_memory|   p_ZL17INTTTwiddleFactor_1_1|         array|
|p_ZL17INTTTwiddleFactor_1_2_address0   |  out|   12|   ap_memory|   p_ZL17INTTTwiddleFactor_1_2|         array|
|p_ZL17INTTTwiddleFactor_1_2_ce0        |  out|    1|   ap_memory|   p_ZL17INTTTwiddleFactor_1_2|         array|
|p_ZL17INTTTwiddleFactor_1_2_q0         |   in|   64|   ap_memory|   p_ZL17INTTTwiddleFactor_1_2|         array|
|p_ZL17INTTTwiddleFactor_1_3_address0   |  out|   12|   ap_memory|   p_ZL17INTTTwiddleFactor_1_3|         array|
|p_ZL17INTTTwiddleFactor_1_3_ce0        |  out|    1|   ap_memory|   p_ZL17INTTTwiddleFactor_1_3|         array|
|p_ZL17INTTTwiddleFactor_1_3_q0         |   in|   64|   ap_memory|   p_ZL17INTTTwiddleFactor_1_3|         array|
|p_ZL17INTTTwiddleFactor_2_0_address0   |  out|   12|   ap_memory|   p_ZL17INTTTwiddleFactor_2_0|         array|
|p_ZL17INTTTwiddleFactor_2_0_ce0        |  out|    1|   ap_memory|   p_ZL17INTTTwiddleFactor_2_0|         array|
|p_ZL17INTTTwiddleFactor_2_0_q0         |   in|   64|   ap_memory|   p_ZL17INTTTwiddleFactor_2_0|         array|
|p_ZL17INTTTwiddleFactor_2_1_address0   |  out|   12|   ap_memory|   p_ZL17INTTTwiddleFactor_2_1|         array|
|p_ZL17INTTTwiddleFactor_2_1_ce0        |  out|    1|   ap_memory|   p_ZL17INTTTwiddleFactor_2_1|         array|
|p_ZL17INTTTwiddleFactor_2_1_q0         |   in|   64|   ap_memory|   p_ZL17INTTTwiddleFactor_2_1|         array|
|p_ZL17INTTTwiddleFactor_2_2_address0   |  out|   12|   ap_memory|   p_ZL17INTTTwiddleFactor_2_2|         array|
|p_ZL17INTTTwiddleFactor_2_2_ce0        |  out|    1|   ap_memory|   p_ZL17INTTTwiddleFactor_2_2|         array|
|p_ZL17INTTTwiddleFactor_2_2_q0         |   in|   64|   ap_memory|   p_ZL17INTTTwiddleFactor_2_2|         array|
|p_ZL17INTTTwiddleFactor_2_3_address0   |  out|   12|   ap_memory|   p_ZL17INTTTwiddleFactor_2_3|         array|
|p_ZL17INTTTwiddleFactor_2_3_ce0        |  out|    1|   ap_memory|   p_ZL17INTTTwiddleFactor_2_3|         array|
|p_ZL17INTTTwiddleFactor_2_3_q0         |   in|   64|   ap_memory|   p_ZL17INTTTwiddleFactor_2_3|         array|
|p_ZL17INTTTwiddleFactor_3_0_address0   |  out|   12|   ap_memory|   p_ZL17INTTTwiddleFactor_3_0|         array|
|p_ZL17INTTTwiddleFactor_3_0_ce0        |  out|    1|   ap_memory|   p_ZL17INTTTwiddleFactor_3_0|         array|
|p_ZL17INTTTwiddleFactor_3_0_q0         |   in|   64|   ap_memory|   p_ZL17INTTTwiddleFactor_3_0|         array|
|p_ZL17INTTTwiddleFactor_3_1_address0   |  out|   12|   ap_memory|   p_ZL17INTTTwiddleFactor_3_1|         array|
|p_ZL17INTTTwiddleFactor_3_1_ce0        |  out|    1|   ap_memory|   p_ZL17INTTTwiddleFactor_3_1|         array|
|p_ZL17INTTTwiddleFactor_3_1_q0         |   in|   64|   ap_memory|   p_ZL17INTTTwiddleFactor_3_1|         array|
|p_ZL17INTTTwiddleFactor_3_2_address0   |  out|   12|   ap_memory|   p_ZL17INTTTwiddleFactor_3_2|         array|
|p_ZL17INTTTwiddleFactor_3_2_ce0        |  out|    1|   ap_memory|   p_ZL17INTTTwiddleFactor_3_2|         array|
|p_ZL17INTTTwiddleFactor_3_2_q0         |   in|   64|   ap_memory|   p_ZL17INTTTwiddleFactor_3_2|         array|
|p_ZL17INTTTwiddleFactor_3_3_address0   |  out|   12|   ap_memory|   p_ZL17INTTTwiddleFactor_3_3|         array|
|p_ZL17INTTTwiddleFactor_3_3_ce0        |  out|    1|   ap_memory|   p_ZL17INTTTwiddleFactor_3_3|         array|
|p_ZL17INTTTwiddleFactor_3_3_q0         |   in|   64|   ap_memory|   p_ZL17INTTTwiddleFactor_3_3|         array|
|p_ZL17INTTTwiddleFactor_4_0_address0   |  out|   12|   ap_memory|   p_ZL17INTTTwiddleFactor_4_0|         array|
|p_ZL17INTTTwiddleFactor_4_0_ce0        |  out|    1|   ap_memory|   p_ZL17INTTTwiddleFactor_4_0|         array|
|p_ZL17INTTTwiddleFactor_4_0_q0         |   in|   64|   ap_memory|   p_ZL17INTTTwiddleFactor_4_0|         array|
|p_ZL17INTTTwiddleFactor_4_1_address0   |  out|   12|   ap_memory|   p_ZL17INTTTwiddleFactor_4_1|         array|
|p_ZL17INTTTwiddleFactor_4_1_ce0        |  out|    1|   ap_memory|   p_ZL17INTTTwiddleFactor_4_1|         array|
|p_ZL17INTTTwiddleFactor_4_1_q0         |   in|   64|   ap_memory|   p_ZL17INTTTwiddleFactor_4_1|         array|
|p_ZL17INTTTwiddleFactor_4_2_address0   |  out|   12|   ap_memory|   p_ZL17INTTTwiddleFactor_4_2|         array|
|p_ZL17INTTTwiddleFactor_4_2_ce0        |  out|    1|   ap_memory|   p_ZL17INTTTwiddleFactor_4_2|         array|
|p_ZL17INTTTwiddleFactor_4_2_q0         |   in|   64|   ap_memory|   p_ZL17INTTTwiddleFactor_4_2|         array|
|p_ZL17INTTTwiddleFactor_4_3_address0   |  out|   12|   ap_memory|   p_ZL17INTTTwiddleFactor_4_3|         array|
|p_ZL17INTTTwiddleFactor_4_3_ce0        |  out|    1|   ap_memory|   p_ZL17INTTTwiddleFactor_4_3|         array|
|p_ZL17INTTTwiddleFactor_4_3_q0         |   in|   64|   ap_memory|   p_ZL17INTTTwiddleFactor_4_3|         array|
|p_ZL17INTTTwiddleFactor_5_0_address0   |  out|   12|   ap_memory|   p_ZL17INTTTwiddleFactor_5_0|         array|
|p_ZL17INTTTwiddleFactor_5_0_ce0        |  out|    1|   ap_memory|   p_ZL17INTTTwiddleFactor_5_0|         array|
|p_ZL17INTTTwiddleFactor_5_0_q0         |   in|   64|   ap_memory|   p_ZL17INTTTwiddleFactor_5_0|         array|
|p_ZL17INTTTwiddleFactor_5_1_address0   |  out|   12|   ap_memory|   p_ZL17INTTTwiddleFactor_5_1|         array|
|p_ZL17INTTTwiddleFactor_5_1_ce0        |  out|    1|   ap_memory|   p_ZL17INTTTwiddleFactor_5_1|         array|
|p_ZL17INTTTwiddleFactor_5_1_q0         |   in|   64|   ap_memory|   p_ZL17INTTTwiddleFactor_5_1|         array|
|p_ZL17INTTTwiddleFactor_5_2_address0   |  out|   12|   ap_memory|   p_ZL17INTTTwiddleFactor_5_2|         array|
|p_ZL17INTTTwiddleFactor_5_2_ce0        |  out|    1|   ap_memory|   p_ZL17INTTTwiddleFactor_5_2|         array|
|p_ZL17INTTTwiddleFactor_5_2_q0         |   in|   64|   ap_memory|   p_ZL17INTTTwiddleFactor_5_2|         array|
|p_ZL17INTTTwiddleFactor_5_3_address0   |  out|   12|   ap_memory|   p_ZL17INTTTwiddleFactor_5_3|         array|
|p_ZL17INTTTwiddleFactor_5_3_ce0        |  out|    1|   ap_memory|   p_ZL17INTTTwiddleFactor_5_3|         array|
|p_ZL17INTTTwiddleFactor_5_3_q0         |   in|   64|   ap_memory|   p_ZL17INTTTwiddleFactor_5_3|         array|
|p_ZL17INTTTwiddleFactor_6_0_address0   |  out|   12|   ap_memory|   p_ZL17INTTTwiddleFactor_6_0|         array|
|p_ZL17INTTTwiddleFactor_6_0_ce0        |  out|    1|   ap_memory|   p_ZL17INTTTwiddleFactor_6_0|         array|
|p_ZL17INTTTwiddleFactor_6_0_q0         |   in|   64|   ap_memory|   p_ZL17INTTTwiddleFactor_6_0|         array|
|p_ZL17INTTTwiddleFactor_6_1_address0   |  out|   12|   ap_memory|   p_ZL17INTTTwiddleFactor_6_1|         array|
|p_ZL17INTTTwiddleFactor_6_1_ce0        |  out|    1|   ap_memory|   p_ZL17INTTTwiddleFactor_6_1|         array|
|p_ZL17INTTTwiddleFactor_6_1_q0         |   in|   64|   ap_memory|   p_ZL17INTTTwiddleFactor_6_1|         array|
|p_ZL17INTTTwiddleFactor_6_2_address0   |  out|   12|   ap_memory|   p_ZL17INTTTwiddleFactor_6_2|         array|
|p_ZL17INTTTwiddleFactor_6_2_ce0        |  out|    1|   ap_memory|   p_ZL17INTTTwiddleFactor_6_2|         array|
|p_ZL17INTTTwiddleFactor_6_2_q0         |   in|   64|   ap_memory|   p_ZL17INTTTwiddleFactor_6_2|         array|
|p_ZL17INTTTwiddleFactor_6_3_address0   |  out|   12|   ap_memory|   p_ZL17INTTTwiddleFactor_6_3|         array|
|p_ZL17INTTTwiddleFactor_6_3_ce0        |  out|    1|   ap_memory|   p_ZL17INTTTwiddleFactor_6_3|         array|
|p_ZL17INTTTwiddleFactor_6_3_q0         |   in|   64|   ap_memory|   p_ZL17INTTTwiddleFactor_6_3|         array|
|p_ZL17INTTTwiddleFactor_7_0_address0   |  out|   12|   ap_memory|   p_ZL17INTTTwiddleFactor_7_0|         array|
|p_ZL17INTTTwiddleFactor_7_0_ce0        |  out|    1|   ap_memory|   p_ZL17INTTTwiddleFactor_7_0|         array|
|p_ZL17INTTTwiddleFactor_7_0_q0         |   in|   64|   ap_memory|   p_ZL17INTTTwiddleFactor_7_0|         array|
|p_ZL17INTTTwiddleFactor_7_1_address0   |  out|   12|   ap_memory|   p_ZL17INTTTwiddleFactor_7_1|         array|
|p_ZL17INTTTwiddleFactor_7_1_ce0        |  out|    1|   ap_memory|   p_ZL17INTTTwiddleFactor_7_1|         array|
|p_ZL17INTTTwiddleFactor_7_1_q0         |   in|   64|   ap_memory|   p_ZL17INTTTwiddleFactor_7_1|         array|
|p_ZL17INTTTwiddleFactor_7_2_address0   |  out|   12|   ap_memory|   p_ZL17INTTTwiddleFactor_7_2|         array|
|p_ZL17INTTTwiddleFactor_7_2_ce0        |  out|    1|   ap_memory|   p_ZL17INTTTwiddleFactor_7_2|         array|
|p_ZL17INTTTwiddleFactor_7_2_q0         |   in|   64|   ap_memory|   p_ZL17INTTTwiddleFactor_7_2|         array|
|p_ZL17INTTTwiddleFactor_7_3_address0   |  out|   12|   ap_memory|   p_ZL17INTTTwiddleFactor_7_3|         array|
|p_ZL17INTTTwiddleFactor_7_3_ce0        |  out|    1|   ap_memory|   p_ZL17INTTTwiddleFactor_7_3|         array|
|p_ZL17INTTTwiddleFactor_7_3_q0         |   in|   64|   ap_memory|   p_ZL17INTTTwiddleFactor_7_3|         array|
|p_ZL17INTTTwiddleFactor_8_0_address0   |  out|   12|   ap_memory|   p_ZL17INTTTwiddleFactor_8_0|         array|
|p_ZL17INTTTwiddleFactor_8_0_ce0        |  out|    1|   ap_memory|   p_ZL17INTTTwiddleFactor_8_0|         array|
|p_ZL17INTTTwiddleFactor_8_0_q0         |   in|   64|   ap_memory|   p_ZL17INTTTwiddleFactor_8_0|         array|
|p_ZL17INTTTwiddleFactor_8_1_address0   |  out|   12|   ap_memory|   p_ZL17INTTTwiddleFactor_8_1|         array|
|p_ZL17INTTTwiddleFactor_8_1_ce0        |  out|    1|   ap_memory|   p_ZL17INTTTwiddleFactor_8_1|         array|
|p_ZL17INTTTwiddleFactor_8_1_q0         |   in|   64|   ap_memory|   p_ZL17INTTTwiddleFactor_8_1|         array|
|p_ZL17INTTTwiddleFactor_8_2_address0   |  out|   12|   ap_memory|   p_ZL17INTTTwiddleFactor_8_2|         array|
|p_ZL17INTTTwiddleFactor_8_2_ce0        |  out|    1|   ap_memory|   p_ZL17INTTTwiddleFactor_8_2|         array|
|p_ZL17INTTTwiddleFactor_8_2_q0         |   in|   64|   ap_memory|   p_ZL17INTTTwiddleFactor_8_2|         array|
|p_ZL17INTTTwiddleFactor_8_3_address0   |  out|   12|   ap_memory|   p_ZL17INTTTwiddleFactor_8_3|         array|
|p_ZL17INTTTwiddleFactor_8_3_ce0        |  out|    1|   ap_memory|   p_ZL17INTTTwiddleFactor_8_3|         array|
|p_ZL17INTTTwiddleFactor_8_3_q0         |   in|   64|   ap_memory|   p_ZL17INTTTwiddleFactor_8_3|         array|
|p_ZL17INTTTwiddleFactor_9_0_address0   |  out|   12|   ap_memory|   p_ZL17INTTTwiddleFactor_9_0|         array|
|p_ZL17INTTTwiddleFactor_9_0_ce0        |  out|    1|   ap_memory|   p_ZL17INTTTwiddleFactor_9_0|         array|
|p_ZL17INTTTwiddleFactor_9_0_q0         |   in|   64|   ap_memory|   p_ZL17INTTTwiddleFactor_9_0|         array|
|p_ZL17INTTTwiddleFactor_9_1_address0   |  out|   12|   ap_memory|   p_ZL17INTTTwiddleFactor_9_1|         array|
|p_ZL17INTTTwiddleFactor_9_1_ce0        |  out|    1|   ap_memory|   p_ZL17INTTTwiddleFactor_9_1|         array|
|p_ZL17INTTTwiddleFactor_9_1_q0         |   in|   64|   ap_memory|   p_ZL17INTTTwiddleFactor_9_1|         array|
|p_ZL17INTTTwiddleFactor_9_2_address0   |  out|   12|   ap_memory|   p_ZL17INTTTwiddleFactor_9_2|         array|
|p_ZL17INTTTwiddleFactor_9_2_ce0        |  out|    1|   ap_memory|   p_ZL17INTTTwiddleFactor_9_2|         array|
|p_ZL17INTTTwiddleFactor_9_2_q0         |   in|   64|   ap_memory|   p_ZL17INTTTwiddleFactor_9_2|         array|
|p_ZL17INTTTwiddleFactor_9_3_address0   |  out|   12|   ap_memory|   p_ZL17INTTTwiddleFactor_9_3|         array|
|p_ZL17INTTTwiddleFactor_9_3_ce0        |  out|    1|   ap_memory|   p_ZL17INTTTwiddleFactor_9_3|         array|
|p_ZL17INTTTwiddleFactor_9_3_q0         |   in|   64|   ap_memory|   p_ZL17INTTTwiddleFactor_9_3|         array|
|p_ZL17INTTTwiddleFactor_10_0_address0  |  out|   12|   ap_memory|  p_ZL17INTTTwiddleFactor_10_0|         array|
|p_ZL17INTTTwiddleFactor_10_0_ce0       |  out|    1|   ap_memory|  p_ZL17INTTTwiddleFactor_10_0|         array|
|p_ZL17INTTTwiddleFactor_10_0_q0        |   in|   64|   ap_memory|  p_ZL17INTTTwiddleFactor_10_0|         array|
|p_ZL17INTTTwiddleFactor_10_1_address0  |  out|   12|   ap_memory|  p_ZL17INTTTwiddleFactor_10_1|         array|
|p_ZL17INTTTwiddleFactor_10_1_ce0       |  out|    1|   ap_memory|  p_ZL17INTTTwiddleFactor_10_1|         array|
|p_ZL17INTTTwiddleFactor_10_1_q0        |   in|   64|   ap_memory|  p_ZL17INTTTwiddleFactor_10_1|         array|
|p_ZL17INTTTwiddleFactor_10_2_address0  |  out|   12|   ap_memory|  p_ZL17INTTTwiddleFactor_10_2|         array|
|p_ZL17INTTTwiddleFactor_10_2_ce0       |  out|    1|   ap_memory|  p_ZL17INTTTwiddleFactor_10_2|         array|
|p_ZL17INTTTwiddleFactor_10_2_q0        |   in|   64|   ap_memory|  p_ZL17INTTTwiddleFactor_10_2|         array|
|p_ZL17INTTTwiddleFactor_10_3_address0  |  out|   12|   ap_memory|  p_ZL17INTTTwiddleFactor_10_3|         array|
|p_ZL17INTTTwiddleFactor_10_3_ce0       |  out|    1|   ap_memory|  p_ZL17INTTTwiddleFactor_10_3|         array|
|p_ZL17INTTTwiddleFactor_10_3_q0        |   in|   64|   ap_memory|  p_ZL17INTTTwiddleFactor_10_3|         array|
|p_ZL17INTTTwiddleFactor_11_0_address0  |  out|   12|   ap_memory|  p_ZL17INTTTwiddleFactor_11_0|         array|
|p_ZL17INTTTwiddleFactor_11_0_ce0       |  out|    1|   ap_memory|  p_ZL17INTTTwiddleFactor_11_0|         array|
|p_ZL17INTTTwiddleFactor_11_0_q0        |   in|   64|   ap_memory|  p_ZL17INTTTwiddleFactor_11_0|         array|
|p_ZL17INTTTwiddleFactor_11_1_address0  |  out|   12|   ap_memory|  p_ZL17INTTTwiddleFactor_11_1|         array|
|p_ZL17INTTTwiddleFactor_11_1_ce0       |  out|    1|   ap_memory|  p_ZL17INTTTwiddleFactor_11_1|         array|
|p_ZL17INTTTwiddleFactor_11_1_q0        |   in|   64|   ap_memory|  p_ZL17INTTTwiddleFactor_11_1|         array|
|p_ZL17INTTTwiddleFactor_11_2_address0  |  out|   12|   ap_memory|  p_ZL17INTTTwiddleFactor_11_2|         array|
|p_ZL17INTTTwiddleFactor_11_2_ce0       |  out|    1|   ap_memory|  p_ZL17INTTTwiddleFactor_11_2|         array|
|p_ZL17INTTTwiddleFactor_11_2_q0        |   in|   64|   ap_memory|  p_ZL17INTTTwiddleFactor_11_2|         array|
|p_ZL17INTTTwiddleFactor_11_3_address0  |  out|   12|   ap_memory|  p_ZL17INTTTwiddleFactor_11_3|         array|
|p_ZL17INTTTwiddleFactor_11_3_ce0       |  out|    1|   ap_memory|  p_ZL17INTTTwiddleFactor_11_3|         array|
|p_ZL17INTTTwiddleFactor_11_3_q0        |   in|   64|   ap_memory|  p_ZL17INTTTwiddleFactor_11_3|         array|
|p_ZL13result_buffer_0_address1         |  out|   13|   ap_memory|         p_ZL13result_buffer_0|         array|
|p_ZL13result_buffer_0_ce1              |  out|    1|   ap_memory|         p_ZL13result_buffer_0|         array|
|p_ZL13result_buffer_0_we1              |  out|    1|   ap_memory|         p_ZL13result_buffer_0|         array|
|p_ZL13result_buffer_0_d1               |  out|   64|   ap_memory|         p_ZL13result_buffer_0|         array|
|p_ZL13result_buffer_1_address1         |  out|   13|   ap_memory|         p_ZL13result_buffer_1|         array|
|p_ZL13result_buffer_1_ce1              |  out|    1|   ap_memory|         p_ZL13result_buffer_1|         array|
|p_ZL13result_buffer_1_we1              |  out|    1|   ap_memory|         p_ZL13result_buffer_1|         array|
|p_ZL13result_buffer_1_d1               |  out|   64|   ap_memory|         p_ZL13result_buffer_1|         array|
|p_ZL13result_buffer_2_address1         |  out|   13|   ap_memory|         p_ZL13result_buffer_2|         array|
|p_ZL13result_buffer_2_ce1              |  out|    1|   ap_memory|         p_ZL13result_buffer_2|         array|
|p_ZL13result_buffer_2_we1              |  out|    1|   ap_memory|         p_ZL13result_buffer_2|         array|
|p_ZL13result_buffer_2_d1               |  out|   64|   ap_memory|         p_ZL13result_buffer_2|         array|
|p_ZL13result_buffer_3_address1         |  out|   13|   ap_memory|         p_ZL13result_buffer_3|         array|
|p_ZL13result_buffer_3_ce1              |  out|    1|   ap_memory|         p_ZL13result_buffer_3|         array|
|p_ZL13result_buffer_3_we1              |  out|    1|   ap_memory|         p_ZL13result_buffer_3|         array|
|p_ZL13result_buffer_3_d1               |  out|   64|   ap_memory|         p_ZL13result_buffer_3|         array|
+---------------------------------------+-----+-----+------------+------------------------------+--------------+

