Copyright 1986-2022 Xilinx, Inc. All Rights Reserved. Copyright 2022-2023 Advanced Micro Devices, Inc. All Rights Reserved.
----------------------------------------------------------------------------------------------------------------------------------------------------------------------------------------------------------------------
| Tool Version : Vivado v.2023.2 (lin64) Build 4029153 Fri Oct 13 20:13:54 MDT 2023
| Date         : Sat Sep  5 09:39:54 2026
| Host         : LAPTOP-PERMR8RO running 64-bit Ubuntu 22.04.5 LTS
| Command      : report_design_analysis -congestion -file /home/timhan/FHE/openfhe-for-HKS-ACC/src/fpga_backend/Solution/hks_digit_cosim-perf_mem_p4_r3/solution1/impl/verilog/report/postroute_margin/congestion.rpt
| Design       : bd_0_wrapper
| Device       : xcu55c
| Design State : Routed
----------------------------------------------------------------------------------------------------------------------------------------------------------------------------------------------------------------------

Report Design Analysis

Table of Contents
-----------------
1. Placer Final Level Congestion Reporting
2. Router Initial Congestion
3. SLR Net Crossing Reporting

1. Placer Final Level Congestion Reporting
------------------------------------------

+-----------+------+-------+---------------------------------+---------------+---------------+-----+--------+------+------+------+------+-----+-------+-----+--------------------------------------------------------------------------------------------------------------------------------------------------------------------------------------------------------------------------------------------------------------------------------------------------------------------------------------------------------------------------------------------------------+
| Direction | Type | Level |              Window             | Combined LUTs | Avg LUT Input | LUT | LUTRAM | Flop | MUXF | RAMB | URAM | DSP | CARRY | SRL |                                                                                                                                                                                               Cell Names                                                                                                                                                                                               |
+-----------+------+-------+---------------------------------+---------------+---------------+-----+--------+------+------+------+------+-----+-------+-----+--------------------------------------------------------------------------------------------------------------------------------------------------------------------------------------------------------------------------------------------------------------------------------------------------------------------------------------------------------------------------------------------------------+
| North     | Long |     5 | (CLEL_R_X15Y131,CLEM_X31Y162)   |            0% |         3.611 | 72% | 0%     |   9% |   8% | 100% | 62%  | 70% |   25% |  6% | bd_0_i/hls_inst/inst(26%),bd_0_i/hls_inst/inst/grp_Execute_Transform_Operation_fu_696/grp_Execute_Transform_fu_1152/grp_CG_Transform_Work_fu_459/grp_CG_Transform_Work_Pipeline_WORK_BUTTERFLY_LOOP3_fu_948(21%),bd_0_i/hls_inst/inst/grp_Execute_Transform_Operation_fu_696/grp_Execute_Transform_fu_1152/grp_CG_Transform_Work_fu_459/grp_CG_Transform_Work_Pipeline_WORK_BUTTERFLY_LOOP_fu_600(21%) |
| South     | Long |     5 | (CLEL_R_X20Y115,CLEL_R_X35Y146) |            0% |         3.631 | 70% | 0%     |   8% |   8% | 100% | 62%  | 73% |   23% |  1% | bd_0_i/hls_inst/inst(19%),bd_0_i/hls_inst/inst/grp_MultMod_fu_2211(14%),bd_0_i/hls_inst/inst/grp_Compute_BConv_Systolic_fu_1051/grp_Compute_BConv_Systolic_Pipeline_Load_Mod_fu_321(12%)                                                                                                                                                                                                               |
+-----------+------+-------+---------------------------------+---------------+---------------+-----+--------+------+------+------+------+-----+-------+-----+--------------------------------------------------------------------------------------------------------------------------------------------------------------------------------------------------------------------------------------------------------------------------------------------------------------------------------------------------------------------------------------------------------+


2. Router Initial Congestion
----------------------------

+-----------+------+-------+--------------------------------+---------------+---------------+-----+--------+------+------+------+------+-----+-------+-----+--------------------------------------------------------------------------------------------------------------------------------------------------------------------------------------------------------------------------------------------------------------------------------------------------------------------------------------------------------------------------------------------------------+--------------------------------------------------------------------------------------------------------------------------------------------------------------------------------------------------------------------------------------------------------------------------------------------------------------------------------------------------------------------------------------------------------------+
| Direction | Type | Level |             Window             | Combined LUTs | Avg LUT Input | LUT | LUTRAM | Flop | MUXF | RAMB | URAM | DSP | CARRY | SRL |                                                                                                                                                                                               Cell Names                                                                                                                                                                                               |                                                                                                                                                                                                  Sub Windows                                                                                                                                                                                                 |
+-----------+------+-------+--------------------------------+---------------+---------------+-----+--------+------+------+------+------+-----+-------+-----+--------------------------------------------------------------------------------------------------------------------------------------------------------------------------------------------------------------------------------------------------------------------------------------------------------------------------------------------------------------------------------------------------------+--------------------------------------------------------------------------------------------------------------------------------------------------------------------------------------------------------------------------------------------------------------------------------------------------------------------------------------------------------------------------------------------------------------+
| South     | Long |     5 | (CLEL_R_X21Y91,CLEL_L_X44Y138) |            0% |         5.118 | 63% |     0% |  14% |   3% | 100% |  62% | 63% |   20% |  2% | bd_0_i/hls_inst/inst(20%),bd_0_i/hls_inst/inst/grp_Execute_Transform_Operation_fu_696/grp_Compute_BConv_Systolic_24_25_fu_842(13%),bd_0_i/hls_inst/inst/grp_Execute_Transform_Operation_fu_696/grp_Execute_Transform_fu_1152/grp_CG_Transform_Work_fu_459/grp_CG_Transform_Work_Pipeline_WORK_BUTTERFLY_LOOP3_fu_948(12%)                                                                              | (CLEL_R_X21Y131,CLEL_R_X28Y138), (CLEL_R_X21Y123,CLEL_R_X28Y130), (CLEL_R_X21Y115,CLEL_R_X28Y122), (CLEL_R_X21Y107,CLEL_R_X28Y114), (CLEM_X29Y123,CLEM_X36Y130), (CLEM_X29Y115,CLEM_X36Y122), (CLEM_X29Y107,CLEM_X36Y114), (CLEM_X29Y99,CLEM_X36Y106), (CLEM_X29Y91,CLEM_X36Y98), (CLEM_X37Y131,CLEL_R_X44Y138), (CLEM_X37Y123,CLEL_R_X44Y130), (CLEM_X37Y115,CLEL_R_X44Y122), (CLEM_X37Y107,CLEL_R_X44Y114) |
| South     | Long |     5 | (CLEL_R_X21Y107,CLEM_X36Y138)  |            0% |         5.048 | 66% |     0% |  11% |   4% | 100% |  62% | 69% |   21% |  1% | bd_0_i/hls_inst/inst(19%),bd_0_i/hls_inst/inst/grp_Execute_Transform_Operation_fu_696/grp_Compute_BConv_Systolic_24_25_fu_842(15%),bd_0_i/hls_inst/inst/grp_Compute_BConv_Systolic_fu_1051/grp_Compute_BConv_Systolic_Pipeline_Load_Mod_fu_321(14%)                                                                                                                                                    | (CLEL_R_X21Y123,CLEM_X36Y138), (CLEL_R_X21Y107,CLEM_X36Y122)                                                                                                                                                                                                                                                                                                                                                 |
| East      | Long |     5 | (CLEL_R_X21Y135,CLEM_X36Y166)  |            0% |         4.878 | 66% |     0% |  10% |   8% | 100% |  75% | 45% |   26% |  3% | bd_0_i/hls_inst/inst(25%),bd_0_i/hls_inst/inst/grp_Execute_Transform_Operation_fu_696/grp_Execute_Transform_fu_1152/grp_CG_Transform_Work_fu_459/grp_CG_Transform_Work_Pipeline_WORK_BUTTERFLY_LOOP3_fu_948(22%),bd_0_i/hls_inst/inst/grp_MultMod_fu_2211(14%)                                                                                                                                         | (CLEL_R_X21Y151,CLEM_X36Y166), (CLEL_R_X21Y135,CLEM_X36Y150)                                                                                                                                                                                                                                                                                                                                                 |
| West      | Long |     5 | (CLEM_X25Y117,CLEL_R_X56Y196)  |            0% |         5.024 | 63% |     0% |   8% |   7% | 100% |  70% | 25% |   14% |  3% | bd_0_i/hls_inst/inst/grp_Execute_Transform_Operation_fu_696/grp_Execute_Transform_fu_1152/grp_CG_Transform_Work_fu_459/grp_CG_Transform_Work_Pipeline_WORK_BUTTERFLY_LOOP3_fu_948(28%),bd_0_i/hls_inst/inst(28%),bd_0_i/hls_inst/inst/grp_Execute_Transform_Operation_fu_696/grp_Execute_Transform_fu_1152/grp_CG_Transform_Work_fu_459/grp_CG_Transform_Work_Pipeline_WORK_BUTTERFLY_LOOP_fu_600(10%) | (CLEM_X25Y181,CLEL_R_X40Y196), (CLEM_X25Y165,CLEL_R_X40Y180), (CLEM_X25Y149,CLEL_R_X40Y164), (CLEM_X25Y133,CLEL_R_X40Y148), (CLEM_X25Y117,CLEL_R_X40Y132), (CLEL_R_X41Y181,CLEL_R_X56Y196), (CLEM_X41Y165,CLEL_R_X56Y180)                                                                                                                                                                                    |
+-----------+------+-------+--------------------------------+---------------+---------------+-----+--------+------+------+------+------+-----+-------+-----+--------------------------------------------------------------------------------------------------------------------------------------------------------------------------------------------------------------------------------------------------------------------------------------------------------------------------------------------------------------------------------------------------------+--------------------------------------------------------------------------------------------------------------------------------------------------------------------------------------------------------------------------------------------------------------------------------------------------------------------------------------------------------------------------------------------------------------+
* No effective congestion windows are found above level 5


3. SLR Net Crossing Reporting
-----------------------------

+------------+-----------------------------+-------------+-------------+-------------+
| Cell Names | Number of Nets crossing SLR | 0 - 1 Cuts  | 0 - 2 Cuts  | 1 - 2 Cuts  |
+------------+-----------------------------+-------------+-------------+-------------+
* Information not available. There are no nets crossing SLRs.


