Copyright 1986-2022 Xilinx, Inc. All Rights Reserved. Copyright 2022-2023 Advanced Micro Devices, Inc. All Rights Reserved.
------------------------------------------------------------------------------------------------------------------------------------------------------------------------------------------------------------
| Tool Version : Vivado v.2023.2 (lin64) Build 4029153 Fri Oct 13 20:13:54 MDT 2023
| Date         : Sat Sep  5 09:39:48 2026
| Host         : LAPTOP-PERMR8RO running 64-bit Ubuntu 22.04.5 LTS
| Command      : report_high_fanout_nets -file /home/timhan/FHE/openfhe-for-HKS-ACC/src/fpga_backend/Solution/hks_digit_cosim-perf_mem_p4_r3/solution1/impl/verilog/report/postroute_margin/high_fanout.rpt
| Design       : bd_0_wrapper
| Device       : xcu55c
------------------------------------------------------------------------------------------------------------------------------------------------------------------------------------------------------------

High Fan-out Nets Information

1. Summary
----------

+--------------------------------------------------------------------------------------------------------------------------------------------------------------------------------------------------------------------------+--------+-------------+
| Net Name                                                                                                                                                                                                                 | Fanout | Driver Type |
+--------------------------------------------------------------------------------------------------------------------------------------------------------------------------------------------------------------------------+--------+-------------+
| ap_rst_n                                                                                                                                                                                                                 |   2848 | PORT        |
| bd_0_i/hls_inst/inst/grp_Execute_Transform_Operation_fu_696/p_ZL13poly_buffer_1_0_3_address01                                                                                                                            |   2409 | LUT3        |
| bd_0_i/hls_inst/inst/grp_Execute_Transform_Operation_fu_696/grp_Compute_BConv_Systolic_24_25_fu_842/grp_Compute_BConv_Systolic_24_25_Pipeline_Systolic_Loop_fu_640/flow_control_loop_pipe_sequential_init_U/ap_loop_init |   1612 | BUFGCE      |
| bd_0_i/hls_inst/inst/grp_Compute_BConv_Systolic_fu_1051/grp_Compute_BConv_Systolic_Pipeline_Systolic_Loop_fu_346/flow_control_loop_pipe_sequential_init_U/ap_loop_init                                                   |   1536 | BUFGCE      |
| bd_0_i/hls_inst/inst/grp_Execute_Transform_Operation_fu_696/grp_Execute_Transform_fu_1152/grp_CG_Transform_Work_fu_459/grp_CG_Transform_Work_Pipeline_WORK_BUTTERFLY_LOOP_fu_600/E[0]                                    |   1472 | BUFGCE      |
| bd_0_i/hls_inst/inst/grp_Compute_BConv_Systolic_fu_1051/grp_Compute_BConv_Systolic_Pipeline_Systolic_Loop_fu_346/x_in_fu_302[63]_i_2_n_6                                                                                 |    961 | LUT2        |
| bd_0_i/hls_inst/inst/grp_Execute_Transform_Operation_fu_696/grp_Compute_BConv_Systolic_24_25_fu_842/grp_Compute_BConv_Systolic_24_25_Pipeline_Systolic_Loop_fu_640/x_in_fu_308[63]_i_1_n_6                               |    960 | LUT2        |
| bd_0_i/hls_inst/inst/grp_Execute_Transform_Operation_fu_696/grp_Execute_Transform_fu_1152/grp_CG_Transform_Work_fu_459/select_ln321_1_reg_1455[2]                                                                        |    768 | FDRE        |
| bd_0_i/hls_inst/inst/grp_Compute_BConv_Systolic_fu_1051/grp_Compute_BConv_Systolic_Pipeline_Systolic_Loop_fu_346/ap_enable_reg_pp0_iter21_reg_0                                                                          |    683 | FDRE        |
| bd_0_i/hls_inst/inst/grp_Execute_Transform_Operation_fu_696/grp_Compute_BConv_Systolic_24_25_fu_842/grp_Compute_BConv_Systolic_24_25_Pipeline_Systolic_Loop_fu_640/ap_enable_reg_pp0_iter21_reg_0                        |    648 | FDRE        |
+--------------------------------------------------------------------------------------------------------------------------------------------------------------------------------------------------------------------------+--------+-------------+


