

================================================================
== Vitis HLS Report for 'CG_Transform_Kernel'
================================================================
* Date:           Fri Sep  4 07:49:18 2026

* Version:        2023.2 (Build 4023990 on Oct 11 2023)
* Project:        hks_digit_csynth_shared_v1
* Solution:       solution1 (Vivado IP Flow Target)
* Product family: virtexuplusHBM
* Target device:  xcu55c-fsvh2892-2L-e


================================================================
== Performance Estimates
================================================================
+ Timing: 
    * Summary: 
    +--------+---------+----------+------------+
    |  Clock |  Target | Estimated| Uncertainty|
    +--------+---------+----------+------------+
    |ap_clk  |  6.00 ns|  5.043 ns|     0.75 ns|
    +--------+---------+----------+------------+

+ Latency: 
    * Summary: 
    +---------+---------+-----------+-----------+------+------+---------+
    |  Latency (cycles) |   Latency (absolute)  |   Interval  | Pipeline|
    |   min   |   max   |    min    |    max    |  min |  max |   Type  |
    +---------+---------+-----------+-----------+------+------+---------+
    |     8523|     8523|  51.138 us|  51.138 us|  8523|  8523|       no|
    +---------+---------+-----------+-----------+------+------+---------+

    + Detail: 
        * Instance: 
        +---------------------------------------------------------+----------------------------------------------+---------+---------+----------+----------+------+------+---------+
        |                                                         |                                              |  Latency (cycles) |  Latency (absolute) |   Interval  | Pipeline|
        |                         Instance                        |                    Module                    |   min   |   max   |    min   |    max   |  min |  max |   Type  |
        +---------------------------------------------------------+----------------------------------------------+---------+---------+----------+----------+------+------+---------+
        |grp_CG_Transform_Kernel_Pipeline_INIT_LOOP_fu_372        |CG_Transform_Kernel_Pipeline_INIT_LOOP        |     1026|     1026|  6.156 us|  6.156 us|  1026|  1026|       no|
        |grp_CG_Transform_Kernel_Pipeline_BUTTERFLY_LOOP_fu_400   |CG_Transform_Kernel_Pipeline_BUTTERFLY_LOOP   |      537|      537|  3.222 us|  3.222 us|   537|   537|       no|
        |grp_CG_Transform_Kernel_Pipeline_WRITEBACK_LOOP_fu_619   |CG_Transform_Kernel_Pipeline_WRITEBACK_LOOP   |     1026|     1026|  6.156 us|  6.156 us|  1026|  1026|       no|
        |grp_CG_Transform_Kernel_Pipeline_BUTTERFLY_LOOP3_fu_639  |CG_Transform_Kernel_Pipeline_BUTTERFLY_LOOP3  |      537|      537|  3.222 us|  3.222 us|   537|   537|       no|
        +---------------------------------------------------------+----------------------------------------------+---------+---------+----------+----------+------+------+---------+

        * Loop: 
        +--------------+---------+---------+----------+-----------+-----------+------+----------+
        |              |  Latency (cycles) | Iteration|  Initiation Interval  | Trip |          |
        |   Loop Name  |   min   |   max   |  Latency |  achieved |   target  | Count| Pipelined|
        +--------------+---------+---------+----------+-----------+-----------+------+----------+
        |- STAGE_LOOP  |     6468|     6468|      1078|          -|          -|     6|        no|
        +--------------+---------+---------+----------+-----------+-----------+------+----------+



================================================================
== Utilization Estimates
================================================================
* Summary: 
+---------------------+---------+------+---------+---------+-----+
|         Name        | BRAM_18K|  DSP |    FF   |   LUT   | URAM|
+---------------------+---------+------+---------+---------+-----+
|DSP                  |        -|     -|        -|        -|    -|
|Expression           |        -|     -|        0|      131|    -|
|FIFO                 |        -|     -|        -|        -|    -|
|Instance             |        -|   232|    16983|    31276|    -|
|Memory               |       32|     -|        0|        0|    -|
|Multiplexer          |        -|     -|        -|     4548|    -|
|Register             |        -|     -|       93|        -|    -|
+---------------------+---------+------+---------+---------+-----+
|Total                |       32|   232|    17076|    35955|    0|
+---------------------+---------+------+---------+---------+-----+
|Available SLR        |     1344|  3008|   869120|   434560|  320|
+---------------------+---------+------+---------+---------+-----+
|Utilization SLR (%)  |        2|     7|        1|        8|    0|
+---------------------+---------+------+---------+---------+-----+
|Available            |     4032|  9024|  2607360|  1303680|  960|
+---------------------+---------+------+---------+---------+-----+
|Utilization (%)      |       ~0|     2|       ~0|        2|    0|
+---------------------+---------+------+---------+---------+-----+

+ Detail: 
    * Instance: 
    +---------------------------------------------------------+----------------------------------------------+---------+----+------+------+-----+
    |                         Instance                        |                    Module                    | BRAM_18K| DSP|  FF  |  LUT | URAM|
    +---------------------------------------------------------+----------------------------------------------+---------+----+------+------+-----+
    |grp_CG_Transform_Kernel_Pipeline_BUTTERFLY_LOOP_fu_400   |CG_Transform_Kernel_Pipeline_BUTTERFLY_LOOP   |        0|   0|  5083|  8899|    0|
    |grp_CG_Transform_Kernel_Pipeline_BUTTERFLY_LOOP3_fu_639  |CG_Transform_Kernel_Pipeline_BUTTERFLY_LOOP3  |        0|   0|  5083|  8899|    0|
    |grp_CG_Transform_Kernel_Pipeline_INIT_LOOP_fu_372        |CG_Transform_Kernel_Pipeline_INIT_LOOP        |        0|   0|    24|    75|    0|
    |grp_CG_Transform_Kernel_Pipeline_WRITEBACK_LOOP_fu_619   |CG_Transform_Kernel_Pipeline_WRITEBACK_LOOP   |        0|   0|    25|   327|    0|
    |grp_MultMod_1_fu_1003                                    |MultMod_1                                     |        0|  58|  1692|  3269|    0|
    |grp_MultMod_1_fu_1011                                    |MultMod_1                                     |        0|  58|  1692|  3269|    0|
    |grp_MultMod_1_fu_1019                                    |MultMod_1                                     |        0|  58|  1692|  3269|    0|
    |grp_MultMod_1_fu_1027                                    |MultMod_1                                     |        0|  58|  1692|  3269|    0|
    +---------------------------------------------------------+----------------------------------------------+---------+----+------+------+-----+
    |Total                                                    |                                              |        0| 232| 16983| 31276|    0|
    +---------------------------------------------------------+----------------------------------------------+---------+----+------+------+-----+

    * DSP: 
    N/A

    * Memory: 
    +-----------+---------------------------------------------+---------+---+----+-----+------+-----+------+-------------+
    |   Memory  |                    Module                   | BRAM_18K| FF| LUT| URAM| Words| Bits| Banks| W*Bits*Banks|
    +-----------+---------------------------------------------+---------+---+----+-----+------+-----+------+-------------+
    |buf_A_U    |CG_Transform_Kernel_buf_A_RAM_T2P_BRAM_1R1W  |        2|  0|   0|    0|   512|   64|     1|        32768|
    |buf_A_1_U  |CG_Transform_Kernel_buf_A_RAM_T2P_BRAM_1R1W  |        2|  0|   0|    0|   512|   64|     1|        32768|
    |buf_A_2_U  |CG_Transform_Kernel_buf_A_RAM_T2P_BRAM_1R1W  |        2|  0|   0|    0|   512|   64|     1|        32768|
    |buf_A_3_U  |CG_Transform_Kernel_buf_A_RAM_T2P_BRAM_1R1W  |        2|  0|   0|    0|   512|   64|     1|        32768|
    |buf_A_4_U  |CG_Transform_Kernel_buf_A_RAM_T2P_BRAM_1R1W  |        2|  0|   0|    0|   512|   64|     1|        32768|
    |buf_A_5_U  |CG_Transform_Kernel_buf_A_RAM_T2P_BRAM_1R1W  |        2|  0|   0|    0|   512|   64|     1|        32768|
    |buf_A_6_U  |CG_Transform_Kernel_buf_A_RAM_T2P_BRAM_1R1W  |        2|  0|   0|    0|   512|   64|     1|        32768|
    |buf_A_7_U  |CG_Transform_Kernel_buf_A_RAM_T2P_BRAM_1R1W  |        2|  0|   0|    0|   512|   64|     1|        32768|
    |buf_B_U    |CG_Transform_Kernel_buf_A_RAM_T2P_BRAM_1R1W  |        2|  0|   0|    0|   512|   64|     1|        32768|
    |buf_B_1_U  |CG_Transform_Kernel_buf_A_RAM_T2P_BRAM_1R1W  |        2|  0|   0|    0|   512|   64|     1|        32768|
    |buf_B_2_U  |CG_Transform_Kernel_buf_A_RAM_T2P_BRAM_1R1W  |        2|  0|   0|    0|   512|   64|     1|        32768|
    |buf_B_3_U  |CG_Transform_Kernel_buf_A_RAM_T2P_BRAM_1R1W  |        2|  0|   0|    0|   512|   64|     1|        32768|
    |buf_B_4_U  |CG_Transform_Kernel_buf_A_RAM_T2P_BRAM_1R1W  |        2|  0|   0|    0|   512|   64|     1|        32768|
    |buf_B_5_U  |CG_Transform_Kernel_buf_A_RAM_T2P_BRAM_1R1W  |        2|  0|   0|    0|   512|   64|     1|        32768|
    |buf_B_6_U  |CG_Transform_Kernel_buf_A_RAM_T2P_BRAM_1R1W  |        2|  0|   0|    0|   512|   64|     1|        32768|
    |buf_B_7_U  |CG_Transform_Kernel_buf_A_RAM_T2P_BRAM_1R1W  |        2|  0|   0|    0|   512|   64|     1|        32768|
    +-----------+---------------------------------------------+---------+---+----+-----+------+-----+------+-------------+
    |Total      |                                             |       32|  0|   0|    0|  8192| 1024|    16|       524288|
    +-----------+---------------------------------------------+---------+---+----+-----+------+-----+------+-------------+

    * FIFO: 
    N/A

    * Expression: 
    +--------------------------+----------+----+---+----+------------+------------+
    |       Variable Name      | Operation| DSP| FF| LUT| Bitwidth P0| Bitwidth P1|
    +--------------------------+----------+----+---+----+------------+------------+
    |add4_i_fu_871_p2          |         +|   0|  0|  71|          64|           1|
    |stage_3_fu_910_p2         |         +|   0|  0|  12|           4|           2|
    |sub_ln218_1_fu_926_p2     |         -|   0|  0|  12|           4|           4|
    |sub_ln218_fu_896_p2       |         -|   0|  0|  12|           4|           4|
    |icmp_ln211_fu_890_p2      |      icmp|   0|  0|  12|           4|           4|
    |or_ln218_fu_921_p2        |        or|   0|  0|   4|           4|           1|
    |select_ln218_1_fu_931_p3  |    select|   0|  0|   4|           1|           4|
    |select_ln218_fu_902_p3    |    select|   0|  0|   4|           1|           4|
    +--------------------------+----------+----+---+----+------------+------------+
    |Total                     |          |   0|  0| 131|          86|          24|
    +--------------------------+----------+----+---+----+------------+------------+

    * Multiplexer: 
    +-------------------------------+----+-----------+-----+-----------+
    |              Name             | LUT| Input Size| Bits| Total Bits|
    +-------------------------------+----+-----------+-----+-----------+
    |ap_NS_fsm                      |  43|          8|    1|          8|
    |buf_A_1_address0               |  26|          5|    9|         45|
    |buf_A_1_address1               |  14|          3|    9|         27|
    |buf_A_1_ce0                    |  26|          5|    1|          5|
    |buf_A_1_ce1                    |  14|          3|    1|          3|
    |buf_A_1_d0                     |  14|          3|   64|        192|
    |buf_A_1_we0                    |  14|          3|    1|          3|
    |buf_A_1_we1                    |   9|          2|    1|          2|
    |buf_A_2_address0               |  26|          5|    9|         45|
    |buf_A_2_address1               |  14|          3|    9|         27|
    |buf_A_2_ce0                    |  26|          5|    1|          5|
    |buf_A_2_ce1                    |  14|          3|    1|          3|
    |buf_A_2_d0                     |  14|          3|   64|        192|
    |buf_A_2_we0                    |  14|          3|    1|          3|
    |buf_A_2_we1                    |   9|          2|    1|          2|
    |buf_A_3_address0               |  26|          5|    9|         45|
    |buf_A_3_address1               |  14|          3|    9|         27|
    |buf_A_3_ce0                    |  26|          5|    1|          5|
    |buf_A_3_ce1                    |  14|          3|    1|          3|
    |buf_A_3_d0                     |  14|          3|   64|        192|
    |buf_A_3_we0                    |  14|          3|    1|          3|
    |buf_A_3_we1                    |   9|          2|    1|          2|
    |buf_A_4_address0               |  26|          5|    9|         45|
    |buf_A_4_address1               |  14|          3|    9|         27|
    |buf_A_4_ce0                    |  26|          5|    1|          5|
    |buf_A_4_ce1                    |  14|          3|    1|          3|
    |buf_A_4_d0                     |  14|          3|   64|        192|
    |buf_A_4_we0                    |  14|          3|    1|          3|
    |buf_A_4_we1                    |   9|          2|    1|          2|
    |buf_A_5_address0               |  26|          5|    9|         45|
    |buf_A_5_address1               |  14|          3|    9|         27|
    |buf_A_5_ce0                    |  26|          5|    1|          5|
    |buf_A_5_ce1                    |  14|          3|    1|          3|
    |buf_A_5_d0                     |  14|          3|   64|        192|
    |buf_A_5_we0                    |  14|          3|    1|          3|
    |buf_A_5_we1                    |   9|          2|    1|          2|
    |buf_A_6_address0               |  26|          5|    9|         45|
    |buf_A_6_address1               |  14|          3|    9|         27|
    |buf_A_6_ce0                    |  26|          5|    1|          5|
    |buf_A_6_ce1                    |  14|          3|    1|          3|
    |buf_A_6_d0                     |  14|          3|   64|        192|
    |buf_A_6_we0                    |  14|          3|    1|          3|
    |buf_A_6_we1                    |   9|          2|    1|          2|
    |buf_A_7_address0               |  26|          5|    9|         45|
    |buf_A_7_address1               |  14|          3|    9|         27|
    |buf_A_7_ce0                    |  26|          5|    1|          5|
    |buf_A_7_ce1                    |  14|          3|    1|          3|
    |buf_A_7_d0                     |  14|          3|   64|        192|
    |buf_A_7_we0                    |  14|          3|    1|          3|
    |buf_A_7_we1                    |   9|          2|    1|          2|
    |buf_A_address0                 |  26|          5|    9|         45|
    |buf_A_address1                 |  14|          3|    9|         27|
    |buf_A_ce0                      |  26|          5|    1|          5|
    |buf_A_ce1                      |  14|          3|    1|          3|
    |buf_A_d0                       |  14|          3|   64|        192|
    |buf_A_we0                      |  14|          3|    1|          3|
    |buf_A_we1                      |   9|          2|    1|          2|
    |buf_B_1_address0               |  14|          3|    9|         27|
    |buf_B_1_address1               |  14|          3|    9|         27|
    |buf_B_1_ce0                    |  14|          3|    1|          3|
    |buf_B_1_ce1                    |  14|          3|    1|          3|
    |buf_B_1_we0                    |   9|          2|    1|          2|
    |buf_B_1_we1                    |   9|          2|    1|          2|
    |buf_B_2_address0               |  14|          3|    9|         27|
    |buf_B_2_address1               |  14|          3|    9|         27|
    |buf_B_2_ce0                    |  14|          3|    1|          3|
    |buf_B_2_ce1                    |  14|          3|    1|          3|
    |buf_B_2_we0                    |   9|          2|    1|          2|
    |buf_B_2_we1                    |   9|          2|    1|          2|
    |buf_B_3_address0               |  14|          3|    9|         27|
    |buf_B_3_address1               |  14|          3|    9|         27|
    |buf_B_3_ce0                    |  14|          3|    1|          3|
    |buf_B_3_ce1                    |  14|          3|    1|          3|
    |buf_B_3_we0                    |   9|          2|    1|          2|
    |buf_B_3_we1                    |   9|          2|    1|          2|
    |buf_B_4_address0               |  14|          3|    9|         27|
    |buf_B_4_address1               |  14|          3|    9|         27|
    |buf_B_4_ce0                    |  14|          3|    1|          3|
    |buf_B_4_ce1                    |  14|          3|    1|          3|
    |buf_B_4_we0                    |   9|          2|    1|          2|
    |buf_B_4_we1                    |   9|          2|    1|          2|
    |buf_B_5_address0               |  14|          3|    9|         27|
    |buf_B_5_address1               |  14|          3|    9|         27|
    |buf_B_5_ce0                    |  14|          3|    1|          3|
    |buf_B_5_ce1                    |  14|          3|    1|          3|
    |buf_B_5_we0                    |   9|          2|    1|          2|
    |buf_B_5_we1                    |   9|          2|    1|          2|
    |buf_B_6_address0               |  14|          3|    9|         27|
    |buf_B_6_address1               |  14|          3|    9|         27|
    |buf_B_6_ce0                    |  14|          3|    1|          3|
    |buf_B_6_ce1                    |  14|          3|    1|          3|
    |buf_B_6_we0                    |   9|          2|    1|          2|
    |buf_B_6_we1                    |   9|          2|    1|          2|
    |buf_B_7_address0               |  14|          3|    9|         27|
    |buf_B_7_address1               |  14|          3|    9|         27|
    |buf_B_7_ce0                    |  14|          3|    1|          3|
    |buf_B_7_ce1                    |  14|          3|    1|          3|
    |buf_B_7_we0                    |   9|          2|    1|          2|
    |buf_B_7_we1                    |   9|          2|    1|          2|
    |buf_B_address0                 |  14|          3|    9|         27|
    |buf_B_address1                 |  14|          3|    9|         27|
    |buf_B_ce0                      |  14|          3|    1|          3|
    |buf_B_ce1                      |  14|          3|    1|          3|
    |buf_B_we0                      |   9|          2|    1|          2|
    |buf_B_we1                      |   9|          2|    1|          2|
    |grp_MultMod_1_fu_1003_S_val    |  14|          3|   64|        192|
    |grp_MultMod_1_fu_1003_a_val    |  14|          3|   64|        192|
    |grp_MultMod_1_fu_1003_b_val    |  14|          3|   64|        192|
    |grp_MultMod_1_fu_1003_m_val    |  14|          3|   64|        192|
    |grp_MultMod_1_fu_1003_mod_val  |  14|          3|   64|        192|
    |grp_MultMod_1_fu_1011_S_val    |  14|          3|   64|        192|
    |grp_MultMod_1_fu_1011_a_val    |  14|          3|   64|        192|
    |grp_MultMod_1_fu_1011_b_val    |  14|          3|   64|        192|
    |grp_MultMod_1_fu_1011_m_val    |  14|          3|   64|        192|
    |grp_MultMod_1_fu_1011_mod_val  |  14|          3|   64|        192|
    |grp_MultMod_1_fu_1019_S_val    |  14|          3|   64|        192|
    |grp_MultMod_1_fu_1019_a_val    |  14|          3|   64|        192|
    |grp_MultMod_1_fu_1019_b_val    |  14|          3|   64|        192|
    |grp_MultMod_1_fu_1019_m_val    |  14|          3|   64|        192|
    |grp_MultMod_1_fu_1019_mod_val  |  14|          3|   64|        192|
    |grp_MultMod_1_fu_1027_S_val    |  14|          3|   64|        192|
    |grp_MultMod_1_fu_1027_a_val    |  14|          3|   64|        192|
    |grp_MultMod_1_fu_1027_b_val    |  14|          3|   64|        192|
    |grp_MultMod_1_fu_1027_m_val    |  14|          3|   64|        192|
    |grp_MultMod_1_fu_1027_mod_val  |  14|          3|   64|        192|
    |intt_twiddle_0_0_address0      |  14|          3|   12|         36|
    |intt_twiddle_0_0_ce0           |  14|          3|    1|          3|
    |intt_twiddle_0_1_address0      |  14|          3|   12|         36|
    |intt_twiddle_0_1_ce0           |  14|          3|    1|          3|
    |intt_twiddle_0_2_address0      |  14|          3|   12|         36|
    |intt_twiddle_0_2_ce0           |  14|          3|    1|          3|
    |intt_twiddle_0_3_address0      |  14|          3|   12|         36|
    |intt_twiddle_0_3_ce0           |  14|          3|    1|          3|
    |intt_twiddle_10_0_address0     |  14|          3|   12|         36|
    |intt_twiddle_10_0_ce0          |  14|          3|    1|          3|
    |intt_twiddle_10_1_address0     |  14|          3|   12|         36|
    |intt_twiddle_10_1_ce0          |  14|          3|    1|          3|
    |intt_twiddle_10_2_address0     |  14|          3|   12|         36|
    |intt_twiddle_10_2_ce0          |  14|          3|    1|          3|
    |intt_twiddle_10_3_address0     |  14|          3|   12|         36|
    |intt_twiddle_10_3_ce0          |  14|          3|    1|          3|
    |intt_twiddle_11_0_address0     |  14|          3|   12|         36|
    |intt_twiddle_11_0_ce0          |  14|          3|    1|          3|
    |intt_twiddle_11_1_address0     |  14|          3|   12|         36|
    |intt_twiddle_11_1_ce0          |  14|          3|    1|          3|
    |intt_twiddle_11_2_address0     |  14|          3|   12|         36|
    |intt_twiddle_11_2_ce0          |  14|          3|    1|          3|
    |intt_twiddle_11_3_address0     |  14|          3|   12|         36|
    |intt_twiddle_11_3_ce0          |  14|          3|    1|          3|
    |intt_twiddle_1_0_address0      |  14|          3|   12|         36|
    |intt_twiddle_1_0_ce0           |  14|          3|    1|          3|
    |intt_twiddle_1_1_address0      |  14|          3|   12|         36|
    |intt_twiddle_1_1_ce0           |  14|          3|    1|          3|
    |intt_twiddle_1_2_address0      |  14|          3|   12|         36|
    |intt_twiddle_1_2_ce0           |  14|          3|    1|          3|
    |intt_twiddle_1_3_address0      |  14|          3|   12|         36|
    |intt_twiddle_1_3_ce0           |  14|          3|    1|          3|
    |intt_twiddle_2_0_address0      |  14|          3|   12|         36|
    |intt_twiddle_2_0_ce0           |  14|          3|    1|          3|
    |intt_twiddle_2_1_address0      |  14|          3|   12|         36|
    |intt_twiddle_2_1_ce0           |  14|          3|    1|          3|
    |intt_twiddle_2_2_address0      |  14|          3|   12|         36|
    |intt_twiddle_2_2_ce0           |  14|          3|    1|          3|
    |intt_twiddle_2_3_address0      |  14|          3|   12|         36|
    |intt_twiddle_2_3_ce0           |  14|          3|    1|          3|
    |intt_twiddle_3_0_address0      |  14|          3|   12|         36|
    |intt_twiddle_3_0_ce0           |  14|          3|    1|          3|
    |intt_twiddle_3_1_address0      |  14|          3|   12|         36|
    |intt_twiddle_3_1_ce0           |  14|          3|    1|          3|
    |intt_twiddle_3_2_address0      |  14|          3|   12|         36|
    |intt_twiddle_3_2_ce0           |  14|          3|    1|          3|
    |intt_twiddle_3_3_address0      |  14|          3|   12|         36|
    |intt_twiddle_3_3_ce0           |  14|          3|    1|          3|
    |intt_twiddle_4_0_address0      |  14|          3|   12|         36|
    |intt_twiddle_4_0_ce0           |  14|          3|    1|          3|
    |intt_twiddle_4_1_address0      |  14|          3|   12|         36|
    |intt_twiddle_4_1_ce0           |  14|          3|    1|          3|
    |intt_twiddle_4_2_address0      |  14|          3|   12|         36|
    |intt_twiddle_4_2_ce0           |  14|          3|    1|          3|
    |intt_twiddle_4_3_address0      |  14|          3|   12|         36|
    |intt_twiddle_4_3_ce0           |  14|          3|    1|          3|
    |intt_twiddle_5_0_address0      |  14|          3|   12|         36|
    |intt_twiddle_5_0_ce0           |  14|          3|    1|          3|
    |intt_twiddle_5_1_address0      |  14|          3|   12|         36|
    |intt_twiddle_5_1_ce0           |  14|          3|    1|          3|
    |intt_twiddle_5_2_address0      |  14|          3|   12|         36|
    |intt_twiddle_5_2_ce0           |  14|          3|    1|          3|
    |intt_twiddle_5_3_address0      |  14|          3|   12|         36|
    |intt_twiddle_5_3_ce0           |  14|          3|    1|          3|
    |intt_twiddle_6_0_address0      |  14|          3|   12|         36|
    |intt_twiddle_6_0_ce0           |  14|          3|    1|          3|
    |intt_twiddle_6_1_address0      |  14|          3|   12|         36|
    |intt_twiddle_6_1_ce0           |  14|          3|    1|          3|
    |intt_twiddle_6_2_address0      |  14|          3|   12|         36|
    |intt_twiddle_6_2_ce0           |  14|          3|    1|          3|
    |intt_twiddle_6_3_address0      |  14|          3|   12|         36|
    |intt_twiddle_6_3_ce0           |  14|          3|    1|          3|
    |intt_twiddle_7_0_address0      |  14|          3|   12|         36|
    |intt_twiddle_7_0_ce0           |  14|          3|    1|          3|
    |intt_twiddle_7_1_address0      |  14|          3|   12|         36|
    |intt_twiddle_7_1_ce0           |  14|          3|    1|          3|
    |intt_twiddle_7_2_address0      |  14|          3|   12|         36|
    |intt_twiddle_7_2_ce0           |  14|          3|    1|          3|
    |intt_twiddle_7_3_address0      |  14|          3|   12|         36|
    |intt_twiddle_7_3_ce0           |  14|          3|    1|          3|
    |intt_twiddle_8_0_address0      |  14|          3|   12|         36|
    |intt_twiddle_8_0_ce0           |  14|          3|    1|          3|
    |intt_twiddle_8_1_address0      |  14|          3|   12|         36|
    |intt_twiddle_8_1_ce0           |  14|          3|    1|          3|
    |intt_twiddle_8_2_address0      |  14|          3|   12|         36|
    |intt_twiddle_8_2_ce0           |  14|          3|    1|          3|
    |intt_twiddle_8_3_address0      |  14|          3|   12|         36|
    |intt_twiddle_8_3_ce0           |  14|          3|    1|          3|
    |intt_twiddle_9_0_address0      |  14|          3|   12|         36|
    |intt_twiddle_9_0_ce0           |  14|          3|    1|          3|
    |intt_twiddle_9_1_address0      |  14|          3|   12|         36|
    |intt_twiddle_9_1_ce0           |  14|          3|    1|          3|
    |intt_twiddle_9_2_address0      |  14|          3|   12|         36|
    |intt_twiddle_9_2_ce0           |  14|          3|    1|          3|
    |intt_twiddle_9_3_address0      |  14|          3|   12|         36|
    |intt_twiddle_9_3_ce0           |  14|          3|    1|          3|
    |ntt_twiddle_0_0_address0       |  14|          3|   12|         36|
    |ntt_twiddle_0_0_ce0            |  14|          3|    1|          3|
    |ntt_twiddle_0_1_address0       |  14|          3|   12|         36|
    |ntt_twiddle_0_1_ce0            |  14|          3|    1|          3|
    |ntt_twiddle_0_2_address0       |  14|          3|   12|         36|
    |ntt_twiddle_0_2_ce0            |  14|          3|    1|          3|
    |ntt_twiddle_0_3_address0       |  14|          3|   12|         36|
    |ntt_twiddle_0_3_ce0            |  14|          3|    1|          3|
    |ntt_twiddle_10_0_address0      |  14|          3|   12|         36|
    |ntt_twiddle_10_0_ce0           |  14|          3|    1|          3|
    |ntt_twiddle_10_1_address0      |  14|          3|   12|         36|
    |ntt_twiddle_10_1_ce0           |  14|          3|    1|          3|
    |ntt_twiddle_10_2_address0      |  14|          3|   12|         36|
    |ntt_twiddle_10_2_ce0           |  14|          3|    1|          3|
    |ntt_twiddle_10_3_address0      |  14|          3|   12|         36|
    |ntt_twiddle_10_3_ce0           |  14|          3|    1|          3|
    |ntt_twiddle_11_0_address0      |  14|          3|   12|         36|
    |ntt_twiddle_11_0_ce0           |  14|          3|    1|          3|
    |ntt_twiddle_11_1_address0      |  14|          3|   12|         36|
    |ntt_twiddle_11_1_ce0           |  14|          3|    1|          3|
    |ntt_twiddle_11_2_address0      |  14|          3|   12|         36|
    |ntt_twiddle_11_2_ce0           |  14|          3|    1|          3|
    |ntt_twiddle_11_3_address0      |  14|          3|   12|         36|
    |ntt_twiddle_11_3_ce0           |  14|          3|    1|          3|
    |ntt_twiddle_1_0_address0       |  14|          3|   12|         36|
    |ntt_twiddle_1_0_ce0            |  14|          3|    1|          3|
    |ntt_twiddle_1_1_address0       |  14|          3|   12|         36|
    |ntt_twiddle_1_1_ce0            |  14|          3|    1|          3|
    |ntt_twiddle_1_2_address0       |  14|          3|   12|         36|
    |ntt_twiddle_1_2_ce0            |  14|          3|    1|          3|
    |ntt_twiddle_1_3_address0       |  14|          3|   12|         36|
    |ntt_twiddle_1_3_ce0            |  14|          3|    1|          3|
    |ntt_twiddle_2_0_address0       |  14|          3|   12|         36|
    |ntt_twiddle_2_0_ce0            |  14|          3|    1|          3|
    |ntt_twiddle_2_1_address0       |  14|          3|   12|         36|
    |ntt_twiddle_2_1_ce0            |  14|          3|    1|          3|
    |ntt_twiddle_2_2_address0       |  14|          3|   12|         36|
    |ntt_twiddle_2_2_ce0            |  14|          3|    1|          3|
    |ntt_twiddle_2_3_address0       |  14|          3|   12|         36|
    |ntt_twiddle_2_3_ce0            |  14|          3|    1|          3|
    |ntt_twiddle_3_0_address0       |  14|          3|   12|         36|
    |ntt_twiddle_3_0_ce0            |  14|          3|    1|          3|
    |ntt_twiddle_3_1_address0       |  14|          3|   12|         36|
    |ntt_twiddle_3_1_ce0            |  14|          3|    1|          3|
    |ntt_twiddle_3_2_address0       |  14|          3|   12|         36|
    |ntt_twiddle_3_2_ce0            |  14|          3|    1|          3|
    |ntt_twiddle_3_3_address0       |  14|          3|   12|         36|
    |ntt_twiddle_3_3_ce0            |  14|          3|    1|          3|
    |ntt_twiddle_4_0_address0       |  14|          3|   12|         36|
    |ntt_twiddle_4_0_ce0            |  14|          3|    1|          3|
    |ntt_twiddle_4_1_address0       |  14|          3|   12|         36|
    |ntt_twiddle_4_1_ce0            |  14|          3|    1|          3|
    |ntt_twiddle_4_2_address0       |  14|          3|   12|         36|
    |ntt_twiddle_4_2_ce0            |  14|          3|    1|          3|
    |ntt_twiddle_4_3_address0       |  14|          3|   12|         36|
    |ntt_twiddle_4_3_ce0            |  14|          3|    1|          3|
    |ntt_twiddle_5_0_address0       |  14|          3|   12|         36|
    |ntt_twiddle_5_0_ce0            |  14|          3|    1|          3|
    |ntt_twiddle_5_1_address0       |  14|          3|   12|         36|
    |ntt_twiddle_5_1_ce0            |  14|          3|    1|          3|
    |ntt_twiddle_5_2_address0       |  14|          3|   12|         36|
    |ntt_twiddle_5_2_ce0            |  14|          3|    1|          3|
    |ntt_twiddle_5_3_address0       |  14|          3|   12|         36|
    |ntt_twiddle_5_3_ce0            |  14|          3|    1|          3|
    |ntt_twiddle_6_0_address0       |  14|          3|   12|         36|
    |ntt_twiddle_6_0_ce0            |  14|          3|    1|          3|
    |ntt_twiddle_6_1_address0       |  14|          3|   12|         36|
    |ntt_twiddle_6_1_ce0            |  14|          3|    1|          3|
    |ntt_twiddle_6_2_address0       |  14|          3|   12|         36|
    |ntt_twiddle_6_2_ce0            |  14|          3|    1|          3|
    |ntt_twiddle_6_3_address0       |  14|          3|   12|         36|
    |ntt_twiddle_6_3_ce0            |  14|          3|    1|          3|
    |ntt_twiddle_7_0_address0       |  14|          3|   12|         36|
    |ntt_twiddle_7_0_ce0            |  14|          3|    1|          3|
    |ntt_twiddle_7_1_address0       |  14|          3|   12|         36|
    |ntt_twiddle_7_1_ce0            |  14|          3|    1|          3|
    |ntt_twiddle_7_2_address0       |  14|          3|   12|         36|
    |ntt_twiddle_7_2_ce0            |  14|          3|    1|          3|
    |ntt_twiddle_7_3_address0       |  14|          3|   12|         36|
    |ntt_twiddle_7_3_ce0            |  14|          3|    1|          3|
    |ntt_twiddle_8_0_address0       |  14|          3|   12|         36|
    |ntt_twiddle_8_0_ce0            |  14|          3|    1|          3|
    |ntt_twiddle_8_1_address0       |  14|          3|   12|         36|
    |ntt_twiddle_8_1_ce0            |  14|          3|    1|          3|
    |ntt_twiddle_8_2_address0       |  14|          3|   12|         36|
    |ntt_twiddle_8_2_ce0            |  14|          3|    1|          3|
    |ntt_twiddle_8_3_address0       |  14|          3|   12|         36|
    |ntt_twiddle_8_3_ce0            |  14|          3|    1|          3|
    |ntt_twiddle_9_0_address0       |  14|          3|   12|         36|
    |ntt_twiddle_9_0_ce0            |  14|          3|    1|          3|
    |ntt_twiddle_9_1_address0       |  14|          3|   12|         36|
    |ntt_twiddle_9_1_ce0            |  14|          3|    1|          3|
    |ntt_twiddle_9_2_address0       |  14|          3|   12|         36|
    |ntt_twiddle_9_2_ce0            |  14|          3|    1|          3|
    |ntt_twiddle_9_3_address0       |  14|          3|   12|         36|
    |ntt_twiddle_9_3_ce0            |  14|          3|    1|          3|
    |stage_fu_274                   |   9|          2|    4|          8|
    +-------------------------------+----+-----------+-----+-----------+
    |Total                          |4548|        966| 3397|      10328|
    +-------------------------------+----+-----------+-----+-----------+

    * Register: 
    +----------------------------------------------------------------------+----+----+-----+-----------+
    |                                 Name                                 | FF | LUT| Bits| Const Bits|
    +----------------------------------------------------------------------+----+----+-----+-----------+
    |ap_CS_fsm                                                             |   7|   0|    7|          0|
    |grp_CG_Transform_Kernel_Pipeline_BUTTERFLY_LOOP3_fu_639_ap_start_reg  |   1|   0|    1|          0|
    |grp_CG_Transform_Kernel_Pipeline_BUTTERFLY_LOOP_fu_400_ap_start_reg   |   1|   0|    1|          0|
    |grp_CG_Transform_Kernel_Pipeline_INIT_LOOP_fu_372_ap_start_reg        |   1|   0|    1|          0|
    |grp_CG_Transform_Kernel_Pipeline_WRITEBACK_LOOP_fu_619_ap_start_reg   |   1|   0|    1|          0|
    |select_ln218_1_reg_998                                                |   4|   0|    4|          0|
    |select_ln218_reg_993                                                  |   4|   0|    4|          0|
    |stage_2_reg_984                                                       |   4|   0|    4|          0|
    |stage_fu_274                                                          |   4|   0|    4|          0|
    |tmp_reg_972                                                           |   3|   0|   12|          9|
    |trunc_ln_reg_978                                                      |  63|   0|   63|          0|
    +----------------------------------------------------------------------+----+----+-----+-----------+
    |Total                                                                 |  93|   0|  102|          9|
    +----------------------------------------------------------------------+----+----+-----+-----------+



================================================================
== Interface
================================================================
* Summary: 
+----------------------------+-----+-----+------------+------------------------+--------------+
|          RTL Ports         | Dir | Bits|  Protocol  |      Source Object     |    C Type    |
+----------------------------+-----+-----+------------+------------------------+--------------+
|ap_clk                      |   in|    1|  ap_ctrl_hs|     CG_Transform_Kernel|  return value|
|ap_rst                      |   in|    1|  ap_ctrl_hs|     CG_Transform_Kernel|  return value|
|ap_start                    |   in|    1|  ap_ctrl_hs|     CG_Transform_Kernel|  return value|
|ap_done                     |  out|    1|  ap_ctrl_hs|     CG_Transform_Kernel|  return value|
|ap_idle                     |  out|    1|  ap_ctrl_hs|     CG_Transform_Kernel|  return value|
|ap_ready                    |  out|    1|  ap_ctrl_hs|     CG_Transform_Kernel|  return value|
|in_data_0_address0          |  out|   10|   ap_memory|               in_data_0|         array|
|in_data_0_ce0               |  out|    1|   ap_memory|               in_data_0|         array|
|in_data_0_q0                |   in|   64|   ap_memory|               in_data_0|         array|
|in_data_1_address0          |  out|   10|   ap_memory|               in_data_1|         array|
|in_data_1_ce0               |  out|    1|   ap_memory|               in_data_1|         array|
|in_data_1_q0                |   in|   64|   ap_memory|               in_data_1|         array|
|in_data_2_address0          |  out|   10|   ap_memory|               in_data_2|         array|
|in_data_2_ce0               |  out|    1|   ap_memory|               in_data_2|         array|
|in_data_2_q0                |   in|   64|   ap_memory|               in_data_2|         array|
|in_data_3_address0          |  out|   10|   ap_memory|               in_data_3|         array|
|in_data_3_ce0               |  out|    1|   ap_memory|               in_data_3|         array|
|in_data_3_q0                |   in|   64|   ap_memory|               in_data_3|         array|
|out_data_0_address0         |  out|   10|   ap_memory|              out_data_0|         array|
|out_data_0_ce0              |  out|    1|   ap_memory|              out_data_0|         array|
|out_data_0_we0              |  out|    1|   ap_memory|              out_data_0|         array|
|out_data_0_d0               |  out|   64|   ap_memory|              out_data_0|         array|
|out_data_1_address0         |  out|   10|   ap_memory|              out_data_1|         array|
|out_data_1_ce0              |  out|    1|   ap_memory|              out_data_1|         array|
|out_data_1_we0              |  out|    1|   ap_memory|              out_data_1|         array|
|out_data_1_d0               |  out|   64|   ap_memory|              out_data_1|         array|
|out_data_2_address0         |  out|   10|   ap_memory|              out_data_2|         array|
|out_data_2_ce0              |  out|    1|   ap_memory|              out_data_2|         array|
|out_data_2_we0              |  out|    1|   ap_memory|              out_data_2|         array|
|out_data_2_d0               |  out|   64|   ap_memory|              out_data_2|         array|
|out_data_3_address0         |  out|   10|   ap_memory|              out_data_3|         array|
|out_data_3_ce0              |  out|    1|   ap_memory|              out_data_3|         array|
|out_data_3_we0              |  out|    1|   ap_memory|              out_data_3|         array|
|out_data_3_d0               |  out|   64|   ap_memory|              out_data_3|         array|
|modulus                     |   in|   64|     ap_none|                 modulus|        scalar|
|S                           |   in|   64|     ap_none|                       S|        scalar|
|M_barrett                   |   in|   64|     ap_none|               M_barrett|        scalar|
|ntt_twiddle_0_0_address0    |  out|   12|   ap_memory|         ntt_twiddle_0_0|         array|
|ntt_twiddle_0_0_ce0         |  out|    1|   ap_memory|         ntt_twiddle_0_0|         array|
|ntt_twiddle_0_0_q0          |   in|   64|   ap_memory|         ntt_twiddle_0_0|         array|
|ntt_twiddle_0_0_offset      |   in|    3|     ap_none|  ntt_twiddle_0_0_offset|        scalar|
|ntt_twiddle_0_1_address0    |  out|   12|   ap_memory|         ntt_twiddle_0_1|         array|
|ntt_twiddle_0_1_ce0         |  out|    1|   ap_memory|         ntt_twiddle_0_1|         array|
|ntt_twiddle_0_1_q0          |   in|   64|   ap_memory|         ntt_twiddle_0_1|         array|
|ntt_twiddle_0_2_address0    |  out|   12|   ap_memory|         ntt_twiddle_0_2|         array|
|ntt_twiddle_0_2_ce0         |  out|    1|   ap_memory|         ntt_twiddle_0_2|         array|
|ntt_twiddle_0_2_q0          |   in|   64|   ap_memory|         ntt_twiddle_0_2|         array|
|ntt_twiddle_0_3_address0    |  out|   12|   ap_memory|         ntt_twiddle_0_3|         array|
|ntt_twiddle_0_3_ce0         |  out|    1|   ap_memory|         ntt_twiddle_0_3|         array|
|ntt_twiddle_0_3_q0          |   in|   64|   ap_memory|         ntt_twiddle_0_3|         array|
|ntt_twiddle_1_0_address0    |  out|   12|   ap_memory|         ntt_twiddle_1_0|         array|
|ntt_twiddle_1_0_ce0         |  out|    1|   ap_memory|         ntt_twiddle_1_0|         array|
|ntt_twiddle_1_0_q0          |   in|   64|   ap_memory|         ntt_twiddle_1_0|         array|
|ntt_twiddle_1_1_address0    |  out|   12|   ap_memory|         ntt_twiddle_1_1|         array|
|ntt_twiddle_1_1_ce0         |  out|    1|   ap_memory|         ntt_twiddle_1_1|         array|
|ntt_twiddle_1_1_q0          |   in|   64|   ap_memory|         ntt_twiddle_1_1|         array|
|ntt_twiddle_1_2_address0    |  out|   12|   ap_memory|         ntt_twiddle_1_2|         array|
|ntt_twiddle_1_2_ce0         |  out|    1|   ap_memory|         ntt_twiddle_1_2|         array|
|ntt_twiddle_1_2_q0          |   in|   64|   ap_memory|         ntt_twiddle_1_2|         array|
|ntt_twiddle_1_3_address0    |  out|   12|   ap_memory|         ntt_twiddle_1_3|         array|
|ntt_twiddle_1_3_ce0         |  out|    1|   ap_memory|         ntt_twiddle_1_3|         array|
|ntt_twiddle_1_3_q0          |   in|   64|   ap_memory|         ntt_twiddle_1_3|         array|
|ntt_twiddle_2_0_address0    |  out|   12|   ap_memory|         ntt_twiddle_2_0|         array|
|ntt_twiddle_2_0_ce0         |  out|    1|   ap_memory|         ntt_twiddle_2_0|         array|
|ntt_twiddle_2_0_q0          |   in|   64|   ap_memory|         ntt_twiddle_2_0|         array|
|ntt_twiddle_2_1_address0    |  out|   12|   ap_memory|         ntt_twiddle_2_1|         array|
|ntt_twiddle_2_1_ce0         |  out|    1|   ap_memory|         ntt_twiddle_2_1|         array|
|ntt_twiddle_2_1_q0          |   in|   64|   ap_memory|         ntt_twiddle_2_1|         array|
|ntt_twiddle_2_2_address0    |  out|   12|   ap_memory|         ntt_twiddle_2_2|         array|
|ntt_twiddle_2_2_ce0         |  out|    1|   ap_memory|         ntt_twiddle_2_2|         array|
|ntt_twiddle_2_2_q0          |   in|   64|   ap_memory|         ntt_twiddle_2_2|         array|
|ntt_twiddle_2_3_address0    |  out|   12|   ap_memory|         ntt_twiddle_2_3|         array|
|ntt_twiddle_2_3_ce0         |  out|    1|   ap_memory|         ntt_twiddle_2_3|         array|
|ntt_twiddle_2_3_q0          |   in|   64|   ap_memory|         ntt_twiddle_2_3|         array|
|ntt_twiddle_3_0_address0    |  out|   12|   ap_memory|         ntt_twiddle_3_0|         array|
|ntt_twiddle_3_0_ce0         |  out|    1|   ap_memory|         ntt_twiddle_3_0|         array|
|ntt_twiddle_3_0_q0          |   in|   64|   ap_memory|         ntt_twiddle_3_0|         array|
|ntt_twiddle_3_1_address0    |  out|   12|   ap_memory|         ntt_twiddle_3_1|         array|
|ntt_twiddle_3_1_ce0         |  out|    1|   ap_memory|         ntt_twiddle_3_1|         array|
|ntt_twiddle_3_1_q0          |   in|   64|   ap_memory|         ntt_twiddle_3_1|         array|
|ntt_twiddle_3_2_address0    |  out|   12|   ap_memory|         ntt_twiddle_3_2|         array|
|ntt_twiddle_3_2_ce0         |  out|    1|   ap_memory|         ntt_twiddle_3_2|         array|
|ntt_twiddle_3_2_q0          |   in|   64|   ap_memory|         ntt_twiddle_3_2|         array|
|ntt_twiddle_3_3_address0    |  out|   12|   ap_memory|         ntt_twiddle_3_3|         array|
|ntt_twiddle_3_3_ce0         |  out|    1|   ap_memory|         ntt_twiddle_3_3|         array|
|ntt_twiddle_3_3_q0          |   in|   64|   ap_memory|         ntt_twiddle_3_3|         array|
|ntt_twiddle_4_0_address0    |  out|   12|   ap_memory|         ntt_twiddle_4_0|         array|
|ntt_twiddle_4_0_ce0         |  out|    1|   ap_memory|         ntt_twiddle_4_0|         array|
|ntt_twiddle_4_0_q0          |   in|   64|   ap_memory|         ntt_twiddle_4_0|         array|
|ntt_twiddle_4_1_address0    |  out|   12|   ap_memory|         ntt_twiddle_4_1|         array|
|ntt_twiddle_4_1_ce0         |  out|    1|   ap_memory|         ntt_twiddle_4_1|         array|
|ntt_twiddle_4_1_q0          |   in|   64|   ap_memory|         ntt_twiddle_4_1|         array|
|ntt_twiddle_4_2_address0    |  out|   12|   ap_memory|         ntt_twiddle_4_2|         array|
|ntt_twiddle_4_2_ce0         |  out|    1|   ap_memory|         ntt_twiddle_4_2|         array|
|ntt_twiddle_4_2_q0          |   in|   64|   ap_memory|         ntt_twiddle_4_2|         array|
|ntt_twiddle_4_3_address0    |  out|   12|   ap_memory|         ntt_twiddle_4_3|         array|
|ntt_twiddle_4_3_ce0         |  out|    1|   ap_memory|         ntt_twiddle_4_3|         array|
|ntt_twiddle_4_3_q0          |   in|   64|   ap_memory|         ntt_twiddle_4_3|         array|
|ntt_twiddle_5_0_address0    |  out|   12|   ap_memory|         ntt_twiddle_5_0|         array|
|ntt_twiddle_5_0_ce0         |  out|    1|   ap_memory|         ntt_twiddle_5_0|         array|
|ntt_twiddle_5_0_q0          |   in|   64|   ap_memory|         ntt_twiddle_5_0|         array|
|ntt_twiddle_5_1_address0    |  out|   12|   ap_memory|         ntt_twiddle_5_1|         array|
|ntt_twiddle_5_1_ce0         |  out|    1|   ap_memory|         ntt_twiddle_5_1|         array|
|ntt_twiddle_5_1_q0          |   in|   64|   ap_memory|         ntt_twiddle_5_1|         array|
|ntt_twiddle_5_2_address0    |  out|   12|   ap_memory|         ntt_twiddle_5_2|         array|
|ntt_twiddle_5_2_ce0         |  out|    1|   ap_memory|         ntt_twiddle_5_2|         array|
|ntt_twiddle_5_2_q0          |   in|   64|   ap_memory|         ntt_twiddle_5_2|         array|
|ntt_twiddle_5_3_address0    |  out|   12|   ap_memory|         ntt_twiddle_5_3|         array|
|ntt_twiddle_5_3_ce0         |  out|    1|   ap_memory|         ntt_twiddle_5_3|         array|
|ntt_twiddle_5_3_q0          |   in|   64|   ap_memory|         ntt_twiddle_5_3|         array|
|ntt_twiddle_6_0_address0    |  out|   12|   ap_memory|         ntt_twiddle_6_0|         array|
|ntt_twiddle_6_0_ce0         |  out|    1|   ap_memory|         ntt_twiddle_6_0|         array|
|ntt_twiddle_6_0_q0          |   in|   64|   ap_memory|         ntt_twiddle_6_0|         array|
|ntt_twiddle_6_1_address0    |  out|   12|   ap_memory|         ntt_twiddle_6_1|         array|
|ntt_twiddle_6_1_ce0         |  out|    1|   ap_memory|         ntt_twiddle_6_1|         array|
|ntt_twiddle_6_1_q0          |   in|   64|   ap_memory|         ntt_twiddle_6_1|         array|
|ntt_twiddle_6_2_address0    |  out|   12|   ap_memory|         ntt_twiddle_6_2|         array|
|ntt_twiddle_6_2_ce0         |  out|    1|   ap_memory|         ntt_twiddle_6_2|         array|
|ntt_twiddle_6_2_q0          |   in|   64|   ap_memory|         ntt_twiddle_6_2|         array|
|ntt_twiddle_6_3_address0    |  out|   12|   ap_memory|         ntt_twiddle_6_3|         array|
|ntt_twiddle_6_3_ce0         |  out|    1|   ap_memory|         ntt_twiddle_6_3|         array|
|ntt_twiddle_6_3_q0          |   in|   64|   ap_memory|         ntt_twiddle_6_3|         array|
|ntt_twiddle_7_0_address0    |  out|   12|   ap_memory|         ntt_twiddle_7_0|         array|
|ntt_twiddle_7_0_ce0         |  out|    1|   ap_memory|         ntt_twiddle_7_0|         array|
|ntt_twiddle_7_0_q0          |   in|   64|   ap_memory|         ntt_twiddle_7_0|         array|
|ntt_twiddle_7_1_address0    |  out|   12|   ap_memory|         ntt_twiddle_7_1|         array|
|ntt_twiddle_7_1_ce0         |  out|    1|   ap_memory|         ntt_twiddle_7_1|         array|
|ntt_twiddle_7_1_q0          |   in|   64|   ap_memory|         ntt_twiddle_7_1|         array|
|ntt_twiddle_7_2_address0    |  out|   12|   ap_memory|         ntt_twiddle_7_2|         array|
|ntt_twiddle_7_2_ce0         |  out|    1|   ap_memory|         ntt_twiddle_7_2|         array|
|ntt_twiddle_7_2_q0          |   in|   64|   ap_memory|         ntt_twiddle_7_2|         array|
|ntt_twiddle_7_3_address0    |  out|   12|   ap_memory|         ntt_twiddle_7_3|         array|
|ntt_twiddle_7_3_ce0         |  out|    1|   ap_memory|         ntt_twiddle_7_3|         array|
|ntt_twiddle_7_3_q0          |   in|   64|   ap_memory|         ntt_twiddle_7_3|         array|
|ntt_twiddle_8_0_address0    |  out|   12|   ap_memory|         ntt_twiddle_8_0|         array|
|ntt_twiddle_8_0_ce0         |  out|    1|   ap_memory|         ntt_twiddle_8_0|         array|
|ntt_twiddle_8_0_q0          |   in|   64|   ap_memory|         ntt_twiddle_8_0|         array|
|ntt_twiddle_8_1_address0    |  out|   12|   ap_memory|         ntt_twiddle_8_1|         array|
|ntt_twiddle_8_1_ce0         |  out|    1|   ap_memory|         ntt_twiddle_8_1|         array|
|ntt_twiddle_8_1_q0          |   in|   64|   ap_memory|         ntt_twiddle_8_1|         array|
|ntt_twiddle_8_2_address0    |  out|   12|   ap_memory|         ntt_twiddle_8_2|         array|
|ntt_twiddle_8_2_ce0         |  out|    1|   ap_memory|         ntt_twiddle_8_2|         array|
|ntt_twiddle_8_2_q0          |   in|   64|   ap_memory|         ntt_twiddle_8_2|         array|
|ntt_twiddle_8_3_address0    |  out|   12|   ap_memory|         ntt_twiddle_8_3|         array|
|ntt_twiddle_8_3_ce0         |  out|    1|   ap_memory|         ntt_twiddle_8_3|         array|
|ntt_twiddle_8_3_q0          |   in|   64|   ap_memory|         ntt_twiddle_8_3|         array|
|ntt_twiddle_9_0_address0    |  out|   12|   ap_memory|         ntt_twiddle_9_0|         array|
|ntt_twiddle_9_0_ce0         |  out|    1|   ap_memory|         ntt_twiddle_9_0|         array|
|ntt_twiddle_9_0_q0          |   in|   64|   ap_memory|         ntt_twiddle_9_0|         array|
|ntt_twiddle_9_1_address0    |  out|   12|   ap_memory|         ntt_twiddle_9_1|         array|
|ntt_twiddle_9_1_ce0         |  out|    1|   ap_memory|         ntt_twiddle_9_1|         array|
|ntt_twiddle_9_1_q0          |   in|   64|   ap_memory|         ntt_twiddle_9_1|         array|
|ntt_twiddle_9_2_address0    |  out|   12|   ap_memory|         ntt_twiddle_9_2|         array|
|ntt_twiddle_9_2_ce0         |  out|    1|   ap_memory|         ntt_twiddle_9_2|         array|
|ntt_twiddle_9_2_q0          |   in|   64|   ap_memory|         ntt_twiddle_9_2|         array|
|ntt_twiddle_9_3_address0    |  out|   12|   ap_memory|         ntt_twiddle_9_3|         array|
|ntt_twiddle_9_3_ce0         |  out|    1|   ap_memory|         ntt_twiddle_9_3|         array|
|ntt_twiddle_9_3_q0          |   in|   64|   ap_memory|         ntt_twiddle_9_3|         array|
|ntt_twiddle_10_0_address0   |  out|   12|   ap_memory|        ntt_twiddle_10_0|         array|
|ntt_twiddle_10_0_ce0        |  out|    1|   ap_memory|        ntt_twiddle_10_0|         array|
|ntt_twiddle_10_0_q0         |   in|   64|   ap_memory|        ntt_twiddle_10_0|         array|
|ntt_twiddle_10_1_address0   |  out|   12|   ap_memory|        ntt_twiddle_10_1|         array|
|ntt_twiddle_10_1_ce0        |  out|    1|   ap_memory|        ntt_twiddle_10_1|         array|
|ntt_twiddle_10_1_q0         |   in|   64|   ap_memory|        ntt_twiddle_10_1|         array|
|ntt_twiddle_10_2_address0   |  out|   12|   ap_memory|        ntt_twiddle_10_2|         array|
|ntt_twiddle_10_2_ce0        |  out|    1|   ap_memory|        ntt_twiddle_10_2|         array|
|ntt_twiddle_10_2_q0         |   in|   64|   ap_memory|        ntt_twiddle_10_2|         array|
|ntt_twiddle_10_3_address0   |  out|   12|   ap_memory|        ntt_twiddle_10_3|         array|
|ntt_twiddle_10_3_ce0        |  out|    1|   ap_memory|        ntt_twiddle_10_3|         array|
|ntt_twiddle_10_3_q0         |   in|   64|   ap_memory|        ntt_twiddle_10_3|         array|
|ntt_twiddle_11_0_address0   |  out|   12|   ap_memory|        ntt_twiddle_11_0|         array|
|ntt_twiddle_11_0_ce0        |  out|    1|   ap_memory|        ntt_twiddle_11_0|         array|
|ntt_twiddle_11_0_q0         |   in|   64|   ap_memory|        ntt_twiddle_11_0|         array|
|ntt_twiddle_11_1_address0   |  out|   12|   ap_memory|        ntt_twiddle_11_1|         array|
|ntt_twiddle_11_1_ce0        |  out|    1|   ap_memory|        ntt_twiddle_11_1|         array|
|ntt_twiddle_11_1_q0         |   in|   64|   ap_memory|        ntt_twiddle_11_1|         array|
|ntt_twiddle_11_2_address0   |  out|   12|   ap_memory|        ntt_twiddle_11_2|         array|
|ntt_twiddle_11_2_ce0        |  out|    1|   ap_memory|        ntt_twiddle_11_2|         array|
|ntt_twiddle_11_2_q0         |   in|   64|   ap_memory|        ntt_twiddle_11_2|         array|
|ntt_twiddle_11_3_address0   |  out|   12|   ap_memory|        ntt_twiddle_11_3|         array|
|ntt_twiddle_11_3_ce0        |  out|    1|   ap_memory|        ntt_twiddle_11_3|         array|
|ntt_twiddle_11_3_q0         |   in|   64|   ap_memory|        ntt_twiddle_11_3|         array|
|intt_twiddle_0_0_address0   |  out|   12|   ap_memory|        intt_twiddle_0_0|         array|
|intt_twiddle_0_0_ce0        |  out|    1|   ap_memory|        intt_twiddle_0_0|         array|
|intt_twiddle_0_0_q0         |   in|   64|   ap_memory|        intt_twiddle_0_0|         array|
|intt_twiddle_0_1_address0   |  out|   12|   ap_memory|        intt_twiddle_0_1|         array|
|intt_twiddle_0_1_ce0        |  out|    1|   ap_memory|        intt_twiddle_0_1|         array|
|intt_twiddle_0_1_q0         |   in|   64|   ap_memory|        intt_twiddle_0_1|         array|
|intt_twiddle_0_2_address0   |  out|   12|   ap_memory|        intt_twiddle_0_2|         array|
|intt_twiddle_0_2_ce0        |  out|    1|   ap_memory|        intt_twiddle_0_2|         array|
|intt_twiddle_0_2_q0         |   in|   64|   ap_memory|        intt_twiddle_0_2|         array|
|intt_twiddle_0_3_address0   |  out|   12|   ap_memory|        intt_twiddle_0_3|         array|
|intt_twiddle_0_3_ce0        |  out|    1|   ap_memory|        intt_twiddle_0_3|         array|
|intt_twiddle_0_3_q0         |   in|   64|   ap_memory|        intt_twiddle_0_3|         array|
|intt_twiddle_1_0_address0   |  out|   12|   ap_memory|        intt_twiddle_1_0|         array|
|intt_twiddle_1_0_ce0        |  out|    1|   ap_memory|        intt_twiddle_1_0|         array|
|intt_twiddle_1_0_q0         |   in|   64|   ap_memory|        intt_twiddle_1_0|         array|
|intt_twiddle_1_1_address0   |  out|   12|   ap_memory|        intt_twiddle_1_1|         array|
|intt_twiddle_1_1_ce0        |  out|    1|   ap_memory|        intt_twiddle_1_1|         array|
|intt_twiddle_1_1_q0         |   in|   64|   ap_memory|        intt_twiddle_1_1|         array|
|intt_twiddle_1_2_address0   |  out|   12|   ap_memory|        intt_twiddle_1_2|         array|
|intt_twiddle_1_2_ce0        |  out|    1|   ap_memory|        intt_twiddle_1_2|         array|
|intt_twiddle_1_2_q0         |   in|   64|   ap_memory|        intt_twiddle_1_2|         array|
|intt_twiddle_1_3_address0   |  out|   12|   ap_memory|        intt_twiddle_1_3|         array|
|intt_twiddle_1_3_ce0        |  out|    1|   ap_memory|        intt_twiddle_1_3|         array|
|intt_twiddle_1_3_q0         |   in|   64|   ap_memory|        intt_twiddle_1_3|         array|
|intt_twiddle_2_0_address0   |  out|   12|   ap_memory|        intt_twiddle_2_0|         array|
|intt_twiddle_2_0_ce0        |  out|    1|   ap_memory|        intt_twiddle_2_0|         array|
|intt_twiddle_2_0_q0         |   in|   64|   ap_memory|        intt_twiddle_2_0|         array|
|intt_twiddle_2_1_address0   |  out|   12|   ap_memory|        intt_twiddle_2_1|         array|
|intt_twiddle_2_1_ce0        |  out|    1|   ap_memory|        intt_twiddle_2_1|         array|
|intt_twiddle_2_1_q0         |   in|   64|   ap_memory|        intt_twiddle_2_1|         array|
|intt_twiddle_2_2_address0   |  out|   12|   ap_memory|        intt_twiddle_2_2|         array|
|intt_twiddle_2_2_ce0        |  out|    1|   ap_memory|        intt_twiddle_2_2|         array|
|intt_twiddle_2_2_q0         |   in|   64|   ap_memory|        intt_twiddle_2_2|         array|
|intt_twiddle_2_3_address0   |  out|   12|   ap_memory|        intt_twiddle_2_3|         array|
|intt_twiddle_2_3_ce0        |  out|    1|   ap_memory|        intt_twiddle_2_3|         array|
|intt_twiddle_2_3_q0         |   in|   64|   ap_memory|        intt_twiddle_2_3|         array|
|intt_twiddle_3_0_address0   |  out|   12|   ap_memory|        intt_twiddle_3_0|         array|
|intt_twiddle_3_0_ce0        |  out|    1|   ap_memory|        intt_twiddle_3_0|         array|
|intt_twiddle_3_0_q0         |   in|   64|   ap_memory|        intt_twiddle_3_0|         array|
|intt_twiddle_3_1_address0   |  out|   12|   ap_memory|        intt_twiddle_3_1|         array|
|intt_twiddle_3_1_ce0        |  out|    1|   ap_memory|        intt_twiddle_3_1|         array|
|intt_twiddle_3_1_q0         |   in|   64|   ap_memory|        intt_twiddle_3_1|         array|
|intt_twiddle_3_2_address0   |  out|   12|   ap_memory|        intt_twiddle_3_2|         array|
|intt_twiddle_3_2_ce0        |  out|    1|   ap_memory|        intt_twiddle_3_2|         array|
|intt_twiddle_3_2_q0         |   in|   64|   ap_memory|        intt_twiddle_3_2|         array|
|intt_twiddle_3_3_address0   |  out|   12|   ap_memory|        intt_twiddle_3_3|         array|
|intt_twiddle_3_3_ce0        |  out|    1|   ap_memory|        intt_twiddle_3_3|         array|
|intt_twiddle_3_3_q0         |   in|   64|   ap_memory|        intt_twiddle_3_3|         array|
|intt_twiddle_4_0_address0   |  out|   12|   ap_memory|        intt_twiddle_4_0|         array|
|intt_twiddle_4_0_ce0        |  out|    1|   ap_memory|        intt_twiddle_4_0|         array|
|intt_twiddle_4_0_q0         |   in|   64|   ap_memory|        intt_twiddle_4_0|         array|
|intt_twiddle_4_1_address0   |  out|   12|   ap_memory|        intt_twiddle_4_1|         array|
|intt_twiddle_4_1_ce0        |  out|    1|   ap_memory|        intt_twiddle_4_1|         array|
|intt_twiddle_4_1_q0         |   in|   64|   ap_memory|        intt_twiddle_4_1|         array|
|intt_twiddle_4_2_address0   |  out|   12|   ap_memory|        intt_twiddle_4_2|         array|
|intt_twiddle_4_2_ce0        |  out|    1|   ap_memory|        intt_twiddle_4_2|         array|
|intt_twiddle_4_2_q0         |   in|   64|   ap_memory|        intt_twiddle_4_2|         array|
|intt_twiddle_4_3_address0   |  out|   12|   ap_memory|        intt_twiddle_4_3|         array|
|intt_twiddle_4_3_ce0        |  out|    1|   ap_memory|        intt_twiddle_4_3|         array|
|intt_twiddle_4_3_q0         |   in|   64|   ap_memory|        intt_twiddle_4_3|         array|
|intt_twiddle_5_0_address0   |  out|   12|   ap_memory|        intt_twiddle_5_0|         array|
|intt_twiddle_5_0_ce0        |  out|    1|   ap_memory|        intt_twiddle_5_0|         array|
|intt_twiddle_5_0_q0         |   in|   64|   ap_memory|        intt_twiddle_5_0|         array|
|intt_twiddle_5_1_address0   |  out|   12|   ap_memory|        intt_twiddle_5_1|         array|
|intt_twiddle_5_1_ce0        |  out|    1|   ap_memory|        intt_twiddle_5_1|         array|
|intt_twiddle_5_1_q0         |   in|   64|   ap_memory|        intt_twiddle_5_1|         array|
|intt_twiddle_5_2_address0   |  out|   12|   ap_memory|        intt_twiddle_5_2|         array|
|intt_twiddle_5_2_ce0        |  out|    1|   ap_memory|        intt_twiddle_5_2|         array|
|intt_twiddle_5_2_q0         |   in|   64|   ap_memory|        intt_twiddle_5_2|         array|
|intt_twiddle_5_3_address0   |  out|   12|   ap_memory|        intt_twiddle_5_3|         array|
|intt_twiddle_5_3_ce0        |  out|    1|   ap_memory|        intt_twiddle_5_3|         array|
|intt_twiddle_5_3_q0         |   in|   64|   ap_memory|        intt_twiddle_5_3|         array|
|intt_twiddle_6_0_address0   |  out|   12|   ap_memory|        intt_twiddle_6_0|         array|
|intt_twiddle_6_0_ce0        |  out|    1|   ap_memory|        intt_twiddle_6_0|         array|
|intt_twiddle_6_0_q0         |   in|   64|   ap_memory|        intt_twiddle_6_0|         array|
|intt_twiddle_6_1_address0   |  out|   12|   ap_memory|        intt_twiddle_6_1|         array|
|intt_twiddle_6_1_ce0        |  out|    1|   ap_memory|        intt_twiddle_6_1|         array|
|intt_twiddle_6_1_q0         |   in|   64|   ap_memory|        intt_twiddle_6_1|         array|
|intt_twiddle_6_2_address0   |  out|   12|   ap_memory|        intt_twiddle_6_2|         array|
|intt_twiddle_6_2_ce0        |  out|    1|   ap_memory|        intt_twiddle_6_2|         array|
|intt_twiddle_6_2_q0         |   in|   64|   ap_memory|        intt_twiddle_6_2|         array|
|intt_twiddle_6_3_address0   |  out|   12|   ap_memory|        intt_twiddle_6_3|         array|
|intt_twiddle_6_3_ce0        |  out|    1|   ap_memory|        intt_twiddle_6_3|         array|
|intt_twiddle_6_3_q0         |   in|   64|   ap_memory|        intt_twiddle_6_3|         array|
|intt_twiddle_7_0_address0   |  out|   12|   ap_memory|        intt_twiddle_7_0|         array|
|intt_twiddle_7_0_ce0        |  out|    1|   ap_memory|        intt_twiddle_7_0|         array|
|intt_twiddle_7_0_q0         |   in|   64|   ap_memory|        intt_twiddle_7_0|         array|
|intt_twiddle_7_1_address0   |  out|   12|   ap_memory|        intt_twiddle_7_1|         array|
|intt_twiddle_7_1_ce0        |  out|    1|   ap_memory|        intt_twiddle_7_1|         array|
|intt_twiddle_7_1_q0         |   in|   64|   ap_memory|        intt_twiddle_7_1|         array|
|intt_twiddle_7_2_address0   |  out|   12|   ap_memory|        intt_twiddle_7_2|         array|
|intt_twiddle_7_2_ce0        |  out|    1|   ap_memory|        intt_twiddle_7_2|         array|
|intt_twiddle_7_2_q0         |   in|   64|   ap_memory|        intt_twiddle_7_2|         array|
|intt_twiddle_7_3_address0   |  out|   12|   ap_memory|        intt_twiddle_7_3|         array|
|intt_twiddle_7_3_ce0        |  out|    1|   ap_memory|        intt_twiddle_7_3|         array|
|intt_twiddle_7_3_q0         |   in|   64|   ap_memory|        intt_twiddle_7_3|         array|
|intt_twiddle_8_0_address0   |  out|   12|   ap_memory|        intt_twiddle_8_0|         array|
|intt_twiddle_8_0_ce0        |  out|    1|   ap_memory|        intt_twiddle_8_0|         array|
|intt_twiddle_8_0_q0         |   in|   64|   ap_memory|        intt_twiddle_8_0|         array|
|intt_twiddle_8_1_address0   |  out|   12|   ap_memory|        intt_twiddle_8_1|         array|
|intt_twiddle_8_1_ce0        |  out|    1|   ap_memory|        intt_twiddle_8_1|         array|
|intt_twiddle_8_1_q0         |   in|   64|   ap_memory|        intt_twiddle_8_1|         array|
|intt_twiddle_8_2_address0   |  out|   12|   ap_memory|        intt_twiddle_8_2|         array|
|intt_twiddle_8_2_ce0        |  out|    1|   ap_memory|        intt_twiddle_8_2|         array|
|intt_twiddle_8_2_q0         |   in|   64|   ap_memory|        intt_twiddle_8_2|         array|
|intt_twiddle_8_3_address0   |  out|   12|   ap_memory|        intt_twiddle_8_3|         array|
|intt_twiddle_8_3_ce0        |  out|    1|   ap_memory|        intt_twiddle_8_3|         array|
|intt_twiddle_8_3_q0         |   in|   64|   ap_memory|        intt_twiddle_8_3|         array|
|intt_twiddle_9_0_address0   |  out|   12|   ap_memory|        intt_twiddle_9_0|         array|
|intt_twiddle_9_0_ce0        |  out|    1|   ap_memory|        intt_twiddle_9_0|         array|
|intt_twiddle_9_0_q0         |   in|   64|   ap_memory|        intt_twiddle_9_0|         array|
|intt_twiddle_9_1_address0   |  out|   12|   ap_memory|        intt_twiddle_9_1|         array|
|intt_twiddle_9_1_ce0        |  out|    1|   ap_memory|        intt_twiddle_9_1|         array|
|intt_twiddle_9_1_q0         |   in|   64|   ap_memory|        intt_twiddle_9_1|         array|
|intt_twiddle_9_2_address0   |  out|   12|   ap_memory|        intt_twiddle_9_2|         array|
|intt_twiddle_9_2_ce0        |  out|    1|   ap_memory|        intt_twiddle_9_2|         array|
|intt_twiddle_9_2_q0         |   in|   64|   ap_memory|        intt_twiddle_9_2|         array|
|intt_twiddle_9_3_address0   |  out|   12|   ap_memory|        intt_twiddle_9_3|         array|
|intt_twiddle_9_3_ce0        |  out|    1|   ap_memory|        intt_twiddle_9_3|         array|
|intt_twiddle_9_3_q0         |   in|   64|   ap_memory|        intt_twiddle_9_3|         array|
|intt_twiddle_10_0_address0  |  out|   12|   ap_memory|       intt_twiddle_10_0|         array|
|intt_twiddle_10_0_ce0       |  out|    1|   ap_memory|       intt_twiddle_10_0|         array|
|intt_twiddle_10_0_q0        |   in|   64|   ap_memory|       intt_twiddle_10_0|         array|
|intt_twiddle_10_1_address0  |  out|   12|   ap_memory|       intt_twiddle_10_1|         array|
|intt_twiddle_10_1_ce0       |  out|    1|   ap_memory|       intt_twiddle_10_1|         array|
|intt_twiddle_10_1_q0        |   in|   64|   ap_memory|       intt_twiddle_10_1|         array|
|intt_twiddle_10_2_address0  |  out|   12|   ap_memory|       intt_twiddle_10_2|         array|
|intt_twiddle_10_2_ce0       |  out|    1|   ap_memory|       intt_twiddle_10_2|         array|
|intt_twiddle_10_2_q0        |   in|   64|   ap_memory|       intt_twiddle_10_2|         array|
|intt_twiddle_10_3_address0  |  out|   12|   ap_memory|       intt_twiddle_10_3|         array|
|intt_twiddle_10_3_ce0       |  out|    1|   ap_memory|       intt_twiddle_10_3|         array|
|intt_twiddle_10_3_q0        |   in|   64|   ap_memory|       intt_twiddle_10_3|         array|
|intt_twiddle_11_0_address0  |  out|   12|   ap_memory|       intt_twiddle_11_0|         array|
|intt_twiddle_11_0_ce0       |  out|    1|   ap_memory|       intt_twiddle_11_0|         array|
|intt_twiddle_11_0_q0        |   in|   64|   ap_memory|       intt_twiddle_11_0|         array|
|intt_twiddle_11_1_address0  |  out|   12|   ap_memory|       intt_twiddle_11_1|         array|
|intt_twiddle_11_1_ce0       |  out|    1|   ap_memory|       intt_twiddle_11_1|         array|
|intt_twiddle_11_1_q0        |   in|   64|   ap_memory|       intt_twiddle_11_1|         array|
|intt_twiddle_11_2_address0  |  out|   12|   ap_memory|       intt_twiddle_11_2|         array|
|intt_twiddle_11_2_ce0       |  out|    1|   ap_memory|       intt_twiddle_11_2|         array|
|intt_twiddle_11_2_q0        |   in|   64|   ap_memory|       intt_twiddle_11_2|         array|
|intt_twiddle_11_3_address0  |  out|   12|   ap_memory|       intt_twiddle_11_3|         array|
|intt_twiddle_11_3_ce0       |  out|    1|   ap_memory|       intt_twiddle_11_3|         array|
|intt_twiddle_11_3_q0        |   in|   64|   ap_memory|       intt_twiddle_11_3|         array|
|is_ntt                      |   in|    1|     ap_none|                  is_ntt|        scalar|
+----------------------------+-----+-----+------------+------------------------+--------------+

