

================================================================
== Vitis HLS Report for 'Execute_NTT'
================================================================
* Date:           Fri Sep  4 05:59:06 2026

* Version:        2023.2 (Build 4023990 on Oct 11 2023)
* Project:        hks_digit_csynth
* Solution:       solution1 (Vivado IP Flow Target)
* Product family: virtexuplusHBM
* Target device:  xcu55c-fsvh2892-2L-e


================================================================
== Performance Estimates
================================================================
+ Timing: 
    * Summary: 
    +--------+---------+----------+------------+
    |  Clock |  Target | Estimated| Uncertainty|
    +--------+---------+----------+------------+
    |ap_clk  |  6.00 ns|  5.068 ns|     0.75 ns|
    +--------+---------+----------+------------+

+ Latency: 
    * Summary: 
    +---------+---------+-----------+----------+-------+-------+---------+
    |  Latency (cycles) |  Latency (absolute)  |    Interval   | Pipeline|
    |   min   |   max   |    min    |    max   |  min  |  max  |   Type  |
    +---------+---------+-----------+----------+-------+-------+---------+
    |    10046|    50226|  60.276 us|  0.301 ms|  10046|  50226|       no|
    +---------+---------+-----------+----------+-------+-------+---------+

    + Detail: 
        * Instance: 
        +---------------------------------------------+----------------------------------+---------+---------+-----------+-----------+------+------+---------+
        |                                             |                                  |  Latency (cycles) |   Latency (absolute)  |   Interval  | Pipeline|
        |                   Instance                  |              Module              |   min   |   max   |    min    |    max    |  min |  max |   Type  |
        +---------------------------------------------+----------------------------------+---------+---------+-----------+-----------+------+------+---------+
        |grp_Execute_NTT_Pipeline_FLATTEN_ROW_fu_298  |Execute_NTT_Pipeline_FLATTEN_ROW  |      514|      514|   3.084 us|   3.084 us|   514|   514|       no|
        |grp_CG_NTT_Kernel_true_s_fu_371              |CG_NTT_Kernel_true_s              |     8499|     8499|  50.994 us|  50.994 us|  8499|  8499|       no|
        |grp_Execute_NTT_Pipeline_RESHAPE_ROW_fu_532  |Execute_NTT_Pipeline_RESHAPE_ROW  |     1026|     1026|   6.156 us|   6.156 us|  1026|  1026|       no|
        +---------------------------------------------+----------------------------------+---------+---------+-----------+-----------+------+------+---------+

        * Loop: 
        +--------------------+---------+---------+----------+-----------+-----------+-------+----------+
        |                    |  Latency (cycles) | Iteration|  Initiation Interval  |  Trip |          |
        |      Loop Name     |   min   |   max   |  Latency |  achieved |   target  | Count | Pipelined|
        +--------------------+---------+---------+----------+-----------+-----------+-------+----------+
        |- NTT_CG_LIMB_LOOP  |    10045|    50225|     10045|          -|          -|  1 ~ 5|        no|
        +--------------------+---------+---------+----------+-----------+-----------+-------+----------+



================================================================
== Utilization Estimates
================================================================
* Summary: 
+---------------------+---------+------+---------+---------+-----+
|         Name        | BRAM_18K|  DSP |    FF   |   LUT   | URAM|
+---------------------+---------+------+---------+---------+-----+
|DSP                  |        -|     -|        -|        -|    -|
|Expression           |        -|     -|        0|      181|    -|
|FIFO                 |        -|     -|        -|        -|    -|
|Instance             |       32|   232|    11533|    32663|    -|
|Memory               |       32|     -|        0|        0|    0|
|Multiplexer          |        -|     -|        -|     1928|    -|
|Register             |        -|     -|      397|        -|    -|
+---------------------+---------+------+---------+---------+-----+
|Total                |       64|   232|    11930|    34772|    0|
+---------------------+---------+------+---------+---------+-----+
|Available SLR        |     1344|  3008|   869120|   434560|  320|
+---------------------+---------+------+---------+---------+-----+
|Utilization SLR (%)  |        4|     7|        1|        8|    0|
+---------------------+---------+------+---------+---------+-----+
|Available            |     4032|  9024|  2607360|  1303680|  960|
+---------------------+---------+------+---------+---------+-----+
|Utilization (%)      |        1|     2|       ~0|        2|    0|
+---------------------+---------+------+---------+---------+-----+

+ Detail: 
    * Instance: 
    +---------------------------------------------+----------------------------------+---------+-----+------+-------+-----+
    |                   Instance                  |              Module              | BRAM_18K| DSP |  FF  |  LUT  | URAM|
    +---------------------------------------------+----------------------------------+---------+-----+------+-------+-----+
    |grp_CG_NTT_Kernel_true_s_fu_371              |CG_NTT_Kernel_true_s              |       32|  232|  9228|  22836|    0|
    |grp_Execute_NTT_Pipeline_FLATTEN_ROW_fu_298  |Execute_NTT_Pipeline_FLATTEN_ROW  |        0|    0|   121|   4612|    0|
    |grp_Execute_NTT_Pipeline_RESHAPE_ROW_fu_532  |Execute_NTT_Pipeline_RESHAPE_ROW  |        0|    0|  2184|   5172|    0|
    |sparsemux_17_3_64_1_1_U3785                  |sparsemux_17_3_64_1_1             |        0|    0|     0|     43|    0|
    +---------------------------------------------+----------------------------------+---------+-----+------+-------+-----+
    |Total                                        |                                  |       32|  232| 11533|  32663|    0|
    +---------------------------------------------+----------------------------------+---------+-----+------+-------+-----+

    * DSP: 
    N/A

    * Memory: 
    +---------------+------------------------------------+---------+---+----+-----+------+-----+------+-------------+
    |     Memory    |               Module               | BRAM_18K| FF| LUT| URAM| Words| Bits| Banks| W*Bits*Banks|
    +---------------+------------------------------------+---------+---+----+-----+------+-----+------+-------------+
    |flat_U         |Execute_NTT_flat_RAM_AUTO_1R1W      |        4|  0|   0|    0|  1024|   64|     1|        65536|
    |flat_10_U      |Execute_NTT_flat_RAM_AUTO_1R1W      |        4|  0|   0|    0|  1024|   64|     1|        65536|
    |flat_11_U      |Execute_NTT_flat_RAM_AUTO_1R1W      |        4|  0|   0|    0|  1024|   64|     1|        65536|
    |flat_12_U      |Execute_NTT_flat_RAM_AUTO_1R1W      |        4|  0|   0|    0|  1024|   64|     1|        65536|
    |flat_out_U     |Execute_NTT_flat_out_RAM_AUTO_1R1W  |        4|  0|   0|    0|  1024|   64|     1|        65536|
    |flat_out_10_U  |Execute_NTT_flat_out_RAM_AUTO_1R1W  |        4|  0|   0|    0|  1024|   64|     1|        65536|
    |flat_out_11_U  |Execute_NTT_flat_out_RAM_AUTO_1R1W  |        4|  0|   0|    0|  1024|   64|     1|        65536|
    |flat_out_12_U  |Execute_NTT_flat_out_RAM_AUTO_1R1W  |        4|  0|   0|    0|  1024|   64|     1|        65536|
    +---------------+------------------------------------+---------+---+----+-----+------+-----+------+-------------+
    |Total          |                                    |       32|  0|   0|    0|  8192|  512|     8|       524288|
    +---------------+------------------------------------+---------+---+----+-----+------+-----+------+-------------+

    * FIFO: 
    N/A

    * Expression: 
    +----------------------+----------+----+---+----+------------+------------+
    |     Variable Name    | Operation| DSP| FF| LUT| Bitwidth P0| Bitwidth P1|
    +----------------------+----------+----+---+----+------------+------------+
    |add_fu_605_p2         |         +|   0|  0|  39|          32|           1|
    |add_ln163_fu_637_p2   |         +|   0|  0|  71|          64|           1|
    |icmp_ln163_fu_627_p2  |      icmp|   0|  0|  71|          64|          64|
    +----------------------+----------+----+---+----+------------+------------+
    |Total                 |          |   0|  0| 181|         160|          66|
    +----------------------+----------+----+---+----+------------+------------+

    * Multiplexer: 
    +----------------------------------+----+-----------+-----+-----------+
    |               Name               | LUT| Input Size| Bits| Total Bits|
    +----------------------------------+----+-----------+-----+-----------+
    |ap_NS_fsm                         |  43|          8|    1|          8|
    |flat_10_address0                  |  14|          3|   10|         30|
    |flat_10_ce0                       |  14|          3|    1|          3|
    |flat_10_ce1                       |   9|          2|    1|          2|
    |flat_10_we0                       |   9|          2|    1|          2|
    |flat_10_we1                       |   9|          2|    1|          2|
    |flat_11_address0                  |  14|          3|   10|         30|
    |flat_11_ce0                       |  14|          3|    1|          3|
    |flat_11_ce1                       |   9|          2|    1|          2|
    |flat_11_we0                       |   9|          2|    1|          2|
    |flat_11_we1                       |   9|          2|    1|          2|
    |flat_12_address0                  |  14|          3|   10|         30|
    |flat_12_ce0                       |  14|          3|    1|          3|
    |flat_12_ce1                       |   9|          2|    1|          2|
    |flat_12_we0                       |   9|          2|    1|          2|
    |flat_12_we1                       |   9|          2|    1|          2|
    |flat_address0                     |  14|          3|   10|         30|
    |flat_ce0                          |  14|          3|    1|          3|
    |flat_ce1                          |   9|          2|    1|          2|
    |flat_out_10_address0              |  14|          3|   10|         30|
    |flat_out_10_ce0                   |  14|          3|    1|          3|
    |flat_out_10_ce1                   |   9|          2|    1|          2|
    |flat_out_10_we0                   |   9|          2|    1|          2|
    |flat_out_11_address0              |  14|          3|   10|         30|
    |flat_out_11_ce0                   |  14|          3|    1|          3|
    |flat_out_11_ce1                   |   9|          2|    1|          2|
    |flat_out_11_we0                   |   9|          2|    1|          2|
    |flat_out_12_address0              |  14|          3|   10|         30|
    |flat_out_12_ce0                   |  14|          3|    1|          3|
    |flat_out_12_ce1                   |   9|          2|    1|          2|
    |flat_out_12_we0                   |   9|          2|    1|          2|
    |flat_out_address0                 |  14|          3|   10|         30|
    |flat_out_ce0                      |  14|          3|    1|          3|
    |flat_out_ce1                      |   9|          2|    1|          2|
    |flat_out_we0                      |   9|          2|    1|          2|
    |flat_we0                          |   9|          2|    1|          2|
    |flat_we1                          |   9|          2|    1|          2|
    |l_fu_230                          |   9|          2|   64|        128|
    |p_ZL13result_buffer_0_0_address1  |  14|          3|   10|         30|
    |p_ZL13result_buffer_0_0_ce0       |   9|          2|    1|          2|
    |p_ZL13result_buffer_0_0_ce1       |  14|          3|    1|          3|
    |p_ZL13result_buffer_0_0_we1       |   9|          2|    1|          2|
    |p_ZL13result_buffer_0_1_address1  |  14|          3|   10|         30|
    |p_ZL13result_buffer_0_1_ce0       |   9|          2|    1|          2|
    |p_ZL13result_buffer_0_1_ce1       |  14|          3|    1|          3|
    |p_ZL13result_buffer_0_1_we1       |   9|          2|    1|          2|
    |p_ZL13result_buffer_0_2_address1  |  14|          3|   10|         30|
    |p_ZL13result_buffer_0_2_ce0       |   9|          2|    1|          2|
    |p_ZL13result_buffer_0_2_ce1       |  14|          3|    1|          3|
    |p_ZL13result_buffer_0_2_we1       |   9|          2|    1|          2|
    |p_ZL13result_buffer_0_3_address1  |  14|          3|   10|         30|
    |p_ZL13result_buffer_0_3_ce0       |   9|          2|    1|          2|
    |p_ZL13result_buffer_0_3_ce1       |  14|          3|    1|          3|
    |p_ZL13result_buffer_0_3_we1       |   9|          2|    1|          2|
    |p_ZL13result_buffer_0_4_address1  |  14|          3|   10|         30|
    |p_ZL13result_buffer_0_4_ce0       |   9|          2|    1|          2|
    |p_ZL13result_buffer_0_4_ce1       |  14|          3|    1|          3|
    |p_ZL13result_buffer_0_4_we1       |   9|          2|    1|          2|
    |p_ZL13result_buffer_0_5_address1  |  14|          3|   10|         30|
    |p_ZL13result_buffer_0_5_ce0       |   9|          2|    1|          2|
    |p_ZL13result_buffer_0_5_ce1       |  14|          3|    1|          3|
    |p_ZL13result_buffer_0_5_we1       |   9|          2|    1|          2|
    |p_ZL13result_buffer_0_6_address1  |  14|          3|   10|         30|
    |p_ZL13result_buffer_0_6_ce0       |   9|          2|    1|          2|
    |p_ZL13result_buffer_0_6_ce1       |  14|          3|    1|          3|
    |p_ZL13result_buffer_0_6_we1       |   9|          2|    1|          2|
    |p_ZL13result_buffer_0_7_address1  |  14|          3|   10|         30|
    |p_ZL13result_buffer_0_7_ce0       |   9|          2|    1|          2|
    |p_ZL13result_buffer_0_7_ce1       |  14|          3|    1|          3|
    |p_ZL13result_buffer_0_7_we1       |   9|          2|    1|          2|
    |p_ZL13result_buffer_1_0_address1  |  14|          3|   10|         30|
    |p_ZL13result_buffer_1_0_ce0       |   9|          2|    1|          2|
    |p_ZL13result_buffer_1_0_ce1       |  14|          3|    1|          3|
    |p_ZL13result_buffer_1_0_we1       |   9|          2|    1|          2|
    |p_ZL13result_buffer_1_1_address1  |  14|          3|   10|         30|
    |p_ZL13result_buffer_1_1_ce0       |   9|          2|    1|          2|
    |p_ZL13result_buffer_1_1_ce1       |  14|          3|    1|          3|
    |p_ZL13result_buffer_1_1_we1       |   9|          2|    1|          2|
    |p_ZL13result_buffer_1_2_address1  |  14|          3|   10|         30|
    |p_ZL13result_buffer_1_2_ce0       |   9|          2|    1|          2|
    |p_ZL13result_buffer_1_2_ce1       |  14|          3|    1|          3|
    |p_ZL13result_buffer_1_2_we1       |   9|          2|    1|          2|
    |p_ZL13result_buffer_1_3_address1  |  14|          3|   10|         30|
    |p_ZL13result_buffer_1_3_ce0       |   9|          2|    1|          2|
    |p_ZL13result_buffer_1_3_ce1       |  14|          3|    1|          3|
    |p_ZL13result_buffer_1_3_we1       |   9|          2|    1|          2|
    |p_ZL13result_buffer_1_4_address1  |  14|          3|   10|         30|
    |p_ZL13result_buffer_1_4_ce0       |   9|          2|    1|          2|
    |p_ZL13result_buffer_1_4_ce1       |  14|          3|    1|          3|
    |p_ZL13result_buffer_1_4_we1       |   9|          2|    1|          2|
    |p_ZL13result_buffer_1_5_address1  |  14|          3|   10|         30|
    |p_ZL13result_buffer_1_5_ce0       |   9|          2|    1|          2|
    |p_ZL13result_buffer_1_5_ce1       |  14|          3|    1|          3|
    |p_ZL13result_buffer_1_5_we1       |   9|          2|    1|          2|
    |p_ZL13result_buffer_1_6_address1  |  14|          3|   10|         30|
    |p_ZL13result_buffer_1_6_ce0       |   9|          2|    1|          2|
    |p_ZL13result_buffer_1_6_ce1       |  14|          3|    1|          3|
    |p_ZL13result_buffer_1_6_we1       |   9|          2|    1|          2|
    |p_ZL13result_buffer_1_7_address1  |  14|          3|   10|         30|
    |p_ZL13result_buffer_1_7_ce0       |   9|          2|    1|          2|
    |p_ZL13result_buffer_1_7_ce1       |  14|          3|    1|          3|
    |p_ZL13result_buffer_1_7_we1       |   9|          2|    1|          2|
    |p_ZL13result_buffer_2_0_address1  |  14|          3|   10|         30|
    |p_ZL13result_buffer_2_0_ce0       |   9|          2|    1|          2|
    |p_ZL13result_buffer_2_0_ce1       |  14|          3|    1|          3|
    |p_ZL13result_buffer_2_0_we1       |   9|          2|    1|          2|
    |p_ZL13result_buffer_2_1_address1  |  14|          3|   10|         30|
    |p_ZL13result_buffer_2_1_ce0       |   9|          2|    1|          2|
    |p_ZL13result_buffer_2_1_ce1       |  14|          3|    1|          3|
    |p_ZL13result_buffer_2_1_we1       |   9|          2|    1|          2|
    |p_ZL13result_buffer_2_2_address1  |  14|          3|   10|         30|
    |p_ZL13result_buffer_2_2_ce0       |   9|          2|    1|          2|
    |p_ZL13result_buffer_2_2_ce1       |  14|          3|    1|          3|
    |p_ZL13result_buffer_2_2_we1       |   9|          2|    1|          2|
    |p_ZL13result_buffer_2_3_address1  |  14|          3|   10|         30|
    |p_ZL13result_buffer_2_3_ce0       |   9|          2|    1|          2|
    |p_ZL13result_buffer_2_3_ce1       |  14|          3|    1|          3|
    |p_ZL13result_buffer_2_3_we1       |   9|          2|    1|          2|
    |p_ZL13result_buffer_2_4_address1  |  14|          3|   10|         30|
    |p_ZL13result_buffer_2_4_ce0       |   9|          2|    1|          2|
    |p_ZL13result_buffer_2_4_ce1       |  14|          3|    1|          3|
    |p_ZL13result_buffer_2_4_we1       |   9|          2|    1|          2|
    |p_ZL13result_buffer_2_5_address1  |  14|          3|   10|         30|
    |p_ZL13result_buffer_2_5_ce0       |   9|          2|    1|          2|
    |p_ZL13result_buffer_2_5_ce1       |  14|          3|    1|          3|
    |p_ZL13result_buffer_2_5_we1       |   9|          2|    1|          2|
    |p_ZL13result_buffer_2_6_address1  |  14|          3|   10|         30|
    |p_ZL13result_buffer_2_6_ce0       |   9|          2|    1|          2|
    |p_ZL13result_buffer_2_6_ce1       |  14|          3|    1|          3|
    |p_ZL13result_buffer_2_6_we1       |   9|          2|    1|          2|
    |p_ZL13result_buffer_2_7_address1  |  14|          3|   10|         30|
    |p_ZL13result_buffer_2_7_ce0       |   9|          2|    1|          2|
    |p_ZL13result_buffer_2_7_ce1       |  14|          3|    1|          3|
    |p_ZL13result_buffer_2_7_we1       |   9|          2|    1|          2|
    |p_ZL13result_buffer_3_0_address1  |  14|          3|   10|         30|
    |p_ZL13result_buffer_3_0_ce0       |   9|          2|    1|          2|
    |p_ZL13result_buffer_3_0_ce1       |  14|          3|    1|          3|
    |p_ZL13result_buffer_3_0_we1       |   9|          2|    1|          2|
    |p_ZL13result_buffer_3_1_address1  |  14|          3|   10|         30|
    |p_ZL13result_buffer_3_1_ce0       |   9|          2|    1|          2|
    |p_ZL13result_buffer_3_1_ce1       |  14|          3|    1|          3|
    |p_ZL13result_buffer_3_1_we1       |   9|          2|    1|          2|
    |p_ZL13result_buffer_3_2_address1  |  14|          3|   10|         30|
    |p_ZL13result_buffer_3_2_ce0       |   9|          2|    1|          2|
    |p_ZL13result_buffer_3_2_ce1       |  14|          3|    1|          3|
    |p_ZL13result_buffer_3_2_we1       |   9|          2|    1|          2|
    |p_ZL13result_buffer_3_3_address1  |  14|          3|   10|         30|
    |p_ZL13result_buffer_3_3_ce0       |   9|          2|    1|          2|
    |p_ZL13result_buffer_3_3_ce1       |  14|          3|    1|          3|
    |p_ZL13result_buffer_3_3_we1       |   9|          2|    1|          2|
    |p_ZL13result_buffer_3_4_address1  |  14|          3|   10|         30|
    |p_ZL13result_buffer_3_4_ce0       |   9|          2|    1|          2|
    |p_ZL13result_buffer_3_4_ce1       |  14|          3|    1|          3|
    |p_ZL13result_buffer_3_4_we1       |   9|          2|    1|          2|
    |p_ZL13result_buffer_3_5_address1  |  14|          3|   10|         30|
    |p_ZL13result_buffer_3_5_ce0       |   9|          2|    1|          2|
    |p_ZL13result_buffer_3_5_ce1       |  14|          3|    1|          3|
    |p_ZL13result_buffer_3_5_we1       |   9|          2|    1|          2|
    |p_ZL13result_buffer_3_6_address1  |  14|          3|   10|         30|
    |p_ZL13result_buffer_3_6_ce0       |   9|          2|    1|          2|
    |p_ZL13result_buffer_3_6_ce1       |  14|          3|    1|          3|
    |p_ZL13result_buffer_3_6_we1       |   9|          2|    1|          2|
    |p_ZL13result_buffer_3_7_address1  |  14|          3|   10|         30|
    |p_ZL13result_buffer_3_7_ce0       |   9|          2|    1|          2|
    |p_ZL13result_buffer_3_7_ce1       |  14|          3|    1|          3|
    |p_ZL13result_buffer_3_7_we1       |   9|          2|    1|          2|
    +----------------------------------+----+-----------+-----+-----------+
    |Total                             |1928|        418|  589|       1624|
    +----------------------------------+----+-----------+-----+-----------+

    * Register: 
    +----------------------------------------------------------+----+----+-----+-----------+
    |                           Name                           | FF | LUT| Bits| Const Bits|
    +----------------------------------------------------------+----+----+-----+-----------+
    |M_load_reg_804                                            |  64|   0|   64|          0|
    |S_load_reg_799                                            |  64|   0|   64|          0|
    |ap_CS_fsm                                                 |   7|   0|    7|          0|
    |grp_CG_NTT_Kernel_true_s_fu_371_ap_start_reg              |   1|   0|    1|          0|
    |grp_Execute_NTT_Pipeline_FLATTEN_ROW_fu_298_ap_start_reg  |   1|   0|    1|          0|
    |grp_Execute_NTT_Pipeline_RESHAPE_ROW_fu_532_ap_start_reg  |   1|   0|    1|          0|
    |l_2_reg_720                                               |  64|   0|   64|          0|
    |l_fu_230                                                  |  64|   0|   64|          0|
    |tmp_reg_794                                               |  64|   0|   64|          0|
    |trunc_ln163_reg_729                                       |   3|   0|    3|          0|
    |wide_trip_count_reg_715                                   |  64|   0|   64|          0|
    +----------------------------------------------------------+----+----+-----+-----------+
    |Total                                                     | 397|   0|  397|          0|
    +----------------------------------------------------------+----+----+-----+-----------+



================================================================
== Interface
================================================================
* Summary: 
+--------------------------------------+-----+-----+------------+-----------------------------+--------------+
|               RTL Ports              | Dir | Bits|  Protocol  |        Source Object        |    C Type    |
+--------------------------------------+-----+-----+------------+-----------------------------+--------------+
|ap_clk                                |   in|    1|  ap_ctrl_hs|                  Execute_NTT|  return value|
|ap_rst                                |   in|    1|  ap_ctrl_hs|                  Execute_NTT|  return value|
|ap_start                              |   in|    1|  ap_ctrl_hs|                  Execute_NTT|  return value|
|ap_done                               |  out|    1|  ap_ctrl_hs|                  Execute_NTT|  return value|
|ap_idle                               |  out|    1|  ap_ctrl_hs|                  Execute_NTT|  return value|
|ap_ready                              |  out|    1|  ap_ctrl_hs|                  Execute_NTT|  return value|
|mod_index                             |   in|   32|     ap_none|                    mod_index|        scalar|
|p_ZL13result_buffer_0_0_address0      |  out|   10|   ap_memory|      p_ZL13result_buffer_0_0|         array|
|p_ZL13result_buffer_0_0_ce0           |  out|    1|   ap_memory|      p_ZL13result_buffer_0_0|         array|
|p_ZL13result_buffer_0_0_q0            |   in|   64|   ap_memory|      p_ZL13result_buffer_0_0|         array|
|p_ZL13result_buffer_0_0_address1      |  out|   10|   ap_memory|      p_ZL13result_buffer_0_0|         array|
|p_ZL13result_buffer_0_0_ce1           |  out|    1|   ap_memory|      p_ZL13result_buffer_0_0|         array|
|p_ZL13result_buffer_0_0_we1           |  out|    1|   ap_memory|      p_ZL13result_buffer_0_0|         array|
|p_ZL13result_buffer_0_0_d1            |  out|   64|   ap_memory|      p_ZL13result_buffer_0_0|         array|
|p_ZL13result_buffer_0_0_q1            |   in|   64|   ap_memory|      p_ZL13result_buffer_0_0|         array|
|p_ZL13result_buffer_0_1_address0      |  out|   10|   ap_memory|      p_ZL13result_buffer_0_1|         array|
|p_ZL13result_buffer_0_1_ce0           |  out|    1|   ap_memory|      p_ZL13result_buffer_0_1|         array|
|p_ZL13result_buffer_0_1_q0            |   in|   64|   ap_memory|      p_ZL13result_buffer_0_1|         array|
|p_ZL13result_buffer_0_1_address1      |  out|   10|   ap_memory|      p_ZL13result_buffer_0_1|         array|
|p_ZL13result_buffer_0_1_ce1           |  out|    1|   ap_memory|      p_ZL13result_buffer_0_1|         array|
|p_ZL13result_buffer_0_1_we1           |  out|    1|   ap_memory|      p_ZL13result_buffer_0_1|         array|
|p_ZL13result_buffer_0_1_d1            |  out|   64|   ap_memory|      p_ZL13result_buffer_0_1|         array|
|p_ZL13result_buffer_0_1_q1            |   in|   64|   ap_memory|      p_ZL13result_buffer_0_1|         array|
|p_ZL13result_buffer_0_2_address0      |  out|   10|   ap_memory|      p_ZL13result_buffer_0_2|         array|
|p_ZL13result_buffer_0_2_ce0           |  out|    1|   ap_memory|      p_ZL13result_buffer_0_2|         array|
|p_ZL13result_buffer_0_2_q0            |   in|   64|   ap_memory|      p_ZL13result_buffer_0_2|         array|
|p_ZL13result_buffer_0_2_address1      |  out|   10|   ap_memory|      p_ZL13result_buffer_0_2|         array|
|p_ZL13result_buffer_0_2_ce1           |  out|    1|   ap_memory|      p_ZL13result_buffer_0_2|         array|
|p_ZL13result_buffer_0_2_we1           |  out|    1|   ap_memory|      p_ZL13result_buffer_0_2|         array|
|p_ZL13result_buffer_0_2_d1            |  out|   64|   ap_memory|      p_ZL13result_buffer_0_2|         array|
|p_ZL13result_buffer_0_2_q1            |   in|   64|   ap_memory|      p_ZL13result_buffer_0_2|         array|
|p_ZL13result_buffer_0_3_address0      |  out|   10|   ap_memory|      p_ZL13result_buffer_0_3|         array|
|p_ZL13result_buffer_0_3_ce0           |  out|    1|   ap_memory|      p_ZL13result_buffer_0_3|         array|
|p_ZL13result_buffer_0_3_q0            |   in|   64|   ap_memory|      p_ZL13result_buffer_0_3|         array|
|p_ZL13result_buffer_0_3_address1      |  out|   10|   ap_memory|      p_ZL13result_buffer_0_3|         array|
|p_ZL13result_buffer_0_3_ce1           |  out|    1|   ap_memory|      p_ZL13result_buffer_0_3|         array|
|p_ZL13result_buffer_0_3_we1           |  out|    1|   ap_memory|      p_ZL13result_buffer_0_3|         array|
|p_ZL13result_buffer_0_3_d1            |  out|   64|   ap_memory|      p_ZL13result_buffer_0_3|         array|
|p_ZL13result_buffer_0_3_q1            |   in|   64|   ap_memory|      p_ZL13result_buffer_0_3|         array|
|p_ZL13result_buffer_0_4_address0      |  out|   10|   ap_memory|      p_ZL13result_buffer_0_4|         array|
|p_ZL13result_buffer_0_4_ce0           |  out|    1|   ap_memory|      p_ZL13result_buffer_0_4|         array|
|p_ZL13result_buffer_0_4_q0            |   in|   64|   ap_memory|      p_ZL13result_buffer_0_4|         array|
|p_ZL13result_buffer_0_4_address1      |  out|   10|   ap_memory|      p_ZL13result_buffer_0_4|         array|
|p_ZL13result_buffer_0_4_ce1           |  out|    1|   ap_memory|      p_ZL13result_buffer_0_4|         array|
|p_ZL13result_buffer_0_4_we1           |  out|    1|   ap_memory|      p_ZL13result_buffer_0_4|         array|
|p_ZL13result_buffer_0_4_d1            |  out|   64|   ap_memory|      p_ZL13result_buffer_0_4|         array|
|p_ZL13result_buffer_0_4_q1            |   in|   64|   ap_memory|      p_ZL13result_buffer_0_4|         array|
|p_ZL13result_buffer_0_5_address0      |  out|   10|   ap_memory|      p_ZL13result_buffer_0_5|         array|
|p_ZL13result_buffer_0_5_ce0           |  out|    1|   ap_memory|      p_ZL13result_buffer_0_5|         array|
|p_ZL13result_buffer_0_5_q0            |   in|   64|   ap_memory|      p_ZL13result_buffer_0_5|         array|
|p_ZL13result_buffer_0_5_address1      |  out|   10|   ap_memory|      p_ZL13result_buffer_0_5|         array|
|p_ZL13result_buffer_0_5_ce1           |  out|    1|   ap_memory|      p_ZL13result_buffer_0_5|         array|
|p_ZL13result_buffer_0_5_we1           |  out|    1|   ap_memory|      p_ZL13result_buffer_0_5|         array|
|p_ZL13result_buffer_0_5_d1            |  out|   64|   ap_memory|      p_ZL13result_buffer_0_5|         array|
|p_ZL13result_buffer_0_5_q1            |   in|   64|   ap_memory|      p_ZL13result_buffer_0_5|         array|
|p_ZL13result_buffer_0_6_address0      |  out|   10|   ap_memory|      p_ZL13result_buffer_0_6|         array|
|p_ZL13result_buffer_0_6_ce0           |  out|    1|   ap_memory|      p_ZL13result_buffer_0_6|         array|
|p_ZL13result_buffer_0_6_q0            |   in|   64|   ap_memory|      p_ZL13result_buffer_0_6|         array|
|p_ZL13result_buffer_0_6_address1      |  out|   10|   ap_memory|      p_ZL13result_buffer_0_6|         array|
|p_ZL13result_buffer_0_6_ce1           |  out|    1|   ap_memory|      p_ZL13result_buffer_0_6|         array|
|p_ZL13result_buffer_0_6_we1           |  out|    1|   ap_memory|      p_ZL13result_buffer_0_6|         array|
|p_ZL13result_buffer_0_6_d1            |  out|   64|   ap_memory|      p_ZL13result_buffer_0_6|         array|
|p_ZL13result_buffer_0_6_q1            |   in|   64|   ap_memory|      p_ZL13result_buffer_0_6|         array|
|p_ZL13result_buffer_0_7_address0      |  out|   10|   ap_memory|      p_ZL13result_buffer_0_7|         array|
|p_ZL13result_buffer_0_7_ce0           |  out|    1|   ap_memory|      p_ZL13result_buffer_0_7|         array|
|p_ZL13result_buffer_0_7_q0            |   in|   64|   ap_memory|      p_ZL13result_buffer_0_7|         array|
|p_ZL13result_buffer_0_7_address1      |  out|   10|   ap_memory|      p_ZL13result_buffer_0_7|         array|
|p_ZL13result_buffer_0_7_ce1           |  out|    1|   ap_memory|      p_ZL13result_buffer_0_7|         array|
|p_ZL13result_buffer_0_7_we1           |  out|    1|   ap_memory|      p_ZL13result_buffer_0_7|         array|
|p_ZL13result_buffer_0_7_d1            |  out|   64|   ap_memory|      p_ZL13result_buffer_0_7|         array|
|p_ZL13result_buffer_0_7_q1            |   in|   64|   ap_memory|      p_ZL13result_buffer_0_7|         array|
|p_ZL13result_buffer_1_0_address0      |  out|   10|   ap_memory|      p_ZL13result_buffer_1_0|         array|
|p_ZL13result_buffer_1_0_ce0           |  out|    1|   ap_memory|      p_ZL13result_buffer_1_0|         array|
|p_ZL13result_buffer_1_0_q0            |   in|   64|   ap_memory|      p_ZL13result_buffer_1_0|         array|
|p_ZL13result_buffer_1_0_address1      |  out|   10|   ap_memory|      p_ZL13result_buffer_1_0|         array|
|p_ZL13result_buffer_1_0_ce1           |  out|    1|   ap_memory|      p_ZL13result_buffer_1_0|         array|
|p_ZL13result_buffer_1_0_we1           |  out|    1|   ap_memory|      p_ZL13result_buffer_1_0|         array|
|p_ZL13result_buffer_1_0_d1            |  out|   64|   ap_memory|      p_ZL13result_buffer_1_0|         array|
|p_ZL13result_buffer_1_0_q1            |   in|   64|   ap_memory|      p_ZL13result_buffer_1_0|         array|
|p_ZL13result_buffer_1_1_address0      |  out|   10|   ap_memory|      p_ZL13result_buffer_1_1|         array|
|p_ZL13result_buffer_1_1_ce0           |  out|    1|   ap_memory|      p_ZL13result_buffer_1_1|         array|
|p_ZL13result_buffer_1_1_q0            |   in|   64|   ap_memory|      p_ZL13result_buffer_1_1|         array|
|p_ZL13result_buffer_1_1_address1      |  out|   10|   ap_memory|      p_ZL13result_buffer_1_1|         array|
|p_ZL13result_buffer_1_1_ce1           |  out|    1|   ap_memory|      p_ZL13result_buffer_1_1|         array|
|p_ZL13result_buffer_1_1_we1           |  out|    1|   ap_memory|      p_ZL13result_buffer_1_1|         array|
|p_ZL13result_buffer_1_1_d1            |  out|   64|   ap_memory|      p_ZL13result_buffer_1_1|         array|
|p_ZL13result_buffer_1_1_q1            |   in|   64|   ap_memory|      p_ZL13result_buffer_1_1|         array|
|p_ZL13result_buffer_1_2_address0      |  out|   10|   ap_memory|      p_ZL13result_buffer_1_2|         array|
|p_ZL13result_buffer_1_2_ce0           |  out|    1|   ap_memory|      p_ZL13result_buffer_1_2|         array|
|p_ZL13result_buffer_1_2_q0            |   in|   64|   ap_memory|      p_ZL13result_buffer_1_2|         array|
|p_ZL13result_buffer_1_2_address1      |  out|   10|   ap_memory|      p_ZL13result_buffer_1_2|         array|
|p_ZL13result_buffer_1_2_ce1           |  out|    1|   ap_memory|      p_ZL13result_buffer_1_2|         array|
|p_ZL13result_buffer_1_2_we1           |  out|    1|   ap_memory|      p_ZL13result_buffer_1_2|         array|
|p_ZL13result_buffer_1_2_d1            |  out|   64|   ap_memory|      p_ZL13result_buffer_1_2|         array|
|p_ZL13result_buffer_1_2_q1            |   in|   64|   ap_memory|      p_ZL13result_buffer_1_2|         array|
|p_ZL13result_buffer_1_3_address0      |  out|   10|   ap_memory|      p_ZL13result_buffer_1_3|         array|
|p_ZL13result_buffer_1_3_ce0           |  out|    1|   ap_memory|      p_ZL13result_buffer_1_3|         array|
|p_ZL13result_buffer_1_3_q0            |   in|   64|   ap_memory|      p_ZL13result_buffer_1_3|         array|
|p_ZL13result_buffer_1_3_address1      |  out|   10|   ap_memory|      p_ZL13result_buffer_1_3|         array|
|p_ZL13result_buffer_1_3_ce1           |  out|    1|   ap_memory|      p_ZL13result_buffer_1_3|         array|
|p_ZL13result_buffer_1_3_we1           |  out|    1|   ap_memory|      p_ZL13result_buffer_1_3|         array|
|p_ZL13result_buffer_1_3_d1            |  out|   64|   ap_memory|      p_ZL13result_buffer_1_3|         array|
|p_ZL13result_buffer_1_3_q1            |   in|   64|   ap_memory|      p_ZL13result_buffer_1_3|         array|
|p_ZL13result_buffer_1_4_address0      |  out|   10|   ap_memory|      p_ZL13result_buffer_1_4|         array|
|p_ZL13result_buffer_1_4_ce0           |  out|    1|   ap_memory|      p_ZL13result_buffer_1_4|         array|
|p_ZL13result_buffer_1_4_q0            |   in|   64|   ap_memory|      p_ZL13result_buffer_1_4|         array|
|p_ZL13result_buffer_1_4_address1      |  out|   10|   ap_memory|      p_ZL13result_buffer_1_4|         array|
|p_ZL13result_buffer_1_4_ce1           |  out|    1|   ap_memory|      p_ZL13result_buffer_1_4|         array|
|p_ZL13result_buffer_1_4_we1           |  out|    1|   ap_memory|      p_ZL13result_buffer_1_4|         array|
|p_ZL13result_buffer_1_4_d1            |  out|   64|   ap_memory|      p_ZL13result_buffer_1_4|         array|
|p_ZL13result_buffer_1_4_q1            |   in|   64|   ap_memory|      p_ZL13result_buffer_1_4|         array|
|p_ZL13result_buffer_1_5_address0      |  out|   10|   ap_memory|      p_ZL13result_buffer_1_5|         array|
|p_ZL13result_buffer_1_5_ce0           |  out|    1|   ap_memory|      p_ZL13result_buffer_1_5|         array|
|p_ZL13result_buffer_1_5_q0            |   in|   64|   ap_memory|      p_ZL13result_buffer_1_5|         array|
|p_ZL13result_buffer_1_5_address1      |  out|   10|   ap_memory|      p_ZL13result_buffer_1_5|         array|
|p_ZL13result_buffer_1_5_ce1           |  out|    1|   ap_memory|      p_ZL13result_buffer_1_5|         array|
|p_ZL13result_buffer_1_5_we1           |  out|    1|   ap_memory|      p_ZL13result_buffer_1_5|         array|
|p_ZL13result_buffer_1_5_d1            |  out|   64|   ap_memory|      p_ZL13result_buffer_1_5|         array|
|p_ZL13result_buffer_1_5_q1            |   in|   64|   ap_memory|      p_ZL13result_buffer_1_5|         array|
|p_ZL13result_buffer_1_6_address0      |  out|   10|   ap_memory|      p_ZL13result_buffer_1_6|         array|
|p_ZL13result_buffer_1_6_ce0           |  out|    1|   ap_memory|      p_ZL13result_buffer_1_6|         array|
|p_ZL13result_buffer_1_6_q0            |   in|   64|   ap_memory|      p_ZL13result_buffer_1_6|         array|
|p_ZL13result_buffer_1_6_address1      |  out|   10|   ap_memory|      p_ZL13result_buffer_1_6|         array|
|p_ZL13result_buffer_1_6_ce1           |  out|    1|   ap_memory|      p_ZL13result_buffer_1_6|         array|
|p_ZL13result_buffer_1_6_we1           |  out|    1|   ap_memory|      p_ZL13result_buffer_1_6|         array|
|p_ZL13result_buffer_1_6_d1            |  out|   64|   ap_memory|      p_ZL13result_buffer_1_6|         array|
|p_ZL13result_buffer_1_6_q1            |   in|   64|   ap_memory|      p_ZL13result_buffer_1_6|         array|
|p_ZL13result_buffer_1_7_address0      |  out|   10|   ap_memory|      p_ZL13result_buffer_1_7|         array|
|p_ZL13result_buffer_1_7_ce0           |  out|    1|   ap_memory|      p_ZL13result_buffer_1_7|         array|
|p_ZL13result_buffer_1_7_q0            |   in|   64|   ap_memory|      p_ZL13result_buffer_1_7|         array|
|p_ZL13result_buffer_1_7_address1      |  out|   10|   ap_memory|      p_ZL13result_buffer_1_7|         array|
|p_ZL13result_buffer_1_7_ce1           |  out|    1|   ap_memory|      p_ZL13result_buffer_1_7|         array|
|p_ZL13result_buffer_1_7_we1           |  out|    1|   ap_memory|      p_ZL13result_buffer_1_7|         array|
|p_ZL13result_buffer_1_7_d1            |  out|   64|   ap_memory|      p_ZL13result_buffer_1_7|         array|
|p_ZL13result_buffer_1_7_q1            |   in|   64|   ap_memory|      p_ZL13result_buffer_1_7|         array|
|p_ZL13result_buffer_2_0_address0      |  out|   10|   ap_memory|      p_ZL13result_buffer_2_0|         array|
|p_ZL13result_buffer_2_0_ce0           |  out|    1|   ap_memory|      p_ZL13result_buffer_2_0|         array|
|p_ZL13result_buffer_2_0_q0            |   in|   64|   ap_memory|      p_ZL13result_buffer_2_0|         array|
|p_ZL13result_buffer_2_0_address1      |  out|   10|   ap_memory|      p_ZL13result_buffer_2_0|         array|
|p_ZL13result_buffer_2_0_ce1           |  out|    1|   ap_memory|      p_ZL13result_buffer_2_0|         array|
|p_ZL13result_buffer_2_0_we1           |  out|    1|   ap_memory|      p_ZL13result_buffer_2_0|         array|
|p_ZL13result_buffer_2_0_d1            |  out|   64|   ap_memory|      p_ZL13result_buffer_2_0|         array|
|p_ZL13result_buffer_2_0_q1            |   in|   64|   ap_memory|      p_ZL13result_buffer_2_0|         array|
|p_ZL13result_buffer_2_1_address0      |  out|   10|   ap_memory|      p_ZL13result_buffer_2_1|         array|
|p_ZL13result_buffer_2_1_ce0           |  out|    1|   ap_memory|      p_ZL13result_buffer_2_1|         array|
|p_ZL13result_buffer_2_1_q0            |   in|   64|   ap_memory|      p_ZL13result_buffer_2_1|         array|
|p_ZL13result_buffer_2_1_address1      |  out|   10|   ap_memory|      p_ZL13result_buffer_2_1|         array|
|p_ZL13result_buffer_2_1_ce1           |  out|    1|   ap_memory|      p_ZL13result_buffer_2_1|         array|
|p_ZL13result_buffer_2_1_we1           |  out|    1|   ap_memory|      p_ZL13result_buffer_2_1|         array|
|p_ZL13result_buffer_2_1_d1            |  out|   64|   ap_memory|      p_ZL13result_buffer_2_1|         array|
|p_ZL13result_buffer_2_1_q1            |   in|   64|   ap_memory|      p_ZL13result_buffer_2_1|         array|
|p_ZL13result_buffer_2_2_address0      |  out|   10|   ap_memory|      p_ZL13result_buffer_2_2|         array|
|p_ZL13result_buffer_2_2_ce0           |  out|    1|   ap_memory|      p_ZL13result_buffer_2_2|         array|
|p_ZL13result_buffer_2_2_q0            |   in|   64|   ap_memory|      p_ZL13result_buffer_2_2|         array|
|p_ZL13result_buffer_2_2_address1      |  out|   10|   ap_memory|      p_ZL13result_buffer_2_2|         array|
|p_ZL13result_buffer_2_2_ce1           |  out|    1|   ap_memory|      p_ZL13result_buffer_2_2|         array|
|p_ZL13result_buffer_2_2_we1           |  out|    1|   ap_memory|      p_ZL13result_buffer_2_2|         array|
|p_ZL13result_buffer_2_2_d1            |  out|   64|   ap_memory|      p_ZL13result_buffer_2_2|         array|
|p_ZL13result_buffer_2_2_q1            |   in|   64|   ap_memory|      p_ZL13result_buffer_2_2|         array|
|p_ZL13result_buffer_2_3_address0      |  out|   10|   ap_memory|      p_ZL13result_buffer_2_3|         array|
|p_ZL13result_buffer_2_3_ce0           |  out|    1|   ap_memory|      p_ZL13result_buffer_2_3|         array|
|p_ZL13result_buffer_2_3_q0            |   in|   64|   ap_memory|      p_ZL13result_buffer_2_3|         array|
|p_ZL13result_buffer_2_3_address1      |  out|   10|   ap_memory|      p_ZL13result_buffer_2_3|         array|
|p_ZL13result_buffer_2_3_ce1           |  out|    1|   ap_memory|      p_ZL13result_buffer_2_3|         array|
|p_ZL13result_buffer_2_3_we1           |  out|    1|   ap_memory|      p_ZL13result_buffer_2_3|         array|
|p_ZL13result_buffer_2_3_d1            |  out|   64|   ap_memory|      p_ZL13result_buffer_2_3|         array|
|p_ZL13result_buffer_2_3_q1            |   in|   64|   ap_memory|      p_ZL13result_buffer_2_3|         array|
|p_ZL13result_buffer_2_4_address0      |  out|   10|   ap_memory|      p_ZL13result_buffer_2_4|         array|
|p_ZL13result_buffer_2_4_ce0           |  out|    1|   ap_memory|      p_ZL13result_buffer_2_4|         array|
|p_ZL13result_buffer_2_4_q0            |   in|   64|   ap_memory|      p_ZL13result_buffer_2_4|         array|
|p_ZL13result_buffer_2_4_address1      |  out|   10|   ap_memory|      p_ZL13result_buffer_2_4|         array|
|p_ZL13result_buffer_2_4_ce1           |  out|    1|   ap_memory|      p_ZL13result_buffer_2_4|         array|
|p_ZL13result_buffer_2_4_we1           |  out|    1|   ap_memory|      p_ZL13result_buffer_2_4|         array|
|p_ZL13result_buffer_2_4_d1            |  out|   64|   ap_memory|      p_ZL13result_buffer_2_4|         array|
|p_ZL13result_buffer_2_4_q1            |   in|   64|   ap_memory|      p_ZL13result_buffer_2_4|         array|
|p_ZL13result_buffer_2_5_address0      |  out|   10|   ap_memory|      p_ZL13result_buffer_2_5|         array|
|p_ZL13result_buffer_2_5_ce0           |  out|    1|   ap_memory|      p_ZL13result_buffer_2_5|         array|
|p_ZL13result_buffer_2_5_q0            |   in|   64|   ap_memory|      p_ZL13result_buffer_2_5|         array|
|p_ZL13result_buffer_2_5_address1      |  out|   10|   ap_memory|      p_ZL13result_buffer_2_5|         array|
|p_ZL13result_buffer_2_5_ce1           |  out|    1|   ap_memory|      p_ZL13result_buffer_2_5|         array|
|p_ZL13result_buffer_2_5_we1           |  out|    1|   ap_memory|      p_ZL13result_buffer_2_5|         array|
|p_ZL13result_buffer_2_5_d1            |  out|   64|   ap_memory|      p_ZL13result_buffer_2_5|         array|
|p_ZL13result_buffer_2_5_q1            |   in|   64|   ap_memory|      p_ZL13result_buffer_2_5|         array|
|p_ZL13result_buffer_2_6_address0      |  out|   10|   ap_memory|      p_ZL13result_buffer_2_6|         array|
|p_ZL13result_buffer_2_6_ce0           |  out|    1|   ap_memory|      p_ZL13result_buffer_2_6|         array|
|p_ZL13result_buffer_2_6_q0            |   in|   64|   ap_memory|      p_ZL13result_buffer_2_6|         array|
|p_ZL13result_buffer_2_6_address1      |  out|   10|   ap_memory|      p_ZL13result_buffer_2_6|         array|
|p_ZL13result_buffer_2_6_ce1           |  out|    1|   ap_memory|      p_ZL13result_buffer_2_6|         array|
|p_ZL13result_buffer_2_6_we1           |  out|    1|   ap_memory|      p_ZL13result_buffer_2_6|         array|
|p_ZL13result_buffer_2_6_d1            |  out|   64|   ap_memory|      p_ZL13result_buffer_2_6|         array|
|p_ZL13result_buffer_2_6_q1            |   in|   64|   ap_memory|      p_ZL13result_buffer_2_6|         array|
|p_ZL13result_buffer_2_7_address0      |  out|   10|   ap_memory|      p_ZL13result_buffer_2_7|         array|
|p_ZL13result_buffer_2_7_ce0           |  out|    1|   ap_memory|      p_ZL13result_buffer_2_7|         array|
|p_ZL13result_buffer_2_7_q0            |   in|   64|   ap_memory|      p_ZL13result_buffer_2_7|         array|
|p_ZL13result_buffer_2_7_address1      |  out|   10|   ap_memory|      p_ZL13result_buffer_2_7|         array|
|p_ZL13result_buffer_2_7_ce1           |  out|    1|   ap_memory|      p_ZL13result_buffer_2_7|         array|
|p_ZL13result_buffer_2_7_we1           |  out|    1|   ap_memory|      p_ZL13result_buffer_2_7|         array|
|p_ZL13result_buffer_2_7_d1            |  out|   64|   ap_memory|      p_ZL13result_buffer_2_7|         array|
|p_ZL13result_buffer_2_7_q1            |   in|   64|   ap_memory|      p_ZL13result_buffer_2_7|         array|
|p_ZL13result_buffer_3_0_address0      |  out|   10|   ap_memory|      p_ZL13result_buffer_3_0|         array|
|p_ZL13result_buffer_3_0_ce0           |  out|    1|   ap_memory|      p_ZL13result_buffer_3_0|         array|
|p_ZL13result_buffer_3_0_q0            |   in|   64|   ap_memory|      p_ZL13result_buffer_3_0|         array|
|p_ZL13result_buffer_3_0_address1      |  out|   10|   ap_memory|      p_ZL13result_buffer_3_0|         array|
|p_ZL13result_buffer_3_0_ce1           |  out|    1|   ap_memory|      p_ZL13result_buffer_3_0|         array|
|p_ZL13result_buffer_3_0_we1           |  out|    1|   ap_memory|      p_ZL13result_buffer_3_0|         array|
|p_ZL13result_buffer_3_0_d1            |  out|   64|   ap_memory|      p_ZL13result_buffer_3_0|         array|
|p_ZL13result_buffer_3_0_q1            |   in|   64|   ap_memory|      p_ZL13result_buffer_3_0|         array|
|p_ZL13result_buffer_3_1_address0      |  out|   10|   ap_memory|      p_ZL13result_buffer_3_1|         array|
|p_ZL13result_buffer_3_1_ce0           |  out|    1|   ap_memory|      p_ZL13result_buffer_3_1|         array|
|p_ZL13result_buffer_3_1_q0            |   in|   64|   ap_memory|      p_ZL13result_buffer_3_1|         array|
|p_ZL13result_buffer_3_1_address1      |  out|   10|   ap_memory|      p_ZL13result_buffer_3_1|         array|
|p_ZL13result_buffer_3_1_ce1           |  out|    1|   ap_memory|      p_ZL13result_buffer_3_1|         array|
|p_ZL13result_buffer_3_1_we1           |  out|    1|   ap_memory|      p_ZL13result_buffer_3_1|         array|
|p_ZL13result_buffer_3_1_d1            |  out|   64|   ap_memory|      p_ZL13result_buffer_3_1|         array|
|p_ZL13result_buffer_3_1_q1            |   in|   64|   ap_memory|      p_ZL13result_buffer_3_1|         array|
|p_ZL13result_buffer_3_2_address0      |  out|   10|   ap_memory|      p_ZL13result_buffer_3_2|         array|
|p_ZL13result_buffer_3_2_ce0           |  out|    1|   ap_memory|      p_ZL13result_buffer_3_2|         array|
|p_ZL13result_buffer_3_2_q0            |   in|   64|   ap_memory|      p_ZL13result_buffer_3_2|         array|
|p_ZL13result_buffer_3_2_address1      |  out|   10|   ap_memory|      p_ZL13result_buffer_3_2|         array|
|p_ZL13result_buffer_3_2_ce1           |  out|    1|   ap_memory|      p_ZL13result_buffer_3_2|         array|
|p_ZL13result_buffer_3_2_we1           |  out|    1|   ap_memory|      p_ZL13result_buffer_3_2|         array|
|p_ZL13result_buffer_3_2_d1            |  out|   64|   ap_memory|      p_ZL13result_buffer_3_2|         array|
|p_ZL13result_buffer_3_2_q1            |   in|   64|   ap_memory|      p_ZL13result_buffer_3_2|         array|
|p_ZL13result_buffer_3_3_address0      |  out|   10|   ap_memory|      p_ZL13result_buffer_3_3|         array|
|p_ZL13result_buffer_3_3_ce0           |  out|    1|   ap_memory|      p_ZL13result_buffer_3_3|         array|
|p_ZL13result_buffer_3_3_q0            |   in|   64|   ap_memory|      p_ZL13result_buffer_3_3|         array|
|p_ZL13result_buffer_3_3_address1      |  out|   10|   ap_memory|      p_ZL13result_buffer_3_3|         array|
|p_ZL13result_buffer_3_3_ce1           |  out|    1|   ap_memory|      p_ZL13result_buffer_3_3|         array|
|p_ZL13result_buffer_3_3_we1           |  out|    1|   ap_memory|      p_ZL13result_buffer_3_3|         array|
|p_ZL13result_buffer_3_3_d1            |  out|   64|   ap_memory|      p_ZL13result_buffer_3_3|         array|
|p_ZL13result_buffer_3_3_q1            |   in|   64|   ap_memory|      p_ZL13result_buffer_3_3|         array|
|p_ZL13result_buffer_3_4_address0      |  out|   10|   ap_memory|      p_ZL13result_buffer_3_4|         array|
|p_ZL13result_buffer_3_4_ce0           |  out|    1|   ap_memory|      p_ZL13result_buffer_3_4|         array|
|p_ZL13result_buffer_3_4_q0            |   in|   64|   ap_memory|      p_ZL13result_buffer_3_4|         array|
|p_ZL13result_buffer_3_4_address1      |  out|   10|   ap_memory|      p_ZL13result_buffer_3_4|         array|
|p_ZL13result_buffer_3_4_ce1           |  out|    1|   ap_memory|      p_ZL13result_buffer_3_4|         array|
|p_ZL13result_buffer_3_4_we1           |  out|    1|   ap_memory|      p_ZL13result_buffer_3_4|         array|
|p_ZL13result_buffer_3_4_d1            |  out|   64|   ap_memory|      p_ZL13result_buffer_3_4|         array|
|p_ZL13result_buffer_3_4_q1            |   in|   64|   ap_memory|      p_ZL13result_buffer_3_4|         array|
|p_ZL13result_buffer_3_5_address0      |  out|   10|   ap_memory|      p_ZL13result_buffer_3_5|         array|
|p_ZL13result_buffer_3_5_ce0           |  out|    1|   ap_memory|      p_ZL13result_buffer_3_5|         array|
|p_ZL13result_buffer_3_5_q0            |   in|   64|   ap_memory|      p_ZL13result_buffer_3_5|         array|
|p_ZL13result_buffer_3_5_address1      |  out|   10|   ap_memory|      p_ZL13result_buffer_3_5|         array|
|p_ZL13result_buffer_3_5_ce1           |  out|    1|   ap_memory|      p_ZL13result_buffer_3_5|         array|
|p_ZL13result_buffer_3_5_we1           |  out|    1|   ap_memory|      p_ZL13result_buffer_3_5|         array|
|p_ZL13result_buffer_3_5_d1            |  out|   64|   ap_memory|      p_ZL13result_buffer_3_5|         array|
|p_ZL13result_buffer_3_5_q1            |   in|   64|   ap_memory|      p_ZL13result_buffer_3_5|         array|
|p_ZL13result_buffer_3_6_address0      |  out|   10|   ap_memory|      p_ZL13result_buffer_3_6|         array|
|p_ZL13result_buffer_3_6_ce0           |  out|    1|   ap_memory|      p_ZL13result_buffer_3_6|         array|
|p_ZL13result_buffer_3_6_q0            |   in|   64|   ap_memory|      p_ZL13result_buffer_3_6|         array|
|p_ZL13result_buffer_3_6_address1      |  out|   10|   ap_memory|      p_ZL13result_buffer_3_6|         array|
|p_ZL13result_buffer_3_6_ce1           |  out|    1|   ap_memory|      p_ZL13result_buffer_3_6|         array|
|p_ZL13result_buffer_3_6_we1           |  out|    1|   ap_memory|      p_ZL13result_buffer_3_6|         array|
|p_ZL13result_buffer_3_6_d1            |  out|   64|   ap_memory|      p_ZL13result_buffer_3_6|         array|
|p_ZL13result_buffer_3_6_q1            |   in|   64|   ap_memory|      p_ZL13result_buffer_3_6|         array|
|p_ZL13result_buffer_3_7_address0      |  out|   10|   ap_memory|      p_ZL13result_buffer_3_7|         array|
|p_ZL13result_buffer_3_7_ce0           |  out|    1|   ap_memory|      p_ZL13result_buffer_3_7|         array|
|p_ZL13result_buffer_3_7_q0            |   in|   64|   ap_memory|      p_ZL13result_buffer_3_7|         array|
|p_ZL13result_buffer_3_7_address1      |  out|   10|   ap_memory|      p_ZL13result_buffer_3_7|         array|
|p_ZL13result_buffer_3_7_ce1           |  out|    1|   ap_memory|      p_ZL13result_buffer_3_7|         array|
|p_ZL13result_buffer_3_7_we1           |  out|    1|   ap_memory|      p_ZL13result_buffer_3_7|         array|
|p_ZL13result_buffer_3_7_d1            |  out|   64|   ap_memory|      p_ZL13result_buffer_3_7|         array|
|p_ZL13result_buffer_3_7_q1            |   in|   64|   ap_memory|      p_ZL13result_buffer_3_7|         array|
|p_ZL7MODULUS_0                        |   in|   64|     ap_none|               p_ZL7MODULUS_0|       pointer|
|p_ZL7MODULUS_1                        |   in|   64|     ap_none|               p_ZL7MODULUS_1|       pointer|
|p_ZL7MODULUS_2                        |   in|   64|     ap_none|               p_ZL7MODULUS_2|       pointer|
|p_ZL7MODULUS_3                        |   in|   64|     ap_none|               p_ZL7MODULUS_3|       pointer|
|p_ZL7MODULUS_4                        |   in|   64|     ap_none|               p_ZL7MODULUS_4|       pointer|
|S_address0                            |  out|    3|   ap_memory|                            S|         array|
|S_ce0                                 |  out|    1|   ap_memory|                            S|         array|
|S_q0                                  |   in|   64|   ap_memory|                            S|         array|
|M_address0                            |  out|    3|   ap_memory|                            M|         array|
|M_ce0                                 |  out|    1|   ap_memory|                            M|         array|
|M_q0                                  |   in|   64|   ap_memory|                            M|         array|
|p_ZL16NTTTwiddleFactor_0_0_address0   |  out|   12|   ap_memory|   p_ZL16NTTTwiddleFactor_0_0|         array|
|p_ZL16NTTTwiddleFactor_0_0_ce0        |  out|    1|   ap_memory|   p_ZL16NTTTwiddleFactor_0_0|         array|
|p_ZL16NTTTwiddleFactor_0_0_q0         |   in|   64|   ap_memory|   p_ZL16NTTTwiddleFactor_0_0|         array|
|p_ZL16NTTTwiddleFactor_0_1_address0   |  out|   12|   ap_memory|   p_ZL16NTTTwiddleFactor_0_1|         array|
|p_ZL16NTTTwiddleFactor_0_1_ce0        |  out|    1|   ap_memory|   p_ZL16NTTTwiddleFactor_0_1|         array|
|p_ZL16NTTTwiddleFactor_0_1_q0         |   in|   64|   ap_memory|   p_ZL16NTTTwiddleFactor_0_1|         array|
|p_ZL16NTTTwiddleFactor_0_2_address0   |  out|   12|   ap_memory|   p_ZL16NTTTwiddleFactor_0_2|         array|
|p_ZL16NTTTwiddleFactor_0_2_ce0        |  out|    1|   ap_memory|   p_ZL16NTTTwiddleFactor_0_2|         array|
|p_ZL16NTTTwiddleFactor_0_2_q0         |   in|   64|   ap_memory|   p_ZL16NTTTwiddleFactor_0_2|         array|
|p_ZL16NTTTwiddleFactor_0_3_address0   |  out|   12|   ap_memory|   p_ZL16NTTTwiddleFactor_0_3|         array|
|p_ZL16NTTTwiddleFactor_0_3_ce0        |  out|    1|   ap_memory|   p_ZL16NTTTwiddleFactor_0_3|         array|
|p_ZL16NTTTwiddleFactor_0_3_q0         |   in|   64|   ap_memory|   p_ZL16NTTTwiddleFactor_0_3|         array|
|p_ZL16NTTTwiddleFactor_1_0_address0   |  out|   12|   ap_memory|   p_ZL16NTTTwiddleFactor_1_0|         array|
|p_ZL16NTTTwiddleFactor_1_0_ce0        |  out|    1|   ap_memory|   p_ZL16NTTTwiddleFactor_1_0|         array|
|p_ZL16NTTTwiddleFactor_1_0_q0         |   in|   64|   ap_memory|   p_ZL16NTTTwiddleFactor_1_0|         array|
|p_ZL16NTTTwiddleFactor_1_1_address0   |  out|   12|   ap_memory|   p_ZL16NTTTwiddleFactor_1_1|         array|
|p_ZL16NTTTwiddleFactor_1_1_ce0        |  out|    1|   ap_memory|   p_ZL16NTTTwiddleFactor_1_1|         array|
|p_ZL16NTTTwiddleFactor_1_1_q0         |   in|   64|   ap_memory|   p_ZL16NTTTwiddleFactor_1_1|         array|
|p_ZL16NTTTwiddleFactor_1_2_address0   |  out|   12|   ap_memory|   p_ZL16NTTTwiddleFactor_1_2|         array|
|p_ZL16NTTTwiddleFactor_1_2_ce0        |  out|    1|   ap_memory|   p_ZL16NTTTwiddleFactor_1_2|         array|
|p_ZL16NTTTwiddleFactor_1_2_q0         |   in|   64|   ap_memory|   p_ZL16NTTTwiddleFactor_1_2|         array|
|p_ZL16NTTTwiddleFactor_1_3_address0   |  out|   12|   ap_memory|   p_ZL16NTTTwiddleFactor_1_3|         array|
|p_ZL16NTTTwiddleFactor_1_3_ce0        |  out|    1|   ap_memory|   p_ZL16NTTTwiddleFactor_1_3|         array|
|p_ZL16NTTTwiddleFactor_1_3_q0         |   in|   64|   ap_memory|   p_ZL16NTTTwiddleFactor_1_3|         array|
|p_ZL16NTTTwiddleFactor_2_0_address0   |  out|   12|   ap_memory|   p_ZL16NTTTwiddleFactor_2_0|         array|
|p_ZL16NTTTwiddleFactor_2_0_ce0        |  out|    1|   ap_memory|   p_ZL16NTTTwiddleFactor_2_0|         array|
|p_ZL16NTTTwiddleFactor_2_0_q0         |   in|   64|   ap_memory|   p_ZL16NTTTwiddleFactor_2_0|         array|
|p_ZL16NTTTwiddleFactor_2_1_address0   |  out|   12|   ap_memory|   p_ZL16NTTTwiddleFactor_2_1|         array|
|p_ZL16NTTTwiddleFactor_2_1_ce0        |  out|    1|   ap_memory|   p_ZL16NTTTwiddleFactor_2_1|         array|
|p_ZL16NTTTwiddleFactor_2_1_q0         |   in|   64|   ap_memory|   p_ZL16NTTTwiddleFactor_2_1|         array|
|p_ZL16NTTTwiddleFactor_2_2_address0   |  out|   12|   ap_memory|   p_ZL16NTTTwiddleFactor_2_2|         array|
|p_ZL16NTTTwiddleFactor_2_2_ce0        |  out|    1|   ap_memory|   p_ZL16NTTTwiddleFactor_2_2|         array|
|p_ZL16NTTTwiddleFactor_2_2_q0         |   in|   64|   ap_memory|   p_ZL16NTTTwiddleFactor_2_2|         array|
|p_ZL16NTTTwiddleFactor_2_3_address0   |  out|   12|   ap_memory|   p_ZL16NTTTwiddleFactor_2_3|         array|
|p_ZL16NTTTwiddleFactor_2_3_ce0        |  out|    1|   ap_memory|   p_ZL16NTTTwiddleFactor_2_3|         array|
|p_ZL16NTTTwiddleFactor_2_3_q0         |   in|   64|   ap_memory|   p_ZL16NTTTwiddleFactor_2_3|         array|
|p_ZL16NTTTwiddleFactor_3_0_address0   |  out|   12|   ap_memory|   p_ZL16NTTTwiddleFactor_3_0|         array|
|p_ZL16NTTTwiddleFactor_3_0_ce0        |  out|    1|   ap_memory|   p_ZL16NTTTwiddleFactor_3_0|         array|
|p_ZL16NTTTwiddleFactor_3_0_q0         |   in|   64|   ap_memory|   p_ZL16NTTTwiddleFactor_3_0|         array|
|p_ZL16NTTTwiddleFactor_3_1_address0   |  out|   12|   ap_memory|   p_ZL16NTTTwiddleFactor_3_1|         array|
|p_ZL16NTTTwiddleFactor_3_1_ce0        |  out|    1|   ap_memory|   p_ZL16NTTTwiddleFactor_3_1|         array|
|p_ZL16NTTTwiddleFactor_3_1_q0         |   in|   64|   ap_memory|   p_ZL16NTTTwiddleFactor_3_1|         array|
|p_ZL16NTTTwiddleFactor_3_2_address0   |  out|   12|   ap_memory|   p_ZL16NTTTwiddleFactor_3_2|         array|
|p_ZL16NTTTwiddleFactor_3_2_ce0        |  out|    1|   ap_memory|   p_ZL16NTTTwiddleFactor_3_2|         array|
|p_ZL16NTTTwiddleFactor_3_2_q0         |   in|   64|   ap_memory|   p_ZL16NTTTwiddleFactor_3_2|         array|
|p_ZL16NTTTwiddleFactor_3_3_address0   |  out|   12|   ap_memory|   p_ZL16NTTTwiddleFactor_3_3|         array|
|p_ZL16NTTTwiddleFactor_3_3_ce0        |  out|    1|   ap_memory|   p_ZL16NTTTwiddleFactor_3_3|         array|
|p_ZL16NTTTwiddleFactor_3_3_q0         |   in|   64|   ap_memory|   p_ZL16NTTTwiddleFactor_3_3|         array|
|p_ZL16NTTTwiddleFactor_4_0_address0   |  out|   12|   ap_memory|   p_ZL16NTTTwiddleFactor_4_0|         array|
|p_ZL16NTTTwiddleFactor_4_0_ce0        |  out|    1|   ap_memory|   p_ZL16NTTTwiddleFactor_4_0|         array|
|p_ZL16NTTTwiddleFactor_4_0_q0         |   in|   64|   ap_memory|   p_ZL16NTTTwiddleFactor_4_0|         array|
|p_ZL16NTTTwiddleFactor_4_1_address0   |  out|   12|   ap_memory|   p_ZL16NTTTwiddleFactor_4_1|         array|
|p_ZL16NTTTwiddleFactor_4_1_ce0        |  out|    1|   ap_memory|   p_ZL16NTTTwiddleFactor_4_1|         array|
|p_ZL16NTTTwiddleFactor_4_1_q0         |   in|   64|   ap_memory|   p_ZL16NTTTwiddleFactor_4_1|         array|
|p_ZL16NTTTwiddleFactor_4_2_address0   |  out|   12|   ap_memory|   p_ZL16NTTTwiddleFactor_4_2|         array|
|p_ZL16NTTTwiddleFactor_4_2_ce0        |  out|    1|   ap_memory|   p_ZL16NTTTwiddleFactor_4_2|         array|
|p_ZL16NTTTwiddleFactor_4_2_q0         |   in|   64|   ap_memory|   p_ZL16NTTTwiddleFactor_4_2|         array|
|p_ZL16NTTTwiddleFactor_4_3_address0   |  out|   12|   ap_memory|   p_ZL16NTTTwiddleFactor_4_3|         array|
|p_ZL16NTTTwiddleFactor_4_3_ce0        |  out|    1|   ap_memory|   p_ZL16NTTTwiddleFactor_4_3|         array|
|p_ZL16NTTTwiddleFactor_4_3_q0         |   in|   64|   ap_memory|   p_ZL16NTTTwiddleFactor_4_3|         array|
|p_ZL16NTTTwiddleFactor_5_0_address0   |  out|   12|   ap_memory|   p_ZL16NTTTwiddleFactor_5_0|         array|
|p_ZL16NTTTwiddleFactor_5_0_ce0        |  out|    1|   ap_memory|   p_ZL16NTTTwiddleFactor_5_0|         array|
|p_ZL16NTTTwiddleFactor_5_0_q0         |   in|   64|   ap_memory|   p_ZL16NTTTwiddleFactor_5_0|         array|
|p_ZL16NTTTwiddleFactor_5_1_address0   |  out|   12|   ap_memory|   p_ZL16NTTTwiddleFactor_5_1|         array|
|p_ZL16NTTTwiddleFactor_5_1_ce0        |  out|    1|   ap_memory|   p_ZL16NTTTwiddleFactor_5_1|         array|
|p_ZL16NTTTwiddleFactor_5_1_q0         |   in|   64|   ap_memory|   p_ZL16NTTTwiddleFactor_5_1|         array|
|p_ZL16NTTTwiddleFactor_5_2_address0   |  out|   12|   ap_memory|   p_ZL16NTTTwiddleFactor_5_2|         array|
|p_ZL16NTTTwiddleFactor_5_2_ce0        |  out|    1|   ap_memory|   p_ZL16NTTTwiddleFactor_5_2|         array|
|p_ZL16NTTTwiddleFactor_5_2_q0         |   in|   64|   ap_memory|   p_ZL16NTTTwiddleFactor_5_2|         array|
|p_ZL16NTTTwiddleFactor_5_3_address0   |  out|   12|   ap_memory|   p_ZL16NTTTwiddleFactor_5_3|         array|
|p_ZL16NTTTwiddleFactor_5_3_ce0        |  out|    1|   ap_memory|   p_ZL16NTTTwiddleFactor_5_3|         array|
|p_ZL16NTTTwiddleFactor_5_3_q0         |   in|   64|   ap_memory|   p_ZL16NTTTwiddleFactor_5_3|         array|
|p_ZL16NTTTwiddleFactor_6_0_address0   |  out|   12|   ap_memory|   p_ZL16NTTTwiddleFactor_6_0|         array|
|p_ZL16NTTTwiddleFactor_6_0_ce0        |  out|    1|   ap_memory|   p_ZL16NTTTwiddleFactor_6_0|         array|
|p_ZL16NTTTwiddleFactor_6_0_q0         |   in|   64|   ap_memory|   p_ZL16NTTTwiddleFactor_6_0|         array|
|p_ZL16NTTTwiddleFactor_6_1_address0   |  out|   12|   ap_memory|   p_ZL16NTTTwiddleFactor_6_1|         array|
|p_ZL16NTTTwiddleFactor_6_1_ce0        |  out|    1|   ap_memory|   p_ZL16NTTTwiddleFactor_6_1|         array|
|p_ZL16NTTTwiddleFactor_6_1_q0         |   in|   64|   ap_memory|   p_ZL16NTTTwiddleFactor_6_1|         array|
|p_ZL16NTTTwiddleFactor_6_2_address0   |  out|   12|   ap_memory|   p_ZL16NTTTwiddleFactor_6_2|         array|
|p_ZL16NTTTwiddleFactor_6_2_ce0        |  out|    1|   ap_memory|   p_ZL16NTTTwiddleFactor_6_2|         array|
|p_ZL16NTTTwiddleFactor_6_2_q0         |   in|   64|   ap_memory|   p_ZL16NTTTwiddleFactor_6_2|         array|
|p_ZL16NTTTwiddleFactor_6_3_address0   |  out|   12|   ap_memory|   p_ZL16NTTTwiddleFactor_6_3|         array|
|p_ZL16NTTTwiddleFactor_6_3_ce0        |  out|    1|   ap_memory|   p_ZL16NTTTwiddleFactor_6_3|         array|
|p_ZL16NTTTwiddleFactor_6_3_q0         |   in|   64|   ap_memory|   p_ZL16NTTTwiddleFactor_6_3|         array|
|p_ZL16NTTTwiddleFactor_7_0_address0   |  out|   12|   ap_memory|   p_ZL16NTTTwiddleFactor_7_0|         array|
|p_ZL16NTTTwiddleFactor_7_0_ce0        |  out|    1|   ap_memory|   p_ZL16NTTTwiddleFactor_7_0|         array|
|p_ZL16NTTTwiddleFactor_7_0_q0         |   in|   64|   ap_memory|   p_ZL16NTTTwiddleFactor_7_0|         array|
|p_ZL16NTTTwiddleFactor_7_1_address0   |  out|   12|   ap_memory|   p_ZL16NTTTwiddleFactor_7_1|         array|
|p_ZL16NTTTwiddleFactor_7_1_ce0        |  out|    1|   ap_memory|   p_ZL16NTTTwiddleFactor_7_1|         array|
|p_ZL16NTTTwiddleFactor_7_1_q0         |   in|   64|   ap_memory|   p_ZL16NTTTwiddleFactor_7_1|         array|
|p_ZL16NTTTwiddleFactor_7_2_address0   |  out|   12|   ap_memory|   p_ZL16NTTTwiddleFactor_7_2|         array|
|p_ZL16NTTTwiddleFactor_7_2_ce0        |  out|    1|   ap_memory|   p_ZL16NTTTwiddleFactor_7_2|         array|
|p_ZL16NTTTwiddleFactor_7_2_q0         |   in|   64|   ap_memory|   p_ZL16NTTTwiddleFactor_7_2|         array|
|p_ZL16NTTTwiddleFactor_7_3_address0   |  out|   12|   ap_memory|   p_ZL16NTTTwiddleFactor_7_3|         array|
|p_ZL16NTTTwiddleFactor_7_3_ce0        |  out|    1|   ap_memory|   p_ZL16NTTTwiddleFactor_7_3|         array|
|p_ZL16NTTTwiddleFactor_7_3_q0         |   in|   64|   ap_memory|   p_ZL16NTTTwiddleFactor_7_3|         array|
|p_ZL16NTTTwiddleFactor_8_0_address0   |  out|   12|   ap_memory|   p_ZL16NTTTwiddleFactor_8_0|         array|
|p_ZL16NTTTwiddleFactor_8_0_ce0        |  out|    1|   ap_memory|   p_ZL16NTTTwiddleFactor_8_0|         array|
|p_ZL16NTTTwiddleFactor_8_0_q0         |   in|   64|   ap_memory|   p_ZL16NTTTwiddleFactor_8_0|         array|
|p_ZL16NTTTwiddleFactor_8_1_address0   |  out|   12|   ap_memory|   p_ZL16NTTTwiddleFactor_8_1|         array|
|p_ZL16NTTTwiddleFactor_8_1_ce0        |  out|    1|   ap_memory|   p_ZL16NTTTwiddleFactor_8_1|         array|
|p_ZL16NTTTwiddleFactor_8_1_q0         |   in|   64|   ap_memory|   p_ZL16NTTTwiddleFactor_8_1|         array|
|p_ZL16NTTTwiddleFactor_8_2_address0   |  out|   12|   ap_memory|   p_ZL16NTTTwiddleFactor_8_2|         array|
|p_ZL16NTTTwiddleFactor_8_2_ce0        |  out|    1|   ap_memory|   p_ZL16NTTTwiddleFactor_8_2|         array|
|p_ZL16NTTTwiddleFactor_8_2_q0         |   in|   64|   ap_memory|   p_ZL16NTTTwiddleFactor_8_2|         array|
|p_ZL16NTTTwiddleFactor_8_3_address0   |  out|   12|   ap_memory|   p_ZL16NTTTwiddleFactor_8_3|         array|
|p_ZL16NTTTwiddleFactor_8_3_ce0        |  out|    1|   ap_memory|   p_ZL16NTTTwiddleFactor_8_3|         array|
|p_ZL16NTTTwiddleFactor_8_3_q0         |   in|   64|   ap_memory|   p_ZL16NTTTwiddleFactor_8_3|         array|
|p_ZL16NTTTwiddleFactor_9_0_address0   |  out|   12|   ap_memory|   p_ZL16NTTTwiddleFactor_9_0|         array|
|p_ZL16NTTTwiddleFactor_9_0_ce0        |  out|    1|   ap_memory|   p_ZL16NTTTwiddleFactor_9_0|         array|
|p_ZL16NTTTwiddleFactor_9_0_q0         |   in|   64|   ap_memory|   p_ZL16NTTTwiddleFactor_9_0|         array|
|p_ZL16NTTTwiddleFactor_9_1_address0   |  out|   12|   ap_memory|   p_ZL16NTTTwiddleFactor_9_1|         array|
|p_ZL16NTTTwiddleFactor_9_1_ce0        |  out|    1|   ap_memory|   p_ZL16NTTTwiddleFactor_9_1|         array|
|p_ZL16NTTTwiddleFactor_9_1_q0         |   in|   64|   ap_memory|   p_ZL16NTTTwiddleFactor_9_1|         array|
|p_ZL16NTTTwiddleFactor_9_2_address0   |  out|   12|   ap_memory|   p_ZL16NTTTwiddleFactor_9_2|         array|
|p_ZL16NTTTwiddleFactor_9_2_ce0        |  out|    1|   ap_memory|   p_ZL16NTTTwiddleFactor_9_2|         array|
|p_ZL16NTTTwiddleFactor_9_2_q0         |   in|   64|   ap_memory|   p_ZL16NTTTwiddleFactor_9_2|         array|
|p_ZL16NTTTwiddleFactor_9_3_address0   |  out|   12|   ap_memory|   p_ZL16NTTTwiddleFactor_9_3|         array|
|p_ZL16NTTTwiddleFactor_9_3_ce0        |  out|    1|   ap_memory|   p_ZL16NTTTwiddleFactor_9_3|         array|
|p_ZL16NTTTwiddleFactor_9_3_q0         |   in|   64|   ap_memory|   p_ZL16NTTTwiddleFactor_9_3|         array|
|p_ZL16NTTTwiddleFactor_10_0_address0  |  out|   12|   ap_memory|  p_ZL16NTTTwiddleFactor_10_0|         array|
|p_ZL16NTTTwiddleFactor_10_0_ce0       |  out|    1|   ap_memory|  p_ZL16NTTTwiddleFactor_10_0|         array|
|p_ZL16NTTTwiddleFactor_10_0_q0        |   in|   64|   ap_memory|  p_ZL16NTTTwiddleFactor_10_0|         array|
|p_ZL16NTTTwiddleFactor_10_1_address0  |  out|   12|   ap_memory|  p_ZL16NTTTwiddleFactor_10_1|         array|
|p_ZL16NTTTwiddleFactor_10_1_ce0       |  out|    1|   ap_memory|  p_ZL16NTTTwiddleFactor_10_1|         array|
|p_ZL16NTTTwiddleFactor_10_1_q0        |   in|   64|   ap_memory|  p_ZL16NTTTwiddleFactor_10_1|         array|
|p_ZL16NTTTwiddleFactor_10_2_address0  |  out|   12|   ap_memory|  p_ZL16NTTTwiddleFactor_10_2|         array|
|p_ZL16NTTTwiddleFactor_10_2_ce0       |  out|    1|   ap_memory|  p_ZL16NTTTwiddleFactor_10_2|         array|
|p_ZL16NTTTwiddleFactor_10_2_q0        |   in|   64|   ap_memory|  p_ZL16NTTTwiddleFactor_10_2|         array|
|p_ZL16NTTTwiddleFactor_10_3_address0  |  out|   12|   ap_memory|  p_ZL16NTTTwiddleFactor_10_3|         array|
|p_ZL16NTTTwiddleFactor_10_3_ce0       |  out|    1|   ap_memory|  p_ZL16NTTTwiddleFactor_10_3|         array|
|p_ZL16NTTTwiddleFactor_10_3_q0        |   in|   64|   ap_memory|  p_ZL16NTTTwiddleFactor_10_3|         array|
|p_ZL16NTTTwiddleFactor_11_0_address0  |  out|   12|   ap_memory|  p_ZL16NTTTwiddleFactor_11_0|         array|
|p_ZL16NTTTwiddleFactor_11_0_ce0       |  out|    1|   ap_memory|  p_ZL16NTTTwiddleFactor_11_0|         array|
|p_ZL16NTTTwiddleFactor_11_0_q0        |   in|   64|   ap_memory|  p_ZL16NTTTwiddleFactor_11_0|         array|
|p_ZL16NTTTwiddleFactor_11_1_address0  |  out|   12|   ap_memory|  p_ZL16NTTTwiddleFactor_11_1|         array|
|p_ZL16NTTTwiddleFactor_11_1_ce0       |  out|    1|   ap_memory|  p_ZL16NTTTwiddleFactor_11_1|         array|
|p_ZL16NTTTwiddleFactor_11_1_q0        |   in|   64|   ap_memory|  p_ZL16NTTTwiddleFactor_11_1|         array|
|p_ZL16NTTTwiddleFactor_11_2_address0  |  out|   12|   ap_memory|  p_ZL16NTTTwiddleFactor_11_2|         array|
|p_ZL16NTTTwiddleFactor_11_2_ce0       |  out|    1|   ap_memory|  p_ZL16NTTTwiddleFactor_11_2|         array|
|p_ZL16NTTTwiddleFactor_11_2_q0        |   in|   64|   ap_memory|  p_ZL16NTTTwiddleFactor_11_2|         array|
|p_ZL16NTTTwiddleFactor_11_3_address0  |  out|   12|   ap_memory|  p_ZL16NTTTwiddleFactor_11_3|         array|
|p_ZL16NTTTwiddleFactor_11_3_ce0       |  out|    1|   ap_memory|  p_ZL16NTTTwiddleFactor_11_3|         array|
|p_ZL16NTTTwiddleFactor_11_3_q0        |   in|   64|   ap_memory|  p_ZL16NTTTwiddleFactor_11_3|         array|
+--------------------------------------+-----+-----+------------+-----------------------------+--------------+

