

================================================================
== Vitis HLS Report for 'Prepare_HKS_BConv_Input'
================================================================
* Date:           Fri Sep  4 05:59:04 2026

* Version:        2023.2 (Build 4023990 on Oct 11 2023)
* Project:        hks_digit_csynth
* Solution:       solution1 (Vivado IP Flow Target)
* Product family: virtexuplusHBM
* Target device:  xcu55c-fsvh2892-2L-e


================================================================
== Performance Estimates
================================================================
+ Timing: 
    * Summary: 
    +--------+---------+----------+------------+
    |  Clock |  Target | Estimated| Uncertainty|
    +--------+---------+----------+------------+
    |ap_clk  |  6.00 ns|  5.020 ns|     0.75 ns|
    +--------+---------+----------+------------+

+ Latency: 
    * Summary: 
    +---------+---------+-----------+-----------+-------+-------+---------+
    |  Latency (cycles) |   Latency (absolute)  |    Interval   | Pipeline|
    |   min   |   max   |    min    |    max    |  min  |  max  |   Type  |
    +---------+---------+-----------+-----------+-------+-------+---------+
    |    12312|    12312|  73.872 us|  73.872 us|  12312|  12312|       no|
    +---------+---------+-----------+-----------+-------+-------+---------+

    + Detail: 
        * Instance: 
        +----------------------+-----------+---------+---------+----------+----------+-----+-----+---------+
        |                      |           |  Latency (cycles) |  Latency (absolute) |  Interval | Pipeline|
        |       Instance       |   Module  |   min   |   max   |    min   |    max   | min | max |   Type  |
        +----------------------+-----------+---------+---------+----------+----------+-----+-----+---------+
        |grp_MultMod_2_fu_929  |MultMod_2  |       19|       19|  0.114 us|  0.114 us|    1|    1|      yes|
        +----------------------+-----------+---------+---------+----------+----------+-----+-----+---------+

        * Loop: 
        +----------------------------------------------+---------+---------+----------+-----------+-----------+-------+----------+
        |                                              |  Latency (cycles) | Iteration|  Initiation Interval  |  Trip |          |
        |                   Loop Name                  |   min   |   max   |  Latency |  achieved |   target  | Count | Pipelined|
        +----------------------------------------------+---------+---------+----------+-----------+-----------+-------+----------+
        |- HKS_SCALE_LIMB_HKS_SCALE_ROW_HKS_SCALE_COL  |    12310|    12310|        24|          1|          1|  12288|       yes|
        +----------------------------------------------+---------+---------+----------+-----------+-----------+-------+----------+



================================================================
== Utilization Estimates
================================================================
* Summary: 
+---------------------+---------+------+---------+---------+-----+
|         Name        | BRAM_18K|  DSP |    FF   |   LUT   | URAM|
+---------------------+---------+------+---------+---------+-----+
|DSP                  |        -|     -|        -|        -|    -|
|Expression           |        -|     -|        0|      490|    -|
|FIFO                 |        -|     -|        -|        -|    -|
|Instance             |        -|    58|     1757|     3283|    -|
|Memory               |        -|     -|        -|        -|    -|
|Multiplexer          |        -|     -|        -|      184|    -|
|Register             |        -|     -|     2357|      256|    -|
+---------------------+---------+------+---------+---------+-----+
|Total                |        0|    58|     4114|     4213|    0|
+---------------------+---------+------+---------+---------+-----+
|Available SLR        |     1344|  3008|   869120|   434560|  320|
+---------------------+---------+------+---------+---------+-----+
|Utilization SLR (%)  |        0|     1|       ~0|       ~0|    0|
+---------------------+---------+------+---------+---------+-----+
|Available            |     4032|  9024|  2607360|  1303680|  960|
+---------------------+---------+------+---------+---------+-----+
|Utilization (%)      |        0|    ~0|       ~0|       ~0|    0|
+---------------------+---------+------+---------+---------+-----+

+ Detail: 
    * Instance: 
    +----------------------+-----------+---------+----+------+------+-----+
    |       Instance       |   Module  | BRAM_18K| DSP|  FF  |  LUT | URAM|
    +----------------------+-----------+---------+----+------+------+-----+
    |grp_MultMod_2_fu_929  |MultMod_2  |        0|  58|  1757|  3283|    0|
    +----------------------+-----------+---------+----+------+------+-----+
    |Total                 |           |        0|  58|  1757|  3283|    0|
    +----------------------+-----------+---------+----+------+------+-----+

    * DSP: 
    N/A

    * Memory: 
    N/A

    * FIFO: 
    N/A

    * Expression: 
    +--------------------------------+----------+----+---+----+------------+------------+
    |          Variable Name         | Operation| DSP| FF| LUT| Bitwidth P0| Bitwidth P1|
    +--------------------------------+----------+----+---+----+------------+------------+
    |add_ln253_1_fu_1114_p2          |         +|   0|  0|  21|          14|           1|
    |add_ln253_fu_1123_p2            |         +|   0|  0|   9|           2|           1|
    |add_ln254_1_fu_1152_p2          |         +|   0|  0|  21|          14|           1|
    |add_ln254_fu_1211_p2            |         +|   0|  0|  14|           7|           1|
    |add_ln255_1_fu_1262_p2          |         +|   0|  0|  16|           9|           9|
    |add_ln255_fu_1312_p2            |         +|   0|  0|  14|           7|           1|
    |empty_fu_1245_p2                |         +|   0|  0|  10|           3|           3|
    |and_ln253_fu_1205_p2            |       and|   0|  0|   2|           1|           1|
    |ap_condition_11470              |       and|   0|  0|   2|           1|           1|
    |ap_predicate_op376_call_state5  |       and|   0|  0|   2|           1|           1|
    |ap_predicate_op377_call_state5  |       and|   0|  0|   2|           1|           1|
    |ap_predicate_op378_call_state5  |       and|   0|  0|   2|           1|           1|
    |ap_predicate_op379_call_state5  |       and|   0|  0|   2|           1|           1|
    |ap_predicate_op380_call_state5  |       and|   0|  0|   2|           1|           1|
    |ap_predicate_op381_call_state5  |       and|   0|  0|   2|           1|           1|
    |ap_predicate_op382_call_state5  |       and|   0|  0|   2|           1|           1|
    |ap_predicate_op383_call_state5  |       and|   0|  0|   2|           1|           1|
    |ap_predicate_op384_call_state5  |       and|   0|  0|   2|           1|           1|
    |ap_predicate_op385_call_state5  |       and|   0|  0|   2|           1|           1|
    |ap_predicate_op386_call_state5  |       and|   0|  0|   2|           1|           1|
    |ap_predicate_op387_call_state5  |       and|   0|  0|   2|           1|           1|
    |ap_predicate_op388_call_state5  |       and|   0|  0|   2|           1|           1|
    |ap_predicate_op389_call_state5  |       and|   0|  0|   2|           1|           1|
    |ap_predicate_op390_call_state5  |       and|   0|  0|   2|           1|           1|
    |ap_predicate_op391_call_state5  |       and|   0|  0|   2|           1|           1|
    |ap_predicate_op392_call_state5  |       and|   0|  0|   2|           1|           1|
    |ap_predicate_op393_call_state5  |       and|   0|  0|   2|           1|           1|
    |ap_predicate_op394_call_state5  |       and|   0|  0|   2|           1|           1|
    |ap_predicate_op395_call_state5  |       and|   0|  0|   2|           1|           1|
    |ap_predicate_op396_call_state5  |       and|   0|  0|   2|           1|           1|
    |ap_predicate_op397_call_state5  |       and|   0|  0|   2|           1|           1|
    |ap_predicate_op398_call_state5  |       and|   0|  0|   2|           1|           1|
    |ap_predicate_op399_call_state5  |       and|   0|  0|   2|           1|           1|
    |ap_predicate_op400_call_state5  |       and|   0|  0|   2|           1|           1|
    |ap_predicate_op401_call_state5  |       and|   0|  0|   2|           1|           1|
    |ap_predicate_op402_call_state5  |       and|   0|  0|   2|           1|           1|
    |ap_predicate_op403_call_state5  |       and|   0|  0|   2|           1|           1|
    |ap_predicate_op404_call_state5  |       and|   0|  0|   2|           1|           1|
    |ap_predicate_op405_call_state5  |       and|   0|  0|   2|           1|           1|
    |ap_predicate_op406_call_state5  |       and|   0|  0|   2|           1|           1|
    |ap_predicate_op407_call_state5  |       and|   0|  0|   2|           1|           1|
    |ap_predicate_op408_call_state5  |       and|   0|  0|   2|           1|           1|
    |ap_predicate_op409_call_state5  |       and|   0|  0|   2|           1|           1|
    |ap_predicate_op410_call_state5  |       and|   0|  0|   2|           1|           1|
    |ap_predicate_op411_call_state5  |       and|   0|  0|   2|           1|           1|
    |ap_predicate_op412_call_state5  |       and|   0|  0|   2|           1|           1|
    |ap_predicate_op413_call_state5  |       and|   0|  0|   2|           1|           1|
    |ap_predicate_op414_call_state5  |       and|   0|  0|   2|           1|           1|
    |ap_predicate_op415_call_state5  |       and|   0|  0|   2|           1|           1|
    |ap_predicate_op416_call_state5  |       and|   0|  0|   2|           1|           1|
    |ap_predicate_op417_call_state5  |       and|   0|  0|   2|           1|           1|
    |ap_predicate_op418_call_state5  |       and|   0|  0|   2|           1|           1|
    |ap_predicate_op419_call_state5  |       and|   0|  0|   2|           1|           1|
    |ap_predicate_op420_call_state5  |       and|   0|  0|   2|           1|           1|
    |ap_predicate_op421_call_state5  |       and|   0|  0|   2|           1|           1|
    |ap_predicate_op422_call_state5  |       and|   0|  0|   2|           1|           1|
    |ap_predicate_op423_call_state5  |       and|   0|  0|   2|           1|           1|
    |ap_predicate_op424_call_state5  |       and|   0|  0|   2|           1|           1|
    |ap_predicate_op425_call_state5  |       and|   0|  0|   2|           1|           1|
    |ap_predicate_op426_call_state5  |       and|   0|  0|   2|           1|           1|
    |ap_predicate_op427_call_state5  |       and|   0|  0|   2|           1|           1|
    |ap_predicate_op428_call_state5  |       and|   0|  0|   2|           1|           1|
    |ap_predicate_op429_call_state5  |       and|   0|  0|   2|           1|           1|
    |ap_predicate_op430_call_state5  |       and|   0|  0|   2|           1|           1|
    |ap_predicate_op431_call_state5  |       and|   0|  0|   2|           1|           1|
    |ap_predicate_op432_call_state5  |       and|   0|  0|   2|           1|           1|
    |ap_predicate_op433_call_state5  |       and|   0|  0|   2|           1|           1|
    |ap_predicate_op434_call_state5  |       and|   0|  0|   2|           1|           1|
    |ap_predicate_op435_call_state5  |       and|   0|  0|   2|           1|           1|
    |ap_predicate_op436_call_state5  |       and|   0|  0|   2|           1|           1|
    |ap_predicate_op437_call_state5  |       and|   0|  0|   2|           1|           1|
    |ap_predicate_op438_call_state5  |       and|   0|  0|   2|           1|           1|
    |ap_predicate_op439_call_state5  |       and|   0|  0|   2|           1|           1|
    |ap_predicate_op440_call_state5  |       and|   0|  0|   2|           1|           1|
    |ap_predicate_op441_call_state5  |       and|   0|  0|   2|           1|           1|
    |ap_predicate_op442_call_state5  |       and|   0|  0|   2|           1|           1|
    |ap_predicate_op443_call_state5  |       and|   0|  0|   2|           1|           1|
    |ap_predicate_op444_call_state5  |       and|   0|  0|   2|           1|           1|
    |ap_predicate_op445_call_state5  |       and|   0|  0|   2|           1|           1|
    |ap_predicate_op446_call_state5  |       and|   0|  0|   2|           1|           1|
    |ap_predicate_op447_call_state5  |       and|   0|  0|   2|           1|           1|
    |ap_predicate_op448_call_state5  |       and|   0|  0|   2|           1|           1|
    |ap_predicate_op449_call_state5  |       and|   0|  0|   2|           1|           1|
    |ap_predicate_op450_call_state5  |       and|   0|  0|   2|           1|           1|
    |ap_predicate_op451_call_state5  |       and|   0|  0|   2|           1|           1|
    |ap_predicate_op452_call_state5  |       and|   0|  0|   2|           1|           1|
    |ap_predicate_op453_call_state5  |       and|   0|  0|   2|           1|           1|
    |ap_predicate_op454_call_state5  |       and|   0|  0|   2|           1|           1|
    |ap_predicate_op455_call_state5  |       and|   0|  0|   2|           1|           1|
    |ap_predicate_op456_call_state5  |       and|   0|  0|   2|           1|           1|
    |ap_predicate_op457_call_state5  |       and|   0|  0|   2|           1|           1|
    |ap_predicate_op458_call_state5  |       and|   0|  0|   2|           1|           1|
    |ap_predicate_op459_call_state5  |       and|   0|  0|   2|           1|           1|
    |ap_predicate_op460_call_state5  |       and|   0|  0|   2|           1|           1|
    |ap_predicate_op461_call_state5  |       and|   0|  0|   2|           1|           1|
    |ap_predicate_op462_call_state5  |       and|   0|  0|   2|           1|           1|
    |ap_predicate_op463_call_state5  |       and|   0|  0|   2|           1|           1|
    |ap_predicate_op464_call_state5  |       and|   0|  0|   2|           1|           1|
    |ap_predicate_op465_call_state5  |       and|   0|  0|   2|           1|           1|
    |ap_predicate_op466_call_state5  |       and|   0|  0|   2|           1|           1|
    |ap_predicate_op467_call_state5  |       and|   0|  0|   2|           1|           1|
    |ap_predicate_op468_call_state5  |       and|   0|  0|   2|           1|           1|
    |ap_predicate_op469_call_state5  |       and|   0|  0|   2|           1|           1|
    |ap_predicate_op470_call_state5  |       and|   0|  0|   2|           1|           1|
    |ap_predicate_op471_call_state5  |       and|   0|  0|   2|           1|           1|
    |ap_predicate_pred12598_state25  |       and|   0|  0|   2|           1|           1|
    |ap_predicate_pred12602_state25  |       and|   0|  0|   2|           1|           1|
    |ap_predicate_pred12607_state25  |       and|   0|  0|   2|           1|           1|
    |ap_predicate_pred12612_state25  |       and|   0|  0|   2|           1|           1|
    |ap_predicate_pred12616_state25  |       and|   0|  0|   2|           1|           1|
    |ap_predicate_pred12620_state25  |       and|   0|  0|   2|           1|           1|
    |ap_predicate_pred12625_state25  |       and|   0|  0|   2|           1|           1|
    |ap_predicate_pred12629_state25  |       and|   0|  0|   2|           1|           1|
    |ap_predicate_pred12633_state25  |       and|   0|  0|   2|           1|           1|
    |ap_predicate_pred12638_state25  |       and|   0|  0|   2|           1|           1|
    |ap_predicate_pred12642_state25  |       and|   0|  0|   2|           1|           1|
    |ap_predicate_pred12646_state25  |       and|   0|  0|   2|           1|           1|
    |ap_predicate_pred12651_state25  |       and|   0|  0|   2|           1|           1|
    |ap_predicate_pred12655_state25  |       and|   0|  0|   2|           1|           1|
    |ap_predicate_pred12659_state25  |       and|   0|  0|   2|           1|           1|
    |ap_predicate_pred12664_state25  |       and|   0|  0|   2|           1|           1|
    |ap_predicate_pred12668_state25  |       and|   0|  0|   2|           1|           1|
    |ap_predicate_pred12672_state25  |       and|   0|  0|   2|           1|           1|
    |ap_predicate_pred12677_state25  |       and|   0|  0|   2|           1|           1|
    |ap_predicate_pred12681_state25  |       and|   0|  0|   2|           1|           1|
    |ap_predicate_pred12685_state25  |       and|   0|  0|   2|           1|           1|
    |ap_predicate_pred12690_state25  |       and|   0|  0|   2|           1|           1|
    |ap_predicate_pred12694_state25  |       and|   0|  0|   2|           1|           1|
    |ap_predicate_pred12698_state25  |       and|   0|  0|   2|           1|           1|
    |cmp9_fu_1147_p2                 |      icmp|   0|  0|  39|          32|          32|
    |icmp_ln253_fu_1108_p2           |      icmp|   0|  0|  21|          14|          14|
    |icmp_ln254_fu_1129_p2           |      icmp|   0|  0|  21|          14|          13|
    |icmp_ln255_fu_1199_p2           |      icmp|   0|  0|  15|           7|           8|
    |or_ln254_fu_1217_p2             |        or|   0|  0|   2|           1|           1|
    |select_ln253_1_fu_1135_p3       |    select|   0|  0|   2|           1|           2|
    |select_ln253_fu_1187_p3         |    select|   0|  0|   7|           1|           1|
    |select_ln254_1_fu_1230_p3       |    select|   0|  0|   7|           1|           7|
    |select_ln254_2_fu_1158_p3       |    select|   0|  0|  14|           1|           1|
    |select_ln254_fu_1222_p3         |    select|   0|  0|   7|           1|           1|
    |ap_enable_pp0                   |       xor|   0|  0|   2|           1|           2|
    |ap_enable_reg_pp0_iter1         |       xor|   0|  0|   2|           2|           1|
    |xor_ln253_fu_1194_p2            |       xor|   0|  0|   2|           1|           2|
    +--------------------------------+----------+----+---+----+------------+------------+
    |Total                           |          |   0|  0| 490|         255|         224|
    +--------------------------------+----------+----+---+----+------------+------------+

    * Multiplexer: 
    +----------------------------------------+----+-----------+-----+-----------+
    |                  Name                  | LUT| Input Size| Bits| Total Bits|
    +----------------------------------------+----+-----------+-----+-----------+
    |ap_NS_fsm                               |  20|          4|    1|          4|
    |ap_enable_reg_pp0_iter1                 |   9|          2|    1|          2|
    |ap_enable_reg_pp0_iter23                |   9|          2|    1|          2|
    |ap_phi_mux_scaled_37_phi_fu_708_p194    |   9|          2|   64|        128|
    |ap_phi_reg_pp0_iter1_scaled_37_reg_704  |   9|          2|   64|        128|
    |grp_MultMod_2_fu_929_b_val              |  20|          4|   64|        256|
    |grp_MultMod_2_fu_929_mod_val            |  37|          7|   64|        448|
    |grp_MultMod_2_fu_929_p_read             |  26|          5|   64|        320|
    |i_fu_172                                |   9|          2|    7|         14|
    |indvar_flatten12_fu_184                 |   9|          2|   14|         28|
    |indvar_flatten_fu_176                   |   9|          2|   14|         28|
    |j_fu_168                                |   9|          2|    7|         14|
    |q_fu_180                                |   9|          2|    2|          4|
    +----------------------------------------+----+-----------+-----+-----------+
    |Total                                   | 184|         38|  367|       1376|
    +----------------------------------------+----+-----------+-----+-----------+

    * Register: 
    +-----------------------------------------+----+----+-----+-----------+
    |                   Name                  | FF | LUT| Bits| Const Bits|
    +-----------------------------------------+----+----+-----+-----------+
    |ap_CS_fsm                                |   3|   0|    3|          0|
    |ap_enable_reg_pp0_iter0                  |   1|   0|    1|          0|
    |ap_enable_reg_pp0_iter1                  |   1|   0|    1|          0|
    |ap_enable_reg_pp0_iter10                 |   1|   0|    1|          0|
    |ap_enable_reg_pp0_iter11                 |   1|   0|    1|          0|
    |ap_enable_reg_pp0_iter12                 |   1|   0|    1|          0|
    |ap_enable_reg_pp0_iter13                 |   1|   0|    1|          0|
    |ap_enable_reg_pp0_iter14                 |   1|   0|    1|          0|
    |ap_enable_reg_pp0_iter15                 |   1|   0|    1|          0|
    |ap_enable_reg_pp0_iter16                 |   1|   0|    1|          0|
    |ap_enable_reg_pp0_iter17                 |   1|   0|    1|          0|
    |ap_enable_reg_pp0_iter18                 |   1|   0|    1|          0|
    |ap_enable_reg_pp0_iter19                 |   1|   0|    1|          0|
    |ap_enable_reg_pp0_iter2                  |   1|   0|    1|          0|
    |ap_enable_reg_pp0_iter20                 |   1|   0|    1|          0|
    |ap_enable_reg_pp0_iter21                 |   1|   0|    1|          0|
    |ap_enable_reg_pp0_iter22                 |   1|   0|    1|          0|
    |ap_enable_reg_pp0_iter23                 |   1|   0|    1|          0|
    |ap_enable_reg_pp0_iter3                  |   1|   0|    1|          0|
    |ap_enable_reg_pp0_iter4                  |   1|   0|    1|          0|
    |ap_enable_reg_pp0_iter5                  |   1|   0|    1|          0|
    |ap_enable_reg_pp0_iter6                  |   1|   0|    1|          0|
    |ap_enable_reg_pp0_iter7                  |   1|   0|    1|          0|
    |ap_enable_reg_pp0_iter8                  |   1|   0|    1|          0|
    |ap_enable_reg_pp0_iter9                  |   1|   0|    1|          0|
    |ap_phi_reg_pp0_iter10_scaled_37_reg_704  |  64|   0|   64|          0|
    |ap_phi_reg_pp0_iter11_scaled_37_reg_704  |  64|   0|   64|          0|
    |ap_phi_reg_pp0_iter12_scaled_37_reg_704  |  64|   0|   64|          0|
    |ap_phi_reg_pp0_iter13_scaled_37_reg_704  |  64|   0|   64|          0|
    |ap_phi_reg_pp0_iter14_scaled_37_reg_704  |  64|   0|   64|          0|
    |ap_phi_reg_pp0_iter15_scaled_37_reg_704  |  64|   0|   64|          0|
    |ap_phi_reg_pp0_iter16_scaled_37_reg_704  |  64|   0|   64|          0|
    |ap_phi_reg_pp0_iter17_scaled_37_reg_704  |  64|   0|   64|          0|
    |ap_phi_reg_pp0_iter18_scaled_37_reg_704  |  64|   0|   64|          0|
    |ap_phi_reg_pp0_iter19_scaled_37_reg_704  |  64|   0|   64|          0|
    |ap_phi_reg_pp0_iter1_scaled_37_reg_704   |  64|   0|   64|          0|
    |ap_phi_reg_pp0_iter20_scaled_37_reg_704  |  64|   0|   64|          0|
    |ap_phi_reg_pp0_iter21_scaled_37_reg_704  |  64|   0|   64|          0|
    |ap_phi_reg_pp0_iter22_scaled_37_reg_704  |  64|   0|   64|          0|
    |ap_phi_reg_pp0_iter23_scaled_37_reg_704  |  64|   0|   64|          0|
    |ap_phi_reg_pp0_iter2_scaled_37_reg_704   |  64|   0|   64|          0|
    |ap_phi_reg_pp0_iter3_scaled_37_reg_704   |  64|   0|   64|          0|
    |ap_phi_reg_pp0_iter4_scaled_37_reg_704   |  64|   0|   64|          0|
    |ap_phi_reg_pp0_iter5_scaled_37_reg_704   |  64|   0|   64|          0|
    |ap_phi_reg_pp0_iter6_scaled_37_reg_704   |  64|   0|   64|          0|
    |ap_phi_reg_pp0_iter7_scaled_37_reg_704   |  64|   0|   64|          0|
    |ap_phi_reg_pp0_iter8_scaled_37_reg_704   |  64|   0|   64|          0|
    |ap_phi_reg_pp0_iter9_scaled_37_reg_704   |  64|   0|   64|          0|
    |ap_predicate_pred12598_state25           |   1|   0|    1|          0|
    |ap_predicate_pred12602_state25           |   1|   0|    1|          0|
    |ap_predicate_pred12607_state25           |   1|   0|    1|          0|
    |ap_predicate_pred12612_state25           |   1|   0|    1|          0|
    |ap_predicate_pred12616_state25           |   1|   0|    1|          0|
    |ap_predicate_pred12620_state25           |   1|   0|    1|          0|
    |ap_predicate_pred12625_state25           |   1|   0|    1|          0|
    |ap_predicate_pred12629_state25           |   1|   0|    1|          0|
    |ap_predicate_pred12633_state25           |   1|   0|    1|          0|
    |ap_predicate_pred12638_state25           |   1|   0|    1|          0|
    |ap_predicate_pred12642_state25           |   1|   0|    1|          0|
    |ap_predicate_pred12646_state25           |   1|   0|    1|          0|
    |ap_predicate_pred12651_state25           |   1|   0|    1|          0|
    |ap_predicate_pred12655_state25           |   1|   0|    1|          0|
    |ap_predicate_pred12659_state25           |   1|   0|    1|          0|
    |ap_predicate_pred12664_state25           |   1|   0|    1|          0|
    |ap_predicate_pred12668_state25           |   1|   0|    1|          0|
    |ap_predicate_pred12672_state25           |   1|   0|    1|          0|
    |ap_predicate_pred12677_state25           |   1|   0|    1|          0|
    |ap_predicate_pred12681_state25           |   1|   0|    1|          0|
    |ap_predicate_pred12685_state25           |   1|   0|    1|          0|
    |ap_predicate_pred12690_state25           |   1|   0|    1|          0|
    |ap_predicate_pred12694_state25           |   1|   0|    1|          0|
    |ap_predicate_pred12698_state25           |   1|   0|    1|          0|
    |cmp9_reg_1468                            |   1|   0|    1|          0|
    |empty_reg_1477                           |   3|   0|    3|          0|
    |i_fu_172                                 |   7|   0|    7|          0|
    |icmp_ln253_reg_1452                      |   1|   0|    1|          0|
    |icmp_ln254_reg_1456                      |   1|   0|    1|          0|
    |indvar_flatten12_fu_184                  |  14|   0|   14|          0|
    |indvar_flatten_fu_176                    |  14|   0|   14|          0|
    |j_fu_168                                 |   7|   0|    7|          0|
    |lshr_ln257_1_reg_1510                    |   3|   0|    3|          0|
    |q_fu_180                                 |   2|   0|    2|          0|
    |reg_1037                                 |  64|   0|   64|          0|
    |reg_1042                                 |  64|   0|   64|          0|
    |reg_1047                                 |  64|   0|   64|          0|
    |reg_1052                                 |  64|   0|   64|          0|
    |select_ln253_1_reg_1463                  |   2|   0|    2|          0|
    |trunc_ln253_reg_1472                     |   6|   0|    6|          0|
    |trunc_ln255_1_reg_1486                   |   2|   0|    2|          0|
    |trunc_ln255_reg_1482                     |   3|   0|    3|          0|
    |cmp9_reg_1468                            |  64|  32|    1|          0|
    |empty_reg_1477                           |  64|  32|    3|          0|
    |icmp_ln253_reg_1452                      |  64|  32|    1|          0|
    |lshr_ln257_1_reg_1510                    |  64|  32|    3|          0|
    |select_ln253_1_reg_1463                  |  64|  32|    2|          0|
    |trunc_ln253_reg_1472                     |  64|  32|    6|          0|
    |trunc_ln255_1_reg_1486                   |  64|  32|    2|          0|
    |trunc_ln255_reg_1482                     |  64|  32|    3|          0|
    +-----------------------------------------+----+----+-----+-----------+
    |Total                                    |2357| 256| 1866|          0|
    +-----------------------------------------+----+----+-----+-----------+



================================================================
== Interface
================================================================
* Summary: 
+----------------------------------+-----+-----+------------+-------------------------+--------------+
|             RTL Ports            | Dir | Bits|  Protocol  |      Source Object      |    C Type    |
+----------------------------------+-----+-----+------------+-------------------------+--------------+
|ap_clk                            |   in|    1|  ap_ctrl_hs|  Prepare_HKS_BConv_Input|  return value|
|ap_rst                            |   in|    1|  ap_ctrl_hs|  Prepare_HKS_BConv_Input|  return value|
|ap_start                          |   in|    1|  ap_ctrl_hs|  Prepare_HKS_BConv_Input|  return value|
|ap_done                           |  out|    1|  ap_ctrl_hs|  Prepare_HKS_BConv_Input|  return value|
|ap_idle                           |  out|    1|  ap_ctrl_hs|  Prepare_HKS_BConv_Input|  return value|
|ap_ready                          |  out|    1|  ap_ctrl_hs|  Prepare_HKS_BConv_Input|  return value|
|inv_0_val38                       |   in|   64|     ap_none|              inv_0_val38|        scalar|
|inv_1_val74                       |   in|   64|     ap_none|              inv_1_val74|        scalar|
|inv_2_val108                      |   in|   64|     ap_none|             inv_2_val108|        scalar|
|alpha                             |   in|   32|     ap_none|                    alpha|        scalar|
|digit_start                       |   in|    3|     ap_none|              digit_start|        scalar|
|p_ZL7MODULUS_0                    |   in|   64|     ap_none|           p_ZL7MODULUS_0|       pointer|
|p_ZL7MODULUS_1                    |   in|   64|     ap_none|           p_ZL7MODULUS_1|       pointer|
|p_ZL7MODULUS_2                    |   in|   64|     ap_none|           p_ZL7MODULUS_2|       pointer|
|p_ZL7MODULUS_3                    |   in|   64|     ap_none|           p_ZL7MODULUS_3|       pointer|
|p_ZL7MODULUS_4                    |   in|   64|     ap_none|           p_ZL7MODULUS_4|       pointer|
|p_ZL13poly_buffer_2_0_address0    |  out|   13|   ap_memory|    p_ZL13poly_buffer_2_0|         array|
|p_ZL13poly_buffer_2_0_ce0         |  out|    1|   ap_memory|    p_ZL13poly_buffer_2_0|         array|
|p_ZL13poly_buffer_2_0_q0          |   in|   64|   ap_memory|    p_ZL13poly_buffer_2_0|         array|
|p_ZL13poly_buffer_2_1_address0    |  out|   13|   ap_memory|    p_ZL13poly_buffer_2_1|         array|
|p_ZL13poly_buffer_2_1_ce0         |  out|    1|   ap_memory|    p_ZL13poly_buffer_2_1|         array|
|p_ZL13poly_buffer_2_1_q0          |   in|   64|   ap_memory|    p_ZL13poly_buffer_2_1|         array|
|p_ZL13poly_buffer_2_2_address0    |  out|   13|   ap_memory|    p_ZL13poly_buffer_2_2|         array|
|p_ZL13poly_buffer_2_2_ce0         |  out|    1|   ap_memory|    p_ZL13poly_buffer_2_2|         array|
|p_ZL13poly_buffer_2_2_q0          |   in|   64|   ap_memory|    p_ZL13poly_buffer_2_2|         array|
|p_ZL13poly_buffer_2_3_address0    |  out|   13|   ap_memory|    p_ZL13poly_buffer_2_3|         array|
|p_ZL13poly_buffer_2_3_ce0         |  out|    1|   ap_memory|    p_ZL13poly_buffer_2_3|         array|
|p_ZL13poly_buffer_2_3_q0          |   in|   64|   ap_memory|    p_ZL13poly_buffer_2_3|         array|
|p_ZL13poly_buffer_1_0_0_address1  |  out|    9|   ap_memory|  p_ZL13poly_buffer_1_0_0|         array|
|p_ZL13poly_buffer_1_0_0_ce1       |  out|    1|   ap_memory|  p_ZL13poly_buffer_1_0_0|         array|
|p_ZL13poly_buffer_1_0_0_we1       |  out|    1|   ap_memory|  p_ZL13poly_buffer_1_0_0|         array|
|p_ZL13poly_buffer_1_0_0_d1        |  out|   64|   ap_memory|  p_ZL13poly_buffer_1_0_0|         array|
|p_ZL13poly_buffer_1_0_1_address1  |  out|    9|   ap_memory|  p_ZL13poly_buffer_1_0_1|         array|
|p_ZL13poly_buffer_1_0_1_ce1       |  out|    1|   ap_memory|  p_ZL13poly_buffer_1_0_1|         array|
|p_ZL13poly_buffer_1_0_1_we1       |  out|    1|   ap_memory|  p_ZL13poly_buffer_1_0_1|         array|
|p_ZL13poly_buffer_1_0_1_d1        |  out|   64|   ap_memory|  p_ZL13poly_buffer_1_0_1|         array|
|p_ZL13poly_buffer_1_0_2_address1  |  out|    9|   ap_memory|  p_ZL13poly_buffer_1_0_2|         array|
|p_ZL13poly_buffer_1_0_2_ce1       |  out|    1|   ap_memory|  p_ZL13poly_buffer_1_0_2|         array|
|p_ZL13poly_buffer_1_0_2_we1       |  out|    1|   ap_memory|  p_ZL13poly_buffer_1_0_2|         array|
|p_ZL13poly_buffer_1_0_2_d1        |  out|   64|   ap_memory|  p_ZL13poly_buffer_1_0_2|         array|
|p_ZL13poly_buffer_1_1_0_address1  |  out|    9|   ap_memory|  p_ZL13poly_buffer_1_1_0|         array|
|p_ZL13poly_buffer_1_1_0_ce1       |  out|    1|   ap_memory|  p_ZL13poly_buffer_1_1_0|         array|
|p_ZL13poly_buffer_1_1_0_we1       |  out|    1|   ap_memory|  p_ZL13poly_buffer_1_1_0|         array|
|p_ZL13poly_buffer_1_1_0_d1        |  out|   64|   ap_memory|  p_ZL13poly_buffer_1_1_0|         array|
|p_ZL13poly_buffer_1_1_1_address1  |  out|    9|   ap_memory|  p_ZL13poly_buffer_1_1_1|         array|
|p_ZL13poly_buffer_1_1_1_ce1       |  out|    1|   ap_memory|  p_ZL13poly_buffer_1_1_1|         array|
|p_ZL13poly_buffer_1_1_1_we1       |  out|    1|   ap_memory|  p_ZL13poly_buffer_1_1_1|         array|
|p_ZL13poly_buffer_1_1_1_d1        |  out|   64|   ap_memory|  p_ZL13poly_buffer_1_1_1|         array|
|p_ZL13poly_buffer_1_1_2_address1  |  out|    9|   ap_memory|  p_ZL13poly_buffer_1_1_2|         array|
|p_ZL13poly_buffer_1_1_2_ce1       |  out|    1|   ap_memory|  p_ZL13poly_buffer_1_1_2|         array|
|p_ZL13poly_buffer_1_1_2_we1       |  out|    1|   ap_memory|  p_ZL13poly_buffer_1_1_2|         array|
|p_ZL13poly_buffer_1_1_2_d1        |  out|   64|   ap_memory|  p_ZL13poly_buffer_1_1_2|         array|
|p_ZL13poly_buffer_1_2_0_address1  |  out|    9|   ap_memory|  p_ZL13poly_buffer_1_2_0|         array|
|p_ZL13poly_buffer_1_2_0_ce1       |  out|    1|   ap_memory|  p_ZL13poly_buffer_1_2_0|         array|
|p_ZL13poly_buffer_1_2_0_we1       |  out|    1|   ap_memory|  p_ZL13poly_buffer_1_2_0|         array|
|p_ZL13poly_buffer_1_2_0_d1        |  out|   64|   ap_memory|  p_ZL13poly_buffer_1_2_0|         array|
|p_ZL13poly_buffer_1_2_1_address1  |  out|    9|   ap_memory|  p_ZL13poly_buffer_1_2_1|         array|
|p_ZL13poly_buffer_1_2_1_ce1       |  out|    1|   ap_memory|  p_ZL13poly_buffer_1_2_1|         array|
|p_ZL13poly_buffer_1_2_1_we1       |  out|    1|   ap_memory|  p_ZL13poly_buffer_1_2_1|         array|
|p_ZL13poly_buffer_1_2_1_d1        |  out|   64|   ap_memory|  p_ZL13poly_buffer_1_2_1|         array|
|p_ZL13poly_buffer_1_2_2_address1  |  out|    9|   ap_memory|  p_ZL13poly_buffer_1_2_2|         array|
|p_ZL13poly_buffer_1_2_2_ce1       |  out|    1|   ap_memory|  p_ZL13poly_buffer_1_2_2|         array|
|p_ZL13poly_buffer_1_2_2_we1       |  out|    1|   ap_memory|  p_ZL13poly_buffer_1_2_2|         array|
|p_ZL13poly_buffer_1_2_2_d1        |  out|   64|   ap_memory|  p_ZL13poly_buffer_1_2_2|         array|
|p_ZL13poly_buffer_1_3_0_address1  |  out|    9|   ap_memory|  p_ZL13poly_buffer_1_3_0|         array|
|p_ZL13poly_buffer_1_3_0_ce1       |  out|    1|   ap_memory|  p_ZL13poly_buffer_1_3_0|         array|
|p_ZL13poly_buffer_1_3_0_we1       |  out|    1|   ap_memory|  p_ZL13poly_buffer_1_3_0|         array|
|p_ZL13poly_buffer_1_3_0_d1        |  out|   64|   ap_memory|  p_ZL13poly_buffer_1_3_0|         array|
|p_ZL13poly_buffer_1_3_1_address1  |  out|    9|   ap_memory|  p_ZL13poly_buffer_1_3_1|         array|
|p_ZL13poly_buffer_1_3_1_ce1       |  out|    1|   ap_memory|  p_ZL13poly_buffer_1_3_1|         array|
|p_ZL13poly_buffer_1_3_1_we1       |  out|    1|   ap_memory|  p_ZL13poly_buffer_1_3_1|         array|
|p_ZL13poly_buffer_1_3_1_d1        |  out|   64|   ap_memory|  p_ZL13poly_buffer_1_3_1|         array|
|p_ZL13poly_buffer_1_3_2_address1  |  out|    9|   ap_memory|  p_ZL13poly_buffer_1_3_2|         array|
|p_ZL13poly_buffer_1_3_2_ce1       |  out|    1|   ap_memory|  p_ZL13poly_buffer_1_3_2|         array|
|p_ZL13poly_buffer_1_3_2_we1       |  out|    1|   ap_memory|  p_ZL13poly_buffer_1_3_2|         array|
|p_ZL13poly_buffer_1_3_2_d1        |  out|   64|   ap_memory|  p_ZL13poly_buffer_1_3_2|         array|
|p_ZL13poly_buffer_1_4_0_address1  |  out|    9|   ap_memory|  p_ZL13poly_buffer_1_4_0|         array|
|p_ZL13poly_buffer_1_4_0_ce1       |  out|    1|   ap_memory|  p_ZL13poly_buffer_1_4_0|         array|
|p_ZL13poly_buffer_1_4_0_we1       |  out|    1|   ap_memory|  p_ZL13poly_buffer_1_4_0|         array|
|p_ZL13poly_buffer_1_4_0_d1        |  out|   64|   ap_memory|  p_ZL13poly_buffer_1_4_0|         array|
|p_ZL13poly_buffer_1_4_1_address1  |  out|    9|   ap_memory|  p_ZL13poly_buffer_1_4_1|         array|
|p_ZL13poly_buffer_1_4_1_ce1       |  out|    1|   ap_memory|  p_ZL13poly_buffer_1_4_1|         array|
|p_ZL13poly_buffer_1_4_1_we1       |  out|    1|   ap_memory|  p_ZL13poly_buffer_1_4_1|         array|
|p_ZL13poly_buffer_1_4_1_d1        |  out|   64|   ap_memory|  p_ZL13poly_buffer_1_4_1|         array|
|p_ZL13poly_buffer_1_4_2_address1  |  out|    9|   ap_memory|  p_ZL13poly_buffer_1_4_2|         array|
|p_ZL13poly_buffer_1_4_2_ce1       |  out|    1|   ap_memory|  p_ZL13poly_buffer_1_4_2|         array|
|p_ZL13poly_buffer_1_4_2_we1       |  out|    1|   ap_memory|  p_ZL13poly_buffer_1_4_2|         array|
|p_ZL13poly_buffer_1_4_2_d1        |  out|   64|   ap_memory|  p_ZL13poly_buffer_1_4_2|         array|
|p_ZL13poly_buffer_1_5_0_address1  |  out|    9|   ap_memory|  p_ZL13poly_buffer_1_5_0|         array|
|p_ZL13poly_buffer_1_5_0_ce1       |  out|    1|   ap_memory|  p_ZL13poly_buffer_1_5_0|         array|
|p_ZL13poly_buffer_1_5_0_we1       |  out|    1|   ap_memory|  p_ZL13poly_buffer_1_5_0|         array|
|p_ZL13poly_buffer_1_5_0_d1        |  out|   64|   ap_memory|  p_ZL13poly_buffer_1_5_0|         array|
|p_ZL13poly_buffer_1_5_1_address1  |  out|    9|   ap_memory|  p_ZL13poly_buffer_1_5_1|         array|
|p_ZL13poly_buffer_1_5_1_ce1       |  out|    1|   ap_memory|  p_ZL13poly_buffer_1_5_1|         array|
|p_ZL13poly_buffer_1_5_1_we1       |  out|    1|   ap_memory|  p_ZL13poly_buffer_1_5_1|         array|
|p_ZL13poly_buffer_1_5_1_d1        |  out|   64|   ap_memory|  p_ZL13poly_buffer_1_5_1|         array|
|p_ZL13poly_buffer_1_5_2_address1  |  out|    9|   ap_memory|  p_ZL13poly_buffer_1_5_2|         array|
|p_ZL13poly_buffer_1_5_2_ce1       |  out|    1|   ap_memory|  p_ZL13poly_buffer_1_5_2|         array|
|p_ZL13poly_buffer_1_5_2_we1       |  out|    1|   ap_memory|  p_ZL13poly_buffer_1_5_2|         array|
|p_ZL13poly_buffer_1_5_2_d1        |  out|   64|   ap_memory|  p_ZL13poly_buffer_1_5_2|         array|
|p_ZL13poly_buffer_1_6_0_address1  |  out|    9|   ap_memory|  p_ZL13poly_buffer_1_6_0|         array|
|p_ZL13poly_buffer_1_6_0_ce1       |  out|    1|   ap_memory|  p_ZL13poly_buffer_1_6_0|         array|
|p_ZL13poly_buffer_1_6_0_we1       |  out|    1|   ap_memory|  p_ZL13poly_buffer_1_6_0|         array|
|p_ZL13poly_buffer_1_6_0_d1        |  out|   64|   ap_memory|  p_ZL13poly_buffer_1_6_0|         array|
|p_ZL13poly_buffer_1_6_1_address1  |  out|    9|   ap_memory|  p_ZL13poly_buffer_1_6_1|         array|
|p_ZL13poly_buffer_1_6_1_ce1       |  out|    1|   ap_memory|  p_ZL13poly_buffer_1_6_1|         array|
|p_ZL13poly_buffer_1_6_1_we1       |  out|    1|   ap_memory|  p_ZL13poly_buffer_1_6_1|         array|
|p_ZL13poly_buffer_1_6_1_d1        |  out|   64|   ap_memory|  p_ZL13poly_buffer_1_6_1|         array|
|p_ZL13poly_buffer_1_6_2_address1  |  out|    9|   ap_memory|  p_ZL13poly_buffer_1_6_2|         array|
|p_ZL13poly_buffer_1_6_2_ce1       |  out|    1|   ap_memory|  p_ZL13poly_buffer_1_6_2|         array|
|p_ZL13poly_buffer_1_6_2_we1       |  out|    1|   ap_memory|  p_ZL13poly_buffer_1_6_2|         array|
|p_ZL13poly_buffer_1_6_2_d1        |  out|   64|   ap_memory|  p_ZL13poly_buffer_1_6_2|         array|
|p_ZL13poly_buffer_1_7_0_address1  |  out|    9|   ap_memory|  p_ZL13poly_buffer_1_7_0|         array|
|p_ZL13poly_buffer_1_7_0_ce1       |  out|    1|   ap_memory|  p_ZL13poly_buffer_1_7_0|         array|
|p_ZL13poly_buffer_1_7_0_we1       |  out|    1|   ap_memory|  p_ZL13poly_buffer_1_7_0|         array|
|p_ZL13poly_buffer_1_7_0_d1        |  out|   64|   ap_memory|  p_ZL13poly_buffer_1_7_0|         array|
|p_ZL13poly_buffer_1_7_1_address1  |  out|    9|   ap_memory|  p_ZL13poly_buffer_1_7_1|         array|
|p_ZL13poly_buffer_1_7_1_ce1       |  out|    1|   ap_memory|  p_ZL13poly_buffer_1_7_1|         array|
|p_ZL13poly_buffer_1_7_1_we1       |  out|    1|   ap_memory|  p_ZL13poly_buffer_1_7_1|         array|
|p_ZL13poly_buffer_1_7_1_d1        |  out|   64|   ap_memory|  p_ZL13poly_buffer_1_7_1|         array|
|p_ZL13poly_buffer_1_7_2_address1  |  out|    9|   ap_memory|  p_ZL13poly_buffer_1_7_2|         array|
|p_ZL13poly_buffer_1_7_2_ce1       |  out|    1|   ap_memory|  p_ZL13poly_buffer_1_7_2|         array|
|p_ZL13poly_buffer_1_7_2_we1       |  out|    1|   ap_memory|  p_ZL13poly_buffer_1_7_2|         array|
|p_ZL13poly_buffer_1_7_2_d1        |  out|   64|   ap_memory|  p_ZL13poly_buffer_1_7_2|         array|
|M_address0                        |  out|    3|   ap_memory|                        M|         array|
|M_ce0                             |  out|    1|   ap_memory|                        M|         array|
|M_q0                              |   in|   64|   ap_memory|                        M|         array|
|S_address0                        |  out|    3|   ap_memory|                        S|         array|
|S_ce0                             |  out|    1|   ap_memory|                        S|         array|
|S_q0                              |   in|   64|   ap_memory|                        S|         array|
+----------------------------------+-----+-----+------------+-------------------------+--------------+

