

================================================================
== Vitis HLS Report for 'CG_Transform_Work_Pipeline_WORK_SCALE_LOOP'
================================================================
* Date:           Sat Sep  5 08:34:04 2026

* Version:        2023.2 (Build 4023990 on Oct 11 2023)
* Project:        hks_digit_cosim-perf_mem_p4_r3
* Solution:       solution1 (Vivado IP Flow Target)
* Product family: virtexuplusHBM
* Target device:  xcu55c-fsvh2892-2L-e


================================================================
== Performance Estimates
================================================================
+ Timing: 
    * Summary: 
    +--------+---------+----------+------------+
    |  Clock |  Target | Estimated| Uncertainty|
    +--------+---------+----------+------------+
    |ap_clk  |  6.00 ns|  4.676 ns|     0.75 ns|
    +--------+---------+----------+------------+

+ Latency: 
    * Summary: 
    +---------+---------+----------+----------+------+------+---------+
    |  Latency (cycles) |  Latency (absolute) |   Interval  | Pipeline|
    |   min   |   max   |    min   |    max   |  min |  max |   Type  |
    +---------+---------+----------+----------+------+------+---------+
    |     1046|     1046|  6.276 us|  6.276 us|  1046|  1046|       no|
    +---------+---------+----------+----------+------+------+---------+

    + Detail: 
        * Instance: 
        +-----------------------+-----------+---------+---------+----------+----------+-----+-----+---------+
        |                       |           |  Latency (cycles) |  Latency (absolute) |  Interval | Pipeline|
        |        Instance       |   Module  |   min   |   max   |    min   |    max   | min | max |   Type  |
        +-----------------------+-----------+---------+---------+----------+----------+-----+-----+---------+
        |grp_MultMod_1_fu_1326  |MultMod_1  |       19|       19|  0.114 us|  0.114 us|    1|    1|      yes|
        |grp_MultMod_1_fu_1351  |MultMod_1  |       19|       19|  0.114 us|  0.114 us|    1|    1|      yes|
        |grp_MultMod_1_fu_1376  |MultMod_1  |       19|       19|  0.114 us|  0.114 us|    1|    1|      yes|
        |grp_MultMod_1_fu_1401  |MultMod_1  |       19|       19|  0.114 us|  0.114 us|    1|    1|      yes|
        +-----------------------+-----------+---------+---------+----------+----------+-----+-----+---------+

        * Loop: 
        +-------------------+---------+---------+----------+-----------+-----------+------+----------+
        |                   |  Latency (cycles) | Iteration|  Initiation Interval  | Trip |          |
        |     Loop Name     |   min   |   max   |  Latency |  achieved |   target  | Count| Pipelined|
        +-------------------+---------+---------+----------+-----------+-----------+------+----------+
        |- WORK_SCALE_LOOP  |     1044|     1044|        22|          1|          1|  1024|       yes|
        +-------------------+---------+---------+----------+-----------+-----------+------+----------+



================================================================
== Utilization Estimates
================================================================
* Summary: 
+---------------------+---------+------+---------+---------+-----+
|         Name        | BRAM_18K|  DSP |    FF   |   LUT   | URAM|
+---------------------+---------+------+---------+---------+-----+
|DSP                  |        -|     -|        -|        -|    -|
|Expression           |        -|     -|        0|     2189|    -|
|FIFO                 |        -|     -|        -|        -|    -|
|Instance             |        -|     -|        0|      172|    -|
|Memory               |        -|     -|        -|        -|    -|
|Multiplexer          |        -|     -|        -|       36|    -|
|Register             |        -|     -|     4921|     2144|    -|
+---------------------+---------+------+---------+---------+-----+
|Total                |        0|     0|     4921|     4541|    0|
+---------------------+---------+------+---------+---------+-----+
|Available SLR        |     1344|  3008|   869120|   434560|  320|
+---------------------+---------+------+---------+---------+-----+
|Utilization SLR (%)  |        0|     0|       ~0|        1|    0|
+---------------------+---------+------+---------+---------+-----+
|Available            |     4032|  9024|  2607360|  1303680|  960|
+---------------------+---------+------+---------+---------+-----+
|Utilization (%)      |        0|     0|       ~0|       ~0|    0|
+---------------------+---------+------+---------+---------+-----+

+ Detail: 
    * Instance: 
    +-----------------------------+-----------------------+---------+----+---+----+-----+
    |           Instance          |         Module        | BRAM_18K| DSP| FF| LUT| URAM|
    +-----------------------------+-----------------------+---------+----+---+----+-----+
    |sparsemux_17_3_64_1_1_U2241  |sparsemux_17_3_64_1_1  |        0|   0|  0|  43|    0|
    |sparsemux_17_3_64_1_1_U2242  |sparsemux_17_3_64_1_1  |        0|   0|  0|  43|    0|
    |sparsemux_17_3_64_1_1_U2243  |sparsemux_17_3_64_1_1  |        0|   0|  0|  43|    0|
    |sparsemux_17_3_64_1_1_U2244  |sparsemux_17_3_64_1_1  |        0|   0|  0|  43|    0|
    +-----------------------------+-----------------------+---------+----+---+----+-----+
    |Total                        |                       |        0|   0|  0| 172|    0|
    +-----------------------------+-----------------------+---------+----+---+----+-----+

    * DSP: 
    N/A

    * Memory: 
    N/A

    * FIFO: 
    N/A

    * Expression: 
    +-------------------------------------+----------+----+---+----+------------+------------+
    |            Variable Name            | Operation| DSP| FF| LUT| Bitwidth P0| Bitwidth P1|
    +-------------------------------------+----------+----+---+----+------------+------------+
    |i_5_fu_1440_p2                       |         +|   0|  0|  18|          11|           1|
    |ap_block_pp0                         |       and|   0|  0|   2|           1|           1|
    |ap_enable_state1_pp0_iter0_stage0    |       and|   0|  0|   2|           1|           1|
    |ap_enable_state22_pp0_iter21_stage0  |       and|   0|  0|   2|           1|           1|
    |ap_enable_state2_pp0_iter1_stage0    |       and|   0|  0|   2|           1|           1|
    |ap_predicate_op184_load_state1       |       and|   0|  0|   2|           1|           1|
    |ap_predicate_op186_load_state1       |       and|   0|  0|   2|           1|           1|
    |ap_predicate_op188_load_state1       |       and|   0|  0|   2|           1|           1|
    |ap_predicate_op190_load_state1       |       and|   0|  0|   2|           1|           1|
    |ap_predicate_op192_load_state1       |       and|   0|  0|   2|           1|           1|
    |ap_predicate_op194_load_state1       |       and|   0|  0|   2|           1|           1|
    |ap_predicate_op196_load_state1       |       and|   0|  0|   2|           1|           1|
    |ap_predicate_op198_load_state1       |       and|   0|  0|   2|           1|           1|
    |ap_predicate_op473_store_state22     |       and|   0|  0|   2|           1|           1|
    |ap_predicate_op475_store_state22     |       and|   0|  0|   2|           1|           1|
    |ap_predicate_op477_store_state22     |       and|   0|  0|   2|           1|           1|
    |ap_predicate_op479_store_state22     |       and|   0|  0|   2|           1|           1|
    |ap_predicate_op489_store_state22     |       and|   0|  0|   2|           1|           1|
    |ap_predicate_op491_store_state22     |       and|   0|  0|   2|           1|           1|
    |ap_predicate_op493_store_state22     |       and|   0|  0|   2|           1|           1|
    |ap_predicate_op495_store_state22     |       and|   0|  0|   2|           1|           1|
    |ap_predicate_op505_store_state22     |       and|   0|  0|   2|           1|           1|
    |ap_predicate_op507_store_state22     |       and|   0|  0|   2|           1|           1|
    |ap_predicate_op509_store_state22     |       and|   0|  0|   2|           1|           1|
    |ap_predicate_op511_store_state22     |       and|   0|  0|   2|           1|           1|
    |ap_predicate_op521_store_state22     |       and|   0|  0|   2|           1|           1|
    |ap_predicate_op523_store_state22     |       and|   0|  0|   2|           1|           1|
    |ap_predicate_op525_store_state22     |       and|   0|  0|   2|           1|           1|
    |ap_predicate_op527_store_state22     |       and|   0|  0|   2|           1|           1|
    |ap_predicate_op537_store_state22     |       and|   0|  0|   2|           1|           1|
    |ap_predicate_op539_store_state22     |       and|   0|  0|   2|           1|           1|
    |ap_predicate_op541_store_state22     |       and|   0|  0|   2|           1|           1|
    |ap_predicate_op543_store_state22     |       and|   0|  0|   2|           1|           1|
    |ap_predicate_op553_store_state22     |       and|   0|  0|   2|           1|           1|
    |ap_predicate_op555_store_state22     |       and|   0|  0|   2|           1|           1|
    |ap_predicate_op557_store_state22     |       and|   0|  0|   2|           1|           1|
    |ap_predicate_op559_store_state22     |       and|   0|  0|   2|           1|           1|
    |ap_predicate_op569_store_state22     |       and|   0|  0|   2|           1|           1|
    |ap_predicate_op571_store_state22     |       and|   0|  0|   2|           1|           1|
    |ap_predicate_op573_store_state22     |       and|   0|  0|   2|           1|           1|
    |ap_predicate_op575_store_state22     |       and|   0|  0|   2|           1|           1|
    |ap_predicate_op585_store_state22     |       and|   0|  0|   2|           1|           1|
    |ap_predicate_op587_store_state22     |       and|   0|  0|   2|           1|           1|
    |ap_predicate_op589_store_state22     |       and|   0|  0|   2|           1|           1|
    |ap_predicate_op591_store_state22     |       and|   0|  0|   2|           1|           1|
    |icmp_ln305_fu_1434_p2                |      icmp|   0|  0|  19|          11|          12|
    |icmp_ln311_1_fu_1758_p2              |      icmp|   0|  0|  10|           3|           3|
    |icmp_ln311_fu_1648_p2                |      icmp|   0|  0|  10|           3|           3|
    |icmp_ln314_1_fu_1970_p2              |      icmp|   0|  0|  10|           3|           2|
    |icmp_ln314_fu_1964_p2                |      icmp|   0|  0|  10|           3|           1|
    |or_ln311_1_fu_1642_p2                |        or|   0|  0|   3|           3|           2|
    |or_ln311_fu_1636_p2                  |        or|   0|  0|   3|           3|           1|
    |value_4_fu_1718_p10                  |    select|   0|  0|  63|           1|          64|
    |value_4_fu_1718_p12                  |    select|   0|  0|  63|           1|          64|
    |value_4_fu_1718_p14                  |    select|   0|  0|  63|           1|          64|
    |value_4_fu_1718_p16                  |    select|   0|  0|  63|           1|          64|
    |value_4_fu_1718_p2                   |    select|   0|  0|  63|           1|          64|
    |value_4_fu_1718_p4                   |    select|   0|  0|  63|           1|          64|
    |value_4_fu_1718_p6                   |    select|   0|  0|  63|           1|          64|
    |value_4_fu_1718_p8                   |    select|   0|  0|  63|           1|          64|
    |value_5_fu_1828_p10                  |    select|   0|  0|  63|           1|          64|
    |value_5_fu_1828_p12                  |    select|   0|  0|  63|           1|          64|
    |value_5_fu_1828_p14                  |    select|   0|  0|  63|           1|          64|
    |value_5_fu_1828_p16                  |    select|   0|  0|  63|           1|          64|
    |value_5_fu_1828_p2                   |    select|   0|  0|  63|           1|          64|
    |value_5_fu_1828_p4                   |    select|   0|  0|  63|           1|          64|
    |value_5_fu_1828_p6                   |    select|   0|  0|  63|           1|          64|
    |value_5_fu_1828_p8                   |    select|   0|  0|  63|           1|          64|
    |value_6_fu_1924_p10                  |    select|   0|  0|  63|           1|          64|
    |value_6_fu_1924_p12                  |    select|   0|  0|  63|           1|          64|
    |value_6_fu_1924_p14                  |    select|   0|  0|  63|           1|          64|
    |value_6_fu_1924_p16                  |    select|   0|  0|  63|           1|          64|
    |value_6_fu_1924_p2                   |    select|   0|  0|  63|           1|          64|
    |value_6_fu_1924_p4                   |    select|   0|  0|  63|           1|          64|
    |value_6_fu_1924_p6                   |    select|   0|  0|  63|           1|          64|
    |value_6_fu_1924_p8                   |    select|   0|  0|  63|           1|          64|
    |value_fu_1596_p10                    |    select|   0|  0|  63|           1|          64|
    |value_fu_1596_p12                    |    select|   0|  0|  63|           1|          64|
    |value_fu_1596_p14                    |    select|   0|  0|  63|           1|          64|
    |value_fu_1596_p16                    |    select|   0|  0|  63|           1|          64|
    |value_fu_1596_p2                     |    select|   0|  0|  63|           1|          64|
    |value_fu_1596_p4                     |    select|   0|  0|  63|           1|          64|
    |value_fu_1596_p6                     |    select|   0|  0|  63|           1|          64|
    |value_fu_1596_p8                     |    select|   0|  0|  63|           1|          64|
    |ap_enable_pp0                        |       xor|   0|  0|   2|           1|           2|
    +-------------------------------------+----------+----+---+----+------------+------------+
    |Total                                |          |   0|  0|2189|         117|        2119|
    +-------------------------------------+----------+----+---+----+------------+------------+

    * Multiplexer: 
    +-------------------------+----+-----------+-----+-----------+
    |           Name          | LUT| Input Size| Bits| Total Bits|
    +-------------------------+----+-----------+-----+-----------+
    |ap_done_int              |   9|          2|    1|          2|
    |ap_enable_reg_pp0_iter1  |   9|          2|    1|          2|
    |ap_sig_allocacmp_i_4     |   9|          2|   11|         22|
    |i_fu_204                 |   9|          2|   11|         22|
    +-------------------------+----+-----------+-----+-----------+
    |Total                    |  36|          8|   24|         48|
    +-------------------------+----+-----------+-----+-----------+

    * Register: 
    +---------------------------------------+----+----+-----+-----------+
    |                  Name                 | FF | LUT| Bits| Const Bits|
    +---------------------------------------+----+----+-----+-----------+
    |ap_CS_fsm                              |   1|   0|    1|          0|
    |ap_done_reg                            |   1|   0|    1|          0|
    |ap_enable_reg_pp0_iter1                |   1|   0|    1|          0|
    |ap_enable_reg_pp0_iter10               |   1|   0|    1|          0|
    |ap_enable_reg_pp0_iter11               |   1|   0|    1|          0|
    |ap_enable_reg_pp0_iter12               |   1|   0|    1|          0|
    |ap_enable_reg_pp0_iter13               |   1|   0|    1|          0|
    |ap_enable_reg_pp0_iter14               |   1|   0|    1|          0|
    |ap_enable_reg_pp0_iter15               |   1|   0|    1|          0|
    |ap_enable_reg_pp0_iter16               |   1|   0|    1|          0|
    |ap_enable_reg_pp0_iter17               |   1|   0|    1|          0|
    |ap_enable_reg_pp0_iter18               |   1|   0|    1|          0|
    |ap_enable_reg_pp0_iter19               |   1|   0|    1|          0|
    |ap_enable_reg_pp0_iter2                |   1|   0|    1|          0|
    |ap_enable_reg_pp0_iter20               |   1|   0|    1|          0|
    |ap_enable_reg_pp0_iter21               |   1|   0|    1|          0|
    |ap_enable_reg_pp0_iter3                |   1|   0|    1|          0|
    |ap_enable_reg_pp0_iter4                |   1|   0|    1|          0|
    |ap_enable_reg_pp0_iter5                |   1|   0|    1|          0|
    |ap_enable_reg_pp0_iter6                |   1|   0|    1|          0|
    |ap_enable_reg_pp0_iter7                |   1|   0|    1|          0|
    |ap_enable_reg_pp0_iter8                |   1|   0|    1|          0|
    |ap_enable_reg_pp0_iter9                |   1|   0|    1|          0|
    |ap_loop_exit_ready_pp0_iter10_reg      |   1|   0|    1|          0|
    |ap_loop_exit_ready_pp0_iter11_reg      |   1|   0|    1|          0|
    |ap_loop_exit_ready_pp0_iter12_reg      |   1|   0|    1|          0|
    |ap_loop_exit_ready_pp0_iter13_reg      |   1|   0|    1|          0|
    |ap_loop_exit_ready_pp0_iter14_reg      |   1|   0|    1|          0|
    |ap_loop_exit_ready_pp0_iter15_reg      |   1|   0|    1|          0|
    |ap_loop_exit_ready_pp0_iter16_reg      |   1|   0|    1|          0|
    |ap_loop_exit_ready_pp0_iter17_reg      |   1|   0|    1|          0|
    |ap_loop_exit_ready_pp0_iter18_reg      |   1|   0|    1|          0|
    |ap_loop_exit_ready_pp0_iter19_reg      |   1|   0|    1|          0|
    |ap_loop_exit_ready_pp0_iter1_reg       |   1|   0|    1|          0|
    |ap_loop_exit_ready_pp0_iter20_reg      |   1|   0|    1|          0|
    |ap_loop_exit_ready_pp0_iter2_reg       |   1|   0|    1|          0|
    |ap_loop_exit_ready_pp0_iter3_reg       |   1|   0|    1|          0|
    |ap_loop_exit_ready_pp0_iter4_reg       |   1|   0|    1|          0|
    |ap_loop_exit_ready_pp0_iter5_reg       |   1|   0|    1|          0|
    |ap_loop_exit_ready_pp0_iter6_reg       |   1|   0|    1|          0|
    |ap_loop_exit_ready_pp0_iter7_reg       |   1|   0|    1|          0|
    |ap_loop_exit_ready_pp0_iter8_reg       |   1|   0|    1|          0|
    |ap_loop_exit_ready_pp0_iter9_reg       |   1|   0|    1|          0|
    |i_fu_204                               |  11|   0|   11|          0|
    |icmp_ln314_1_reg_2456                  |   1|   0|    1|          0|
    |icmp_ln314_reg_2452                    |   1|   0|    1|          0|
    |p_ZL13poly_buffer_1_0_0_addr_reg_2048  |   9|   0|    9|          0|
    |p_ZL13poly_buffer_1_0_1_addr_reg_2054  |   9|   0|    9|          0|
    |p_ZL13poly_buffer_1_0_2_addr_reg_2060  |   9|   0|    9|          0|
    |p_ZL13poly_buffer_1_0_3_addr_reg_2066  |   9|   0|    9|          0|
    |p_ZL13poly_buffer_1_0_4_addr_reg_2072  |   9|   0|    9|          0|
    |p_ZL13poly_buffer_1_0_5_addr_reg_2078  |   9|   0|    9|          0|
    |p_ZL13poly_buffer_1_0_6_addr_reg_2084  |   9|   0|    9|          0|
    |p_ZL13poly_buffer_1_0_7_addr_reg_2090  |   9|   0|    9|          0|
    |p_ZL13poly_buffer_1_1_0_addr_reg_2096  |   9|   0|    9|          0|
    |p_ZL13poly_buffer_1_1_1_addr_reg_2102  |   9|   0|    9|          0|
    |p_ZL13poly_buffer_1_1_2_addr_reg_2108  |   9|   0|    9|          0|
    |p_ZL13poly_buffer_1_1_3_addr_reg_2114  |   9|   0|    9|          0|
    |p_ZL13poly_buffer_1_1_4_addr_reg_2120  |   9|   0|    9|          0|
    |p_ZL13poly_buffer_1_1_5_addr_reg_2126  |   9|   0|    9|          0|
    |p_ZL13poly_buffer_1_1_6_addr_reg_2132  |   9|   0|    9|          0|
    |p_ZL13poly_buffer_1_1_7_addr_reg_2138  |   9|   0|    9|          0|
    |p_ZL13poly_buffer_1_2_0_addr_reg_2144  |   9|   0|    9|          0|
    |p_ZL13poly_buffer_1_2_1_addr_reg_2150  |   9|   0|    9|          0|
    |p_ZL13poly_buffer_1_2_2_addr_reg_2156  |   9|   0|    9|          0|
    |p_ZL13poly_buffer_1_2_3_addr_reg_2162  |   9|   0|    9|          0|
    |p_ZL13poly_buffer_1_2_4_addr_reg_2168  |   9|   0|    9|          0|
    |p_ZL13poly_buffer_1_2_5_addr_reg_2174  |   9|   0|    9|          0|
    |p_ZL13poly_buffer_1_2_6_addr_reg_2180  |   9|   0|    9|          0|
    |p_ZL13poly_buffer_1_2_7_addr_reg_2186  |   9|   0|    9|          0|
    |p_ZL13poly_buffer_1_3_0_addr_reg_2192  |   9|   0|    9|          0|
    |p_ZL13poly_buffer_1_3_1_addr_reg_2198  |   9|   0|    9|          0|
    |p_ZL13poly_buffer_1_3_2_addr_reg_2204  |   9|   0|    9|          0|
    |p_ZL13poly_buffer_1_3_3_addr_reg_2210  |   9|   0|    9|          0|
    |p_ZL13poly_buffer_1_3_4_addr_reg_2216  |   9|   0|    9|          0|
    |p_ZL13poly_buffer_1_3_5_addr_reg_2222  |   9|   0|    9|          0|
    |p_ZL13poly_buffer_1_3_6_addr_reg_2228  |   9|   0|    9|          0|
    |p_ZL13poly_buffer_1_3_7_addr_reg_2234  |   9|   0|    9|          0|
    |p_ZL13poly_buffer_1_4_0_addr_reg_2240  |   9|   0|    9|          0|
    |p_ZL13poly_buffer_1_4_1_addr_reg_2246  |   9|   0|    9|          0|
    |p_ZL13poly_buffer_1_4_2_addr_reg_2252  |   9|   0|    9|          0|
    |p_ZL13poly_buffer_1_4_3_addr_reg_2258  |   9|   0|    9|          0|
    |p_ZL13poly_buffer_1_4_4_addr_reg_2264  |   9|   0|    9|          0|
    |p_ZL13poly_buffer_1_4_5_addr_reg_2270  |   9|   0|    9|          0|
    |p_ZL13poly_buffer_1_4_6_addr_reg_2276  |   9|   0|    9|          0|
    |p_ZL13poly_buffer_1_4_7_addr_reg_2282  |   9|   0|    9|          0|
    |p_ZL13poly_buffer_1_5_0_addr_reg_2288  |   9|   0|    9|          0|
    |p_ZL13poly_buffer_1_5_1_addr_reg_2294  |   9|   0|    9|          0|
    |p_ZL13poly_buffer_1_5_2_addr_reg_2300  |   9|   0|    9|          0|
    |p_ZL13poly_buffer_1_5_3_addr_reg_2306  |   9|   0|    9|          0|
    |p_ZL13poly_buffer_1_5_4_addr_reg_2312  |   9|   0|    9|          0|
    |p_ZL13poly_buffer_1_5_5_addr_reg_2318  |   9|   0|    9|          0|
    |p_ZL13poly_buffer_1_5_6_addr_reg_2324  |   9|   0|    9|          0|
    |p_ZL13poly_buffer_1_5_7_addr_reg_2330  |   9|   0|    9|          0|
    |p_ZL13poly_buffer_1_6_0_addr_reg_2336  |   9|   0|    9|          0|
    |p_ZL13poly_buffer_1_6_1_addr_reg_2342  |   9|   0|    9|          0|
    |p_ZL13poly_buffer_1_6_2_addr_reg_2348  |   9|   0|    9|          0|
    |p_ZL13poly_buffer_1_6_3_addr_reg_2354  |   9|   0|    9|          0|
    |p_ZL13poly_buffer_1_6_4_addr_reg_2360  |   9|   0|    9|          0|
    |p_ZL13poly_buffer_1_6_5_addr_reg_2366  |   9|   0|    9|          0|
    |p_ZL13poly_buffer_1_6_6_addr_reg_2372  |   9|   0|    9|          0|
    |p_ZL13poly_buffer_1_6_7_addr_reg_2378  |   9|   0|    9|          0|
    |p_ZL13poly_buffer_1_7_0_addr_reg_2384  |   9|   0|    9|          0|
    |p_ZL13poly_buffer_1_7_1_addr_reg_2390  |   9|   0|    9|          0|
    |p_ZL13poly_buffer_1_7_2_addr_reg_2396  |   9|   0|    9|          0|
    |p_ZL13poly_buffer_1_7_3_addr_reg_2402  |   9|   0|    9|          0|
    |p_ZL13poly_buffer_1_7_4_addr_reg_2408  |   9|   0|    9|          0|
    |p_ZL13poly_buffer_1_7_5_addr_reg_2414  |   9|   0|    9|          0|
    |p_ZL13poly_buffer_1_7_6_addr_reg_2420  |   9|   0|    9|          0|
    |p_ZL13poly_buffer_1_7_7_addr_reg_2426  |   9|   0|    9|          0|
    |trunc_ln305_reg_2027                   |   1|   0|    1|          0|
    |icmp_ln314_1_reg_2456                  |  64|  32|    1|          0|
    |icmp_ln314_reg_2452                    |  64|  32|    1|          0|
    |p_ZL13poly_buffer_1_0_0_addr_reg_2048  |  64|  32|    9|          0|
    |p_ZL13poly_buffer_1_0_1_addr_reg_2054  |  64|  32|    9|          0|
    |p_ZL13poly_buffer_1_0_2_addr_reg_2060  |  64|  32|    9|          0|
    |p_ZL13poly_buffer_1_0_3_addr_reg_2066  |  64|  32|    9|          0|
    |p_ZL13poly_buffer_1_0_4_addr_reg_2072  |  64|  32|    9|          0|
    |p_ZL13poly_buffer_1_0_5_addr_reg_2078  |  64|  32|    9|          0|
    |p_ZL13poly_buffer_1_0_6_addr_reg_2084  |  64|  32|    9|          0|
    |p_ZL13poly_buffer_1_0_7_addr_reg_2090  |  64|  32|    9|          0|
    |p_ZL13poly_buffer_1_1_0_addr_reg_2096  |  64|  32|    9|          0|
    |p_ZL13poly_buffer_1_1_1_addr_reg_2102  |  64|  32|    9|          0|
    |p_ZL13poly_buffer_1_1_2_addr_reg_2108  |  64|  32|    9|          0|
    |p_ZL13poly_buffer_1_1_3_addr_reg_2114  |  64|  32|    9|          0|
    |p_ZL13poly_buffer_1_1_4_addr_reg_2120  |  64|  32|    9|          0|
    |p_ZL13poly_buffer_1_1_5_addr_reg_2126  |  64|  32|    9|          0|
    |p_ZL13poly_buffer_1_1_6_addr_reg_2132  |  64|  32|    9|          0|
    |p_ZL13poly_buffer_1_1_7_addr_reg_2138  |  64|  32|    9|          0|
    |p_ZL13poly_buffer_1_2_0_addr_reg_2144  |  64|  32|    9|          0|
    |p_ZL13poly_buffer_1_2_1_addr_reg_2150  |  64|  32|    9|          0|
    |p_ZL13poly_buffer_1_2_2_addr_reg_2156  |  64|  32|    9|          0|
    |p_ZL13poly_buffer_1_2_3_addr_reg_2162  |  64|  32|    9|          0|
    |p_ZL13poly_buffer_1_2_4_addr_reg_2168  |  64|  32|    9|          0|
    |p_ZL13poly_buffer_1_2_5_addr_reg_2174  |  64|  32|    9|          0|
    |p_ZL13poly_buffer_1_2_6_addr_reg_2180  |  64|  32|    9|          0|
    |p_ZL13poly_buffer_1_2_7_addr_reg_2186  |  64|  32|    9|          0|
    |p_ZL13poly_buffer_1_3_0_addr_reg_2192  |  64|  32|    9|          0|
    |p_ZL13poly_buffer_1_3_1_addr_reg_2198  |  64|  32|    9|          0|
    |p_ZL13poly_buffer_1_3_2_addr_reg_2204  |  64|  32|    9|          0|
    |p_ZL13poly_buffer_1_3_3_addr_reg_2210  |  64|  32|    9|          0|
    |p_ZL13poly_buffer_1_3_4_addr_reg_2216  |  64|  32|    9|          0|
    |p_ZL13poly_buffer_1_3_5_addr_reg_2222  |  64|  32|    9|          0|
    |p_ZL13poly_buffer_1_3_6_addr_reg_2228  |  64|  32|    9|          0|
    |p_ZL13poly_buffer_1_3_7_addr_reg_2234  |  64|  32|    9|          0|
    |p_ZL13poly_buffer_1_4_0_addr_reg_2240  |  64|  32|    9|          0|
    |p_ZL13poly_buffer_1_4_1_addr_reg_2246  |  64|  32|    9|          0|
    |p_ZL13poly_buffer_1_4_2_addr_reg_2252  |  64|  32|    9|          0|
    |p_ZL13poly_buffer_1_4_3_addr_reg_2258  |  64|  32|    9|          0|
    |p_ZL13poly_buffer_1_4_4_addr_reg_2264  |  64|  32|    9|          0|
    |p_ZL13poly_buffer_1_4_5_addr_reg_2270  |  64|  32|    9|          0|
    |p_ZL13poly_buffer_1_4_6_addr_reg_2276  |  64|  32|    9|          0|
    |p_ZL13poly_buffer_1_4_7_addr_reg_2282  |  64|  32|    9|          0|
    |p_ZL13poly_buffer_1_5_0_addr_reg_2288  |  64|  32|    9|          0|
    |p_ZL13poly_buffer_1_5_1_addr_reg_2294  |  64|  32|    9|          0|
    |p_ZL13poly_buffer_1_5_2_addr_reg_2300  |  64|  32|    9|          0|
    |p_ZL13poly_buffer_1_5_3_addr_reg_2306  |  64|  32|    9|          0|
    |p_ZL13poly_buffer_1_5_4_addr_reg_2312  |  64|  32|    9|          0|
    |p_ZL13poly_buffer_1_5_5_addr_reg_2318  |  64|  32|    9|          0|
    |p_ZL13poly_buffer_1_5_6_addr_reg_2324  |  64|  32|    9|          0|
    |p_ZL13poly_buffer_1_5_7_addr_reg_2330  |  64|  32|    9|          0|
    |p_ZL13poly_buffer_1_6_0_addr_reg_2336  |  64|  32|    9|          0|
    |p_ZL13poly_buffer_1_6_1_addr_reg_2342  |  64|  32|    9|          0|
    |p_ZL13poly_buffer_1_6_2_addr_reg_2348  |  64|  32|    9|          0|
    |p_ZL13poly_buffer_1_6_3_addr_reg_2354  |  64|  32|    9|          0|
    |p_ZL13poly_buffer_1_6_4_addr_reg_2360  |  64|  32|    9|          0|
    |p_ZL13poly_buffer_1_6_5_addr_reg_2366  |  64|  32|    9|          0|
    |p_ZL13poly_buffer_1_6_6_addr_reg_2372  |  64|  32|    9|          0|
    |p_ZL13poly_buffer_1_6_7_addr_reg_2378  |  64|  32|    9|          0|
    |p_ZL13poly_buffer_1_7_0_addr_reg_2384  |  64|  32|    9|          0|
    |p_ZL13poly_buffer_1_7_1_addr_reg_2390  |  64|  32|    9|          0|
    |p_ZL13poly_buffer_1_7_2_addr_reg_2396  |  64|  32|    9|          0|
    |p_ZL13poly_buffer_1_7_3_addr_reg_2402  |  64|  32|    9|          0|
    |p_ZL13poly_buffer_1_7_4_addr_reg_2408  |  64|  32|    9|          0|
    |p_ZL13poly_buffer_1_7_5_addr_reg_2414  |  64|  32|    9|          0|
    |p_ZL13poly_buffer_1_7_6_addr_reg_2420  |  64|  32|    9|          0|
    |p_ZL13poly_buffer_1_7_7_addr_reg_2426  |  64|  32|    9|          0|
    |trunc_ln305_reg_2027                   |  64|  32|    1|          0|
    +---------------------------------------+----+----+-----+-----------+
    |Total                                  |4921|2144| 1212|          0|
    +---------------------------------------+----+----+-----+-----------+



================================================================
== Interface
================================================================
* Summary: 
+----------------------------------+-----+-----+------------+--------------------------------------------+--------------+
|             RTL Ports            | Dir | Bits|  Protocol  |                Source Object               |    C Type    |
+----------------------------------+-----+-----+------------+--------------------------------------------+--------------+
|ap_clk                            |   in|    1|  ap_ctrl_hs|  CG_Transform_Work_Pipeline_WORK_SCALE_LOOP|  return value|
|ap_rst                            |   in|    1|  ap_ctrl_hs|  CG_Transform_Work_Pipeline_WORK_SCALE_LOOP|  return value|
|ap_start                          |   in|    1|  ap_ctrl_hs|  CG_Transform_Work_Pipeline_WORK_SCALE_LOOP|  return value|
|ap_done                           |  out|    1|  ap_ctrl_hs|  CG_Transform_Work_Pipeline_WORK_SCALE_LOOP|  return value|
|ap_idle                           |  out|    1|  ap_ctrl_hs|  CG_Transform_Work_Pipeline_WORK_SCALE_LOOP|  return value|
|ap_ready                          |  out|    1|  ap_ctrl_hs|  CG_Transform_Work_Pipeline_WORK_SCALE_LOOP|  return value|
|grp_MultMod_1_fu_1460_p_din1      |  out|   64|  ap_ctrl_hs|  CG_Transform_Work_Pipeline_WORK_SCALE_LOOP|  return value|
|grp_MultMod_1_fu_1460_p_din2      |  out|   64|  ap_ctrl_hs|  CG_Transform_Work_Pipeline_WORK_SCALE_LOOP|  return value|
|grp_MultMod_1_fu_1460_p_din3      |  out|   64|  ap_ctrl_hs|  CG_Transform_Work_Pipeline_WORK_SCALE_LOOP|  return value|
|grp_MultMod_1_fu_1460_p_din4      |  out|   64|  ap_ctrl_hs|  CG_Transform_Work_Pipeline_WORK_SCALE_LOOP|  return value|
|grp_MultMod_1_fu_1460_p_din5      |  out|   64|  ap_ctrl_hs|  CG_Transform_Work_Pipeline_WORK_SCALE_LOOP|  return value|
|grp_MultMod_1_fu_1460_p_dout0     |   in|   64|  ap_ctrl_hs|  CG_Transform_Work_Pipeline_WORK_SCALE_LOOP|  return value|
|grp_MultMod_1_fu_1468_p_din1      |  out|   64|  ap_ctrl_hs|  CG_Transform_Work_Pipeline_WORK_SCALE_LOOP|  return value|
|grp_MultMod_1_fu_1468_p_din2      |  out|   64|  ap_ctrl_hs|  CG_Transform_Work_Pipeline_WORK_SCALE_LOOP|  return value|
|grp_MultMod_1_fu_1468_p_din3      |  out|   64|  ap_ctrl_hs|  CG_Transform_Work_Pipeline_WORK_SCALE_LOOP|  return value|
|grp_MultMod_1_fu_1468_p_din4      |  out|   64|  ap_ctrl_hs|  CG_Transform_Work_Pipeline_WORK_SCALE_LOOP|  return value|
|grp_MultMod_1_fu_1468_p_din5      |  out|   64|  ap_ctrl_hs|  CG_Transform_Work_Pipeline_WORK_SCALE_LOOP|  return value|
|grp_MultMod_1_fu_1468_p_dout0     |   in|   64|  ap_ctrl_hs|  CG_Transform_Work_Pipeline_WORK_SCALE_LOOP|  return value|
|grp_MultMod_1_fu_1476_p_din1      |  out|   64|  ap_ctrl_hs|  CG_Transform_Work_Pipeline_WORK_SCALE_LOOP|  return value|
|grp_MultMod_1_fu_1476_p_din2      |  out|   64|  ap_ctrl_hs|  CG_Transform_Work_Pipeline_WORK_SCALE_LOOP|  return value|
|grp_MultMod_1_fu_1476_p_din3      |  out|   64|  ap_ctrl_hs|  CG_Transform_Work_Pipeline_WORK_SCALE_LOOP|  return value|
|grp_MultMod_1_fu_1476_p_din4      |  out|   64|  ap_ctrl_hs|  CG_Transform_Work_Pipeline_WORK_SCALE_LOOP|  return value|
|grp_MultMod_1_fu_1476_p_din5      |  out|   64|  ap_ctrl_hs|  CG_Transform_Work_Pipeline_WORK_SCALE_LOOP|  return value|
|grp_MultMod_1_fu_1476_p_dout0     |   in|   64|  ap_ctrl_hs|  CG_Transform_Work_Pipeline_WORK_SCALE_LOOP|  return value|
|grp_MultMod_1_fu_1484_p_din1      |  out|   64|  ap_ctrl_hs|  CG_Transform_Work_Pipeline_WORK_SCALE_LOOP|  return value|
|grp_MultMod_1_fu_1484_p_din2      |  out|   64|  ap_ctrl_hs|  CG_Transform_Work_Pipeline_WORK_SCALE_LOOP|  return value|
|grp_MultMod_1_fu_1484_p_din3      |  out|   64|  ap_ctrl_hs|  CG_Transform_Work_Pipeline_WORK_SCALE_LOOP|  return value|
|grp_MultMod_1_fu_1484_p_din4      |  out|   64|  ap_ctrl_hs|  CG_Transform_Work_Pipeline_WORK_SCALE_LOOP|  return value|
|grp_MultMod_1_fu_1484_p_din5      |  out|   64|  ap_ctrl_hs|  CG_Transform_Work_Pipeline_WORK_SCALE_LOOP|  return value|
|grp_MultMod_1_fu_1484_p_dout0     |   in|   64|  ap_ctrl_hs|  CG_Transform_Work_Pipeline_WORK_SCALE_LOOP|  return value|
|tower                             |   in|    3|     ap_none|                                       tower|        scalar|
|scale_factor                      |   in|   64|     ap_none|                                scale_factor|        scalar|
|modulus                           |   in|   64|     ap_none|                                     modulus|        scalar|
|M_barrett                         |   in|   64|     ap_none|                                   M_barrett|        scalar|
|S                                 |   in|   64|     ap_none|                                           S|        scalar|
|p_ZL13poly_buffer_1_0_3_address0  |  out|    9|   ap_memory|                     p_ZL13poly_buffer_1_0_3|         array|
|p_ZL13poly_buffer_1_0_3_ce0       |  out|    1|   ap_memory|                     p_ZL13poly_buffer_1_0_3|         array|
|p_ZL13poly_buffer_1_0_3_we0       |  out|    1|   ap_memory|                     p_ZL13poly_buffer_1_0_3|         array|
|p_ZL13poly_buffer_1_0_3_d0        |  out|   64|   ap_memory|                     p_ZL13poly_buffer_1_0_3|         array|
|p_ZL13poly_buffer_1_0_3_address1  |  out|    9|   ap_memory|                     p_ZL13poly_buffer_1_0_3|         array|
|p_ZL13poly_buffer_1_0_3_ce1       |  out|    1|   ap_memory|                     p_ZL13poly_buffer_1_0_3|         array|
|p_ZL13poly_buffer_1_0_3_q1        |   in|   64|   ap_memory|                     p_ZL13poly_buffer_1_0_3|         array|
|p_ZL13poly_buffer_1_0_2_address0  |  out|    9|   ap_memory|                     p_ZL13poly_buffer_1_0_2|         array|
|p_ZL13poly_buffer_1_0_2_ce0       |  out|    1|   ap_memory|                     p_ZL13poly_buffer_1_0_2|         array|
|p_ZL13poly_buffer_1_0_2_we0       |  out|    1|   ap_memory|                     p_ZL13poly_buffer_1_0_2|         array|
|p_ZL13poly_buffer_1_0_2_d0        |  out|   64|   ap_memory|                     p_ZL13poly_buffer_1_0_2|         array|
|p_ZL13poly_buffer_1_0_2_address1  |  out|    9|   ap_memory|                     p_ZL13poly_buffer_1_0_2|         array|
|p_ZL13poly_buffer_1_0_2_ce1       |  out|    1|   ap_memory|                     p_ZL13poly_buffer_1_0_2|         array|
|p_ZL13poly_buffer_1_0_2_q1        |   in|   64|   ap_memory|                     p_ZL13poly_buffer_1_0_2|         array|
|p_ZL13poly_buffer_1_0_1_address0  |  out|    9|   ap_memory|                     p_ZL13poly_buffer_1_0_1|         array|
|p_ZL13poly_buffer_1_0_1_ce0       |  out|    1|   ap_memory|                     p_ZL13poly_buffer_1_0_1|         array|
|p_ZL13poly_buffer_1_0_1_we0       |  out|    1|   ap_memory|                     p_ZL13poly_buffer_1_0_1|         array|
|p_ZL13poly_buffer_1_0_1_d0        |  out|   64|   ap_memory|                     p_ZL13poly_buffer_1_0_1|         array|
|p_ZL13poly_buffer_1_0_1_address1  |  out|    9|   ap_memory|                     p_ZL13poly_buffer_1_0_1|         array|
|p_ZL13poly_buffer_1_0_1_ce1       |  out|    1|   ap_memory|                     p_ZL13poly_buffer_1_0_1|         array|
|p_ZL13poly_buffer_1_0_1_q1        |   in|   64|   ap_memory|                     p_ZL13poly_buffer_1_0_1|         array|
|p_ZL13poly_buffer_1_0_0_address0  |  out|    9|   ap_memory|                     p_ZL13poly_buffer_1_0_0|         array|
|p_ZL13poly_buffer_1_0_0_ce0       |  out|    1|   ap_memory|                     p_ZL13poly_buffer_1_0_0|         array|
|p_ZL13poly_buffer_1_0_0_we0       |  out|    1|   ap_memory|                     p_ZL13poly_buffer_1_0_0|         array|
|p_ZL13poly_buffer_1_0_0_d0        |  out|   64|   ap_memory|                     p_ZL13poly_buffer_1_0_0|         array|
|p_ZL13poly_buffer_1_0_0_address1  |  out|    9|   ap_memory|                     p_ZL13poly_buffer_1_0_0|         array|
|p_ZL13poly_buffer_1_0_0_ce1       |  out|    1|   ap_memory|                     p_ZL13poly_buffer_1_0_0|         array|
|p_ZL13poly_buffer_1_0_0_q1        |   in|   64|   ap_memory|                     p_ZL13poly_buffer_1_0_0|         array|
|p_ZL13poly_buffer_1_0_4_address0  |  out|    9|   ap_memory|                     p_ZL13poly_buffer_1_0_4|         array|
|p_ZL13poly_buffer_1_0_4_ce0       |  out|    1|   ap_memory|                     p_ZL13poly_buffer_1_0_4|         array|
|p_ZL13poly_buffer_1_0_4_we0       |  out|    1|   ap_memory|                     p_ZL13poly_buffer_1_0_4|         array|
|p_ZL13poly_buffer_1_0_4_d0        |  out|   64|   ap_memory|                     p_ZL13poly_buffer_1_0_4|         array|
|p_ZL13poly_buffer_1_0_4_address1  |  out|    9|   ap_memory|                     p_ZL13poly_buffer_1_0_4|         array|
|p_ZL13poly_buffer_1_0_4_ce1       |  out|    1|   ap_memory|                     p_ZL13poly_buffer_1_0_4|         array|
|p_ZL13poly_buffer_1_0_4_q1        |   in|   64|   ap_memory|                     p_ZL13poly_buffer_1_0_4|         array|
|p_ZL13poly_buffer_1_1_0_address0  |  out|    9|   ap_memory|                     p_ZL13poly_buffer_1_1_0|         array|
|p_ZL13poly_buffer_1_1_0_ce0       |  out|    1|   ap_memory|                     p_ZL13poly_buffer_1_1_0|         array|
|p_ZL13poly_buffer_1_1_0_we0       |  out|    1|   ap_memory|                     p_ZL13poly_buffer_1_1_0|         array|
|p_ZL13poly_buffer_1_1_0_d0        |  out|   64|   ap_memory|                     p_ZL13poly_buffer_1_1_0|         array|
|p_ZL13poly_buffer_1_1_0_address1  |  out|    9|   ap_memory|                     p_ZL13poly_buffer_1_1_0|         array|
|p_ZL13poly_buffer_1_1_0_ce1       |  out|    1|   ap_memory|                     p_ZL13poly_buffer_1_1_0|         array|
|p_ZL13poly_buffer_1_1_0_q1        |   in|   64|   ap_memory|                     p_ZL13poly_buffer_1_1_0|         array|
|p_ZL13poly_buffer_1_1_4_address0  |  out|    9|   ap_memory|                     p_ZL13poly_buffer_1_1_4|         array|
|p_ZL13poly_buffer_1_1_4_ce0       |  out|    1|   ap_memory|                     p_ZL13poly_buffer_1_1_4|         array|
|p_ZL13poly_buffer_1_1_4_we0       |  out|    1|   ap_memory|                     p_ZL13poly_buffer_1_1_4|         array|
|p_ZL13poly_buffer_1_1_4_d0        |  out|   64|   ap_memory|                     p_ZL13poly_buffer_1_1_4|         array|
|p_ZL13poly_buffer_1_1_4_address1  |  out|    9|   ap_memory|                     p_ZL13poly_buffer_1_1_4|         array|
|p_ZL13poly_buffer_1_1_4_ce1       |  out|    1|   ap_memory|                     p_ZL13poly_buffer_1_1_4|         array|
|p_ZL13poly_buffer_1_1_4_q1        |   in|   64|   ap_memory|                     p_ZL13poly_buffer_1_1_4|         array|
|p_ZL13poly_buffer_1_2_0_address0  |  out|    9|   ap_memory|                     p_ZL13poly_buffer_1_2_0|         array|
|p_ZL13poly_buffer_1_2_0_ce0       |  out|    1|   ap_memory|                     p_ZL13poly_buffer_1_2_0|         array|
|p_ZL13poly_buffer_1_2_0_we0       |  out|    1|   ap_memory|                     p_ZL13poly_buffer_1_2_0|         array|
|p_ZL13poly_buffer_1_2_0_d0        |  out|   64|   ap_memory|                     p_ZL13poly_buffer_1_2_0|         array|
|p_ZL13poly_buffer_1_2_0_address1  |  out|    9|   ap_memory|                     p_ZL13poly_buffer_1_2_0|         array|
|p_ZL13poly_buffer_1_2_0_ce1       |  out|    1|   ap_memory|                     p_ZL13poly_buffer_1_2_0|         array|
|p_ZL13poly_buffer_1_2_0_q1        |   in|   64|   ap_memory|                     p_ZL13poly_buffer_1_2_0|         array|
|p_ZL13poly_buffer_1_2_4_address0  |  out|    9|   ap_memory|                     p_ZL13poly_buffer_1_2_4|         array|
|p_ZL13poly_buffer_1_2_4_ce0       |  out|    1|   ap_memory|                     p_ZL13poly_buffer_1_2_4|         array|
|p_ZL13poly_buffer_1_2_4_we0       |  out|    1|   ap_memory|                     p_ZL13poly_buffer_1_2_4|         array|
|p_ZL13poly_buffer_1_2_4_d0        |  out|   64|   ap_memory|                     p_ZL13poly_buffer_1_2_4|         array|
|p_ZL13poly_buffer_1_2_4_address1  |  out|    9|   ap_memory|                     p_ZL13poly_buffer_1_2_4|         array|
|p_ZL13poly_buffer_1_2_4_ce1       |  out|    1|   ap_memory|                     p_ZL13poly_buffer_1_2_4|         array|
|p_ZL13poly_buffer_1_2_4_q1        |   in|   64|   ap_memory|                     p_ZL13poly_buffer_1_2_4|         array|
|p_ZL13poly_buffer_1_3_0_address0  |  out|    9|   ap_memory|                     p_ZL13poly_buffer_1_3_0|         array|
|p_ZL13poly_buffer_1_3_0_ce0       |  out|    1|   ap_memory|                     p_ZL13poly_buffer_1_3_0|         array|
|p_ZL13poly_buffer_1_3_0_we0       |  out|    1|   ap_memory|                     p_ZL13poly_buffer_1_3_0|         array|
|p_ZL13poly_buffer_1_3_0_d0        |  out|   64|   ap_memory|                     p_ZL13poly_buffer_1_3_0|         array|
|p_ZL13poly_buffer_1_3_0_address1  |  out|    9|   ap_memory|                     p_ZL13poly_buffer_1_3_0|         array|
|p_ZL13poly_buffer_1_3_0_ce1       |  out|    1|   ap_memory|                     p_ZL13poly_buffer_1_3_0|         array|
|p_ZL13poly_buffer_1_3_0_q1        |   in|   64|   ap_memory|                     p_ZL13poly_buffer_1_3_0|         array|
|p_ZL13poly_buffer_1_3_4_address0  |  out|    9|   ap_memory|                     p_ZL13poly_buffer_1_3_4|         array|
|p_ZL13poly_buffer_1_3_4_ce0       |  out|    1|   ap_memory|                     p_ZL13poly_buffer_1_3_4|         array|
|p_ZL13poly_buffer_1_3_4_we0       |  out|    1|   ap_memory|                     p_ZL13poly_buffer_1_3_4|         array|
|p_ZL13poly_buffer_1_3_4_d0        |  out|   64|   ap_memory|                     p_ZL13poly_buffer_1_3_4|         array|
|p_ZL13poly_buffer_1_3_4_address1  |  out|    9|   ap_memory|                     p_ZL13poly_buffer_1_3_4|         array|
|p_ZL13poly_buffer_1_3_4_ce1       |  out|    1|   ap_memory|                     p_ZL13poly_buffer_1_3_4|         array|
|p_ZL13poly_buffer_1_3_4_q1        |   in|   64|   ap_memory|                     p_ZL13poly_buffer_1_3_4|         array|
|p_ZL13poly_buffer_1_4_0_address0  |  out|    9|   ap_memory|                     p_ZL13poly_buffer_1_4_0|         array|
|p_ZL13poly_buffer_1_4_0_ce0       |  out|    1|   ap_memory|                     p_ZL13poly_buffer_1_4_0|         array|
|p_ZL13poly_buffer_1_4_0_we0       |  out|    1|   ap_memory|                     p_ZL13poly_buffer_1_4_0|         array|
|p_ZL13poly_buffer_1_4_0_d0        |  out|   64|   ap_memory|                     p_ZL13poly_buffer_1_4_0|         array|
|p_ZL13poly_buffer_1_4_0_address1  |  out|    9|   ap_memory|                     p_ZL13poly_buffer_1_4_0|         array|
|p_ZL13poly_buffer_1_4_0_ce1       |  out|    1|   ap_memory|                     p_ZL13poly_buffer_1_4_0|         array|
|p_ZL13poly_buffer_1_4_0_q1        |   in|   64|   ap_memory|                     p_ZL13poly_buffer_1_4_0|         array|
|p_ZL13poly_buffer_1_4_4_address0  |  out|    9|   ap_memory|                     p_ZL13poly_buffer_1_4_4|         array|
|p_ZL13poly_buffer_1_4_4_ce0       |  out|    1|   ap_memory|                     p_ZL13poly_buffer_1_4_4|         array|
|p_ZL13poly_buffer_1_4_4_we0       |  out|    1|   ap_memory|                     p_ZL13poly_buffer_1_4_4|         array|
|p_ZL13poly_buffer_1_4_4_d0        |  out|   64|   ap_memory|                     p_ZL13poly_buffer_1_4_4|         array|
|p_ZL13poly_buffer_1_4_4_address1  |  out|    9|   ap_memory|                     p_ZL13poly_buffer_1_4_4|         array|
|p_ZL13poly_buffer_1_4_4_ce1       |  out|    1|   ap_memory|                     p_ZL13poly_buffer_1_4_4|         array|
|p_ZL13poly_buffer_1_4_4_q1        |   in|   64|   ap_memory|                     p_ZL13poly_buffer_1_4_4|         array|
|p_ZL13poly_buffer_1_5_0_address0  |  out|    9|   ap_memory|                     p_ZL13poly_buffer_1_5_0|         array|
|p_ZL13poly_buffer_1_5_0_ce0       |  out|    1|   ap_memory|                     p_ZL13poly_buffer_1_5_0|         array|
|p_ZL13poly_buffer_1_5_0_we0       |  out|    1|   ap_memory|                     p_ZL13poly_buffer_1_5_0|         array|
|p_ZL13poly_buffer_1_5_0_d0        |  out|   64|   ap_memory|                     p_ZL13poly_buffer_1_5_0|         array|
|p_ZL13poly_buffer_1_5_0_address1  |  out|    9|   ap_memory|                     p_ZL13poly_buffer_1_5_0|         array|
|p_ZL13poly_buffer_1_5_0_ce1       |  out|    1|   ap_memory|                     p_ZL13poly_buffer_1_5_0|         array|
|p_ZL13poly_buffer_1_5_0_q1        |   in|   64|   ap_memory|                     p_ZL13poly_buffer_1_5_0|         array|
|p_ZL13poly_buffer_1_5_4_address0  |  out|    9|   ap_memory|                     p_ZL13poly_buffer_1_5_4|         array|
|p_ZL13poly_buffer_1_5_4_ce0       |  out|    1|   ap_memory|                     p_ZL13poly_buffer_1_5_4|         array|
|p_ZL13poly_buffer_1_5_4_we0       |  out|    1|   ap_memory|                     p_ZL13poly_buffer_1_5_4|         array|
|p_ZL13poly_buffer_1_5_4_d0        |  out|   64|   ap_memory|                     p_ZL13poly_buffer_1_5_4|         array|
|p_ZL13poly_buffer_1_5_4_address1  |  out|    9|   ap_memory|                     p_ZL13poly_buffer_1_5_4|         array|
|p_ZL13poly_buffer_1_5_4_ce1       |  out|    1|   ap_memory|                     p_ZL13poly_buffer_1_5_4|         array|
|p_ZL13poly_buffer_1_5_4_q1        |   in|   64|   ap_memory|                     p_ZL13poly_buffer_1_5_4|         array|
|p_ZL13poly_buffer_1_6_0_address0  |  out|    9|   ap_memory|                     p_ZL13poly_buffer_1_6_0|         array|
|p_ZL13poly_buffer_1_6_0_ce0       |  out|    1|   ap_memory|                     p_ZL13poly_buffer_1_6_0|         array|
|p_ZL13poly_buffer_1_6_0_we0       |  out|    1|   ap_memory|                     p_ZL13poly_buffer_1_6_0|         array|
|p_ZL13poly_buffer_1_6_0_d0        |  out|   64|   ap_memory|                     p_ZL13poly_buffer_1_6_0|         array|
|p_ZL13poly_buffer_1_6_0_address1  |  out|    9|   ap_memory|                     p_ZL13poly_buffer_1_6_0|         array|
|p_ZL13poly_buffer_1_6_0_ce1       |  out|    1|   ap_memory|                     p_ZL13poly_buffer_1_6_0|         array|
|p_ZL13poly_buffer_1_6_0_q1        |   in|   64|   ap_memory|                     p_ZL13poly_buffer_1_6_0|         array|
|p_ZL13poly_buffer_1_6_4_address0  |  out|    9|   ap_memory|                     p_ZL13poly_buffer_1_6_4|         array|
|p_ZL13poly_buffer_1_6_4_ce0       |  out|    1|   ap_memory|                     p_ZL13poly_buffer_1_6_4|         array|
|p_ZL13poly_buffer_1_6_4_we0       |  out|    1|   ap_memory|                     p_ZL13poly_buffer_1_6_4|         array|
|p_ZL13poly_buffer_1_6_4_d0        |  out|   64|   ap_memory|                     p_ZL13poly_buffer_1_6_4|         array|
|p_ZL13poly_buffer_1_6_4_address1  |  out|    9|   ap_memory|                     p_ZL13poly_buffer_1_6_4|         array|
|p_ZL13poly_buffer_1_6_4_ce1       |  out|    1|   ap_memory|                     p_ZL13poly_buffer_1_6_4|         array|
|p_ZL13poly_buffer_1_6_4_q1        |   in|   64|   ap_memory|                     p_ZL13poly_buffer_1_6_4|         array|
|p_ZL13poly_buffer_1_7_0_address0  |  out|    9|   ap_memory|                     p_ZL13poly_buffer_1_7_0|         array|
|p_ZL13poly_buffer_1_7_0_ce0       |  out|    1|   ap_memory|                     p_ZL13poly_buffer_1_7_0|         array|
|p_ZL13poly_buffer_1_7_0_we0       |  out|    1|   ap_memory|                     p_ZL13poly_buffer_1_7_0|         array|
|p_ZL13poly_buffer_1_7_0_d0        |  out|   64|   ap_memory|                     p_ZL13poly_buffer_1_7_0|         array|
|p_ZL13poly_buffer_1_7_0_address1  |  out|    9|   ap_memory|                     p_ZL13poly_buffer_1_7_0|         array|
|p_ZL13poly_buffer_1_7_0_ce1       |  out|    1|   ap_memory|                     p_ZL13poly_buffer_1_7_0|         array|
|p_ZL13poly_buffer_1_7_0_q1        |   in|   64|   ap_memory|                     p_ZL13poly_buffer_1_7_0|         array|
|p_ZL13poly_buffer_1_7_4_address0  |  out|    9|   ap_memory|                     p_ZL13poly_buffer_1_7_4|         array|
|p_ZL13poly_buffer_1_7_4_ce0       |  out|    1|   ap_memory|                     p_ZL13poly_buffer_1_7_4|         array|
|p_ZL13poly_buffer_1_7_4_we0       |  out|    1|   ap_memory|                     p_ZL13poly_buffer_1_7_4|         array|
|p_ZL13poly_buffer_1_7_4_d0        |  out|   64|   ap_memory|                     p_ZL13poly_buffer_1_7_4|         array|
|p_ZL13poly_buffer_1_7_4_address1  |  out|    9|   ap_memory|                     p_ZL13poly_buffer_1_7_4|         array|
|p_ZL13poly_buffer_1_7_4_ce1       |  out|    1|   ap_memory|                     p_ZL13poly_buffer_1_7_4|         array|
|p_ZL13poly_buffer_1_7_4_q1        |   in|   64|   ap_memory|                     p_ZL13poly_buffer_1_7_4|         array|
|p_ZL13poly_buffer_1_0_5_address0  |  out|    9|   ap_memory|                     p_ZL13poly_buffer_1_0_5|         array|
|p_ZL13poly_buffer_1_0_5_ce0       |  out|    1|   ap_memory|                     p_ZL13poly_buffer_1_0_5|         array|
|p_ZL13poly_buffer_1_0_5_we0       |  out|    1|   ap_memory|                     p_ZL13poly_buffer_1_0_5|         array|
|p_ZL13poly_buffer_1_0_5_d0        |  out|   64|   ap_memory|                     p_ZL13poly_buffer_1_0_5|         array|
|p_ZL13poly_buffer_1_0_5_address1  |  out|    9|   ap_memory|                     p_ZL13poly_buffer_1_0_5|         array|
|p_ZL13poly_buffer_1_0_5_ce1       |  out|    1|   ap_memory|                     p_ZL13poly_buffer_1_0_5|         array|
|p_ZL13poly_buffer_1_0_5_q1        |   in|   64|   ap_memory|                     p_ZL13poly_buffer_1_0_5|         array|
|p_ZL13poly_buffer_1_1_1_address0  |  out|    9|   ap_memory|                     p_ZL13poly_buffer_1_1_1|         array|
|p_ZL13poly_buffer_1_1_1_ce0       |  out|    1|   ap_memory|                     p_ZL13poly_buffer_1_1_1|         array|
|p_ZL13poly_buffer_1_1_1_we0       |  out|    1|   ap_memory|                     p_ZL13poly_buffer_1_1_1|         array|
|p_ZL13poly_buffer_1_1_1_d0        |  out|   64|   ap_memory|                     p_ZL13poly_buffer_1_1_1|         array|
|p_ZL13poly_buffer_1_1_1_address1  |  out|    9|   ap_memory|                     p_ZL13poly_buffer_1_1_1|         array|
|p_ZL13poly_buffer_1_1_1_ce1       |  out|    1|   ap_memory|                     p_ZL13poly_buffer_1_1_1|         array|
|p_ZL13poly_buffer_1_1_1_q1        |   in|   64|   ap_memory|                     p_ZL13poly_buffer_1_1_1|         array|
|p_ZL13poly_buffer_1_1_5_address0  |  out|    9|   ap_memory|                     p_ZL13poly_buffer_1_1_5|         array|
|p_ZL13poly_buffer_1_1_5_ce0       |  out|    1|   ap_memory|                     p_ZL13poly_buffer_1_1_5|         array|
|p_ZL13poly_buffer_1_1_5_we0       |  out|    1|   ap_memory|                     p_ZL13poly_buffer_1_1_5|         array|
|p_ZL13poly_buffer_1_1_5_d0        |  out|   64|   ap_memory|                     p_ZL13poly_buffer_1_1_5|         array|
|p_ZL13poly_buffer_1_1_5_address1  |  out|    9|   ap_memory|                     p_ZL13poly_buffer_1_1_5|         array|
|p_ZL13poly_buffer_1_1_5_ce1       |  out|    1|   ap_memory|                     p_ZL13poly_buffer_1_1_5|         array|
|p_ZL13poly_buffer_1_1_5_q1        |   in|   64|   ap_memory|                     p_ZL13poly_buffer_1_1_5|         array|
|p_ZL13poly_buffer_1_2_1_address0  |  out|    9|   ap_memory|                     p_ZL13poly_buffer_1_2_1|         array|
|p_ZL13poly_buffer_1_2_1_ce0       |  out|    1|   ap_memory|                     p_ZL13poly_buffer_1_2_1|         array|
|p_ZL13poly_buffer_1_2_1_we0       |  out|    1|   ap_memory|                     p_ZL13poly_buffer_1_2_1|         array|
|p_ZL13poly_buffer_1_2_1_d0        |  out|   64|   ap_memory|                     p_ZL13poly_buffer_1_2_1|         array|
|p_ZL13poly_buffer_1_2_1_address1  |  out|    9|   ap_memory|                     p_ZL13poly_buffer_1_2_1|         array|
|p_ZL13poly_buffer_1_2_1_ce1       |  out|    1|   ap_memory|                     p_ZL13poly_buffer_1_2_1|         array|
|p_ZL13poly_buffer_1_2_1_q1        |   in|   64|   ap_memory|                     p_ZL13poly_buffer_1_2_1|         array|
|p_ZL13poly_buffer_1_2_5_address0  |  out|    9|   ap_memory|                     p_ZL13poly_buffer_1_2_5|         array|
|p_ZL13poly_buffer_1_2_5_ce0       |  out|    1|   ap_memory|                     p_ZL13poly_buffer_1_2_5|         array|
|p_ZL13poly_buffer_1_2_5_we0       |  out|    1|   ap_memory|                     p_ZL13poly_buffer_1_2_5|         array|
|p_ZL13poly_buffer_1_2_5_d0        |  out|   64|   ap_memory|                     p_ZL13poly_buffer_1_2_5|         array|
|p_ZL13poly_buffer_1_2_5_address1  |  out|    9|   ap_memory|                     p_ZL13poly_buffer_1_2_5|         array|
|p_ZL13poly_buffer_1_2_5_ce1       |  out|    1|   ap_memory|                     p_ZL13poly_buffer_1_2_5|         array|
|p_ZL13poly_buffer_1_2_5_q1        |   in|   64|   ap_memory|                     p_ZL13poly_buffer_1_2_5|         array|
|p_ZL13poly_buffer_1_3_1_address0  |  out|    9|   ap_memory|                     p_ZL13poly_buffer_1_3_1|         array|
|p_ZL13poly_buffer_1_3_1_ce0       |  out|    1|   ap_memory|                     p_ZL13poly_buffer_1_3_1|         array|
|p_ZL13poly_buffer_1_3_1_we0       |  out|    1|   ap_memory|                     p_ZL13poly_buffer_1_3_1|         array|
|p_ZL13poly_buffer_1_3_1_d0        |  out|   64|   ap_memory|                     p_ZL13poly_buffer_1_3_1|         array|
|p_ZL13poly_buffer_1_3_1_address1  |  out|    9|   ap_memory|                     p_ZL13poly_buffer_1_3_1|         array|
|p_ZL13poly_buffer_1_3_1_ce1       |  out|    1|   ap_memory|                     p_ZL13poly_buffer_1_3_1|         array|
|p_ZL13poly_buffer_1_3_1_q1        |   in|   64|   ap_memory|                     p_ZL13poly_buffer_1_3_1|         array|
|p_ZL13poly_buffer_1_3_5_address0  |  out|    9|   ap_memory|                     p_ZL13poly_buffer_1_3_5|         array|
|p_ZL13poly_buffer_1_3_5_ce0       |  out|    1|   ap_memory|                     p_ZL13poly_buffer_1_3_5|         array|
|p_ZL13poly_buffer_1_3_5_we0       |  out|    1|   ap_memory|                     p_ZL13poly_buffer_1_3_5|         array|
|p_ZL13poly_buffer_1_3_5_d0        |  out|   64|   ap_memory|                     p_ZL13poly_buffer_1_3_5|         array|
|p_ZL13poly_buffer_1_3_5_address1  |  out|    9|   ap_memory|                     p_ZL13poly_buffer_1_3_5|         array|
|p_ZL13poly_buffer_1_3_5_ce1       |  out|    1|   ap_memory|                     p_ZL13poly_buffer_1_3_5|         array|
|p_ZL13poly_buffer_1_3_5_q1        |   in|   64|   ap_memory|                     p_ZL13poly_buffer_1_3_5|         array|
|p_ZL13poly_buffer_1_4_1_address0  |  out|    9|   ap_memory|                     p_ZL13poly_buffer_1_4_1|         array|
|p_ZL13poly_buffer_1_4_1_ce0       |  out|    1|   ap_memory|                     p_ZL13poly_buffer_1_4_1|         array|
|p_ZL13poly_buffer_1_4_1_we0       |  out|    1|   ap_memory|                     p_ZL13poly_buffer_1_4_1|         array|
|p_ZL13poly_buffer_1_4_1_d0        |  out|   64|   ap_memory|                     p_ZL13poly_buffer_1_4_1|         array|
|p_ZL13poly_buffer_1_4_1_address1  |  out|    9|   ap_memory|                     p_ZL13poly_buffer_1_4_1|         array|
|p_ZL13poly_buffer_1_4_1_ce1       |  out|    1|   ap_memory|                     p_ZL13poly_buffer_1_4_1|         array|
|p_ZL13poly_buffer_1_4_1_q1        |   in|   64|   ap_memory|                     p_ZL13poly_buffer_1_4_1|         array|
|p_ZL13poly_buffer_1_4_5_address0  |  out|    9|   ap_memory|                     p_ZL13poly_buffer_1_4_5|         array|
|p_ZL13poly_buffer_1_4_5_ce0       |  out|    1|   ap_memory|                     p_ZL13poly_buffer_1_4_5|         array|
|p_ZL13poly_buffer_1_4_5_we0       |  out|    1|   ap_memory|                     p_ZL13poly_buffer_1_4_5|         array|
|p_ZL13poly_buffer_1_4_5_d0        |  out|   64|   ap_memory|                     p_ZL13poly_buffer_1_4_5|         array|
|p_ZL13poly_buffer_1_4_5_address1  |  out|    9|   ap_memory|                     p_ZL13poly_buffer_1_4_5|         array|
|p_ZL13poly_buffer_1_4_5_ce1       |  out|    1|   ap_memory|                     p_ZL13poly_buffer_1_4_5|         array|
|p_ZL13poly_buffer_1_4_5_q1        |   in|   64|   ap_memory|                     p_ZL13poly_buffer_1_4_5|         array|
|p_ZL13poly_buffer_1_5_1_address0  |  out|    9|   ap_memory|                     p_ZL13poly_buffer_1_5_1|         array|
|p_ZL13poly_buffer_1_5_1_ce0       |  out|    1|   ap_memory|                     p_ZL13poly_buffer_1_5_1|         array|
|p_ZL13poly_buffer_1_5_1_we0       |  out|    1|   ap_memory|                     p_ZL13poly_buffer_1_5_1|         array|
|p_ZL13poly_buffer_1_5_1_d0        |  out|   64|   ap_memory|                     p_ZL13poly_buffer_1_5_1|         array|
|p_ZL13poly_buffer_1_5_1_address1  |  out|    9|   ap_memory|                     p_ZL13poly_buffer_1_5_1|         array|
|p_ZL13poly_buffer_1_5_1_ce1       |  out|    1|   ap_memory|                     p_ZL13poly_buffer_1_5_1|         array|
|p_ZL13poly_buffer_1_5_1_q1        |   in|   64|   ap_memory|                     p_ZL13poly_buffer_1_5_1|         array|
|p_ZL13poly_buffer_1_5_5_address0  |  out|    9|   ap_memory|                     p_ZL13poly_buffer_1_5_5|         array|
|p_ZL13poly_buffer_1_5_5_ce0       |  out|    1|   ap_memory|                     p_ZL13poly_buffer_1_5_5|         array|
|p_ZL13poly_buffer_1_5_5_we0       |  out|    1|   ap_memory|                     p_ZL13poly_buffer_1_5_5|         array|
|p_ZL13poly_buffer_1_5_5_d0        |  out|   64|   ap_memory|                     p_ZL13poly_buffer_1_5_5|         array|
|p_ZL13poly_buffer_1_5_5_address1  |  out|    9|   ap_memory|                     p_ZL13poly_buffer_1_5_5|         array|
|p_ZL13poly_buffer_1_5_5_ce1       |  out|    1|   ap_memory|                     p_ZL13poly_buffer_1_5_5|         array|
|p_ZL13poly_buffer_1_5_5_q1        |   in|   64|   ap_memory|                     p_ZL13poly_buffer_1_5_5|         array|
|p_ZL13poly_buffer_1_6_1_address0  |  out|    9|   ap_memory|                     p_ZL13poly_buffer_1_6_1|         array|
|p_ZL13poly_buffer_1_6_1_ce0       |  out|    1|   ap_memory|                     p_ZL13poly_buffer_1_6_1|         array|
|p_ZL13poly_buffer_1_6_1_we0       |  out|    1|   ap_memory|                     p_ZL13poly_buffer_1_6_1|         array|
|p_ZL13poly_buffer_1_6_1_d0        |  out|   64|   ap_memory|                     p_ZL13poly_buffer_1_6_1|         array|
|p_ZL13poly_buffer_1_6_1_address1  |  out|    9|   ap_memory|                     p_ZL13poly_buffer_1_6_1|         array|
|p_ZL13poly_buffer_1_6_1_ce1       |  out|    1|   ap_memory|                     p_ZL13poly_buffer_1_6_1|         array|
|p_ZL13poly_buffer_1_6_1_q1        |   in|   64|   ap_memory|                     p_ZL13poly_buffer_1_6_1|         array|
|p_ZL13poly_buffer_1_6_5_address0  |  out|    9|   ap_memory|                     p_ZL13poly_buffer_1_6_5|         array|
|p_ZL13poly_buffer_1_6_5_ce0       |  out|    1|   ap_memory|                     p_ZL13poly_buffer_1_6_5|         array|
|p_ZL13poly_buffer_1_6_5_we0       |  out|    1|   ap_memory|                     p_ZL13poly_buffer_1_6_5|         array|
|p_ZL13poly_buffer_1_6_5_d0        |  out|   64|   ap_memory|                     p_ZL13poly_buffer_1_6_5|         array|
|p_ZL13poly_buffer_1_6_5_address1  |  out|    9|   ap_memory|                     p_ZL13poly_buffer_1_6_5|         array|
|p_ZL13poly_buffer_1_6_5_ce1       |  out|    1|   ap_memory|                     p_ZL13poly_buffer_1_6_5|         array|
|p_ZL13poly_buffer_1_6_5_q1        |   in|   64|   ap_memory|                     p_ZL13poly_buffer_1_6_5|         array|
|p_ZL13poly_buffer_1_7_1_address0  |  out|    9|   ap_memory|                     p_ZL13poly_buffer_1_7_1|         array|
|p_ZL13poly_buffer_1_7_1_ce0       |  out|    1|   ap_memory|                     p_ZL13poly_buffer_1_7_1|         array|
|p_ZL13poly_buffer_1_7_1_we0       |  out|    1|   ap_memory|                     p_ZL13poly_buffer_1_7_1|         array|
|p_ZL13poly_buffer_1_7_1_d0        |  out|   64|   ap_memory|                     p_ZL13poly_buffer_1_7_1|         array|
|p_ZL13poly_buffer_1_7_1_address1  |  out|    9|   ap_memory|                     p_ZL13poly_buffer_1_7_1|         array|
|p_ZL13poly_buffer_1_7_1_ce1       |  out|    1|   ap_memory|                     p_ZL13poly_buffer_1_7_1|         array|
|p_ZL13poly_buffer_1_7_1_q1        |   in|   64|   ap_memory|                     p_ZL13poly_buffer_1_7_1|         array|
|p_ZL13poly_buffer_1_7_5_address0  |  out|    9|   ap_memory|                     p_ZL13poly_buffer_1_7_5|         array|
|p_ZL13poly_buffer_1_7_5_ce0       |  out|    1|   ap_memory|                     p_ZL13poly_buffer_1_7_5|         array|
|p_ZL13poly_buffer_1_7_5_we0       |  out|    1|   ap_memory|                     p_ZL13poly_buffer_1_7_5|         array|
|p_ZL13poly_buffer_1_7_5_d0        |  out|   64|   ap_memory|                     p_ZL13poly_buffer_1_7_5|         array|
|p_ZL13poly_buffer_1_7_5_address1  |  out|    9|   ap_memory|                     p_ZL13poly_buffer_1_7_5|         array|
|p_ZL13poly_buffer_1_7_5_ce1       |  out|    1|   ap_memory|                     p_ZL13poly_buffer_1_7_5|         array|
|p_ZL13poly_buffer_1_7_5_q1        |   in|   64|   ap_memory|                     p_ZL13poly_buffer_1_7_5|         array|
|p_ZL13poly_buffer_1_0_6_address0  |  out|    9|   ap_memory|                     p_ZL13poly_buffer_1_0_6|         array|
|p_ZL13poly_buffer_1_0_6_ce0       |  out|    1|   ap_memory|                     p_ZL13poly_buffer_1_0_6|         array|
|p_ZL13poly_buffer_1_0_6_we0       |  out|    1|   ap_memory|                     p_ZL13poly_buffer_1_0_6|         array|
|p_ZL13poly_buffer_1_0_6_d0        |  out|   64|   ap_memory|                     p_ZL13poly_buffer_1_0_6|         array|
|p_ZL13poly_buffer_1_0_6_address1  |  out|    9|   ap_memory|                     p_ZL13poly_buffer_1_0_6|         array|
|p_ZL13poly_buffer_1_0_6_ce1       |  out|    1|   ap_memory|                     p_ZL13poly_buffer_1_0_6|         array|
|p_ZL13poly_buffer_1_0_6_q1        |   in|   64|   ap_memory|                     p_ZL13poly_buffer_1_0_6|         array|
|p_ZL13poly_buffer_1_1_2_address0  |  out|    9|   ap_memory|                     p_ZL13poly_buffer_1_1_2|         array|
|p_ZL13poly_buffer_1_1_2_ce0       |  out|    1|   ap_memory|                     p_ZL13poly_buffer_1_1_2|         array|
|p_ZL13poly_buffer_1_1_2_we0       |  out|    1|   ap_memory|                     p_ZL13poly_buffer_1_1_2|         array|
|p_ZL13poly_buffer_1_1_2_d0        |  out|   64|   ap_memory|                     p_ZL13poly_buffer_1_1_2|         array|
|p_ZL13poly_buffer_1_1_2_address1  |  out|    9|   ap_memory|                     p_ZL13poly_buffer_1_1_2|         array|
|p_ZL13poly_buffer_1_1_2_ce1       |  out|    1|   ap_memory|                     p_ZL13poly_buffer_1_1_2|         array|
|p_ZL13poly_buffer_1_1_2_q1        |   in|   64|   ap_memory|                     p_ZL13poly_buffer_1_1_2|         array|
|p_ZL13poly_buffer_1_1_6_address0  |  out|    9|   ap_memory|                     p_ZL13poly_buffer_1_1_6|         array|
|p_ZL13poly_buffer_1_1_6_ce0       |  out|    1|   ap_memory|                     p_ZL13poly_buffer_1_1_6|         array|
|p_ZL13poly_buffer_1_1_6_we0       |  out|    1|   ap_memory|                     p_ZL13poly_buffer_1_1_6|         array|
|p_ZL13poly_buffer_1_1_6_d0        |  out|   64|   ap_memory|                     p_ZL13poly_buffer_1_1_6|         array|
|p_ZL13poly_buffer_1_1_6_address1  |  out|    9|   ap_memory|                     p_ZL13poly_buffer_1_1_6|         array|
|p_ZL13poly_buffer_1_1_6_ce1       |  out|    1|   ap_memory|                     p_ZL13poly_buffer_1_1_6|         array|
|p_ZL13poly_buffer_1_1_6_q1        |   in|   64|   ap_memory|                     p_ZL13poly_buffer_1_1_6|         array|
|p_ZL13poly_buffer_1_2_2_address0  |  out|    9|   ap_memory|                     p_ZL13poly_buffer_1_2_2|         array|
|p_ZL13poly_buffer_1_2_2_ce0       |  out|    1|   ap_memory|                     p_ZL13poly_buffer_1_2_2|         array|
|p_ZL13poly_buffer_1_2_2_we0       |  out|    1|   ap_memory|                     p_ZL13poly_buffer_1_2_2|         array|
|p_ZL13poly_buffer_1_2_2_d0        |  out|   64|   ap_memory|                     p_ZL13poly_buffer_1_2_2|         array|
|p_ZL13poly_buffer_1_2_2_address1  |  out|    9|   ap_memory|                     p_ZL13poly_buffer_1_2_2|         array|
|p_ZL13poly_buffer_1_2_2_ce1       |  out|    1|   ap_memory|                     p_ZL13poly_buffer_1_2_2|         array|
|p_ZL13poly_buffer_1_2_2_q1        |   in|   64|   ap_memory|                     p_ZL13poly_buffer_1_2_2|         array|
|p_ZL13poly_buffer_1_2_6_address0  |  out|    9|   ap_memory|                     p_ZL13poly_buffer_1_2_6|         array|
|p_ZL13poly_buffer_1_2_6_ce0       |  out|    1|   ap_memory|                     p_ZL13poly_buffer_1_2_6|         array|
|p_ZL13poly_buffer_1_2_6_we0       |  out|    1|   ap_memory|                     p_ZL13poly_buffer_1_2_6|         array|
|p_ZL13poly_buffer_1_2_6_d0        |  out|   64|   ap_memory|                     p_ZL13poly_buffer_1_2_6|         array|
|p_ZL13poly_buffer_1_2_6_address1  |  out|    9|   ap_memory|                     p_ZL13poly_buffer_1_2_6|         array|
|p_ZL13poly_buffer_1_2_6_ce1       |  out|    1|   ap_memory|                     p_ZL13poly_buffer_1_2_6|         array|
|p_ZL13poly_buffer_1_2_6_q1        |   in|   64|   ap_memory|                     p_ZL13poly_buffer_1_2_6|         array|
|p_ZL13poly_buffer_1_3_2_address0  |  out|    9|   ap_memory|                     p_ZL13poly_buffer_1_3_2|         array|
|p_ZL13poly_buffer_1_3_2_ce0       |  out|    1|   ap_memory|                     p_ZL13poly_buffer_1_3_2|         array|
|p_ZL13poly_buffer_1_3_2_we0       |  out|    1|   ap_memory|                     p_ZL13poly_buffer_1_3_2|         array|
|p_ZL13poly_buffer_1_3_2_d0        |  out|   64|   ap_memory|                     p_ZL13poly_buffer_1_3_2|         array|
|p_ZL13poly_buffer_1_3_2_address1  |  out|    9|   ap_memory|                     p_ZL13poly_buffer_1_3_2|         array|
|p_ZL13poly_buffer_1_3_2_ce1       |  out|    1|   ap_memory|                     p_ZL13poly_buffer_1_3_2|         array|
|p_ZL13poly_buffer_1_3_2_q1        |   in|   64|   ap_memory|                     p_ZL13poly_buffer_1_3_2|         array|
|p_ZL13poly_buffer_1_3_6_address0  |  out|    9|   ap_memory|                     p_ZL13poly_buffer_1_3_6|         array|
|p_ZL13poly_buffer_1_3_6_ce0       |  out|    1|   ap_memory|                     p_ZL13poly_buffer_1_3_6|         array|
|p_ZL13poly_buffer_1_3_6_we0       |  out|    1|   ap_memory|                     p_ZL13poly_buffer_1_3_6|         array|
|p_ZL13poly_buffer_1_3_6_d0        |  out|   64|   ap_memory|                     p_ZL13poly_buffer_1_3_6|         array|
|p_ZL13poly_buffer_1_3_6_address1  |  out|    9|   ap_memory|                     p_ZL13poly_buffer_1_3_6|         array|
|p_ZL13poly_buffer_1_3_6_ce1       |  out|    1|   ap_memory|                     p_ZL13poly_buffer_1_3_6|         array|
|p_ZL13poly_buffer_1_3_6_q1        |   in|   64|   ap_memory|                     p_ZL13poly_buffer_1_3_6|         array|
|p_ZL13poly_buffer_1_4_2_address0  |  out|    9|   ap_memory|                     p_ZL13poly_buffer_1_4_2|         array|
|p_ZL13poly_buffer_1_4_2_ce0       |  out|    1|   ap_memory|                     p_ZL13poly_buffer_1_4_2|         array|
|p_ZL13poly_buffer_1_4_2_we0       |  out|    1|   ap_memory|                     p_ZL13poly_buffer_1_4_2|         array|
|p_ZL13poly_buffer_1_4_2_d0        |  out|   64|   ap_memory|                     p_ZL13poly_buffer_1_4_2|         array|
|p_ZL13poly_buffer_1_4_2_address1  |  out|    9|   ap_memory|                     p_ZL13poly_buffer_1_4_2|         array|
|p_ZL13poly_buffer_1_4_2_ce1       |  out|    1|   ap_memory|                     p_ZL13poly_buffer_1_4_2|         array|
|p_ZL13poly_buffer_1_4_2_q1        |   in|   64|   ap_memory|                     p_ZL13poly_buffer_1_4_2|         array|
|p_ZL13poly_buffer_1_4_6_address0  |  out|    9|   ap_memory|                     p_ZL13poly_buffer_1_4_6|         array|
|p_ZL13poly_buffer_1_4_6_ce0       |  out|    1|   ap_memory|                     p_ZL13poly_buffer_1_4_6|         array|
|p_ZL13poly_buffer_1_4_6_we0       |  out|    1|   ap_memory|                     p_ZL13poly_buffer_1_4_6|         array|
|p_ZL13poly_buffer_1_4_6_d0        |  out|   64|   ap_memory|                     p_ZL13poly_buffer_1_4_6|         array|
|p_ZL13poly_buffer_1_4_6_address1  |  out|    9|   ap_memory|                     p_ZL13poly_buffer_1_4_6|         array|
|p_ZL13poly_buffer_1_4_6_ce1       |  out|    1|   ap_memory|                     p_ZL13poly_buffer_1_4_6|         array|
|p_ZL13poly_buffer_1_4_6_q1        |   in|   64|   ap_memory|                     p_ZL13poly_buffer_1_4_6|         array|
|p_ZL13poly_buffer_1_5_2_address0  |  out|    9|   ap_memory|                     p_ZL13poly_buffer_1_5_2|         array|
|p_ZL13poly_buffer_1_5_2_ce0       |  out|    1|   ap_memory|                     p_ZL13poly_buffer_1_5_2|         array|
|p_ZL13poly_buffer_1_5_2_we0       |  out|    1|   ap_memory|                     p_ZL13poly_buffer_1_5_2|         array|
|p_ZL13poly_buffer_1_5_2_d0        |  out|   64|   ap_memory|                     p_ZL13poly_buffer_1_5_2|         array|
|p_ZL13poly_buffer_1_5_2_address1  |  out|    9|   ap_memory|                     p_ZL13poly_buffer_1_5_2|         array|
|p_ZL13poly_buffer_1_5_2_ce1       |  out|    1|   ap_memory|                     p_ZL13poly_buffer_1_5_2|         array|
|p_ZL13poly_buffer_1_5_2_q1        |   in|   64|   ap_memory|                     p_ZL13poly_buffer_1_5_2|         array|
|p_ZL13poly_buffer_1_5_6_address0  |  out|    9|   ap_memory|                     p_ZL13poly_buffer_1_5_6|         array|
|p_ZL13poly_buffer_1_5_6_ce0       |  out|    1|   ap_memory|                     p_ZL13poly_buffer_1_5_6|         array|
|p_ZL13poly_buffer_1_5_6_we0       |  out|    1|   ap_memory|                     p_ZL13poly_buffer_1_5_6|         array|
|p_ZL13poly_buffer_1_5_6_d0        |  out|   64|   ap_memory|                     p_ZL13poly_buffer_1_5_6|         array|
|p_ZL13poly_buffer_1_5_6_address1  |  out|    9|   ap_memory|                     p_ZL13poly_buffer_1_5_6|         array|
|p_ZL13poly_buffer_1_5_6_ce1       |  out|    1|   ap_memory|                     p_ZL13poly_buffer_1_5_6|         array|
|p_ZL13poly_buffer_1_5_6_q1        |   in|   64|   ap_memory|                     p_ZL13poly_buffer_1_5_6|         array|
|p_ZL13poly_buffer_1_6_2_address0  |  out|    9|   ap_memory|                     p_ZL13poly_buffer_1_6_2|         array|
|p_ZL13poly_buffer_1_6_2_ce0       |  out|    1|   ap_memory|                     p_ZL13poly_buffer_1_6_2|         array|
|p_ZL13poly_buffer_1_6_2_we0       |  out|    1|   ap_memory|                     p_ZL13poly_buffer_1_6_2|         array|
|p_ZL13poly_buffer_1_6_2_d0        |  out|   64|   ap_memory|                     p_ZL13poly_buffer_1_6_2|         array|
|p_ZL13poly_buffer_1_6_2_address1  |  out|    9|   ap_memory|                     p_ZL13poly_buffer_1_6_2|         array|
|p_ZL13poly_buffer_1_6_2_ce1       |  out|    1|   ap_memory|                     p_ZL13poly_buffer_1_6_2|         array|
|p_ZL13poly_buffer_1_6_2_q1        |   in|   64|   ap_memory|                     p_ZL13poly_buffer_1_6_2|         array|
|p_ZL13poly_buffer_1_6_6_address0  |  out|    9|   ap_memory|                     p_ZL13poly_buffer_1_6_6|         array|
|p_ZL13poly_buffer_1_6_6_ce0       |  out|    1|   ap_memory|                     p_ZL13poly_buffer_1_6_6|         array|
|p_ZL13poly_buffer_1_6_6_we0       |  out|    1|   ap_memory|                     p_ZL13poly_buffer_1_6_6|         array|
|p_ZL13poly_buffer_1_6_6_d0        |  out|   64|   ap_memory|                     p_ZL13poly_buffer_1_6_6|         array|
|p_ZL13poly_buffer_1_6_6_address1  |  out|    9|   ap_memory|                     p_ZL13poly_buffer_1_6_6|         array|
|p_ZL13poly_buffer_1_6_6_ce1       |  out|    1|   ap_memory|                     p_ZL13poly_buffer_1_6_6|         array|
|p_ZL13poly_buffer_1_6_6_q1        |   in|   64|   ap_memory|                     p_ZL13poly_buffer_1_6_6|         array|
|p_ZL13poly_buffer_1_7_2_address0  |  out|    9|   ap_memory|                     p_ZL13poly_buffer_1_7_2|         array|
|p_ZL13poly_buffer_1_7_2_ce0       |  out|    1|   ap_memory|                     p_ZL13poly_buffer_1_7_2|         array|
|p_ZL13poly_buffer_1_7_2_we0       |  out|    1|   ap_memory|                     p_ZL13poly_buffer_1_7_2|         array|
|p_ZL13poly_buffer_1_7_2_d0        |  out|   64|   ap_memory|                     p_ZL13poly_buffer_1_7_2|         array|
|p_ZL13poly_buffer_1_7_2_address1  |  out|    9|   ap_memory|                     p_ZL13poly_buffer_1_7_2|         array|
|p_ZL13poly_buffer_1_7_2_ce1       |  out|    1|   ap_memory|                     p_ZL13poly_buffer_1_7_2|         array|
|p_ZL13poly_buffer_1_7_2_q1        |   in|   64|   ap_memory|                     p_ZL13poly_buffer_1_7_2|         array|
|p_ZL13poly_buffer_1_7_6_address0  |  out|    9|   ap_memory|                     p_ZL13poly_buffer_1_7_6|         array|
|p_ZL13poly_buffer_1_7_6_ce0       |  out|    1|   ap_memory|                     p_ZL13poly_buffer_1_7_6|         array|
|p_ZL13poly_buffer_1_7_6_we0       |  out|    1|   ap_memory|                     p_ZL13poly_buffer_1_7_6|         array|
|p_ZL13poly_buffer_1_7_6_d0        |  out|   64|   ap_memory|                     p_ZL13poly_buffer_1_7_6|         array|
|p_ZL13poly_buffer_1_7_6_address1  |  out|    9|   ap_memory|                     p_ZL13poly_buffer_1_7_6|         array|
|p_ZL13poly_buffer_1_7_6_ce1       |  out|    1|   ap_memory|                     p_ZL13poly_buffer_1_7_6|         array|
|p_ZL13poly_buffer_1_7_6_q1        |   in|   64|   ap_memory|                     p_ZL13poly_buffer_1_7_6|         array|
|p_ZL13poly_buffer_1_0_7_address0  |  out|    9|   ap_memory|                     p_ZL13poly_buffer_1_0_7|         array|
|p_ZL13poly_buffer_1_0_7_ce0       |  out|    1|   ap_memory|                     p_ZL13poly_buffer_1_0_7|         array|
|p_ZL13poly_buffer_1_0_7_we0       |  out|    1|   ap_memory|                     p_ZL13poly_buffer_1_0_7|         array|
|p_ZL13poly_buffer_1_0_7_d0        |  out|   64|   ap_memory|                     p_ZL13poly_buffer_1_0_7|         array|
|p_ZL13poly_buffer_1_0_7_address1  |  out|    9|   ap_memory|                     p_ZL13poly_buffer_1_0_7|         array|
|p_ZL13poly_buffer_1_0_7_ce1       |  out|    1|   ap_memory|                     p_ZL13poly_buffer_1_0_7|         array|
|p_ZL13poly_buffer_1_0_7_q1        |   in|   64|   ap_memory|                     p_ZL13poly_buffer_1_0_7|         array|
|p_ZL13poly_buffer_1_1_3_address0  |  out|    9|   ap_memory|                     p_ZL13poly_buffer_1_1_3|         array|
|p_ZL13poly_buffer_1_1_3_ce0       |  out|    1|   ap_memory|                     p_ZL13poly_buffer_1_1_3|         array|
|p_ZL13poly_buffer_1_1_3_we0       |  out|    1|   ap_memory|                     p_ZL13poly_buffer_1_1_3|         array|
|p_ZL13poly_buffer_1_1_3_d0        |  out|   64|   ap_memory|                     p_ZL13poly_buffer_1_1_3|         array|
|p_ZL13poly_buffer_1_1_3_address1  |  out|    9|   ap_memory|                     p_ZL13poly_buffer_1_1_3|         array|
|p_ZL13poly_buffer_1_1_3_ce1       |  out|    1|   ap_memory|                     p_ZL13poly_buffer_1_1_3|         array|
|p_ZL13poly_buffer_1_1_3_q1        |   in|   64|   ap_memory|                     p_ZL13poly_buffer_1_1_3|         array|
|p_ZL13poly_buffer_1_1_7_address0  |  out|    9|   ap_memory|                     p_ZL13poly_buffer_1_1_7|         array|
|p_ZL13poly_buffer_1_1_7_ce0       |  out|    1|   ap_memory|                     p_ZL13poly_buffer_1_1_7|         array|
|p_ZL13poly_buffer_1_1_7_we0       |  out|    1|   ap_memory|                     p_ZL13poly_buffer_1_1_7|         array|
|p_ZL13poly_buffer_1_1_7_d0        |  out|   64|   ap_memory|                     p_ZL13poly_buffer_1_1_7|         array|
|p_ZL13poly_buffer_1_1_7_address1  |  out|    9|   ap_memory|                     p_ZL13poly_buffer_1_1_7|         array|
|p_ZL13poly_buffer_1_1_7_ce1       |  out|    1|   ap_memory|                     p_ZL13poly_buffer_1_1_7|         array|
|p_ZL13poly_buffer_1_1_7_q1        |   in|   64|   ap_memory|                     p_ZL13poly_buffer_1_1_7|         array|
|p_ZL13poly_buffer_1_2_3_address0  |  out|    9|   ap_memory|                     p_ZL13poly_buffer_1_2_3|         array|
|p_ZL13poly_buffer_1_2_3_ce0       |  out|    1|   ap_memory|                     p_ZL13poly_buffer_1_2_3|         array|
|p_ZL13poly_buffer_1_2_3_we0       |  out|    1|   ap_memory|                     p_ZL13poly_buffer_1_2_3|         array|
|p_ZL13poly_buffer_1_2_3_d0        |  out|   64|   ap_memory|                     p_ZL13poly_buffer_1_2_3|         array|
|p_ZL13poly_buffer_1_2_3_address1  |  out|    9|   ap_memory|                     p_ZL13poly_buffer_1_2_3|         array|
|p_ZL13poly_buffer_1_2_3_ce1       |  out|    1|   ap_memory|                     p_ZL13poly_buffer_1_2_3|         array|
|p_ZL13poly_buffer_1_2_3_q1        |   in|   64|   ap_memory|                     p_ZL13poly_buffer_1_2_3|         array|
|p_ZL13poly_buffer_1_2_7_address0  |  out|    9|   ap_memory|                     p_ZL13poly_buffer_1_2_7|         array|
|p_ZL13poly_buffer_1_2_7_ce0       |  out|    1|   ap_memory|                     p_ZL13poly_buffer_1_2_7|         array|
|p_ZL13poly_buffer_1_2_7_we0       |  out|    1|   ap_memory|                     p_ZL13poly_buffer_1_2_7|         array|
|p_ZL13poly_buffer_1_2_7_d0        |  out|   64|   ap_memory|                     p_ZL13poly_buffer_1_2_7|         array|
|p_ZL13poly_buffer_1_2_7_address1  |  out|    9|   ap_memory|                     p_ZL13poly_buffer_1_2_7|         array|
|p_ZL13poly_buffer_1_2_7_ce1       |  out|    1|   ap_memory|                     p_ZL13poly_buffer_1_2_7|         array|
|p_ZL13poly_buffer_1_2_7_q1        |   in|   64|   ap_memory|                     p_ZL13poly_buffer_1_2_7|         array|
|p_ZL13poly_buffer_1_3_3_address0  |  out|    9|   ap_memory|                     p_ZL13poly_buffer_1_3_3|         array|
|p_ZL13poly_buffer_1_3_3_ce0       |  out|    1|   ap_memory|                     p_ZL13poly_buffer_1_3_3|         array|
|p_ZL13poly_buffer_1_3_3_we0       |  out|    1|   ap_memory|                     p_ZL13poly_buffer_1_3_3|         array|
|p_ZL13poly_buffer_1_3_3_d0        |  out|   64|   ap_memory|                     p_ZL13poly_buffer_1_3_3|         array|
|p_ZL13poly_buffer_1_3_3_address1  |  out|    9|   ap_memory|                     p_ZL13poly_buffer_1_3_3|         array|
|p_ZL13poly_buffer_1_3_3_ce1       |  out|    1|   ap_memory|                     p_ZL13poly_buffer_1_3_3|         array|
|p_ZL13poly_buffer_1_3_3_q1        |   in|   64|   ap_memory|                     p_ZL13poly_buffer_1_3_3|         array|
|p_ZL13poly_buffer_1_3_7_address0  |  out|    9|   ap_memory|                     p_ZL13poly_buffer_1_3_7|         array|
|p_ZL13poly_buffer_1_3_7_ce0       |  out|    1|   ap_memory|                     p_ZL13poly_buffer_1_3_7|         array|
|p_ZL13poly_buffer_1_3_7_we0       |  out|    1|   ap_memory|                     p_ZL13poly_buffer_1_3_7|         array|
|p_ZL13poly_buffer_1_3_7_d0        |  out|   64|   ap_memory|                     p_ZL13poly_buffer_1_3_7|         array|
|p_ZL13poly_buffer_1_3_7_address1  |  out|    9|   ap_memory|                     p_ZL13poly_buffer_1_3_7|         array|
|p_ZL13poly_buffer_1_3_7_ce1       |  out|    1|   ap_memory|                     p_ZL13poly_buffer_1_3_7|         array|
|p_ZL13poly_buffer_1_3_7_q1        |   in|   64|   ap_memory|                     p_ZL13poly_buffer_1_3_7|         array|
|p_ZL13poly_buffer_1_4_3_address0  |  out|    9|   ap_memory|                     p_ZL13poly_buffer_1_4_3|         array|
|p_ZL13poly_buffer_1_4_3_ce0       |  out|    1|   ap_memory|                     p_ZL13poly_buffer_1_4_3|         array|
|p_ZL13poly_buffer_1_4_3_we0       |  out|    1|   ap_memory|                     p_ZL13poly_buffer_1_4_3|         array|
|p_ZL13poly_buffer_1_4_3_d0        |  out|   64|   ap_memory|                     p_ZL13poly_buffer_1_4_3|         array|
|p_ZL13poly_buffer_1_4_3_address1  |  out|    9|   ap_memory|                     p_ZL13poly_buffer_1_4_3|         array|
|p_ZL13poly_buffer_1_4_3_ce1       |  out|    1|   ap_memory|                     p_ZL13poly_buffer_1_4_3|         array|
|p_ZL13poly_buffer_1_4_3_q1        |   in|   64|   ap_memory|                     p_ZL13poly_buffer_1_4_3|         array|
|p_ZL13poly_buffer_1_4_7_address0  |  out|    9|   ap_memory|                     p_ZL13poly_buffer_1_4_7|         array|
|p_ZL13poly_buffer_1_4_7_ce0       |  out|    1|   ap_memory|                     p_ZL13poly_buffer_1_4_7|         array|
|p_ZL13poly_buffer_1_4_7_we0       |  out|    1|   ap_memory|                     p_ZL13poly_buffer_1_4_7|         array|
|p_ZL13poly_buffer_1_4_7_d0        |  out|   64|   ap_memory|                     p_ZL13poly_buffer_1_4_7|         array|
|p_ZL13poly_buffer_1_4_7_address1  |  out|    9|   ap_memory|                     p_ZL13poly_buffer_1_4_7|         array|
|p_ZL13poly_buffer_1_4_7_ce1       |  out|    1|   ap_memory|                     p_ZL13poly_buffer_1_4_7|         array|
|p_ZL13poly_buffer_1_4_7_q1        |   in|   64|   ap_memory|                     p_ZL13poly_buffer_1_4_7|         array|
|p_ZL13poly_buffer_1_5_3_address0  |  out|    9|   ap_memory|                     p_ZL13poly_buffer_1_5_3|         array|
|p_ZL13poly_buffer_1_5_3_ce0       |  out|    1|   ap_memory|                     p_ZL13poly_buffer_1_5_3|         array|
|p_ZL13poly_buffer_1_5_3_we0       |  out|    1|   ap_memory|                     p_ZL13poly_buffer_1_5_3|         array|
|p_ZL13poly_buffer_1_5_3_d0        |  out|   64|   ap_memory|                     p_ZL13poly_buffer_1_5_3|         array|
|p_ZL13poly_buffer_1_5_3_address1  |  out|    9|   ap_memory|                     p_ZL13poly_buffer_1_5_3|         array|
|p_ZL13poly_buffer_1_5_3_ce1       |  out|    1|   ap_memory|                     p_ZL13poly_buffer_1_5_3|         array|
|p_ZL13poly_buffer_1_5_3_q1        |   in|   64|   ap_memory|                     p_ZL13poly_buffer_1_5_3|         array|
|p_ZL13poly_buffer_1_5_7_address0  |  out|    9|   ap_memory|                     p_ZL13poly_buffer_1_5_7|         array|
|p_ZL13poly_buffer_1_5_7_ce0       |  out|    1|   ap_memory|                     p_ZL13poly_buffer_1_5_7|         array|
|p_ZL13poly_buffer_1_5_7_we0       |  out|    1|   ap_memory|                     p_ZL13poly_buffer_1_5_7|         array|
|p_ZL13poly_buffer_1_5_7_d0        |  out|   64|   ap_memory|                     p_ZL13poly_buffer_1_5_7|         array|
|p_ZL13poly_buffer_1_5_7_address1  |  out|    9|   ap_memory|                     p_ZL13poly_buffer_1_5_7|         array|
|p_ZL13poly_buffer_1_5_7_ce1       |  out|    1|   ap_memory|                     p_ZL13poly_buffer_1_5_7|         array|
|p_ZL13poly_buffer_1_5_7_q1        |   in|   64|   ap_memory|                     p_ZL13poly_buffer_1_5_7|         array|
|p_ZL13poly_buffer_1_6_3_address0  |  out|    9|   ap_memory|                     p_ZL13poly_buffer_1_6_3|         array|
|p_ZL13poly_buffer_1_6_3_ce0       |  out|    1|   ap_memory|                     p_ZL13poly_buffer_1_6_3|         array|
|p_ZL13poly_buffer_1_6_3_we0       |  out|    1|   ap_memory|                     p_ZL13poly_buffer_1_6_3|         array|
|p_ZL13poly_buffer_1_6_3_d0        |  out|   64|   ap_memory|                     p_ZL13poly_buffer_1_6_3|         array|
|p_ZL13poly_buffer_1_6_3_address1  |  out|    9|   ap_memory|                     p_ZL13poly_buffer_1_6_3|         array|
|p_ZL13poly_buffer_1_6_3_ce1       |  out|    1|   ap_memory|                     p_ZL13poly_buffer_1_6_3|         array|
|p_ZL13poly_buffer_1_6_3_q1        |   in|   64|   ap_memory|                     p_ZL13poly_buffer_1_6_3|         array|
|p_ZL13poly_buffer_1_6_7_address0  |  out|    9|   ap_memory|                     p_ZL13poly_buffer_1_6_7|         array|
|p_ZL13poly_buffer_1_6_7_ce0       |  out|    1|   ap_memory|                     p_ZL13poly_buffer_1_6_7|         array|
|p_ZL13poly_buffer_1_6_7_we0       |  out|    1|   ap_memory|                     p_ZL13poly_buffer_1_6_7|         array|
|p_ZL13poly_buffer_1_6_7_d0        |  out|   64|   ap_memory|                     p_ZL13poly_buffer_1_6_7|         array|
|p_ZL13poly_buffer_1_6_7_address1  |  out|    9|   ap_memory|                     p_ZL13poly_buffer_1_6_7|         array|
|p_ZL13poly_buffer_1_6_7_ce1       |  out|    1|   ap_memory|                     p_ZL13poly_buffer_1_6_7|         array|
|p_ZL13poly_buffer_1_6_7_q1        |   in|   64|   ap_memory|                     p_ZL13poly_buffer_1_6_7|         array|
|p_ZL13poly_buffer_1_7_3_address0  |  out|    9|   ap_memory|                     p_ZL13poly_buffer_1_7_3|         array|
|p_ZL13poly_buffer_1_7_3_ce0       |  out|    1|   ap_memory|                     p_ZL13poly_buffer_1_7_3|         array|
|p_ZL13poly_buffer_1_7_3_we0       |  out|    1|   ap_memory|                     p_ZL13poly_buffer_1_7_3|         array|
|p_ZL13poly_buffer_1_7_3_d0        |  out|   64|   ap_memory|                     p_ZL13poly_buffer_1_7_3|         array|
|p_ZL13poly_buffer_1_7_3_address1  |  out|    9|   ap_memory|                     p_ZL13poly_buffer_1_7_3|         array|
|p_ZL13poly_buffer_1_7_3_ce1       |  out|    1|   ap_memory|                     p_ZL13poly_buffer_1_7_3|         array|
|p_ZL13poly_buffer_1_7_3_q1        |   in|   64|   ap_memory|                     p_ZL13poly_buffer_1_7_3|         array|
|p_ZL13poly_buffer_1_7_7_address0  |  out|    9|   ap_memory|                     p_ZL13poly_buffer_1_7_7|         array|
|p_ZL13poly_buffer_1_7_7_ce0       |  out|    1|   ap_memory|                     p_ZL13poly_buffer_1_7_7|         array|
|p_ZL13poly_buffer_1_7_7_we0       |  out|    1|   ap_memory|                     p_ZL13poly_buffer_1_7_7|         array|
|p_ZL13poly_buffer_1_7_7_d0        |  out|   64|   ap_memory|                     p_ZL13poly_buffer_1_7_7|         array|
|p_ZL13poly_buffer_1_7_7_address1  |  out|    9|   ap_memory|                     p_ZL13poly_buffer_1_7_7|         array|
|p_ZL13poly_buffer_1_7_7_ce1       |  out|    1|   ap_memory|                     p_ZL13poly_buffer_1_7_7|         array|
|p_ZL13poly_buffer_1_7_7_q1        |   in|   64|   ap_memory|                     p_ZL13poly_buffer_1_7_7|         array|
+----------------------------------+-----+-----+------------+--------------------------------------------+--------------+

