cd build/hks_postroute && HKS_IMPL_PROJECT="/home/timhan/FHE/openfhe-for-HKS-ACC/src/fpga_backend/Solution/hks_digit_csynth_wide256_direct_r3" \
	/tools/Xilinx/Vivado/2023.2/bin/vivado -mode batch -source ../../hks_postroute.tcl

****** Vivado v2023.2 (64-bit)
  **** SW Build 4029153 on Fri Oct 13 20:13:54 MDT 2023
  **** IP Build 4028589 on Sat Oct 14 00:45:43 MDT 2023
  **** SharedData Build 4025554 on Tue Oct 10 17:18:54 MDT 2023
    ** Copyright 1986-2022 Xilinx, Inc. All Rights Reserved.
    ** Copyright 2022-2023 Advanced Micro Devices, Inc. All Rights Reserved.

source ../../hks_postroute.tcl
# if {![info exists ::env(HKS_IMPL_PROJECT)]} { error "HKS_IMPL_PROJECT is required" }
# set project [file normalize $::env(HKS_IMPL_PROJECT)]
# set impl [file join $project solution1 impl verilog]
# set checkpoints [glob -nocomplain [file join $impl project.runs impl_1 *_routed.dcp]]
# if {[llength $checkpoints] != 1} { error "Expected one completed routed checkpoint" }
# set reports [file join $impl report postroute_margin]
# file mkdir $reports
# set_param general.maxThreads 4
# open_checkpoint [lindex $checkpoints 0]
Command: open_checkpoint /home/timhan/FHE/openfhe-for-HKS-ACC/src/fpga_backend/Solution/hks_digit_csynth_wide256_direct_r3/solution1/impl/verilog/project.runs/impl_1/bd_0_wrapper_routed.dcp

Starting open_checkpoint Task

Time (s): cpu = 00:00:00.03 ; elapsed = 00:00:00.02 . Memory (MB): peak = 1340.094 ; gain = 0.000 ; free physical = 13292 ; free virtual = 23180
INFO: [Device 21-403] Loading part xcu55c-fsvh2892-2L-e
Netlist sorting complete. Time (s): cpu = 00:00:00.88 ; elapsed = 00:00:00.88 . Memory (MB): peak = 3058.711 ; gain = 4.000 ; free physical = 11584 ; free virtual = 21472
INFO: [Netlist 29-17] Analyzing 9038 Unisim elements for replacement
INFO: [Netlist 29-28] Unisim Transformation completed in 3 CPU seconds
INFO: [Project 1-479] Netlist was created with Vivado 2023.2
INFO: [Project 1-570] Preparing netlist for logic optimization
Read ShapeDB Complete: Time (s): cpu = 00:00:00.24 ; elapsed = 00:00:00.25 . Memory (MB): peak = 3634.438 ; gain = 46.984 ; free physical = 11009 ; free virtual = 20897
INFO: [Timing 38-478] Restoring timing data from binary archive.
INFO: [Timing 38-479] Binary timing data restore complete.
INFO: [Project 1-856] Restoring constraints from binary archive.
INFO: [Project 1-853] Binary constraint restore complete.
INFO: [Designutils 20-5722] Start Reading Physical Databases.
Reading placement.
Read Netlist Cache: Time (s): cpu = 00:00:00.18 ; elapsed = 00:00:00.18 . Memory (MB): peak = 4990.383 ; gain = 0.000 ; free physical = 9732 ; free virtual = 19619
Reading placer database...
Read Device Cache: Time (s): cpu = 00:00:00.01 ; elapsed = 00:00:00.01 . Memory (MB): peak = 4990.383 ; gain = 0.000 ; free physical = 9732 ; free virtual = 19619
Read PlaceDB: Time (s): cpu = 00:00:04 ; elapsed = 00:00:04 . Memory (MB): peak = 5150.766 ; gain = 160.383 ; free physical = 9574 ; free virtual = 19462
Read PulsedLatchDB: Time (s): cpu = 00:00:00 ; elapsed = 00:00:00 . Memory (MB): peak = 5150.766 ; gain = 0.000 ; free physical = 9574 ; free virtual = 19462
Reading routing.
Read RouteStorage: Time (s): cpu = 00:00:03 ; elapsed = 00:00:03 . Memory (MB): peak = 5237.766 ; gain = 87.000 ; free physical = 9488 ; free virtual = 19376
Read Physdb Files: Time (s): cpu = 00:00:08 ; elapsed = 00:00:08 . Memory (MB): peak = 5237.766 ; gain = 247.383 ; free physical = 9488 ; free virtual = 19376
Restored from archive | CPU: 7.800000 secs | Memory: 341.694344 MB |
Finished XDEF File Restore: Time (s): cpu = 00:00:08 ; elapsed = 00:00:08 . Memory (MB): peak = 5237.766 ; gain = 247.383 ; free physical = 9488 ; free virtual = 19376
Netlist sorting complete. Time (s): cpu = 00:00:00.02 ; elapsed = 00:00:00.01 . Memory (MB): peak = 5433.086 ; gain = 0.000 ; free physical = 9314 ; free virtual = 19202
INFO: [Project 1-111] Unisim Transformation Summary:
  A total of 1544 instances were transformed.
  DSP48E2 => DSP48E2 (DSP_ALU, DSP_A_B_DATA, DSP_C_DATA, DSP_MULTIPLIER, DSP_M_DATA, DSP_OUTPUT, DSP_PREADD, DSP_PREADD_DATA): 1160 instances
  RAM16X1S => RAM32X1S (RAMS32): 384 instances

INFO: [Project 1-604] Checkpoint was created with Vivado v2023.2 (64-bit) build 4029153
open_checkpoint: Time (s): cpu = 00:00:45 ; elapsed = 00:00:41 . Memory (MB): peak = 5433.121 ; gain = 4093.027 ; free physical = 9314 ; free virtual = 19202
# report_route_status -file [file join $reports route_status.rpt]
report_route_status: Time (s): cpu = 00:00:29 ; elapsed = 00:00:19 . Memory (MB): peak = 6129.375 ; gain = 696.254 ; free physical = 8688 ; free virtual = 18576
# report_utilization -file [file join $reports utilization.rpt]
report_utilization: Time (s): cpu = 00:00:06 ; elapsed = 00:00:06 . Memory (MB): peak = 6129.375 ; gain = 0.000 ; free physical = 8673 ; free virtual = 18561
# report_timing_summary -file [file join $reports timing_default.rpt]
INFO: [Timing 38-91] UpdateTimingParams: Speed grade: -2L, Temperature grade: E, Delay Type: min_max.
INFO: [Timing 38-191] Multithreading enabled for timing update using a maximum of 4 CPUs
WARNING: [Timing 38-242] The property HD.CLK_SRC of clock port "ap_clk" is not set. In out-of-context mode, this prevents timing estimation for clock delay/skew
Resolution: Set the HD.CLK_SRC property of the out-of-context port to the location of the clock buffer instance in the top-level design
report_timing_summary: Time (s): cpu = 00:00:56 ; elapsed = 00:00:19 . Memory (MB): peak = 6132.371 ; gain = 2.996 ; free physical = 8678 ; free virtual = 18566
# if {[llength [get_clocks ap_clk]] != 1} { error "Expected the ap_clk clock" }
# set_clock_uncertainty -setup 0.75 [get_clocks ap_clk]
# report_timing_summary -report_unconstrained -file [file join $reports timing_setup075.rpt]
INFO: [Timing 38-91] UpdateTimingParams: Speed grade: -2L, Temperature grade: E, Delay Type: min_max.
INFO: [Timing 38-191] Multithreading enabled for timing update using a maximum of 4 CPUs
report_timing_summary: Time (s): cpu = 00:00:19 ; elapsed = 00:00:07 . Memory (MB): peak = 6132.371 ; gain = 0.000 ; free physical = 8671 ; free virtual = 18559
# report_timing -max_paths 10 -file [file join $reports paths_setup075.rpt]
INFO: [Timing 38-91] UpdateTimingParams: Speed grade: -2L, Temperature grade: E, Delay Type: max.
INFO: [Timing 38-191] Multithreading enabled for timing update using a maximum of 4 CPUs
INFO: [Timing 38-78] ReportTimingParams: -max_paths 10 -nworst 1 -delay_type max -sort_by slack.
# report_high_fanout_nets -file [file join $reports high_fanout.rpt]
report_high_fanout_nets: Time (s): cpu = 00:00:08 ; elapsed = 00:00:08 . Memory (MB): peak = 6132.371 ; gain = 0.000 ; free physical = 8678 ; free virtual = 18566
report_high_fanout_nets: Time (s): cpu = 00:00:08 ; elapsed = 00:00:08 . Memory (MB): peak = 6132.371 ; gain = 0.000 ; free physical = 8678 ; free virtual = 18566
# report_design_analysis -congestion -file [file join $reports congestion.rpt]
# check_timing -verbose
Copyright 1986-2022 Xilinx, Inc. All Rights Reserved. Copyright 2022-2023 Advanced Micro Devices, Inc. All Rights Reserved.
--------------------------------------------------------------------------------------------------------------------------------------------------
| Tool Version      : Vivado v.2023.2 (lin64) Build 4029153 Fri Oct 13 20:13:54 MDT 2023
| Date              : Fri Sep  4 12:06:01 2026
| Host              : LAPTOP-PERMR8RO running 64-bit Ubuntu 22.04.5 LTS
| Command           : check_timing -verbose
| Design            : bd_0_wrapper
| Device            : xcu55c-fsvh2892
| Speed File        : -2L  PRODUCTION 1.30 05-01-2022
| Design State      : Routed
| Temperature Grade : E
--------------------------------------------------------------------------------------------------------------------------------------------------


check_timing report

Table of Contents
-----------------
1. checking no_clock (0)
2. checking constant_clock (0)
3. checking pulse_width_clock (0)
4. checking unconstrained_internal_endpoints (0)
5. checking no_input_delay (580)
6. checking no_output_delay (526)
7. checking multiple_clock (0)
8. checking generated_clocks (0)
9. checking loops (0)
10. checking partial_input_delay (0)
11. checking partial_output_delay (0)
12. checking latch_loops (0)

1. checking no_clock (0)
------------------------
 There are 0 register/latch pins with no clock.


2. checking constant_clock (0)
------------------------------
 There are 0 register/latch pins with constant_clock.


3. checking pulse_width_clock (0)
---------------------------------
 There are 0 register/latch pins which need pulse_width check


4. checking unconstrained_internal_endpoints (0)
------------------------------------------------
 There are 0 pins that are not constrained for maximum delay.

 There are 0 pins that are not constrained for maximum delay due to constant clock.


5. checking no_input_delay (580)
--------------------------------
 There are 580 input ports with no input delay specified. (HIGH)

ap_rst_n
m_axi_gmem0_arready
m_axi_gmem0_bvalid
m_axi_gmem0_rdata[0]
m_axi_gmem0_rdata[100]
m_axi_gmem0_rdata[101]
m_axi_gmem0_rdata[102]
m_axi_gmem0_rdata[103]
m_axi_gmem0_rdata[104]
m_axi_gmem0_rdata[105]
m_axi_gmem0_rdata[106]
m_axi_gmem0_rdata[107]
m_axi_gmem0_rdata[108]
m_axi_gmem0_rdata[109]
m_axi_gmem0_rdata[10]
m_axi_gmem0_rdata[110]
m_axi_gmem0_rdata[111]
m_axi_gmem0_rdata[112]
m_axi_gmem0_rdata[113]
m_axi_gmem0_rdata[114]
m_axi_gmem0_rdata[115]
m_axi_gmem0_rdata[116]
m_axi_gmem0_rdata[117]
m_axi_gmem0_rdata[118]
m_axi_gmem0_rdata[119]
m_axi_gmem0_rdata[11]
m_axi_gmem0_rdata[120]
m_axi_gmem0_rdata[121]
m_axi_gmem0_rdata[122]
m_axi_gmem0_rdata[123]
m_axi_gmem0_rdata[124]
m_axi_gmem0_rdata[125]
m_axi_gmem0_rdata[126]
m_axi_gmem0_rdata[127]
m_axi_gmem0_rdata[128]
m_axi_gmem0_rdata[129]
m_axi_gmem0_rdata[12]
m_axi_gmem0_rdata[130]
m_axi_gmem0_rdata[131]
m_axi_gmem0_rdata[132]
m_axi_gmem0_rdata[133]
m_axi_gmem0_rdata[134]
m_axi_gmem0_rdata[135]
m_axi_gmem0_rdata[136]
m_axi_gmem0_rdata[137]
m_axi_gmem0_rdata[138]
m_axi_gmem0_rdata[139]
m_axi_gmem0_rdata[13]
m_axi_gmem0_rdata[140]
m_axi_gmem0_rdata[141]
m_axi_gmem0_rdata[142]
m_axi_gmem0_rdata[143]
m_axi_gmem0_rdata[144]
m_axi_gmem0_rdata[145]
m_axi_gmem0_rdata[146]
m_axi_gmem0_rdata[147]
m_axi_gmem0_rdata[148]
m_axi_gmem0_rdata[149]
m_axi_gmem0_rdata[14]
m_axi_gmem0_rdata[150]
m_axi_gmem0_rdata[151]
m_axi_gmem0_rdata[152]
m_axi_gmem0_rdata[153]
m_axi_gmem0_rdata[154]
m_axi_gmem0_rdata[155]
m_axi_gmem0_rdata[156]
m_axi_gmem0_rdata[157]
m_axi_gmem0_rdata[158]
m_axi_gmem0_rdata[159]
m_axi_gmem0_rdata[15]
m_axi_gmem0_rdata[160]
m_axi_gmem0_rdata[161]
m_axi_gmem0_rdata[162]
m_axi_gmem0_rdata[163]
m_axi_gmem0_rdata[164]
m_axi_gmem0_rdata[165]
m_axi_gmem0_rdata[166]
m_axi_gmem0_rdata[167]
m_axi_gmem0_rdata[168]
m_axi_gmem0_rdata[169]
m_axi_gmem0_rdata[16]
m_axi_gmem0_rdata[170]
m_axi_gmem0_rdata[171]
m_axi_gmem0_rdata[172]
m_axi_gmem0_rdata[173]
m_axi_gmem0_rdata[174]
m_axi_gmem0_rdata[175]
m_axi_gmem0_rdata[176]
m_axi_gmem0_rdata[177]
m_axi_gmem0_rdata[178]
m_axi_gmem0_rdata[179]
m_axi_gmem0_rdata[17]
m_axi_gmem0_rdata[180]
m_axi_gmem0_rdata[181]
m_axi_gmem0_rdata[182]
m_axi_gmem0_rdata[183]
m_axi_gmem0_rdata[184]
m_axi_gmem0_rdata[185]
m_axi_gmem0_rdata[186]
m_axi_gmem0_rdata[187]
m_axi_gmem0_rdata[188]
m_axi_gmem0_rdata[189]
m_axi_gmem0_rdata[18]
m_axi_gmem0_rdata[190]
m_axi_gmem0_rdata[191]
m_axi_gmem0_rdata[192]
m_axi_gmem0_rdata[193]
m_axi_gmem0_rdata[194]
m_axi_gmem0_rdata[195]
m_axi_gmem0_rdata[196]
m_axi_gmem0_rdata[197]
m_axi_gmem0_rdata[198]
m_axi_gmem0_rdata[199]
m_axi_gmem0_rdata[19]
m_axi_gmem0_rdata[1]
m_axi_gmem0_rdata[200]
m_axi_gmem0_rdata[201]
m_axi_gmem0_rdata[202]
m_axi_gmem0_rdata[203]
m_axi_gmem0_rdata[204]
m_axi_gmem0_rdata[205]
m_axi_gmem0_rdata[206]
m_axi_gmem0_rdata[207]
m_axi_gmem0_rdata[208]
m_axi_gmem0_rdata[209]
m_axi_gmem0_rdata[20]
m_axi_gmem0_rdata[210]
m_axi_gmem0_rdata[211]
m_axi_gmem0_rdata[212]
m_axi_gmem0_rdata[213]
m_axi_gmem0_rdata[214]
m_axi_gmem0_rdata[215]
m_axi_gmem0_rdata[216]
m_axi_gmem0_rdata[217]
m_axi_gmem0_rdata[218]
m_axi_gmem0_rdata[219]
m_axi_gmem0_rdata[21]
m_axi_gmem0_rdata[220]
m_axi_gmem0_rdata[221]
m_axi_gmem0_rdata[222]
m_axi_gmem0_rdata[223]
m_axi_gmem0_rdata[224]
m_axi_gmem0_rdata[225]
m_axi_gmem0_rdata[226]
m_axi_gmem0_rdata[227]
m_axi_gmem0_rdata[228]
m_axi_gmem0_rdata[229]
m_axi_gmem0_rdata[22]
m_axi_gmem0_rdata[230]
m_axi_gmem0_rdata[231]
m_axi_gmem0_rdata[232]
m_axi_gmem0_rdata[233]
m_axi_gmem0_rdata[234]
m_axi_gmem0_rdata[235]
m_axi_gmem0_rdata[236]
m_axi_gmem0_rdata[237]
m_axi_gmem0_rdata[238]
m_axi_gmem0_rdata[239]
m_axi_gmem0_rdata[23]
m_axi_gmem0_rdata[240]
m_axi_gmem0_rdata[241]
m_axi_gmem0_rdata[242]
m_axi_gmem0_rdata[243]
m_axi_gmem0_rdata[244]
m_axi_gmem0_rdata[245]
m_axi_gmem0_rdata[246]
m_axi_gmem0_rdata[247]
m_axi_gmem0_rdata[248]
m_axi_gmem0_rdata[249]
m_axi_gmem0_rdata[24]
m_axi_gmem0_rdata[250]
m_axi_gmem0_rdata[251]
m_axi_gmem0_rdata[252]
m_axi_gmem0_rdata[253]
m_axi_gmem0_rdata[254]
m_axi_gmem0_rdata[255]
m_axi_gmem0_rdata[25]
m_axi_gmem0_rdata[26]
m_axi_gmem0_rdata[27]
m_axi_gmem0_rdata[28]
m_axi_gmem0_rdata[29]
m_axi_gmem0_rdata[2]
m_axi_gmem0_rdata[30]
m_axi_gmem0_rdata[31]
m_axi_gmem0_rdata[32]
m_axi_gmem0_rdata[33]
m_axi_gmem0_rdata[34]
m_axi_gmem0_rdata[35]
m_axi_gmem0_rdata[36]
m_axi_gmem0_rdata[37]
m_axi_gmem0_rdata[38]
m_axi_gmem0_rdata[39]
m_axi_gmem0_rdata[3]
m_axi_gmem0_rdata[40]
m_axi_gmem0_rdata[41]
m_axi_gmem0_rdata[42]
m_axi_gmem0_rdata[43]
m_axi_gmem0_rdata[44]
m_axi_gmem0_rdata[45]
m_axi_gmem0_rdata[46]
m_axi_gmem0_rdata[47]
m_axi_gmem0_rdata[48]
m_axi_gmem0_rdata[49]
m_axi_gmem0_rdata[4]
m_axi_gmem0_rdata[50]
m_axi_gmem0_rdata[51]
m_axi_gmem0_rdata[52]
m_axi_gmem0_rdata[53]
m_axi_gmem0_rdata[54]
m_axi_gmem0_rdata[55]
m_axi_gmem0_rdata[56]
m_axi_gmem0_rdata[57]
m_axi_gmem0_rdata[58]
m_axi_gmem0_rdata[59]
m_axi_gmem0_rdata[5]
m_axi_gmem0_rdata[60]
m_axi_gmem0_rdata[61]
m_axi_gmem0_rdata[62]
m_axi_gmem0_rdata[63]
m_axi_gmem0_rdata[64]
m_axi_gmem0_rdata[65]
m_axi_gmem0_rdata[66]
m_axi_gmem0_rdata[67]
m_axi_gmem0_rdata[68]
m_axi_gmem0_rdata[69]
m_axi_gmem0_rdata[6]
m_axi_gmem0_rdata[70]
m_axi_gmem0_rdata[71]
m_axi_gmem0_rdata[72]
m_axi_gmem0_rdata[73]
m_axi_gmem0_rdata[74]
m_axi_gmem0_rdata[75]
m_axi_gmem0_rdata[76]
m_axi_gmem0_rdata[77]
m_axi_gmem0_rdata[78]
m_axi_gmem0_rdata[79]
m_axi_gmem0_rdata[7]
m_axi_gmem0_rdata[80]
m_axi_gmem0_rdata[81]
m_axi_gmem0_rdata[82]
m_axi_gmem0_rdata[83]
m_axi_gmem0_rdata[84]
m_axi_gmem0_rdata[85]
m_axi_gmem0_rdata[86]
m_axi_gmem0_rdata[87]
m_axi_gmem0_rdata[88]
m_axi_gmem0_rdata[89]
m_axi_gmem0_rdata[8]
m_axi_gmem0_rdata[90]
m_axi_gmem0_rdata[91]
m_axi_gmem0_rdata[92]
m_axi_gmem0_rdata[93]
m_axi_gmem0_rdata[94]
m_axi_gmem0_rdata[95]
m_axi_gmem0_rdata[96]
m_axi_gmem0_rdata[97]
m_axi_gmem0_rdata[98]
m_axi_gmem0_rdata[99]
m_axi_gmem0_rdata[9]
m_axi_gmem0_rlast
m_axi_gmem0_rvalid
m_axi_gmem1_arready
m_axi_gmem1_bvalid
m_axi_gmem1_rdata[0]
m_axi_gmem1_rdata[100]
m_axi_gmem1_rdata[101]
m_axi_gmem1_rdata[102]
m_axi_gmem1_rdata[103]
m_axi_gmem1_rdata[104]
m_axi_gmem1_rdata[105]
m_axi_gmem1_rdata[106]
m_axi_gmem1_rdata[107]
m_axi_gmem1_rdata[108]
m_axi_gmem1_rdata[109]
m_axi_gmem1_rdata[10]
m_axi_gmem1_rdata[110]
m_axi_gmem1_rdata[111]
m_axi_gmem1_rdata[112]
m_axi_gmem1_rdata[113]
m_axi_gmem1_rdata[114]
m_axi_gmem1_rdata[115]
m_axi_gmem1_rdata[116]
m_axi_gmem1_rdata[117]
m_axi_gmem1_rdata[118]
m_axi_gmem1_rdata[119]
m_axi_gmem1_rdata[11]
m_axi_gmem1_rdata[120]
m_axi_gmem1_rdata[121]
m_axi_gmem1_rdata[122]
m_axi_gmem1_rdata[123]
m_axi_gmem1_rdata[124]
m_axi_gmem1_rdata[125]
m_axi_gmem1_rdata[126]
m_axi_gmem1_rdata[127]
m_axi_gmem1_rdata[128]
m_axi_gmem1_rdata[129]
m_axi_gmem1_rdata[12]
m_axi_gmem1_rdata[130]
m_axi_gmem1_rdata[131]
m_axi_gmem1_rdata[132]
m_axi_gmem1_rdata[133]
m_axi_gmem1_rdata[134]
m_axi_gmem1_rdata[135]
m_axi_gmem1_rdata[136]
m_axi_gmem1_rdata[137]
m_axi_gmem1_rdata[138]
m_axi_gmem1_rdata[139]
m_axi_gmem1_rdata[13]
m_axi_gmem1_rdata[140]
m_axi_gmem1_rdata[141]
m_axi_gmem1_rdata[142]
m_axi_gmem1_rdata[143]
m_axi_gmem1_rdata[144]
m_axi_gmem1_rdata[145]
m_axi_gmem1_rdata[146]
m_axi_gmem1_rdata[147]
m_axi_gmem1_rdata[148]
m_axi_gmem1_rdata[149]
m_axi_gmem1_rdata[14]
m_axi_gmem1_rdata[150]
m_axi_gmem1_rdata[151]
m_axi_gmem1_rdata[152]
m_axi_gmem1_rdata[153]
m_axi_gmem1_rdata[154]
m_axi_gmem1_rdata[155]
m_axi_gmem1_rdata[156]
m_axi_gmem1_rdata[157]
m_axi_gmem1_rdata[158]
m_axi_gmem1_rdata[159]
m_axi_gmem1_rdata[15]
m_axi_gmem1_rdata[160]
m_axi_gmem1_rdata[161]
m_axi_gmem1_rdata[162]
m_axi_gmem1_rdata[163]
m_axi_gmem1_rdata[164]
m_axi_gmem1_rdata[165]
m_axi_gmem1_rdata[166]
m_axi_gmem1_rdata[167]
m_axi_gmem1_rdata[168]
m_axi_gmem1_rdata[169]
m_axi_gmem1_rdata[16]
m_axi_gmem1_rdata[170]
m_axi_gmem1_rdata[171]
m_axi_gmem1_rdata[172]
m_axi_gmem1_rdata[173]
m_axi_gmem1_rdata[174]
m_axi_gmem1_rdata[175]
m_axi_gmem1_rdata[176]
m_axi_gmem1_rdata[177]
m_axi_gmem1_rdata[178]
m_axi_gmem1_rdata[179]
m_axi_gmem1_rdata[17]
m_axi_gmem1_rdata[180]
m_axi_gmem1_rdata[181]
m_axi_gmem1_rdata[182]
m_axi_gmem1_rdata[183]
m_axi_gmem1_rdata[184]
m_axi_gmem1_rdata[185]
m_axi_gmem1_rdata[186]
m_axi_gmem1_rdata[187]
m_axi_gmem1_rdata[188]
m_axi_gmem1_rdata[189]
m_axi_gmem1_rdata[18]
m_axi_gmem1_rdata[190]
m_axi_gmem1_rdata[191]
m_axi_gmem1_rdata[192]
m_axi_gmem1_rdata[193]
m_axi_gmem1_rdata[194]
m_axi_gmem1_rdata[195]
m_axi_gmem1_rdata[196]
m_axi_gmem1_rdata[197]
m_axi_gmem1_rdata[198]
m_axi_gmem1_rdata[199]
m_axi_gmem1_rdata[19]
m_axi_gmem1_rdata[1]
m_axi_gmem1_rdata[200]
m_axi_gmem1_rdata[201]
m_axi_gmem1_rdata[202]
m_axi_gmem1_rdata[203]
m_axi_gmem1_rdata[204]
m_axi_gmem1_rdata[205]
m_axi_gmem1_rdata[206]
m_axi_gmem1_rdata[207]
m_axi_gmem1_rdata[208]
m_axi_gmem1_rdata[209]
m_axi_gmem1_rdata[20]
m_axi_gmem1_rdata[210]
m_axi_gmem1_rdata[211]
m_axi_gmem1_rdata[212]
m_axi_gmem1_rdata[213]
m_axi_gmem1_rdata[214]
m_axi_gmem1_rdata[215]
m_axi_gmem1_rdata[216]
m_axi_gmem1_rdata[217]
m_axi_gmem1_rdata[218]
m_axi_gmem1_rdata[219]
m_axi_gmem1_rdata[21]
m_axi_gmem1_rdata[220]
m_axi_gmem1_rdata[221]
m_axi_gmem1_rdata[222]
m_axi_gmem1_rdata[223]
m_axi_gmem1_rdata[224]
m_axi_gmem1_rdata[225]
m_axi_gmem1_rdata[226]
m_axi_gmem1_rdata[227]
m_axi_gmem1_rdata[228]
m_axi_gmem1_rdata[229]
m_axi_gmem1_rdata[22]
m_axi_gmem1_rdata[230]
m_axi_gmem1_rdata[231]
m_axi_gmem1_rdata[232]
m_axi_gmem1_rdata[233]
m_axi_gmem1_rdata[234]
m_axi_gmem1_rdata[235]
m_axi_gmem1_rdata[236]
m_axi_gmem1_rdata[237]
m_axi_gmem1_rdata[238]
m_axi_gmem1_rdata[239]
m_axi_gmem1_rdata[23]
m_axi_gmem1_rdata[240]
m_axi_gmem1_rdata[241]
m_axi_gmem1_rdata[242]
m_axi_gmem1_rdata[243]
m_axi_gmem1_rdata[244]
m_axi_gmem1_rdata[245]
m_axi_gmem1_rdata[246]
m_axi_gmem1_rdata[247]
m_axi_gmem1_rdata[248]
m_axi_gmem1_rdata[249]
m_axi_gmem1_rdata[24]
m_axi_gmem1_rdata[250]
m_axi_gmem1_rdata[251]
m_axi_gmem1_rdata[252]
m_axi_gmem1_rdata[253]
m_axi_gmem1_rdata[254]
m_axi_gmem1_rdata[255]
m_axi_gmem1_rdata[25]
m_axi_gmem1_rdata[26]
m_axi_gmem1_rdata[27]
m_axi_gmem1_rdata[28]
m_axi_gmem1_rdata[29]
m_axi_gmem1_rdata[2]
m_axi_gmem1_rdata[30]
m_axi_gmem1_rdata[31]
m_axi_gmem1_rdata[32]
m_axi_gmem1_rdata[33]
m_axi_gmem1_rdata[34]
m_axi_gmem1_rdata[35]
m_axi_gmem1_rdata[36]
m_axi_gmem1_rdata[37]
m_axi_gmem1_rdata[38]
m_axi_gmem1_rdata[39]
m_axi_gmem1_rdata[3]
m_axi_gmem1_rdata[40]
m_axi_gmem1_rdata[41]
m_axi_gmem1_rdata[42]
m_axi_gmem1_rdata[43]
m_axi_gmem1_rdata[44]
m_axi_gmem1_rdata[45]
m_axi_gmem1_rdata[46]
m_axi_gmem1_rdata[47]
m_axi_gmem1_rdata[48]
m_axi_gmem1_rdata[49]
m_axi_gmem1_rdata[4]
m_axi_gmem1_rdata[50]
m_axi_gmem1_rdata[51]
m_axi_gmem1_rdata[52]
m_axi_gmem1_rdata[53]
m_axi_gmem1_rdata[54]
m_axi_gmem1_rdata[55]
m_axi_gmem1_rdata[56]
m_axi_gmem1_rdata[57]
m_axi_gmem1_rdata[58]
m_axi_gmem1_rdata[59]
m_axi_gmem1_rdata[5]
m_axi_gmem1_rdata[60]
m_axi_gmem1_rdata[61]
m_axi_gmem1_rdata[62]
m_axi_gmem1_rdata[63]
m_axi_gmem1_rdata[64]
m_axi_gmem1_rdata[65]
m_axi_gmem1_rdata[66]
m_axi_gmem1_rdata[67]
m_axi_gmem1_rdata[68]
m_axi_gmem1_rdata[69]
m_axi_gmem1_rdata[6]
m_axi_gmem1_rdata[70]
m_axi_gmem1_rdata[71]
m_axi_gmem1_rdata[72]
m_axi_gmem1_rdata[73]
m_axi_gmem1_rdata[74]
m_axi_gmem1_rdata[75]
m_axi_gmem1_rdata[76]
m_axi_gmem1_rdata[77]
m_axi_gmem1_rdata[78]
m_axi_gmem1_rdata[79]
m_axi_gmem1_rdata[7]
m_axi_gmem1_rdata[80]
m_axi_gmem1_rdata[81]
m_axi_gmem1_rdata[82]
m_axi_gmem1_rdata[83]
m_axi_gmem1_rdata[84]
m_axi_gmem1_rdata[85]
m_axi_gmem1_rdata[86]
m_axi_gmem1_rdata[87]
m_axi_gmem1_rdata[88]
m_axi_gmem1_rdata[89]
m_axi_gmem1_rdata[8]
m_axi_gmem1_rdata[90]
m_axi_gmem1_rdata[91]
m_axi_gmem1_rdata[92]
m_axi_gmem1_rdata[93]
m_axi_gmem1_rdata[94]
m_axi_gmem1_rdata[95]
m_axi_gmem1_rdata[96]
m_axi_gmem1_rdata[97]
m_axi_gmem1_rdata[98]
m_axi_gmem1_rdata[99]
m_axi_gmem1_rdata[9]
m_axi_gmem1_rlast
m_axi_gmem1_rvalid
m_axi_gmem2_awready
m_axi_gmem2_bvalid
m_axi_gmem2_rvalid
m_axi_gmem2_wready
s_axi_control_araddr[0]
s_axi_control_araddr[1]
s_axi_control_araddr[2]
s_axi_control_araddr[3]
s_axi_control_araddr[4]
s_axi_control_araddr[5]
s_axi_control_araddr[6]
s_axi_control_arvalid
s_axi_control_awaddr[0]
s_axi_control_awaddr[1]
s_axi_control_awaddr[2]
s_axi_control_awaddr[3]
s_axi_control_awaddr[4]
s_axi_control_awaddr[5]
s_axi_control_awaddr[6]
s_axi_control_awvalid
s_axi_control_bready
s_axi_control_rready
s_axi_control_wdata[0]
s_axi_control_wdata[10]
s_axi_control_wdata[11]
s_axi_control_wdata[12]
s_axi_control_wdata[13]
s_axi_control_wdata[14]
s_axi_control_wdata[15]
s_axi_control_wdata[16]
s_axi_control_wdata[17]
s_axi_control_wdata[18]
s_axi_control_wdata[19]
s_axi_control_wdata[1]
s_axi_control_wdata[20]
s_axi_control_wdata[21]
s_axi_control_wdata[22]
s_axi_control_wdata[23]
s_axi_control_wdata[24]
s_axi_control_wdata[25]
s_axi_control_wdata[26]
s_axi_control_wdata[27]
s_axi_control_wdata[28]
s_axi_control_wdata[29]
s_axi_control_wdata[2]
s_axi_control_wdata[30]
s_axi_control_wdata[31]
s_axi_control_wdata[3]
s_axi_control_wdata[4]
s_axi_control_wdata[5]
s_axi_control_wdata[6]
s_axi_control_wdata[7]
s_axi_control_wdata[8]
s_axi_control_wdata[9]
s_axi_control_wstrb[0]
s_axi_control_wstrb[1]
s_axi_control_wstrb[2]
s_axi_control_wstrb[3]
s_axi_control_wvalid

 There are 0 input ports with no input delay but user has a false path constraint.


6. checking no_output_delay (526)
---------------------------------
 There are 526 ports with no output delay specified. (HIGH)

interrupt
m_axi_gmem0_araddr[10]
m_axi_gmem0_araddr[11]
m_axi_gmem0_araddr[12]
m_axi_gmem0_araddr[13]
m_axi_gmem0_araddr[14]
m_axi_gmem0_araddr[15]
m_axi_gmem0_araddr[16]
m_axi_gmem0_araddr[17]
m_axi_gmem0_araddr[18]
m_axi_gmem0_araddr[19]
m_axi_gmem0_araddr[20]
m_axi_gmem0_araddr[21]
m_axi_gmem0_araddr[22]
m_axi_gmem0_araddr[23]
m_axi_gmem0_araddr[24]
m_axi_gmem0_araddr[25]
m_axi_gmem0_araddr[26]
m_axi_gmem0_araddr[27]
m_axi_gmem0_araddr[28]
m_axi_gmem0_araddr[29]
m_axi_gmem0_araddr[30]
m_axi_gmem0_araddr[31]
m_axi_gmem0_araddr[32]
m_axi_gmem0_araddr[33]
m_axi_gmem0_araddr[34]
m_axi_gmem0_araddr[35]
m_axi_gmem0_araddr[36]
m_axi_gmem0_araddr[37]
m_axi_gmem0_araddr[38]
m_axi_gmem0_araddr[39]
m_axi_gmem0_araddr[40]
m_axi_gmem0_araddr[41]
m_axi_gmem0_araddr[42]
m_axi_gmem0_araddr[43]
m_axi_gmem0_araddr[44]
m_axi_gmem0_araddr[45]
m_axi_gmem0_araddr[46]
m_axi_gmem0_araddr[47]
m_axi_gmem0_araddr[48]
m_axi_gmem0_araddr[49]
m_axi_gmem0_araddr[50]
m_axi_gmem0_araddr[51]
m_axi_gmem0_araddr[52]
m_axi_gmem0_araddr[53]
m_axi_gmem0_araddr[54]
m_axi_gmem0_araddr[55]
m_axi_gmem0_araddr[56]
m_axi_gmem0_araddr[57]
m_axi_gmem0_araddr[58]
m_axi_gmem0_araddr[59]
m_axi_gmem0_araddr[5]
m_axi_gmem0_araddr[60]
m_axi_gmem0_araddr[61]
m_axi_gmem0_araddr[62]
m_axi_gmem0_araddr[63]
m_axi_gmem0_araddr[6]
m_axi_gmem0_araddr[7]
m_axi_gmem0_araddr[8]
m_axi_gmem0_araddr[9]
m_axi_gmem0_arlen[0]
m_axi_gmem0_arlen[1]
m_axi_gmem0_arlen[2]
m_axi_gmem0_arlen[3]
m_axi_gmem0_arvalid
m_axi_gmem0_bready
m_axi_gmem0_rready
m_axi_gmem1_araddr[10]
m_axi_gmem1_araddr[11]
m_axi_gmem1_araddr[12]
m_axi_gmem1_araddr[13]
m_axi_gmem1_araddr[14]
m_axi_gmem1_araddr[15]
m_axi_gmem1_araddr[16]
m_axi_gmem1_araddr[17]
m_axi_gmem1_araddr[18]
m_axi_gmem1_araddr[19]
m_axi_gmem1_araddr[20]
m_axi_gmem1_araddr[21]
m_axi_gmem1_araddr[22]
m_axi_gmem1_araddr[23]
m_axi_gmem1_araddr[24]
m_axi_gmem1_araddr[25]
m_axi_gmem1_araddr[26]
m_axi_gmem1_araddr[27]
m_axi_gmem1_araddr[28]
m_axi_gmem1_araddr[29]
m_axi_gmem1_araddr[30]
m_axi_gmem1_araddr[31]
m_axi_gmem1_araddr[32]
m_axi_gmem1_araddr[33]
m_axi_gmem1_araddr[34]
m_axi_gmem1_araddr[35]
m_axi_gmem1_araddr[36]
m_axi_gmem1_araddr[37]
m_axi_gmem1_araddr[38]
m_axi_gmem1_araddr[39]
m_axi_gmem1_araddr[40]
m_axi_gmem1_araddr[41]
m_axi_gmem1_araddr[42]
m_axi_gmem1_araddr[43]
m_axi_gmem1_araddr[44]
m_axi_gmem1_araddr[45]
m_axi_gmem1_araddr[46]
m_axi_gmem1_araddr[47]
m_axi_gmem1_araddr[48]
m_axi_gmem1_araddr[49]
m_axi_gmem1_araddr[50]
m_axi_gmem1_araddr[51]
m_axi_gmem1_araddr[52]
m_axi_gmem1_araddr[53]
m_axi_gmem1_araddr[54]
m_axi_gmem1_araddr[55]
m_axi_gmem1_araddr[56]
m_axi_gmem1_araddr[57]
m_axi_gmem1_araddr[58]
m_axi_gmem1_araddr[59]
m_axi_gmem1_araddr[5]
m_axi_gmem1_araddr[60]
m_axi_gmem1_araddr[61]
m_axi_gmem1_araddr[62]
m_axi_gmem1_araddr[63]
m_axi_gmem1_araddr[6]
m_axi_gmem1_araddr[7]
m_axi_gmem1_araddr[8]
m_axi_gmem1_araddr[9]
m_axi_gmem1_arlen[0]
m_axi_gmem1_arlen[1]
m_axi_gmem1_arlen[2]
m_axi_gmem1_arlen[3]
m_axi_gmem1_arvalid
m_axi_gmem1_bready
m_axi_gmem1_rready
m_axi_gmem2_awaddr[10]
m_axi_gmem2_awaddr[11]
m_axi_gmem2_awaddr[12]
m_axi_gmem2_awaddr[13]
m_axi_gmem2_awaddr[14]
m_axi_gmem2_awaddr[15]
m_axi_gmem2_awaddr[16]
m_axi_gmem2_awaddr[17]
m_axi_gmem2_awaddr[18]
m_axi_gmem2_awaddr[19]
m_axi_gmem2_awaddr[20]
m_axi_gmem2_awaddr[21]
m_axi_gmem2_awaddr[22]
m_axi_gmem2_awaddr[23]
m_axi_gmem2_awaddr[24]
m_axi_gmem2_awaddr[25]
m_axi_gmem2_awaddr[26]
m_axi_gmem2_awaddr[27]
m_axi_gmem2_awaddr[28]
m_axi_gmem2_awaddr[29]
m_axi_gmem2_awaddr[30]
m_axi_gmem2_awaddr[31]
m_axi_gmem2_awaddr[32]
m_axi_gmem2_awaddr[33]
m_axi_gmem2_awaddr[34]
m_axi_gmem2_awaddr[35]
m_axi_gmem2_awaddr[36]
m_axi_gmem2_awaddr[37]
m_axi_gmem2_awaddr[38]
m_axi_gmem2_awaddr[39]
m_axi_gmem2_awaddr[40]
m_axi_gmem2_awaddr[41]
m_axi_gmem2_awaddr[42]
m_axi_gmem2_awaddr[43]
m_axi_gmem2_awaddr[44]
m_axi_gmem2_awaddr[45]
m_axi_gmem2_awaddr[46]
m_axi_gmem2_awaddr[47]
m_axi_gmem2_awaddr[48]
m_axi_gmem2_awaddr[49]
m_axi_gmem2_awaddr[50]
m_axi_gmem2_awaddr[51]
m_axi_gmem2_awaddr[52]
m_axi_gmem2_awaddr[53]
m_axi_gmem2_awaddr[54]
m_axi_gmem2_awaddr[55]
m_axi_gmem2_awaddr[56]
m_axi_gmem2_awaddr[57]
m_axi_gmem2_awaddr[58]
m_axi_gmem2_awaddr[59]
m_axi_gmem2_awaddr[5]
m_axi_gmem2_awaddr[60]
m_axi_gmem2_awaddr[61]
m_axi_gmem2_awaddr[62]
m_axi_gmem2_awaddr[63]
m_axi_gmem2_awaddr[6]
m_axi_gmem2_awaddr[7]
m_axi_gmem2_awaddr[8]
m_axi_gmem2_awaddr[9]
m_axi_gmem2_awlen[0]
m_axi_gmem2_awlen[1]
m_axi_gmem2_awlen[2]
m_axi_gmem2_awlen[3]
m_axi_gmem2_awvalid
m_axi_gmem2_bready
m_axi_gmem2_rready
m_axi_gmem2_wdata[0]
m_axi_gmem2_wdata[100]
m_axi_gmem2_wdata[101]
m_axi_gmem2_wdata[102]
m_axi_gmem2_wdata[103]
m_axi_gmem2_wdata[104]
m_axi_gmem2_wdata[105]
m_axi_gmem2_wdata[106]
m_axi_gmem2_wdata[107]
m_axi_gmem2_wdata[108]
m_axi_gmem2_wdata[109]
m_axi_gmem2_wdata[10]
m_axi_gmem2_wdata[110]
m_axi_gmem2_wdata[111]
m_axi_gmem2_wdata[112]
m_axi_gmem2_wdata[113]
m_axi_gmem2_wdata[114]
m_axi_gmem2_wdata[115]
m_axi_gmem2_wdata[116]
m_axi_gmem2_wdata[117]
m_axi_gmem2_wdata[118]
m_axi_gmem2_wdata[119]
m_axi_gmem2_wdata[11]
m_axi_gmem2_wdata[120]
m_axi_gmem2_wdata[121]
m_axi_gmem2_wdata[122]
m_axi_gmem2_wdata[123]
m_axi_gmem2_wdata[124]
m_axi_gmem2_wdata[125]
m_axi_gmem2_wdata[126]
m_axi_gmem2_wdata[127]
m_axi_gmem2_wdata[128]
m_axi_gmem2_wdata[129]
m_axi_gmem2_wdata[12]
m_axi_gmem2_wdata[130]
m_axi_gmem2_wdata[131]
m_axi_gmem2_wdata[132]
m_axi_gmem2_wdata[133]
m_axi_gmem2_wdata[134]
m_axi_gmem2_wdata[135]
m_axi_gmem2_wdata[136]
m_axi_gmem2_wdata[137]
m_axi_gmem2_wdata[138]
m_axi_gmem2_wdata[139]
m_axi_gmem2_wdata[13]
m_axi_gmem2_wdata[140]
m_axi_gmem2_wdata[141]
m_axi_gmem2_wdata[142]
m_axi_gmem2_wdata[143]
m_axi_gmem2_wdata[144]
m_axi_gmem2_wdata[145]
m_axi_gmem2_wdata[146]
m_axi_gmem2_wdata[147]
m_axi_gmem2_wdata[148]
m_axi_gmem2_wdata[149]
m_axi_gmem2_wdata[14]
m_axi_gmem2_wdata[150]
m_axi_gmem2_wdata[151]
m_axi_gmem2_wdata[152]
m_axi_gmem2_wdata[153]
m_axi_gmem2_wdata[154]
m_axi_gmem2_wdata[155]
m_axi_gmem2_wdata[156]
m_axi_gmem2_wdata[157]
m_axi_gmem2_wdata[158]
m_axi_gmem2_wdata[159]
m_axi_gmem2_wdata[15]
m_axi_gmem2_wdata[160]
m_axi_gmem2_wdata[161]
m_axi_gmem2_wdata[162]
m_axi_gmem2_wdata[163]
m_axi_gmem2_wdata[164]
m_axi_gmem2_wdata[165]
m_axi_gmem2_wdata[166]
m_axi_gmem2_wdata[167]
m_axi_gmem2_wdata[168]
m_axi_gmem2_wdata[169]
m_axi_gmem2_wdata[16]
m_axi_gmem2_wdata[170]
m_axi_gmem2_wdata[171]
m_axi_gmem2_wdata[172]
m_axi_gmem2_wdata[173]
m_axi_gmem2_wdata[174]
m_axi_gmem2_wdata[175]
m_axi_gmem2_wdata[176]
m_axi_gmem2_wdata[177]
m_axi_gmem2_wdata[178]
m_axi_gmem2_wdata[179]
m_axi_gmem2_wdata[17]
m_axi_gmem2_wdata[180]
m_axi_gmem2_wdata[181]
m_axi_gmem2_wdata[182]
m_axi_gmem2_wdata[183]
m_axi_gmem2_wdata[184]
m_axi_gmem2_wdata[185]
m_axi_gmem2_wdata[186]
m_axi_gmem2_wdata[187]
m_axi_gmem2_wdata[188]
m_axi_gmem2_wdata[189]
m_axi_gmem2_wdata[18]
m_axi_gmem2_wdata[190]
m_axi_gmem2_wdata[191]
m_axi_gmem2_wdata[192]
m_axi_gmem2_wdata[193]
m_axi_gmem2_wdata[194]
m_axi_gmem2_wdata[195]
m_axi_gmem2_wdata[196]
m_axi_gmem2_wdata[197]
m_axi_gmem2_wdata[198]
m_axi_gmem2_wdata[199]
m_axi_gmem2_wdata[19]
m_axi_gmem2_wdata[1]
m_axi_gmem2_wdata[200]
m_axi_gmem2_wdata[201]
m_axi_gmem2_wdata[202]
m_axi_gmem2_wdata[203]
m_axi_gmem2_wdata[204]
m_axi_gmem2_wdata[205]
m_axi_gmem2_wdata[206]
m_axi_gmem2_wdata[207]
m_axi_gmem2_wdata[208]
m_axi_gmem2_wdata[209]
m_axi_gmem2_wdata[20]
m_axi_gmem2_wdata[210]
m_axi_gmem2_wdata[211]
m_axi_gmem2_wdata[212]
m_axi_gmem2_wdata[213]
m_axi_gmem2_wdata[214]
m_axi_gmem2_wdata[215]
m_axi_gmem2_wdata[216]
m_axi_gmem2_wdata[217]
m_axi_gmem2_wdata[218]
m_axi_gmem2_wdata[219]
m_axi_gmem2_wdata[21]
m_axi_gmem2_wdata[220]
m_axi_gmem2_wdata[221]
m_axi_gmem2_wdata[222]
m_axi_gmem2_wdata[223]
m_axi_gmem2_wdata[224]
m_axi_gmem2_wdata[225]
m_axi_gmem2_wdata[226]
m_axi_gmem2_wdata[227]
m_axi_gmem2_wdata[228]
m_axi_gmem2_wdata[229]
m_axi_gmem2_wdata[22]
m_axi_gmem2_wdata[230]
m_axi_gmem2_wdata[231]
m_axi_gmem2_wdata[232]
m_axi_gmem2_wdata[233]
m_axi_gmem2_wdata[234]
m_axi_gmem2_wdata[235]
m_axi_gmem2_wdata[236]
m_axi_gmem2_wdata[237]
m_axi_gmem2_wdata[238]
m_axi_gmem2_wdata[239]
m_axi_gmem2_wdata[23]
m_axi_gmem2_wdata[240]
m_axi_gmem2_wdata[241]
m_axi_gmem2_wdata[242]
m_axi_gmem2_wdata[243]
m_axi_gmem2_wdata[244]
m_axi_gmem2_wdata[245]
m_axi_gmem2_wdata[246]
m_axi_gmem2_wdata[247]
m_axi_gmem2_wdata[248]
m_axi_gmem2_wdata[249]
m_axi_gmem2_wdata[24]
m_axi_gmem2_wdata[250]
m_axi_gmem2_wdata[251]
m_axi_gmem2_wdata[252]
m_axi_gmem2_wdata[253]
m_axi_gmem2_wdata[254]
m_axi_gmem2_wdata[255]
m_axi_gmem2_wdata[25]
m_axi_gmem2_wdata[26]
m_axi_gmem2_wdata[27]
m_axi_gmem2_wdata[28]
m_axi_gmem2_wdata[29]
m_axi_gmem2_wdata[2]
m_axi_gmem2_wdata[30]
m_axi_gmem2_wdata[31]
m_axi_gmem2_wdata[32]
m_axi_gmem2_wdata[33]
m_axi_gmem2_wdata[34]
m_axi_gmem2_wdata[35]
m_axi_gmem2_wdata[36]
m_axi_gmem2_wdata[37]
m_axi_gmem2_wdata[38]
m_axi_gmem2_wdata[39]
m_axi_gmem2_wdata[3]
m_axi_gmem2_wdata[40]
m_axi_gmem2_wdata[41]
m_axi_gmem2_wdata[42]
m_axi_gmem2_wdata[43]
m_axi_gmem2_wdata[44]
m_axi_gmem2_wdata[45]
m_axi_gmem2_wdata[46]
m_axi_gmem2_wdata[47]
m_axi_gmem2_wdata[48]
m_axi_gmem2_wdata[49]
m_axi_gmem2_wdata[4]
m_axi_gmem2_wdata[50]
m_axi_gmem2_wdata[51]
m_axi_gmem2_wdata[52]
m_axi_gmem2_wdata[53]
m_axi_gmem2_wdata[54]
m_axi_gmem2_wdata[55]
m_axi_gmem2_wdata[56]
m_axi_gmem2_wdata[57]
m_axi_gmem2_wdata[58]
m_axi_gmem2_wdata[59]
m_axi_gmem2_wdata[5]
m_axi_gmem2_wdata[60]
m_axi_gmem2_wdata[61]
m_axi_gmem2_wdata[62]
m_axi_gmem2_wdata[63]
m_axi_gmem2_wdata[64]
m_axi_gmem2_wdata[65]
m_axi_gmem2_wdata[66]
m_axi_gmem2_wdata[67]
m_axi_gmem2_wdata[68]
m_axi_gmem2_wdata[69]
m_axi_gmem2_wdata[6]
m_axi_gmem2_wdata[70]
m_axi_gmem2_wdata[71]
m_axi_gmem2_wdata[72]
m_axi_gmem2_wdata[73]
m_axi_gmem2_wdata[74]
m_axi_gmem2_wdata[75]
m_axi_gmem2_wdata[76]
m_axi_gmem2_wdata[77]
m_axi_gmem2_wdata[78]
m_axi_gmem2_wdata[79]
m_axi_gmem2_wdata[7]
m_axi_gmem2_wdata[80]
m_axi_gmem2_wdata[81]
m_axi_gmem2_wdata[82]
m_axi_gmem2_wdata[83]
m_axi_gmem2_wdata[84]
m_axi_gmem2_wdata[85]
m_axi_gmem2_wdata[86]
m_axi_gmem2_wdata[87]
m_axi_gmem2_wdata[88]
m_axi_gmem2_wdata[89]
m_axi_gmem2_wdata[8]
m_axi_gmem2_wdata[90]
m_axi_gmem2_wdata[91]
m_axi_gmem2_wdata[92]
m_axi_gmem2_wdata[93]
m_axi_gmem2_wdata[94]
m_axi_gmem2_wdata[95]
m_axi_gmem2_wdata[96]
m_axi_gmem2_wdata[97]
m_axi_gmem2_wdata[98]
m_axi_gmem2_wdata[99]
m_axi_gmem2_wdata[9]
m_axi_gmem2_wlast
m_axi_gmem2_wstrb[0]
m_axi_gmem2_wstrb[10]
m_axi_gmem2_wstrb[11]
m_axi_gmem2_wstrb[12]
m_axi_gmem2_wstrb[13]
m_axi_gmem2_wstrb[14]
m_axi_gmem2_wstrb[15]
m_axi_gmem2_wstrb[16]
m_axi_gmem2_wstrb[17]
m_axi_gmem2_wstrb[18]
m_axi_gmem2_wstrb[19]
m_axi_gmem2_wstrb[1]
m_axi_gmem2_wstrb[20]
m_axi_gmem2_wstrb[21]
m_axi_gmem2_wstrb[22]
m_axi_gmem2_wstrb[23]
m_axi_gmem2_wstrb[24]
m_axi_gmem2_wstrb[25]
m_axi_gmem2_wstrb[26]
m_axi_gmem2_wstrb[27]
m_axi_gmem2_wstrb[28]
m_axi_gmem2_wstrb[29]
m_axi_gmem2_wstrb[2]
m_axi_gmem2_wstrb[30]
m_axi_gmem2_wstrb[31]
m_axi_gmem2_wstrb[3]
m_axi_gmem2_wstrb[4]
m_axi_gmem2_wstrb[5]
m_axi_gmem2_wstrb[6]
m_axi_gmem2_wstrb[7]
m_axi_gmem2_wstrb[8]
m_axi_gmem2_wstrb[9]
m_axi_gmem2_wvalid
s_axi_control_arready
s_axi_control_awready
s_axi_control_bvalid
s_axi_control_rdata[0]
s_axi_control_rdata[10]
s_axi_control_rdata[11]
s_axi_control_rdata[12]
s_axi_control_rdata[13]
s_axi_control_rdata[14]
s_axi_control_rdata[15]
s_axi_control_rdata[16]
s_axi_control_rdata[17]
s_axi_control_rdata[18]
s_axi_control_rdata[19]
s_axi_control_rdata[1]
s_axi_control_rdata[20]
s_axi_control_rdata[21]
s_axi_control_rdata[22]
s_axi_control_rdata[23]
s_axi_control_rdata[24]
s_axi_control_rdata[25]
s_axi_control_rdata[26]
s_axi_control_rdata[27]
s_axi_control_rdata[28]
s_axi_control_rdata[29]
s_axi_control_rdata[2]
s_axi_control_rdata[30]
s_axi_control_rdata[31]
s_axi_control_rdata[3]
s_axi_control_rdata[4]
s_axi_control_rdata[5]
s_axi_control_rdata[6]
s_axi_control_rdata[7]
s_axi_control_rdata[8]
s_axi_control_rdata[9]
s_axi_control_rvalid
s_axi_control_wready

 There are 0 ports with no output delay but user has a false path constraint

 There are 0 ports with no output delay but with a timing clock defined on it or propagating through it


7. checking multiple_clock (0)
------------------------------
 There are 0 register/latch pins with multiple clocks.


8. checking generated_clocks (0)
--------------------------------
 There are 0 generated clocks that are not connected to a clock source.


9. checking loops (0)
---------------------
 There are 0 combinational loops in the design.


10. checking partial_input_delay (0)
------------------------------------
 There are 0 input ports with partial input delay specified.


11. checking partial_output_delay (0)
-------------------------------------
 There are 0 ports with partial output delay specified.


12. checking latch_loops (0)
----------------------------
 There are 0 combinational latch loops in the design through latch input


# create_clock -name ap_clk -period 7.0 [get_ports ap_clk]
WARNING: [Constraints 18-619] A clock with name 'ap_clk' already exists, overwriting the previous clock with the same name.
# set_clock_uncertainty -setup 0.75 [get_clocks ap_clk]
# report_timing_summary -report_unconstrained -file [file join $reports timing_period7_setup075.rpt]
INFO: [Timing 38-91] UpdateTimingParams: Speed grade: -2L, Temperature grade: E, Delay Type: min_max.
INFO: [Timing 38-191] Multithreading enabled for timing update using a maximum of 4 CPUs
WARNING: [Timing 38-242] The property HD.CLK_SRC of clock port "ap_clk" is not set. In out-of-context mode, this prevents timing estimation for clock delay/skew
Resolution: Set the HD.CLK_SRC property of the out-of-context port to the location of the clock buffer instance in the top-level design
report_timing_summary: Time (s): cpu = 00:00:59 ; elapsed = 00:00:19 . Memory (MB): peak = 6180.371 ; gain = 48.000 ; free physical = 8634 ; free virtual = 18522
# close_design
# exit
INFO: [Common 17-206] Exiting Vivado at Fri Sep  4 12:06:22 2026...
