cd build/hks_postroute && HKS_IMPL_PROJECT="/home/timhan/FHE/openfhe-for-HKS-ACC/src/fpga_backend/Solution/hks_digit_csynth_wide256_direct_r3" \
	/tools/Xilinx/Vivado/2023.2/bin/vivado -mode batch -source ../../hks_postroute.tcl

****** Vivado v2023.2 (64-bit)
  **** SW Build 4029153 on Fri Oct 13 20:13:54 MDT 2023
  **** IP Build 4028589 on Sat Oct 14 00:45:43 MDT 2023
  **** SharedData Build 4025554 on Tue Oct 10 17:18:54 MDT 2023
    ** Copyright 1986-2022 Xilinx, Inc. All Rights Reserved.
    ** Copyright 2022-2023 Advanced Micro Devices, Inc. All Rights Reserved.

source ../../hks_postroute.tcl
# if {![info exists ::env(HKS_IMPL_PROJECT)]} { error "HKS_IMPL_PROJECT is required" }
# set project [file normalize $::env(HKS_IMPL_PROJECT)]
# set impl [file join $project solution1 impl verilog]
# set checkpoints [glob -nocomplain [file join $impl project.runs impl_1 *_routed.dcp]]
# if {[llength $checkpoints] != 1} { error "Expected one completed routed checkpoint" }
# set reports [file join $impl report postroute_margin]
# file mkdir $reports
# set_param general.maxThreads 4
# open_checkpoint [lindex $checkpoints 0]
Command: open_checkpoint /home/timhan/FHE/openfhe-for-HKS-ACC/src/fpga_backend/Solution/hks_digit_csynth_wide256_direct_r3/solution1/impl/verilog/project.runs/impl_1/bd_0_wrapper_routed.dcp

Starting open_checkpoint Task

Time (s): cpu = 00:00:00.02 ; elapsed = 00:00:00.03 . Memory (MB): peak = 1299.500 ; gain = 0.000 ; free physical = 13509 ; free virtual = 23230
INFO: [Device 21-403] Loading part xcu55c-fsvh2892-2L-e
Netlist sorting complete. Time (s): cpu = 00:00:00.89 ; elapsed = 00:00:00.88 . Memory (MB): peak = 3058.945 ; gain = 4.000 ; free physical = 11650 ; free virtual = 21479
INFO: [Netlist 29-17] Analyzing 9038 Unisim elements for replacement
INFO: [Netlist 29-28] Unisim Transformation completed in 3 CPU seconds
INFO: [Project 1-479] Netlist was created with Vivado 2023.2
INFO: [Project 1-570] Preparing netlist for logic optimization
Read ShapeDB Complete: Time (s): cpu = 00:00:00.26 ; elapsed = 00:00:00.31 . Memory (MB): peak = 3634.703 ; gain = 47.984 ; free physical = 11074 ; free virtual = 20905
INFO: [Timing 38-478] Restoring timing data from binary archive.
INFO: [Timing 38-479] Binary timing data restore complete.
INFO: [Project 1-856] Restoring constraints from binary archive.
INFO: [Project 1-853] Binary constraint restore complete.
INFO: [Designutils 20-5722] Start Reading Physical Databases.
Reading placement.
Read Netlist Cache: Time (s): cpu = 00:00:00.18 ; elapsed = 00:00:00.18 . Memory (MB): peak = 4990.648 ; gain = 0.000 ; free physical = 9784 ; free virtual = 19626
Reading placer database...
Read Device Cache: Time (s): cpu = 00:00:00.01 ; elapsed = 00:00:00.02 . Memory (MB): peak = 4990.648 ; gain = 0.000 ; free physical = 9784 ; free virtual = 19626
Read PlaceDB: Time (s): cpu = 00:00:04 ; elapsed = 00:00:05 . Memory (MB): peak = 5152.031 ; gain = 161.383 ; free physical = 9621 ; free virtual = 19462
Read PulsedLatchDB: Time (s): cpu = 00:00:00 ; elapsed = 00:00:00 . Memory (MB): peak = 5152.031 ; gain = 0.000 ; free physical = 9621 ; free virtual = 19462
Reading routing.
Read RouteStorage: Time (s): cpu = 00:00:04 ; elapsed = 00:00:04 . Memory (MB): peak = 5239.031 ; gain = 87.000 ; free physical = 9534 ; free virtual = 19376
Read Physdb Files: Time (s): cpu = 00:00:08 ; elapsed = 00:00:09 . Memory (MB): peak = 5239.031 ; gain = 248.383 ; free physical = 9534 ; free virtual = 19376
Restored from archive | CPU: 8.590000 secs | Memory: 341.694344 MB |
Finished XDEF File Restore: Time (s): cpu = 00:00:08 ; elapsed = 00:00:09 . Memory (MB): peak = 5239.031 ; gain = 248.383 ; free physical = 9534 ; free virtual = 19376
Netlist sorting complete. Time (s): cpu = 00:00:00.02 ; elapsed = 00:00:00.02 . Memory (MB): peak = 5425.977 ; gain = 0.000 ; free physical = 9324 ; free virtual = 19201
INFO: [Project 1-111] Unisim Transformation Summary:
  A total of 1544 instances were transformed.
  DSP48E2 => DSP48E2 (DSP_ALU, DSP_A_B_DATA, DSP_C_DATA, DSP_MULTIPLIER, DSP_M_DATA, DSP_OUTPUT, DSP_PREADD, DSP_PREADD_DATA): 1160 instances
  RAM16X1S => RAM32X1S (RAMS32): 384 instances

INFO: [Project 1-604] Checkpoint was created with Vivado v2023.2 (64-bit) build 4029153
open_checkpoint: Time (s): cpu = 00:00:47 ; elapsed = 00:00:45 . Memory (MB): peak = 5426.012 ; gain = 4126.512 ; free physical = 9324 ; free virtual = 19201
# report_route_status -file [file join $reports route_status.rpt]
report_route_status: Time (s): cpu = 00:00:29 ; elapsed = 00:00:19 . Memory (MB): peak = 6132.266 ; gain = 706.254 ; free physical = 8670 ; free virtual = 18547
# report_utilization -file [file join $reports utilization.rpt]
report_utilization: Time (s): cpu = 00:00:08 ; elapsed = 00:00:08 . Memory (MB): peak = 6132.266 ; gain = 0.000 ; free physical = 8699 ; free virtual = 18577
# report_timing_summary -file [file join $reports timing_default.rpt]
INFO: [Timing 38-91] UpdateTimingParams: Speed grade: -2L, Temperature grade: E, Delay Type: min_max.
INFO: [Timing 38-191] Multithreading enabled for timing update using a maximum of 4 CPUs
WARNING: [Timing 38-242] The property HD.CLK_SRC of clock port "ap_clk" is not set. In out-of-context mode, this prevents timing estimation for clock delay/skew
Resolution: Set the HD.CLK_SRC property of the out-of-context port to the location of the clock buffer instance in the top-level design
report_timing_summary: Time (s): cpu = 00:00:55 ; elapsed = 00:00:19 . Memory (MB): peak = 6143.887 ; gain = 11.621 ; free physical = 8679 ; free virtual = 18560
# if {[llength [get_clocks ap_clk]] != 1} { error "Expected the ap_clk clock" }
# set_clock_uncertainty -setup 0.75 [get_clocks ap_clk]
# report_timing_summary -report_unconstrained -file [file join $reports timing_setup075.rpt]
INFO: [Timing 38-91] UpdateTimingParams: Speed grade: -2L, Temperature grade: E, Delay Type: min_max.
INFO: [Timing 38-191] Multithreading enabled for timing update using a maximum of 4 CPUs
report_timing_summary: Time (s): cpu = 00:00:19 ; elapsed = 00:00:07 . Memory (MB): peak = 6143.887 ; gain = 0.000 ; free physical = 8678 ; free virtual = 18560
# report_timing -max_paths 10 -nets -file [file join $reports paths_setup075.rpt]
CRITICAL WARNING: [Vivado 12-1569] report_timing: The -nets option to is deprecated. The default behavior is to display net names if the timing path format allows it.
INFO: [Timing 38-91] UpdateTimingParams: Speed grade: -2L, Temperature grade: E, Delay Type: max.
INFO: [Timing 38-191] Multithreading enabled for timing update using a maximum of 4 CPUs
INFO: [Timing 38-78] ReportTimingParams: -max_paths 10 -nworst 1 -delay_type max -sort_by slack.
# report_high_fanout_nets -file [file join $reports high_fanout.rpt]
report_high_fanout_nets: Time (s): cpu = 00:00:08 ; elapsed = 00:00:08 . Memory (MB): peak = 6143.887 ; gain = 0.000 ; free physical = 8676 ; free virtual = 18558
report_high_fanout_nets: Time (s): cpu = 00:00:08 ; elapsed = 00:00:08 . Memory (MB): peak = 6143.887 ; gain = 0.000 ; free physical = 8676 ; free virtual = 18558
# report_design_analysis -congestion -file [file join $reports congestion.rpt]
# redirect -file [file join $reports check_timing.rpt] {check_timing -verbose}
invalid command name "redirect"
    while executing
"redirect -file [file join $reports check_timing.rpt] {check_timing -verbose}"
    (file "../../hks_postroute.tcl" line 21)
INFO: [Common 17-206] Exiting Vivado at Fri Sep  4 12:02:44 2026...
make: *** [Makefile:291: hks-postroute] Error 1
