Copyright 1986-2022 Xilinx, Inc. All Rights Reserved. Copyright 2022-2023 Advanced Micro Devices, Inc. All Rights Reserved.
----------------------------------------------------------------------------------------------------------------------------------------------------------------------------------------------------------------------
| Tool Version      : Vivado v.2023.2 (lin64) Build 4029153 Fri Oct 13 20:13:54 MDT 2023
| Date              : Fri Sep  4 12:05:41 2026
| Host              : LAPTOP-PERMR8RO running 64-bit Ubuntu 22.04.5 LTS
| Command           : report_timing_summary -file /home/timhan/FHE/openfhe-for-HKS-ACC/src/fpga_backend/Solution/hks_digit_csynth_wide256_direct_r3/solution1/impl/verilog/report/postroute_margin/timing_default.rpt
| Design            : bd_0_wrapper
| Device            : xcu55c-fsvh2892
| Speed File        : -2L  PRODUCTION 1.30 05-01-2022
| Design State      : Routed
| Temperature Grade : E
----------------------------------------------------------------------------------------------------------------------------------------------------------------------------------------------------------------------

Timing Summary Report

------------------------------------------------------------------------------------------------
| Timer Settings
| --------------
------------------------------------------------------------------------------------------------

  Enable Multi Corner Analysis               :  Yes
  Enable Pessimism Removal                   :  Yes
  Pessimism Removal Resolution               :  Nearest Common Node
  Enable Input Delay Default Clock           :  No
  Enable Preset / Clear Arcs                 :  No
  Disable Flight Delays                      :  No
  Ignore I/O Paths                           :  No
  Timing Early Launch at Borrowing Latches   :  No
  Borrow Time for Max Delay Exceptions       :  Yes
  Merge Timing Exceptions                    :  Yes
  Inter-SLR Compensation                     :  Conservative

  Corner  Analyze    Analyze    
  Name    Max Paths  Min Paths  
  ------  ---------  ---------  
  Slow    Yes        Yes        
  Fast    Yes        Yes        


------------------------------------------------------------------------------------------------
| Report Methodology
| ------------------
------------------------------------------------------------------------------------------------

Rule       Severity  Description                    Violations  
---------  --------  -----------------------------  ----------  
TIMING-18  Warning   Missing input or output delay  1000        

Note: This report is based on the most recent report_methodology run and may not be up-to-date. Run report_methodology on the current design for the latest report.



check_timing report

Table of Contents
-----------------
1. checking no_clock (0)
2. checking constant_clock (0)
3. checking pulse_width_clock (0)
4. checking unconstrained_internal_endpoints (0)
5. checking no_input_delay (580)
6. checking no_output_delay (526)
7. checking multiple_clock (0)
8. checking generated_clocks (0)
9. checking loops (0)
10. checking partial_input_delay (0)
11. checking partial_output_delay (0)
12. checking latch_loops (0)

1. checking no_clock (0)
------------------------
 There are 0 register/latch pins with no clock.


2. checking constant_clock (0)
------------------------------
 There are 0 register/latch pins with constant_clock.


3. checking pulse_width_clock (0)
---------------------------------
 There are 0 register/latch pins which need pulse_width check


4. checking unconstrained_internal_endpoints (0)
------------------------------------------------
 There are 0 pins that are not constrained for maximum delay.

 There are 0 pins that are not constrained for maximum delay due to constant clock.


5. checking no_input_delay (580)
--------------------------------
 There are 580 input ports with no input delay specified. (HIGH)

 There are 0 input ports with no input delay but user has a false path constraint.


6. checking no_output_delay (526)
---------------------------------
 There are 526 ports with no output delay specified. (HIGH)

 There are 0 ports with no output delay but user has a false path constraint

 There are 0 ports with no output delay but with a timing clock defined on it or propagating through it


7. checking multiple_clock (0)
------------------------------
 There are 0 register/latch pins with multiple clocks.


8. checking generated_clocks (0)
--------------------------------
 There are 0 generated clocks that are not connected to a clock source.


9. checking loops (0)
---------------------
 There are 0 combinational loops in the design.


10. checking partial_input_delay (0)
------------------------------------
 There are 0 input ports with partial input delay specified.


11. checking partial_output_delay (0)
-------------------------------------
 There are 0 ports with partial output delay specified.


12. checking latch_loops (0)
----------------------------
 There are 0 combinational latch loops in the design through latch input



------------------------------------------------------------------------------------------------
| Design Timing Summary
| ---------------------
------------------------------------------------------------------------------------------------

    WNS(ns)      TNS(ns)  TNS Failing Endpoints  TNS Total Endpoints      WHS(ns)      THS(ns)  THS Failing Endpoints  THS Total Endpoints     WPWS(ns)     TPWS(ns)  TPWS Failing Endpoints  TPWS Total Endpoints  
    -------      -------  ---------------------  -------------------      -------      -------  ---------------------  -------------------     --------     --------  ----------------------  --------------------  
     -0.029       -0.029                      1               289422        0.019        0.000                      0               289422        2.300        0.000                       0                 74371  


Timing constraints are not met.


------------------------------------------------------------------------------------------------
| Clock Summary
| -------------
------------------------------------------------------------------------------------------------

Clock   Waveform(ns)         Period(ns)      Frequency(MHz)
-----   ------------         ----------      --------------
ap_clk  {0.000 3.000}        6.000           166.667         


------------------------------------------------------------------------------------------------
| Intra Clock Table
| -----------------
------------------------------------------------------------------------------------------------

Clock             WNS(ns)      TNS(ns)  TNS Failing Endpoints  TNS Total Endpoints      WHS(ns)      THS(ns)  THS Failing Endpoints  THS Total Endpoints     WPWS(ns)     TPWS(ns)  TPWS Failing Endpoints  TPWS Total Endpoints  
-----             -------      -------  ---------------------  -------------------      -------      -------  ---------------------  -------------------     --------     --------  ----------------------  --------------------  
ap_clk             -0.029       -0.029                      1               289422        0.019        0.000                      0               289422        2.300        0.000                       0                 74371  


------------------------------------------------------------------------------------------------
| Inter Clock Table
| -----------------
------------------------------------------------------------------------------------------------

From Clock    To Clock          WNS(ns)      TNS(ns)  TNS Failing Endpoints  TNS Total Endpoints      WHS(ns)      THS(ns)  THS Failing Endpoints  THS Total Endpoints  
----------    --------          -------      -------  ---------------------  -------------------      -------      -------  ---------------------  -------------------  


------------------------------------------------------------------------------------------------
| Other Path Groups Table
| -----------------------
------------------------------------------------------------------------------------------------

Path Group    From Clock    To Clock          WNS(ns)      TNS(ns)  TNS Failing Endpoints  TNS Total Endpoints      WHS(ns)      THS(ns)  THS Failing Endpoints  THS Total Endpoints  
----------    ----------    --------          -------      -------  ---------------------  -------------------      -------      -------  ---------------------  -------------------  


------------------------------------------------------------------------------------------------
| Timing Details
| --------------
------------------------------------------------------------------------------------------------


---------------------------------------------------------------------------------------------------
From Clock:  ap_clk
  To Clock:  ap_clk

Setup :            1  Failing Endpoint ,  Worst Slack       -0.029ns,  Total Violation       -0.029ns
Hold  :            0  Failing Endpoints,  Worst Slack        0.019ns,  Total Violation        0.000ns
PW    :            0  Failing Endpoints,  Worst Slack        2.300ns,  Total Violation        0.000ns
---------------------------------------------------------------------------------------------------


Max Delay Paths
--------------------------------------------------------------------------------------
Slack (VIOLATED) :        -0.029ns  (required time - arrival time)
  Source:                 bd_0_i/hls_inst/inst/p_ZL13poly_buffer_1_7_3_U/ram_reg/CLKARDCLK
                            (rising edge-triggered cell RAMB36E2 clocked by ap_clk  {rise@0.000ns fall@3.000ns period=6.000ns})
  Destination:            bd_0_i/hls_inst/inst/p_ZL13result_buffer_2_3_U/ram_reg_bram_1/DINADIN[2]
                            (rising edge-triggered cell RAMB36E2 clocked by ap_clk  {rise@0.000ns fall@3.000ns period=6.000ns})
  Path Group:             ap_clk
  Path Type:              Setup (Max at Slow Process Corner)
  Requirement:            6.000ns  (ap_clk rise@6.000ns - ap_clk rise@0.000ns)
  Data Path Delay:        5.681ns  (logic 1.544ns (27.179%)  route 4.137ns (72.821%))
  Logic Levels:           8  (CARRY8=3 LUT2=1 LUT6=3 MUXF7=1)
  Clock Path Skew:        -0.037ns (DCD - SCD + CPR)
    Destination Clock Delay (DCD):    0.039ns = ( 6.039 - 6.000 ) 
    Source Clock Delay      (SCD):    0.076ns
    Clock Pessimism Removal (CPR):    0.000ns
  Clock Uncertainty:      0.035ns  ((TSJ^2 + TIJ^2)^1/2 + DJ) / 2 + PE
    Total System Jitter     (TSJ):    0.071ns
    Total Input Jitter      (TIJ):    0.000ns
    Discrete Jitter          (DJ):    0.000ns
    Phase Error              (PE):    0.000ns

    Location             Delay type                Incr(ns)  Path(ns)    Netlist Resource(s)
  -------------------------------------------------------------------    -------------------
                         (clock ap_clk rise edge)     0.000     0.000 r  
                                                      0.000     0.000 r  ap_clk (IN)
                         net (fo=79370, unset)        0.076     0.076    bd_0_i/hls_inst/inst/p_ZL13poly_buffer_1_7_3_U/ap_clk
    RAMB36_X7Y26         RAMB36E2                                     r  bd_0_i/hls_inst/inst/p_ZL13poly_buffer_1_7_3_U/ram_reg/CLKARDCLK
  -------------------------------------------------------------------    -------------------
    RAMB36_X7Y26         RAMB36E2 (Prop_RAMB36E2_RAMB36_CLKARDCLK_DOUTADOUT[21])
                                                      0.837     0.913 r  bd_0_i/hls_inst/inst/p_ZL13poly_buffer_1_7_3_U/ram_reg/DOUTADOUT[21]
                         net (fo=6, routed)           0.796     1.709    bd_0_i/hls_inst/inst/grp_Compute_Auto_fu_771/grp_Compute_Auto_Pipeline_ROW_COL_fu_276/sparsemux_17_3_64_1_1_U209/p_ZL13poly_buffer_1_7_3_q0[21]
    SLICE_X102Y148       LUT6 (Prop_C6LUT_SLICEM_I0_O)
                                                      0.098     1.807 r  bd_0_i/hls_inst/inst/grp_Compute_Auto_fu_771/grp_Compute_Auto_Pipeline_ROW_COL_fu_276/sparsemux_17_3_64_1_1_U209/ram_reg_bram_0_i_202/O
                         net (fo=1, routed)           0.021     1.828    bd_0_i/hls_inst/inst/grp_Compute_Auto_fu_771/grp_Compute_Auto_Pipeline_ROW_COL_fu_276/sparsemux_17_3_64_1_1_U209/ram_reg_bram_0_i_202_n_5
    SLICE_X102Y148       MUXF7 (Prop_F7MUX_CD_SLICEM_I1_O)
                                                      0.068     1.896 r  bd_0_i/hls_inst/inst/grp_Compute_Auto_fu_771/grp_Compute_Auto_Pipeline_ROW_COL_fu_276/sparsemux_17_3_64_1_1_U209/ram_reg_bram_0_i_124/O
                         net (fo=4, routed)           0.718     2.614    bd_0_i/hls_inst/inst/grp_Compute_Auto_fu_771/grp_Compute_Auto_Pipeline_ROW_COL_fu_276/v_3_fu_2156_p19[21]
    SLICE_X111Y149       LUT2 (Prop_F6LUT_SLICEM_I1_O)
                                                      0.051     2.665 r  bd_0_i/hls_inst/inst/grp_Compute_Auto_fu_771/grp_Compute_Auto_Pipeline_ROW_COL_fu_276/ram_reg_bram_0_i_193__3/O
                         net (fo=1, routed)           0.022     2.687    bd_0_i/hls_inst/inst/grp_Compute_Auto_fu_771/grp_Compute_Auto_Pipeline_ROW_COL_fu_276/ram_reg_bram_0_i_193__3_n_5
    SLICE_X111Y149       CARRY8 (Prop_CARRY8_SLICEM_S[5]_CO[7])
                                                      0.159     2.846 r  bd_0_i/hls_inst/inst/grp_Compute_Auto_fu_771/grp_Compute_Auto_Pipeline_ROW_COL_fu_276/ram_reg_bram_0_i_122__2/CO[7]
                         net (fo=1, routed)           0.052     2.898    bd_0_i/hls_inst/inst/grp_Compute_Auto_fu_771/grp_Compute_Auto_Pipeline_ROW_COL_fu_276/ram_reg_bram_0_i_122__2_n_5
    SLICE_X111Y150       CARRY8 (Prop_CARRY8_SLICEM_CI_CO[7])
                                                      0.015     2.913 r  bd_0_i/hls_inst/inst/grp_Compute_Auto_fu_771/grp_Compute_Auto_Pipeline_ROW_COL_fu_276/ram_reg_bram_0_i_113__5/CO[7]
                         net (fo=1, routed)           0.026     2.939    bd_0_i/hls_inst/inst/grp_Compute_Auto_fu_771/grp_Compute_Auto_Pipeline_ROW_COL_fu_276/ram_reg_bram_0_i_113__5_n_5
    SLICE_X111Y151       CARRY8 (Prop_CARRY8_SLICEM_CI_O[6])
                                                      0.103     3.042 r  bd_0_i/hls_inst/inst/grp_Compute_Auto_fu_771/grp_Compute_Auto_Pipeline_ROW_COL_fu_276/ram_reg_bram_0_i_149__3/O[6]
                         net (fo=2, routed)           1.144     4.186    bd_0_i/hls_inst/inst/grp_Compute_Auto_fu_771/grp_Compute_Auto_Pipeline_ROW_COL_fu_276/sub_ln82_3_fu_2201_p2[38]
    SLICE_X126Y172       LUT6 (Prop_F6LUT_SLICEM_I4_O)
                                                      0.123     4.309 r  bd_0_i/hls_inst/inst/grp_Compute_Auto_fu_771/grp_Compute_Auto_Pipeline_ROW_COL_fu_276/ram_reg_bram_1_i_79__4/O
                         net (fo=1, routed)           0.694     5.003    bd_0_i/hls_inst/inst/grp_MultMod_1_fu_2955/sub_64ns_64s_64_3_1_U1189/ram_reg_bram_1_4
    SLICE_X149Y179       LUT6 (Prop_G6LUT_SLICEM_I1_O)
                                                      0.090     5.093 r  bd_0_i/hls_inst/inst/grp_MultMod_1_fu_2955/sub_64ns_64s_64_3_1_U1189/ram_reg_bram_1_i_26/O
                         net (fo=1, routed)           0.664     5.757    bd_0_i/hls_inst/inst/p_ZL13result_buffer_2_3_U/d1[38]
    RAMB36_X11Y36        RAMB36E2                                     r  bd_0_i/hls_inst/inst/p_ZL13result_buffer_2_3_U/ram_reg_bram_1/DINADIN[2]
  -------------------------------------------------------------------    -------------------

                         (clock ap_clk rise edge)     6.000     6.000 r  
                                                      0.000     6.000 r  ap_clk (IN)
                         net (fo=79370, unset)        0.039     6.039    bd_0_i/hls_inst/inst/p_ZL13result_buffer_2_3_U/ap_clk
    RAMB36_X11Y36        RAMB36E2                                     r  bd_0_i/hls_inst/inst/p_ZL13result_buffer_2_3_U/ram_reg_bram_1/CLKARDCLK
                         clock pessimism              0.000     6.039    
                         clock uncertainty           -0.035     6.004    
    RAMB36_X11Y36        RAMB36E2 (Setup_RAMB36E2_RAMB36_CLKARDCLK_DINADIN[2])
                                                     -0.276     5.728    bd_0_i/hls_inst/inst/p_ZL13result_buffer_2_3_U/ram_reg_bram_1
  -------------------------------------------------------------------
                         required time                          5.728    
                         arrival time                          -5.757    
  -------------------------------------------------------------------
                         slack                                 -0.029    





Min Delay Paths
--------------------------------------------------------------------------------------
Slack (MET) :             0.019ns  (arrival time - required time)
  Source:                 bd_0_i/hls_inst/inst/gmem2_m_axi_U/store_unit/fifo_wreq/U_fifo_srl/dout_reg[15]/C
                            (rising edge-triggered cell FDRE clocked by ap_clk  {rise@0.000ns fall@3.000ns period=6.000ns})
  Destination:            bd_0_i/hls_inst/inst/gmem2_m_axi_U/store_unit/tmp_addr_reg[20]/D
                            (rising edge-triggered cell FDRE clocked by ap_clk  {rise@0.000ns fall@3.000ns period=6.000ns})
  Path Group:             ap_clk
  Path Type:              Hold (Min at Fast Process Corner)
  Requirement:            0.000ns  (ap_clk rise@0.000ns - ap_clk rise@0.000ns)
  Data Path Delay:        0.072ns  (logic 0.039ns (54.167%)  route 0.033ns (45.833%))
  Logic Levels:           0  
  Clock Path Skew:        0.006ns (DCD - SCD - CPR)
    Destination Clock Delay (DCD):    0.018ns
    Source Clock Delay      (SCD):    0.012ns
    Clock Pessimism Removal (CPR):    -0.000ns

    Location             Delay type                Incr(ns)  Path(ns)    Netlist Resource(s)
  -------------------------------------------------------------------    -------------------
                         (clock ap_clk rise edge)     0.000     0.000 r  
                                                      0.000     0.000 r  ap_clk (IN)
                         net (fo=79370, unset)        0.012     0.012    bd_0_i/hls_inst/inst/gmem2_m_axi_U/store_unit/fifo_wreq/U_fifo_srl/ap_clk
    SLICE_X93Y228        FDRE                                         r  bd_0_i/hls_inst/inst/gmem2_m_axi_U/store_unit/fifo_wreq/U_fifo_srl/dout_reg[15]/C
  -------------------------------------------------------------------    -------------------
    SLICE_X93Y228        FDRE (Prop_DFF_SLICEL_C_Q)
                                                      0.039     0.051 r  bd_0_i/hls_inst/inst/gmem2_m_axi_U/store_unit/fifo_wreq/U_fifo_srl/dout_reg[15]/Q
                         net (fo=1, routed)           0.033     0.084    bd_0_i/hls_inst/inst/gmem2_m_axi_U/store_unit/fifo_wreq_n_78
    SLICE_X93Y228        FDRE                                         r  bd_0_i/hls_inst/inst/gmem2_m_axi_U/store_unit/tmp_addr_reg[20]/D
  -------------------------------------------------------------------    -------------------

                         (clock ap_clk rise edge)     0.000     0.000 r  
                                                      0.000     0.000 r  ap_clk (IN)
                         net (fo=79370, unset)        0.018     0.018    bd_0_i/hls_inst/inst/gmem2_m_axi_U/store_unit/ap_clk
    SLICE_X93Y228        FDRE                                         r  bd_0_i/hls_inst/inst/gmem2_m_axi_U/store_unit/tmp_addr_reg[20]/C
                         clock pessimism              0.000     0.018    
    SLICE_X93Y228        FDRE (Hold_CFF2_SLICEL_C_D)
                                                      0.047     0.065    bd_0_i/hls_inst/inst/gmem2_m_axi_U/store_unit/tmp_addr_reg[20]
  -------------------------------------------------------------------
                         required time                         -0.065    
                         arrival time                           0.084    
  -------------------------------------------------------------------
                         slack                                  0.019    





Pulse Width Checks
--------------------------------------------------------------------------------------
Clock Name:         ap_clk
Waveform(ns):       { 0.000 3.000 }
Period(ns):         6.000
Sources:            { ap_clk }

Check Type        Corner  Lib Pin      Reference Pin  Required(ns)  Actual(ns)  Slack(ns)  Location       Pin
Min Period        n/a     URAM288/CLK  n/a            2.000         6.000       4.000      URAM288_X2Y59  bd_0_i/hls_inst/inst/p_ZL16NTTTwiddleFactor_0_0_U/ram_reg_uram_0/CLK
Low Pulse Width   Slow    URAM288/CLK  n/a            0.700         3.000       2.300      URAM288_X2Y59  bd_0_i/hls_inst/inst/p_ZL16NTTTwiddleFactor_0_0_U/ram_reg_uram_0/CLK
High Pulse Width  Slow    URAM288/CLK  n/a            0.700         3.000       2.300      URAM288_X2Y59  bd_0_i/hls_inst/inst/p_ZL16NTTTwiddleFactor_0_0_U/ram_reg_uram_0/CLK



