Copyright 1986-2022 Xilinx, Inc. All Rights Reserved. Copyright 2022-2023 Advanced Micro Devices, Inc. All Rights Reserved.
----------------------------------------------------------------------------------------------------------------------------------------------------------------------------------------------------------------
| Tool Version : Vivado v.2023.2 (lin64) Build 4029153 Fri Oct 13 20:13:54 MDT 2023
| Date         : Fri Sep  4 12:05:57 2026
| Host         : LAPTOP-PERMR8RO running 64-bit Ubuntu 22.04.5 LTS
| Command      : report_high_fanout_nets -file /home/timhan/FHE/openfhe-for-HKS-ACC/src/fpga_backend/Solution/hks_digit_csynth_wide256_direct_r3/solution1/impl/verilog/report/postroute_margin/high_fanout.rpt
| Design       : bd_0_wrapper
| Device       : xcu55c
----------------------------------------------------------------------------------------------------------------------------------------------------------------------------------------------------------------

High Fan-out Nets Information

1. Summary
----------

+-----------------------------------------------------------------------------------------------------------------------------------------------------------------------------------------------------------------------------+--------+-------------+
| Net Name                                                                                                                                                                                                                    | Fanout | Driver Type |
+-----------------------------------------------------------------------------------------------------------------------------------------------------------------------------------------------------------------------------+--------+-------------+
| ap_rst_n                                                                                                                                                                                                                    |   2830 | PORT        |
| bd_0_i/hls_inst/inst/grp_Compute_BConv_Systolic_fu_1053/grp_Compute_BConv_Systolic_Pipeline_Systolic_Loop_fu_714/flow_control_loop_pipe_sequential_init_U/ap_loop_init                                                      |   1551 | BUFGCE      |
| bd_0_i/hls_inst/inst/grp_Execute_Transform_Operation_fu_2188/grp_Compute_BConv_Systolic_33_34_fu_1005/grp_Compute_BConv_Systolic_33_34_Pipeline_Systolic_Loop_fu_1000/flow_control_loop_pipe_sequential_init_U/ap_loop_init |   1551 | BUFGCE      |
| bd_0_i/hls_inst/inst/p_ZL13result_buffer_0_0_U/p_ZL13poly_buffer_1_0_2_address01                                                                                                                                            |   1158 | LUT2        |
| bd_0_i/hls_inst/inst/p_ZL13result_buffer_2_4_U/ap_CS_fsm_reg[9]_2                                                                                                                                                           |   1158 | LUT2        |
| bd_0_i/hls_inst/inst/p_ZL13result_buffer_2_7_U/ap_CS_fsm_reg[9]_0                                                                                                                                                           |   1157 | LUT2        |
| bd_0_i/hls_inst/inst/grp_Compute_BConv_Systolic_fu_1053/grp_Compute_BConv_Systolic_Pipeline_Store_X_VITIS_LOOP_194_3_fu_817/select_ln192_1_fu_2037_p3[0]                                                                    |   1032 | CARRY8      |
| bd_0_i/hls_inst/inst/grp_Compute_BConv_Systolic_fu_1053/grp_Compute_BConv_Systolic_Pipeline_Store_X_VITIS_LOOP_194_3_fu_817/select_ln192_1_fu_2037_p3[1]                                                                    |   1032 | CARRY8      |
| bd_0_i/hls_inst/inst/grp_Compute_BConv_Systolic_fu_1053/grp_Compute_BConv_Systolic_Pipeline_Systolic_Loop_fu_714/x_in_fu_292[63]_i_2__0_n_5                                                                                 |    960 | LUT2        |
| bd_0_i/hls_inst/inst/grp_Execute_Transform_Operation_fu_2188/grp_Compute_BConv_Systolic_33_34_fu_1005/grp_Compute_BConv_Systolic_33_34_Pipeline_Systolic_Loop_fu_1000/x_in_fu_292[63]_i_2_n_5                               |    960 | LUT2        |
+-----------------------------------------------------------------------------------------------------------------------------------------------------------------------------------------------------------------------------+--------+-------------+


