Copyright 1986-2022 Xilinx, Inc. All Rights Reserved. Copyright 2022-2023 Advanced Micro Devices, Inc. All Rights Reserved.
----------------------------------------------------------------------------------------------------------------------------------------------------------------------------------------------------------------------------
| Tool Version      : Vivado v.2023.2 (lin64) Build 4029153 Fri Oct 13 20:13:54 MDT 2023
| Date              : Fri Sep  4 12:05:48 2026
| Host              : LAPTOP-PERMR8RO running 64-bit Ubuntu 22.04.5 LTS
| Command           : report_timing -max_paths 10 -file /home/timhan/FHE/openfhe-for-HKS-ACC/src/fpga_backend/Solution/hks_digit_csynth_wide256_direct_r3/solution1/impl/verilog/report/postroute_margin/paths_setup075.rpt
| Design            : bd_0_wrapper
| Device            : xcu55c-fsvh2892
| Speed File        : -2L  PRODUCTION 1.30 05-01-2022
| Design State      : Routed
| Temperature Grade : E
----------------------------------------------------------------------------------------------------------------------------------------------------------------------------------------------------------------------------

Timing Report

Slack (VIOLATED) :        -0.779ns  (required time - arrival time)
  Source:                 bd_0_i/hls_inst/inst/p_ZL13poly_buffer_1_7_3_U/ram_reg/CLKARDCLK
                            (rising edge-triggered cell RAMB36E2 clocked by ap_clk  {rise@0.000ns fall@3.000ns period=6.000ns})
  Destination:            bd_0_i/hls_inst/inst/p_ZL13result_buffer_2_3_U/ram_reg_bram_1/DINADIN[2]
                            (rising edge-triggered cell RAMB36E2 clocked by ap_clk  {rise@0.000ns fall@3.000ns period=6.000ns})
  Path Group:             ap_clk
  Path Type:              Setup (Max at Slow Process Corner)
  Requirement:            6.000ns  (ap_clk rise@6.000ns - ap_clk rise@0.000ns)
  Data Path Delay:        5.681ns  (logic 1.544ns (27.179%)  route 4.137ns (72.821%))
  Logic Levels:           8  (CARRY8=3 LUT2=1 LUT6=3 MUXF7=1)
  Clock Path Skew:        -0.037ns (DCD - SCD + CPR)
    Destination Clock Delay (DCD):    0.039ns = ( 6.039 - 6.000 ) 
    Source Clock Delay      (SCD):    0.076ns
    Clock Pessimism Removal (CPR):    0.000ns
  Clock Uncertainty:      0.785ns  ((TSJ^2 + TIJ^2)^1/2 + DJ) / 2 + PE + UU
    Total System Jitter     (TSJ):    0.071ns
    Total Input Jitter      (TIJ):    0.000ns
    Discrete Jitter          (DJ):    0.000ns
    Phase Error              (PE):    0.000ns
    User Uncertainty         (UU):    0.750ns

    Location             Delay type                Incr(ns)  Path(ns)    Netlist Resource(s)
  -------------------------------------------------------------------    -------------------
                         (clock ap_clk rise edge)     0.000     0.000 r  
                                                      0.000     0.000 r  ap_clk (IN)
                         net (fo=79370, unset)        0.076     0.076    bd_0_i/hls_inst/inst/p_ZL13poly_buffer_1_7_3_U/ap_clk
    RAMB36_X7Y26         RAMB36E2                                     r  bd_0_i/hls_inst/inst/p_ZL13poly_buffer_1_7_3_U/ram_reg/CLKARDCLK
  -------------------------------------------------------------------    -------------------
    RAMB36_X7Y26         RAMB36E2 (Prop_RAMB36E2_RAMB36_CLKARDCLK_DOUTADOUT[21])
                                                      0.837     0.913 r  bd_0_i/hls_inst/inst/p_ZL13poly_buffer_1_7_3_U/ram_reg/DOUTADOUT[21]
                         net (fo=6, routed)           0.796     1.709    bd_0_i/hls_inst/inst/grp_Compute_Auto_fu_771/grp_Compute_Auto_Pipeline_ROW_COL_fu_276/sparsemux_17_3_64_1_1_U209/p_ZL13poly_buffer_1_7_3_q0[21]
    SLICE_X102Y148       LUT6 (Prop_C6LUT_SLICEM_I0_O)
                                                      0.098     1.807 r  bd_0_i/hls_inst/inst/grp_Compute_Auto_fu_771/grp_Compute_Auto_Pipeline_ROW_COL_fu_276/sparsemux_17_3_64_1_1_U209/ram_reg_bram_0_i_202/O
                         net (fo=1, routed)           0.021     1.828    bd_0_i/hls_inst/inst/grp_Compute_Auto_fu_771/grp_Compute_Auto_Pipeline_ROW_COL_fu_276/sparsemux_17_3_64_1_1_U209/ram_reg_bram_0_i_202_n_5
    SLICE_X102Y148       MUXF7 (Prop_F7MUX_CD_SLICEM_I1_O)
                                                      0.068     1.896 r  bd_0_i/hls_inst/inst/grp_Compute_Auto_fu_771/grp_Compute_Auto_Pipeline_ROW_COL_fu_276/sparsemux_17_3_64_1_1_U209/ram_reg_bram_0_i_124/O
                         net (fo=4, routed)           0.718     2.614    bd_0_i/hls_inst/inst/grp_Compute_Auto_fu_771/grp_Compute_Auto_Pipeline_ROW_COL_fu_276/v_3_fu_2156_p19[21]
    SLICE_X111Y149       LUT2 (Prop_F6LUT_SLICEM_I1_O)
                                                      0.051     2.665 r  bd_0_i/hls_inst/inst/grp_Compute_Auto_fu_771/grp_Compute_Auto_Pipeline_ROW_COL_fu_276/ram_reg_bram_0_i_193__3/O
                         net (fo=1, routed)           0.022     2.687    bd_0_i/hls_inst/inst/grp_Compute_Auto_fu_771/grp_Compute_Auto_Pipeline_ROW_COL_fu_276/ram_reg_bram_0_i_193__3_n_5
    SLICE_X111Y149       CARRY8 (Prop_CARRY8_SLICEM_S[5]_CO[7])
                                                      0.159     2.846 r  bd_0_i/hls_inst/inst/grp_Compute_Auto_fu_771/grp_Compute_Auto_Pipeline_ROW_COL_fu_276/ram_reg_bram_0_i_122__2/CO[7]
                         net (fo=1, routed)           0.052     2.898    bd_0_i/hls_inst/inst/grp_Compute_Auto_fu_771/grp_Compute_Auto_Pipeline_ROW_COL_fu_276/ram_reg_bram_0_i_122__2_n_5
    SLICE_X111Y150       CARRY8 (Prop_CARRY8_SLICEM_CI_CO[7])
                                                      0.015     2.913 r  bd_0_i/hls_inst/inst/grp_Compute_Auto_fu_771/grp_Compute_Auto_Pipeline_ROW_COL_fu_276/ram_reg_bram_0_i_113__5/CO[7]
                         net (fo=1, routed)           0.026     2.939    bd_0_i/hls_inst/inst/grp_Compute_Auto_fu_771/grp_Compute_Auto_Pipeline_ROW_COL_fu_276/ram_reg_bram_0_i_113__5_n_5
    SLICE_X111Y151       CARRY8 (Prop_CARRY8_SLICEM_CI_O[6])
                                                      0.103     3.042 r  bd_0_i/hls_inst/inst/grp_Compute_Auto_fu_771/grp_Compute_Auto_Pipeline_ROW_COL_fu_276/ram_reg_bram_0_i_149__3/O[6]
                         net (fo=2, routed)           1.144     4.186    bd_0_i/hls_inst/inst/grp_Compute_Auto_fu_771/grp_Compute_Auto_Pipeline_ROW_COL_fu_276/sub_ln82_3_fu_2201_p2[38]
    SLICE_X126Y172       LUT6 (Prop_F6LUT_SLICEM_I4_O)
                                                      0.123     4.309 r  bd_0_i/hls_inst/inst/grp_Compute_Auto_fu_771/grp_Compute_Auto_Pipeline_ROW_COL_fu_276/ram_reg_bram_1_i_79__4/O
                         net (fo=1, routed)           0.694     5.003    bd_0_i/hls_inst/inst/grp_MultMod_1_fu_2955/sub_64ns_64s_64_3_1_U1189/ram_reg_bram_1_4
    SLICE_X149Y179       LUT6 (Prop_G6LUT_SLICEM_I1_O)
                                                      0.090     5.093 r  bd_0_i/hls_inst/inst/grp_MultMod_1_fu_2955/sub_64ns_64s_64_3_1_U1189/ram_reg_bram_1_i_26/O
                         net (fo=1, routed)           0.664     5.757    bd_0_i/hls_inst/inst/p_ZL13result_buffer_2_3_U/d1[38]
    RAMB36_X11Y36        RAMB36E2                                     r  bd_0_i/hls_inst/inst/p_ZL13result_buffer_2_3_U/ram_reg_bram_1/DINADIN[2]
  -------------------------------------------------------------------    -------------------

                         (clock ap_clk rise edge)     6.000     6.000 r  
                                                      0.000     6.000 r  ap_clk (IN)
                         net (fo=79370, unset)        0.039     6.039    bd_0_i/hls_inst/inst/p_ZL13result_buffer_2_3_U/ap_clk
    RAMB36_X11Y36        RAMB36E2                                     r  bd_0_i/hls_inst/inst/p_ZL13result_buffer_2_3_U/ram_reg_bram_1/CLKARDCLK
                         clock pessimism              0.000     6.039    
                         clock uncertainty           -0.785     5.254    
    RAMB36_X11Y36        RAMB36E2 (Setup_RAMB36E2_RAMB36_CLKARDCLK_DINADIN[2])
                                                     -0.276     4.978    bd_0_i/hls_inst/inst/p_ZL13result_buffer_2_3_U/ram_reg_bram_1
  -------------------------------------------------------------------
                         required time                          4.978    
                         arrival time                          -5.757    
  -------------------------------------------------------------------
                         slack                                 -0.779    

Slack (VIOLATED) :        -0.750ns  (required time - arrival time)
  Source:                 bd_0_i/hls_inst/inst/p_ZL13poly_buffer_1_5_0_U/ram_reg/CLKARDCLK
                            (rising edge-triggered cell RAMB36E2 clocked by ap_clk  {rise@0.000ns fall@3.000ns period=6.000ns})
  Destination:            bd_0_i/hls_inst/inst/p_ZL13result_buffer_2_0_U/ram_reg_bram_1/DINADIN[25]
                            (rising edge-triggered cell RAMB36E2 clocked by ap_clk  {rise@0.000ns fall@3.000ns period=6.000ns})
  Path Group:             ap_clk
  Path Type:              Setup (Max at Slow Process Corner)
  Requirement:            6.000ns  (ap_clk rise@6.000ns - ap_clk rise@0.000ns)
  Data Path Delay:        5.668ns  (logic 1.436ns (25.335%)  route 4.232ns (74.665%))
  Logic Levels:           8  (LUT3=1 LUT4=1 LUT5=1 LUT6=4 MUXF7=1)
  Clock Path Skew:        -0.037ns (DCD - SCD + CPR)
    Destination Clock Delay (DCD):    0.039ns = ( 6.039 - 6.000 ) 
    Source Clock Delay      (SCD):    0.076ns
    Clock Pessimism Removal (CPR):    0.000ns
  Clock Uncertainty:      0.785ns  ((TSJ^2 + TIJ^2)^1/2 + DJ) / 2 + PE + UU
    Total System Jitter     (TSJ):    0.071ns
    Total Input Jitter      (TIJ):    0.000ns
    Discrete Jitter          (DJ):    0.000ns
    Phase Error              (PE):    0.000ns
    User Uncertainty         (UU):    0.750ns

    Location             Delay type                Incr(ns)  Path(ns)    Netlist Resource(s)
  -------------------------------------------------------------------    -------------------
                         (clock ap_clk rise edge)     0.000     0.000 r  
                                                      0.000     0.000 r  ap_clk (IN)
                         net (fo=79370, unset)        0.076     0.076    bd_0_i/hls_inst/inst/p_ZL13poly_buffer_1_5_0_U/ap_clk
    RAMB36_X4Y35         RAMB36E2                                     r  bd_0_i/hls_inst/inst/p_ZL13poly_buffer_1_5_0_U/ram_reg/CLKARDCLK
  -------------------------------------------------------------------    -------------------
    RAMB36_X4Y35         RAMB36E2 (Prop_RAMB36E2_RAMB36_CLKARDCLK_DOUTBDOUT[18])
                                                      0.828     0.904 r  bd_0_i/hls_inst/inst/p_ZL13poly_buffer_1_5_0_U/ram_reg/DOUTBDOUT[18]
                         net (fo=8, routed)           0.753     1.657    bd_0_i/hls_inst/inst/grp_Compute_Auto_fu_771/grp_Compute_Auto_Pipeline_ROW_COL_fu_276/sparsemux_17_3_64_1_1_U206/p_ZL13poly_buffer_1_5_0_q0[50]
    SLICE_X95Y176        LUT6 (Prop_A6LUT_SLICEM_I3_O)
                                                      0.090     1.747 r  bd_0_i/hls_inst/inst/grp_Compute_Auto_fu_771/grp_Compute_Auto_Pipeline_ROW_COL_fu_276/sparsemux_17_3_64_1_1_U206/ram_reg_bram_1_i_159/O
                         net (fo=1, routed)           0.011     1.758    bd_0_i/hls_inst/inst/grp_Compute_Auto_fu_771/grp_Compute_Auto_Pipeline_ROW_COL_fu_276/sparsemux_17_3_64_1_1_U206/ram_reg_bram_1_i_159_n_5
    SLICE_X95Y176        MUXF7 (Prop_F7MUX_AB_SLICEM_I1_O)
                                                      0.065     1.823 r  bd_0_i/hls_inst/inst/grp_Compute_Auto_fu_771/grp_Compute_Auto_Pipeline_ROW_COL_fu_276/sparsemux_17_3_64_1_1_U206/ram_reg_bram_1_i_100/O
                         net (fo=3, routed)           0.382     2.205    bd_0_i/hls_inst/inst/grp_Compute_Auto_fu_771/grp_Compute_Auto_Pipeline_ROW_COL_fu_276/v_fu_1949_p19[50]
    SLICE_X96Y182        LUT4 (Prop_E6LUT_SLICEL_I0_O)
                                                      0.090     2.295 r  bd_0_i/hls_inst/inst/grp_Compute_Auto_fu_771/grp_Compute_Auto_Pipeline_ROW_COL_fu_276/ram_reg_bram_0_i_286__1/O
                         net (fo=1, routed)           0.084     2.379    bd_0_i/hls_inst/inst/grp_Compute_Auto_fu_771/grp_Compute_Auto_Pipeline_ROW_COL_fu_276/ram_reg_bram_0_i_286__1_n_5
    SLICE_X96Y183        LUT5 (Prop_A6LUT_SLICEL_I4_O)
                                                      0.035     2.414 r  bd_0_i/hls_inst/inst/grp_Compute_Auto_fu_771/grp_Compute_Auto_Pipeline_ROW_COL_fu_276/ram_reg_bram_0_i_175__2/O
                         net (fo=1, routed)           0.097     2.511    bd_0_i/hls_inst/inst/grp_Compute_Auto_fu_771/grp_Compute_Auto_Pipeline_ROW_COL_fu_276/ram_reg_bram_0_i_175__2_n_5
    SLICE_X98Y182        LUT6 (Prop_G6LUT_SLICEL_I5_O)
                                                      0.035     2.546 r  bd_0_i/hls_inst/inst/grp_Compute_Auto_fu_771/grp_Compute_Auto_Pipeline_ROW_COL_fu_276/ram_reg_bram_0_i_120__2/O
                         net (fo=64, routed)          0.830     3.376    bd_0_i/hls_inst/inst/grp_Compute_Auto_fu_771/grp_Compute_Auto_Pipeline_ROW_COL_fu_276/ram_reg_bram_0_i_120__2_n_5
    SLICE_X113Y189       LUT6 (Prop_D6LUT_SLICEL_I2_O)
                                                      0.146     3.522 r  bd_0_i/hls_inst/inst/grp_Compute_Auto_fu_771/grp_Compute_Auto_Pipeline_ROW_COL_fu_276/ram_reg_bram_1_i_59/O
                         net (fo=2, routed)           0.803     4.325    bd_0_i/hls_inst/inst/grp_Compute_Auto_fu_771/grp_Compute_Auto_Pipeline_ROW_COL_fu_276/grp_Compute_Auto_fu_771_p_ZL13result_buffer_0_0_d1[61]
    SLICE_X123Y197       LUT3 (Prop_G6LUT_SLICEL_I1_O)
                                                      0.050     4.375 r  bd_0_i/hls_inst/inst/grp_Compute_Auto_fu_771/grp_Compute_Auto_Pipeline_ROW_COL_fu_276/ram_reg_bram_1_i_31__13/O
                         net (fo=3, routed)           0.823     5.198    bd_0_i/hls_inst/inst/grp_MultMod_1_fu_2955/ram_reg_bram_1_146
    SLICE_X158Y198       LUT6 (Prop_F6LUT_SLICEL_I2_O)
                                                      0.097     5.295 r  bd_0_i/hls_inst/inst/grp_MultMod_1_fu_2955/ram_reg_bram_1_i_3__24/O
                         net (fo=1, routed)           0.449     5.744    bd_0_i/hls_inst/inst/p_ZL13result_buffer_2_0_U/d1[61]
    RAMB36_X11Y39        RAMB36E2                                     r  bd_0_i/hls_inst/inst/p_ZL13result_buffer_2_0_U/ram_reg_bram_1/DINADIN[25]
  -------------------------------------------------------------------    -------------------

                         (clock ap_clk rise edge)     6.000     6.000 r  
                                                      0.000     6.000 r  ap_clk (IN)
                         net (fo=79370, unset)        0.039     6.039    bd_0_i/hls_inst/inst/p_ZL13result_buffer_2_0_U/ap_clk
    RAMB36_X11Y39        RAMB36E2                                     r  bd_0_i/hls_inst/inst/p_ZL13result_buffer_2_0_U/ram_reg_bram_1/CLKARDCLK
                         clock pessimism              0.000     6.039    
                         clock uncertainty           -0.785     5.254    
    RAMB36_X11Y39        RAMB36E2 (Setup_RAMB36E2_RAMB36_CLKARDCLK_DINADIN[25])
                                                     -0.260     4.994    bd_0_i/hls_inst/inst/p_ZL13result_buffer_2_0_U/ram_reg_bram_1
  -------------------------------------------------------------------
                         required time                          4.994    
                         arrival time                          -5.744    
  -------------------------------------------------------------------
                         slack                                 -0.750    

Slack (VIOLATED) :        -0.750ns  (required time - arrival time)
  Source:                 bd_0_i/hls_inst/inst/p_ZL13poly_buffer_1_7_2_U/ram_reg/CLKARDCLK
                            (rising edge-triggered cell RAMB36E2 clocked by ap_clk  {rise@0.000ns fall@3.000ns period=6.000ns})
  Destination:            bd_0_i/hls_inst/inst/p_ZL13result_buffer_0_2_U/ram_reg_bram_0/DINADIN[24]
                            (rising edge-triggered cell RAMB36E2 clocked by ap_clk  {rise@0.000ns fall@3.000ns period=6.000ns})
  Path Group:             ap_clk
  Path Type:              Setup (Max at Slow Process Corner)
  Requirement:            6.000ns  (ap_clk rise@6.000ns - ap_clk rise@0.000ns)
  Data Path Delay:        5.662ns  (logic 1.362ns (24.054%)  route 4.300ns (75.946%))
  Logic Levels:           7  (LUT3=1 LUT5=1 LUT6=4 MUXF7=1)
  Clock Path Skew:        -0.037ns (DCD - SCD + CPR)
    Destination Clock Delay (DCD):    0.039ns = ( 6.039 - 6.000 ) 
    Source Clock Delay      (SCD):    0.076ns
    Clock Pessimism Removal (CPR):    0.000ns
  Clock Uncertainty:      0.785ns  ((TSJ^2 + TIJ^2)^1/2 + DJ) / 2 + PE + UU
    Total System Jitter     (TSJ):    0.071ns
    Total Input Jitter      (TIJ):    0.000ns
    Discrete Jitter          (DJ):    0.000ns
    Phase Error              (PE):    0.000ns
    User Uncertainty         (UU):    0.750ns

    Location             Delay type                Incr(ns)  Path(ns)    Netlist Resource(s)
  -------------------------------------------------------------------    -------------------
                         (clock ap_clk rise edge)     0.000     0.000 r  
                                                      0.000     0.000 r  ap_clk (IN)
                         net (fo=79370, unset)        0.076     0.076    bd_0_i/hls_inst/inst/p_ZL13poly_buffer_1_7_2_U/ap_clk
    RAMB36_X5Y28         RAMB36E2                                     r  bd_0_i/hls_inst/inst/p_ZL13poly_buffer_1_7_2_U/ram_reg/CLKARDCLK
  -------------------------------------------------------------------    -------------------
    RAMB36_X5Y28         RAMB36E2 (Prop_RAMB36E2_RAMB36_CLKARDCLK_DOUTBDOUT[6])
                                                      0.835     0.911 r  bd_0_i/hls_inst/inst/p_ZL13poly_buffer_1_7_2_U/ram_reg/DOUTBDOUT[6]
                         net (fo=8, routed)           0.858     1.769    bd_0_i/hls_inst/inst/grp_Compute_Auto_fu_771/grp_Compute_Auto_Pipeline_ROW_COL_fu_276/sparsemux_17_3_64_1_1_U208/p_ZL13poly_buffer_1_7_2_q0[38]
    SLICE_X99Y185        LUT6 (Prop_C6LUT_SLICEM_I0_O)
                                                      0.123     1.892 r  bd_0_i/hls_inst/inst/grp_Compute_Auto_fu_771/grp_Compute_Auto_Pipeline_ROW_COL_fu_276/sparsemux_17_3_64_1_1_U208/ram_reg_bram_1_i_191/O
                         net (fo=1, routed)           0.021     1.913    bd_0_i/hls_inst/inst/grp_Compute_Auto_fu_771/grp_Compute_Auto_Pipeline_ROW_COL_fu_276/sparsemux_17_3_64_1_1_U208/ram_reg_bram_1_i_191_n_5
    SLICE_X99Y185        MUXF7 (Prop_F7MUX_CD_SLICEM_I1_O)
                                                      0.068     1.981 r  bd_0_i/hls_inst/inst/grp_Compute_Auto_fu_771/grp_Compute_Auto_Pipeline_ROW_COL_fu_276/sparsemux_17_3_64_1_1_U208/ram_reg_bram_1_i_113/O
                         net (fo=3, routed)           0.674     2.655    bd_0_i/hls_inst/inst/grp_Compute_Auto_fu_771/grp_Compute_Auto_Pipeline_ROW_COL_fu_276/v_2_fu_2087_p19[38]
    SLICE_X115Y188       LUT5 (Prop_F6LUT_SLICEM_I3_O)
                                                      0.123     2.778 r  bd_0_i/hls_inst/inst/grp_Compute_Auto_fu_771/grp_Compute_Auto_Pipeline_ROW_COL_fu_276/ram_reg_bram_0_i_187__1/O
                         net (fo=1, routed)           0.136     2.914    bd_0_i/hls_inst/inst/grp_Compute_Auto_fu_771/grp_Compute_Auto_Pipeline_ROW_COL_fu_276/ram_reg_bram_0_i_187__1_n_5
    SLICE_X116Y186       LUT6 (Prop_E6LUT_SLICEL_I5_O)
                                                      0.051     2.965 r  bd_0_i/hls_inst/inst/grp_Compute_Auto_fu_771/grp_Compute_Auto_Pipeline_ROW_COL_fu_276/ram_reg_bram_0_i_131__3/O
                         net (fo=64, routed)          0.870     3.835    bd_0_i/hls_inst/inst/grp_Compute_Auto_fu_771/grp_Compute_Auto_Pipeline_ROW_COL_fu_276/ram_reg_bram_0_i_131__3_n_5
    SLICE_X117Y181       LUT6 (Prop_C6LUT_SLICEL_I3_O)
                                                      0.088     3.923 r  bd_0_i/hls_inst/inst/grp_Compute_Auto_fu_771/grp_Compute_Auto_Pipeline_ROW_COL_fu_276/ram_reg_bram_0_i_95__4/O
                         net (fo=2, routed)           0.435     4.358    bd_0_i/hls_inst/inst/grp_Compute_Auto_fu_771/grp_Compute_Auto_Pipeline_ROW_COL_fu_276/grp_Compute_Auto_fu_771_p_ZL13result_buffer_0_2_d1[24]
    SLICE_X121Y156       LUT3 (Prop_C6LUT_SLICEM_I1_O)
                                                      0.037     4.395 r  bd_0_i/hls_inst/inst/grp_Compute_Auto_fu_771/grp_Compute_Auto_Pipeline_ROW_COL_fu_276/ram_reg_bram_0_i_56__19/O
                         net (fo=3, routed)           0.799     5.193    bd_0_i/hls_inst/inst/grp_MultMod_1_fu_2939/sub_64ns_64s_64_3_1_U1189/ram_reg_bram_0_194
    SLICE_X141Y141       LUT6 (Prop_F6LUT_SLICEM_I2_O)
                                                      0.037     5.230 r  bd_0_i/hls_inst/inst/grp_MultMod_1_fu_2939/sub_64ns_64s_64_3_1_U1189/ram_reg_bram_0_i_9__13/O
                         net (fo=1, routed)           0.508     5.738    bd_0_i/hls_inst/inst/p_ZL13result_buffer_0_2_U/d1[24]
    RAMB36_X10Y26        RAMB36E2                                     r  bd_0_i/hls_inst/inst/p_ZL13result_buffer_0_2_U/ram_reg_bram_0/DINADIN[24]
  -------------------------------------------------------------------    -------------------

                         (clock ap_clk rise edge)     6.000     6.000 r  
                                                      0.000     6.000 r  ap_clk (IN)
                         net (fo=79370, unset)        0.039     6.039    bd_0_i/hls_inst/inst/p_ZL13result_buffer_0_2_U/ap_clk
    RAMB36_X10Y26        RAMB36E2                                     r  bd_0_i/hls_inst/inst/p_ZL13result_buffer_0_2_U/ram_reg_bram_0/CLKARDCLK
                         clock pessimism              0.000     6.039    
                         clock uncertainty           -0.785     5.254    
    RAMB36_X10Y26        RAMB36E2 (Setup_RAMB36E2_RAMB36_CLKARDCLK_DINADIN[24])
                                                     -0.265     4.989    bd_0_i/hls_inst/inst/p_ZL13result_buffer_0_2_U/ram_reg_bram_0
  -------------------------------------------------------------------
                         required time                          4.989    
                         arrival time                          -5.738    
  -------------------------------------------------------------------
                         slack                                 -0.750    

Slack (VIOLATED) :        -0.742ns  (required time - arrival time)
  Source:                 bd_0_i/hls_inst/inst/p_ZL13poly_buffer_1_7_3_U/ram_reg/CLKARDCLK
                            (rising edge-triggered cell RAMB36E2 clocked by ap_clk  {rise@0.000ns fall@3.000ns period=6.000ns})
  Destination:            bd_0_i/hls_inst/inst/p_ZL13result_buffer_3_3_U/ram_reg_bram_1/DINADIN[11]
                            (rising edge-triggered cell RAMB36E2 clocked by ap_clk  {rise@0.000ns fall@3.000ns period=6.000ns})
  Path Group:             ap_clk
  Path Type:              Setup (Max at Slow Process Corner)
  Requirement:            6.000ns  (ap_clk rise@6.000ns - ap_clk rise@0.000ns)
  Data Path Delay:        5.669ns  (logic 1.530ns (26.990%)  route 4.139ns (73.010%))
  Logic Levels:           7  (LUT4=3 LUT6=3 MUXF7=1)
  Clock Path Skew:        -0.037ns (DCD - SCD + CPR)
    Destination Clock Delay (DCD):    0.039ns = ( 6.039 - 6.000 ) 
    Source Clock Delay      (SCD):    0.076ns
    Clock Pessimism Removal (CPR):    0.000ns
  Clock Uncertainty:      0.785ns  ((TSJ^2 + TIJ^2)^1/2 + DJ) / 2 + PE + UU
    Total System Jitter     (TSJ):    0.071ns
    Total Input Jitter      (TIJ):    0.000ns
    Discrete Jitter          (DJ):    0.000ns
    Phase Error              (PE):    0.000ns
    User Uncertainty         (UU):    0.750ns

    Location             Delay type                Incr(ns)  Path(ns)    Netlist Resource(s)
  -------------------------------------------------------------------    -------------------
                         (clock ap_clk rise edge)     0.000     0.000 r  
                                                      0.000     0.000 r  ap_clk (IN)
                         net (fo=79370, unset)        0.076     0.076    bd_0_i/hls_inst/inst/p_ZL13poly_buffer_1_7_3_U/ap_clk
    RAMB36_X7Y26         RAMB36E2                                     r  bd_0_i/hls_inst/inst/p_ZL13poly_buffer_1_7_3_U/ram_reg/CLKARDCLK
  -------------------------------------------------------------------    -------------------
    RAMB36_X7Y26         RAMB36E2 (Prop_RAMB36E2_RAMB36_CLKARDCLK_DOUTBDOUT[11])
                                                      0.835     0.911 r  bd_0_i/hls_inst/inst/p_ZL13poly_buffer_1_7_3_U/ram_reg/DOUTBDOUT[11]
                         net (fo=6, routed)           0.653     1.564    bd_0_i/hls_inst/inst/grp_Compute_Auto_fu_771/grp_Compute_Auto_Pipeline_ROW_COL_fu_276/sparsemux_17_3_64_1_1_U209/p_ZL13poly_buffer_1_7_3_q0[43]
    SLICE_X101Y147       LUT6 (Prop_C6LUT_SLICEL_I0_O)
                                                      0.146     1.710 r  bd_0_i/hls_inst/inst/grp_Compute_Auto_fu_771/grp_Compute_Auto_Pipeline_ROW_COL_fu_276/sparsemux_17_3_64_1_1_U209/ram_reg_bram_1_i_181/O
                         net (fo=2, routed)           0.010     1.720    bd_0_i/hls_inst/inst/grp_Compute_Auto_fu_771/grp_Compute_Auto_Pipeline_ROW_COL_fu_276/sparsemux_17_3_64_1_1_U209/ram_reg_30
    SLICE_X101Y147       MUXF7 (Prop_F7MUX_CD_SLICEL_I1_O)
                                                      0.064     1.784 r  bd_0_i/hls_inst/inst/grp_Compute_Auto_fu_771/grp_Compute_Auto_Pipeline_ROW_COL_fu_276/sparsemux_17_3_64_1_1_U209/ram_reg_bram_1_i_108/O
                         net (fo=4, routed)           0.596     2.380    bd_0_i/hls_inst/inst/grp_Compute_Auto_fu_771/grp_Compute_Auto_Pipeline_ROW_COL_fu_276/v_3_fu_2156_p19[43]
    SLICE_X109Y148       LUT4 (Prop_E6LUT_SLICEM_I1_O)
                                                      0.124     2.504 r  bd_0_i/hls_inst/inst/grp_Compute_Auto_fu_771/grp_Compute_Auto_Pipeline_ROW_COL_fu_276/ram_reg_bram_0_i_114__3/O
                         net (fo=1, routed)           0.044     2.548    bd_0_i/hls_inst/inst/grp_Compute_Auto_fu_771/grp_Compute_Auto_Pipeline_ROW_COL_fu_276/ram_reg_bram_0_i_114__3_n_5
    SLICE_X109Y148       LUT4 (Prop_D6LUT_SLICEM_I0_O)
                                                      0.088     2.636 r  bd_0_i/hls_inst/inst/grp_Compute_Auto_fu_771/grp_Compute_Auto_Pipeline_ROW_COL_fu_276/ram_reg_bram_0_i_113__3/O
                         net (fo=64, routed)          1.543     4.179    bd_0_i/hls_inst/inst/grp_Compute_Auto_fu_771/grp_Compute_Auto_Pipeline_ROW_COL_fu_276/ram_reg_bram_0_i_113__3_n_5
    SLICE_X124Y179       LUT6 (Prop_H6LUT_SLICEM_I3_O)
                                                      0.053     4.232 r  bd_0_i/hls_inst/inst/grp_Compute_Auto_fu_771/grp_Compute_Auto_Pipeline_ROW_COL_fu_276/ram_reg_bram_1_i_73__3/O
                         net (fo=2, routed)           0.669     4.901    bd_0_i/hls_inst/inst/grp_Compute_Auto_fu_771/grp_Compute_Auto_Pipeline_ROW_COL_fu_276/grp_Compute_Auto_fu_771_p_ZL13result_buffer_0_3_d1[47]
    SLICE_X147Y196       LUT4 (Prop_E6LUT_SLICEL_I1_O)
                                                      0.123     5.024 r  bd_0_i/hls_inst/inst/grp_Compute_Auto_fu_771/grp_Compute_Auto_Pipeline_ROW_COL_fu_276/ram_reg_bram_1_i_45__5/O
                         net (fo=1, routed)           0.248     5.272    bd_0_i/hls_inst/inst/grp_Top_Pipeline_Limb_Loop_Row_Loop_Col_Loop2_fu_1414/sub_64ns_64ns_64_2_1_U1434/u2/ram_reg_bram_1_170
    SLICE_X148Y202       LUT6 (Prop_G6LUT_SLICEL_I4_O)
                                                      0.097     5.369 r  bd_0_i/hls_inst/inst/grp_Top_Pipeline_Limb_Loop_Row_Loop_Col_Loop2_fu_1414/sub_64ns_64ns_64_2_1_U1434/u2/ram_reg_bram_1_i_17__6/O
                         net (fo=1, routed)           0.376     5.745    bd_0_i/hls_inst/inst/p_ZL13result_buffer_3_3_U/d1[47]
    RAMB36_X10Y42        RAMB36E2                                     r  bd_0_i/hls_inst/inst/p_ZL13result_buffer_3_3_U/ram_reg_bram_1/DINADIN[11]
  -------------------------------------------------------------------    -------------------

                         (clock ap_clk rise edge)     6.000     6.000 r  
                                                      0.000     6.000 r  ap_clk (IN)
                         net (fo=79370, unset)        0.039     6.039    bd_0_i/hls_inst/inst/p_ZL13result_buffer_3_3_U/ap_clk
    RAMB36_X10Y42        RAMB36E2                                     r  bd_0_i/hls_inst/inst/p_ZL13result_buffer_3_3_U/ram_reg_bram_1/CLKARDCLK
                         clock pessimism              0.000     6.039    
                         clock uncertainty           -0.785     5.254    
    RAMB36_X10Y42        RAMB36E2 (Setup_RAMB36E2_RAMB36_CLKARDCLK_DINADIN[11])
                                                     -0.251     5.003    bd_0_i/hls_inst/inst/p_ZL13result_buffer_3_3_U/ram_reg_bram_1
  -------------------------------------------------------------------
                         required time                          5.003    
                         arrival time                          -5.745    
  -------------------------------------------------------------------
                         slack                                 -0.742    

Slack (VIOLATED) :        -0.741ns  (required time - arrival time)
  Source:                 bd_0_i/hls_inst/inst/p_ZL13poly_buffer_1_7_3_U/ram_reg/CLKARDCLK
                            (rising edge-triggered cell RAMB36E2 clocked by ap_clk  {rise@0.000ns fall@3.000ns period=6.000ns})
  Destination:            bd_0_i/hls_inst/inst/p_ZL13result_buffer_2_3_U/ram_reg_bram_1/DINADIN[16]
                            (rising edge-triggered cell RAMB36E2 clocked by ap_clk  {rise@0.000ns fall@3.000ns period=6.000ns})
  Path Group:             ap_clk
  Path Type:              Setup (Max at Slow Process Corner)
  Requirement:            6.000ns  (ap_clk rise@6.000ns - ap_clk rise@0.000ns)
  Data Path Delay:        5.658ns  (logic 1.555ns (27.486%)  route 4.103ns (72.514%))
  Logic Levels:           10  (CARRY8=5 LUT2=1 LUT6=3 MUXF7=1)
  Clock Path Skew:        -0.037ns (DCD - SCD + CPR)
    Destination Clock Delay (DCD):    0.039ns = ( 6.039 - 6.000 ) 
    Source Clock Delay      (SCD):    0.076ns
    Clock Pessimism Removal (CPR):    0.000ns
  Clock Uncertainty:      0.785ns  ((TSJ^2 + TIJ^2)^1/2 + DJ) / 2 + PE + UU
    Total System Jitter     (TSJ):    0.071ns
    Total Input Jitter      (TIJ):    0.000ns
    Discrete Jitter          (DJ):    0.000ns
    Phase Error              (PE):    0.000ns
    User Uncertainty         (UU):    0.750ns

    Location             Delay type                Incr(ns)  Path(ns)    Netlist Resource(s)
  -------------------------------------------------------------------    -------------------
                         (clock ap_clk rise edge)     0.000     0.000 r  
                                                      0.000     0.000 r  ap_clk (IN)
                         net (fo=79370, unset)        0.076     0.076    bd_0_i/hls_inst/inst/p_ZL13poly_buffer_1_7_3_U/ap_clk
    RAMB36_X7Y26         RAMB36E2                                     r  bd_0_i/hls_inst/inst/p_ZL13poly_buffer_1_7_3_U/ram_reg/CLKARDCLK
  -------------------------------------------------------------------    -------------------
    RAMB36_X7Y26         RAMB36E2 (Prop_RAMB36E2_RAMB36_CLKARDCLK_DOUTADOUT[21])
                                                      0.837     0.913 r  bd_0_i/hls_inst/inst/p_ZL13poly_buffer_1_7_3_U/ram_reg/DOUTADOUT[21]
                         net (fo=6, routed)           0.796     1.709    bd_0_i/hls_inst/inst/grp_Compute_Auto_fu_771/grp_Compute_Auto_Pipeline_ROW_COL_fu_276/sparsemux_17_3_64_1_1_U209/p_ZL13poly_buffer_1_7_3_q0[21]
    SLICE_X102Y148       LUT6 (Prop_C6LUT_SLICEM_I0_O)
                                                      0.098     1.807 r  bd_0_i/hls_inst/inst/grp_Compute_Auto_fu_771/grp_Compute_Auto_Pipeline_ROW_COL_fu_276/sparsemux_17_3_64_1_1_U209/ram_reg_bram_0_i_202/O
                         net (fo=1, routed)           0.021     1.828    bd_0_i/hls_inst/inst/grp_Compute_Auto_fu_771/grp_Compute_Auto_Pipeline_ROW_COL_fu_276/sparsemux_17_3_64_1_1_U209/ram_reg_bram_0_i_202_n_5
    SLICE_X102Y148       MUXF7 (Prop_F7MUX_CD_SLICEM_I1_O)
                                                      0.068     1.896 r  bd_0_i/hls_inst/inst/grp_Compute_Auto_fu_771/grp_Compute_Auto_Pipeline_ROW_COL_fu_276/sparsemux_17_3_64_1_1_U209/ram_reg_bram_0_i_124/O
                         net (fo=4, routed)           0.718     2.614    bd_0_i/hls_inst/inst/grp_Compute_Auto_fu_771/grp_Compute_Auto_Pipeline_ROW_COL_fu_276/v_3_fu_2156_p19[21]
    SLICE_X111Y149       LUT2 (Prop_F6LUT_SLICEM_I1_O)
                                                      0.051     2.665 r  bd_0_i/hls_inst/inst/grp_Compute_Auto_fu_771/grp_Compute_Auto_Pipeline_ROW_COL_fu_276/ram_reg_bram_0_i_193__3/O
                         net (fo=1, routed)           0.022     2.687    bd_0_i/hls_inst/inst/grp_Compute_Auto_fu_771/grp_Compute_Auto_Pipeline_ROW_COL_fu_276/ram_reg_bram_0_i_193__3_n_5
    SLICE_X111Y149       CARRY8 (Prop_CARRY8_SLICEM_S[5]_CO[7])
                                                      0.159     2.846 r  bd_0_i/hls_inst/inst/grp_Compute_Auto_fu_771/grp_Compute_Auto_Pipeline_ROW_COL_fu_276/ram_reg_bram_0_i_122__2/CO[7]
                         net (fo=1, routed)           0.052     2.898    bd_0_i/hls_inst/inst/grp_Compute_Auto_fu_771/grp_Compute_Auto_Pipeline_ROW_COL_fu_276/ram_reg_bram_0_i_122__2_n_5
    SLICE_X111Y150       CARRY8 (Prop_CARRY8_SLICEM_CI_CO[7])
                                                      0.015     2.913 r  bd_0_i/hls_inst/inst/grp_Compute_Auto_fu_771/grp_Compute_Auto_Pipeline_ROW_COL_fu_276/ram_reg_bram_0_i_113__5/CO[7]
                         net (fo=1, routed)           0.026     2.939    bd_0_i/hls_inst/inst/grp_Compute_Auto_fu_771/grp_Compute_Auto_Pipeline_ROW_COL_fu_276/ram_reg_bram_0_i_113__5_n_5
    SLICE_X111Y151       CARRY8 (Prop_CARRY8_SLICEM_CI_CO[7])
                                                      0.015     2.954 r  bd_0_i/hls_inst/inst/grp_Compute_Auto_fu_771/grp_Compute_Auto_Pipeline_ROW_COL_fu_276/ram_reg_bram_0_i_149__3/CO[7]
                         net (fo=1, routed)           0.026     2.980    bd_0_i/hls_inst/inst/grp_Compute_Auto_fu_771/grp_Compute_Auto_Pipeline_ROW_COL_fu_276/ram_reg_bram_0_i_149__3_n_5
    SLICE_X111Y152       CARRY8 (Prop_CARRY8_SLICEM_CI_CO[7])
                                                      0.015     2.995 r  bd_0_i/hls_inst/inst/grp_Compute_Auto_fu_771/grp_Compute_Auto_Pipeline_ROW_COL_fu_276/ram_reg_bram_1_i_104__2/CO[7]
                         net (fo=1, routed)           0.026     3.021    bd_0_i/hls_inst/inst/grp_Compute_Auto_fu_771/grp_Compute_Auto_Pipeline_ROW_COL_fu_276/ram_reg_bram_1_i_104__2_n_5
    SLICE_X111Y153       CARRY8 (Prop_CARRY8_SLICEM_CI_O[4])
                                                      0.086     3.107 r  bd_0_i/hls_inst/inst/grp_Compute_Auto_fu_771/grp_Compute_Auto_Pipeline_ROW_COL_fu_276/ram_reg_bram_1_i_95__1/O[4]
                         net (fo=2, routed)           0.980     4.087    bd_0_i/hls_inst/inst/grp_Compute_Auto_fu_771/grp_Compute_Auto_Pipeline_ROW_COL_fu_276/sub_ln82_3_fu_2201_p2[52]
    SLICE_X121Y174       LUT6 (Prop_F6LUT_SLICEM_I4_O)
                                                      0.088     4.175 r  bd_0_i/hls_inst/inst/grp_Compute_Auto_fu_771/grp_Compute_Auto_Pipeline_ROW_COL_fu_276/ram_reg_bram_1_i_51__3/O
                         net (fo=1, routed)           0.541     4.716    bd_0_i/hls_inst/inst/grp_MultMod_1_fu_2955/ram_reg_bram_1_32
    SLICE_X143Y183       LUT6 (Prop_G6LUT_SLICEL_I1_O)
                                                      0.123     4.839 r  bd_0_i/hls_inst/inst/grp_MultMod_1_fu_2955/ram_reg_bram_1_i_12/O
                         net (fo=1, routed)           0.895     5.734    bd_0_i/hls_inst/inst/p_ZL13result_buffer_2_3_U/d1[52]
    RAMB36_X11Y36        RAMB36E2                                     r  bd_0_i/hls_inst/inst/p_ZL13result_buffer_2_3_U/ram_reg_bram_1/DINADIN[16]
  -------------------------------------------------------------------    -------------------

                         (clock ap_clk rise edge)     6.000     6.000 r  
                                                      0.000     6.000 r  ap_clk (IN)
                         net (fo=79370, unset)        0.039     6.039    bd_0_i/hls_inst/inst/p_ZL13result_buffer_2_3_U/ap_clk
    RAMB36_X11Y36        RAMB36E2                                     r  bd_0_i/hls_inst/inst/p_ZL13result_buffer_2_3_U/ram_reg_bram_1/CLKARDCLK
                         clock pessimism              0.000     6.039    
                         clock uncertainty           -0.785     5.254    
    RAMB36_X11Y36        RAMB36E2 (Setup_RAMB36E2_RAMB36_CLKARDCLK_DINADIN[16])
                                                     -0.261     4.993    bd_0_i/hls_inst/inst/p_ZL13result_buffer_2_3_U/ram_reg_bram_1
  -------------------------------------------------------------------
                         required time                          4.993    
                         arrival time                          -5.734    
  -------------------------------------------------------------------
                         slack                                 -0.741    

Slack (VIOLATED) :        -0.738ns  (required time - arrival time)
  Source:                 bd_0_i/hls_inst/inst/p_ZL13poly_buffer_1_7_3_U/ram_reg/CLKARDCLK
                            (rising edge-triggered cell RAMB36E2 clocked by ap_clk  {rise@0.000ns fall@3.000ns period=6.000ns})
  Destination:            bd_0_i/hls_inst/inst/p_ZL13result_buffer_3_3_U/ram_reg_bram_1/DINADIN[19]
                            (rising edge-triggered cell RAMB36E2 clocked by ap_clk  {rise@0.000ns fall@3.000ns period=6.000ns})
  Path Group:             ap_clk
  Path Type:              Setup (Max at Slow Process Corner)
  Requirement:            6.000ns  (ap_clk rise@6.000ns - ap_clk rise@0.000ns)
  Data Path Delay:        5.679ns  (logic 1.668ns (29.369%)  route 4.011ns (70.631%))
  Logic Levels:           11  (CARRY8=5 LUT2=1 LUT4=1 LUT6=3 MUXF7=1)
  Clock Path Skew:        -0.037ns (DCD - SCD + CPR)
    Destination Clock Delay (DCD):    0.039ns = ( 6.039 - 6.000 ) 
    Source Clock Delay      (SCD):    0.076ns
    Clock Pessimism Removal (CPR):    0.000ns
  Clock Uncertainty:      0.785ns  ((TSJ^2 + TIJ^2)^1/2 + DJ) / 2 + PE + UU
    Total System Jitter     (TSJ):    0.071ns
    Total Input Jitter      (TIJ):    0.000ns
    Discrete Jitter          (DJ):    0.000ns
    Phase Error              (PE):    0.000ns
    User Uncertainty         (UU):    0.750ns

    Location             Delay type                Incr(ns)  Path(ns)    Netlist Resource(s)
  -------------------------------------------------------------------    -------------------
                         (clock ap_clk rise edge)     0.000     0.000 r  
                                                      0.000     0.000 r  ap_clk (IN)
                         net (fo=79370, unset)        0.076     0.076    bd_0_i/hls_inst/inst/p_ZL13poly_buffer_1_7_3_U/ap_clk
    RAMB36_X7Y26         RAMB36E2                                     r  bd_0_i/hls_inst/inst/p_ZL13poly_buffer_1_7_3_U/ram_reg/CLKARDCLK
  -------------------------------------------------------------------    -------------------
    RAMB36_X7Y26         RAMB36E2 (Prop_RAMB36E2_RAMB36_CLKARDCLK_DOUTADOUT[21])
                                                      0.837     0.913 r  bd_0_i/hls_inst/inst/p_ZL13poly_buffer_1_7_3_U/ram_reg/DOUTADOUT[21]
                         net (fo=6, routed)           0.796     1.709    bd_0_i/hls_inst/inst/grp_Compute_Auto_fu_771/grp_Compute_Auto_Pipeline_ROW_COL_fu_276/sparsemux_17_3_64_1_1_U209/p_ZL13poly_buffer_1_7_3_q0[21]
    SLICE_X102Y148       LUT6 (Prop_C6LUT_SLICEM_I0_O)
                                                      0.098     1.807 r  bd_0_i/hls_inst/inst/grp_Compute_Auto_fu_771/grp_Compute_Auto_Pipeline_ROW_COL_fu_276/sparsemux_17_3_64_1_1_U209/ram_reg_bram_0_i_202/O
                         net (fo=1, routed)           0.021     1.828    bd_0_i/hls_inst/inst/grp_Compute_Auto_fu_771/grp_Compute_Auto_Pipeline_ROW_COL_fu_276/sparsemux_17_3_64_1_1_U209/ram_reg_bram_0_i_202_n_5
    SLICE_X102Y148       MUXF7 (Prop_F7MUX_CD_SLICEM_I1_O)
                                                      0.068     1.896 r  bd_0_i/hls_inst/inst/grp_Compute_Auto_fu_771/grp_Compute_Auto_Pipeline_ROW_COL_fu_276/sparsemux_17_3_64_1_1_U209/ram_reg_bram_0_i_124/O
                         net (fo=4, routed)           0.718     2.614    bd_0_i/hls_inst/inst/grp_Compute_Auto_fu_771/grp_Compute_Auto_Pipeline_ROW_COL_fu_276/v_3_fu_2156_p19[21]
    SLICE_X111Y149       LUT2 (Prop_F6LUT_SLICEM_I1_O)
                                                      0.051     2.665 r  bd_0_i/hls_inst/inst/grp_Compute_Auto_fu_771/grp_Compute_Auto_Pipeline_ROW_COL_fu_276/ram_reg_bram_0_i_193__3/O
                         net (fo=1, routed)           0.022     2.687    bd_0_i/hls_inst/inst/grp_Compute_Auto_fu_771/grp_Compute_Auto_Pipeline_ROW_COL_fu_276/ram_reg_bram_0_i_193__3_n_5
    SLICE_X111Y149       CARRY8 (Prop_CARRY8_SLICEM_S[5]_CO[7])
                                                      0.159     2.846 r  bd_0_i/hls_inst/inst/grp_Compute_Auto_fu_771/grp_Compute_Auto_Pipeline_ROW_COL_fu_276/ram_reg_bram_0_i_122__2/CO[7]
                         net (fo=1, routed)           0.052     2.898    bd_0_i/hls_inst/inst/grp_Compute_Auto_fu_771/grp_Compute_Auto_Pipeline_ROW_COL_fu_276/ram_reg_bram_0_i_122__2_n_5
    SLICE_X111Y150       CARRY8 (Prop_CARRY8_SLICEM_CI_CO[7])
                                                      0.015     2.913 r  bd_0_i/hls_inst/inst/grp_Compute_Auto_fu_771/grp_Compute_Auto_Pipeline_ROW_COL_fu_276/ram_reg_bram_0_i_113__5/CO[7]
                         net (fo=1, routed)           0.026     2.939    bd_0_i/hls_inst/inst/grp_Compute_Auto_fu_771/grp_Compute_Auto_Pipeline_ROW_COL_fu_276/ram_reg_bram_0_i_113__5_n_5
    SLICE_X111Y151       CARRY8 (Prop_CARRY8_SLICEM_CI_CO[7])
                                                      0.015     2.954 r  bd_0_i/hls_inst/inst/grp_Compute_Auto_fu_771/grp_Compute_Auto_Pipeline_ROW_COL_fu_276/ram_reg_bram_0_i_149__3/CO[7]
                         net (fo=1, routed)           0.026     2.980    bd_0_i/hls_inst/inst/grp_Compute_Auto_fu_771/grp_Compute_Auto_Pipeline_ROW_COL_fu_276/ram_reg_bram_0_i_149__3_n_5
    SLICE_X111Y152       CARRY8 (Prop_CARRY8_SLICEM_CI_CO[7])
                                                      0.015     2.995 r  bd_0_i/hls_inst/inst/grp_Compute_Auto_fu_771/grp_Compute_Auto_Pipeline_ROW_COL_fu_276/ram_reg_bram_1_i_104__2/CO[7]
                         net (fo=1, routed)           0.026     3.021    bd_0_i/hls_inst/inst/grp_Compute_Auto_fu_771/grp_Compute_Auto_Pipeline_ROW_COL_fu_276/ram_reg_bram_1_i_104__2_n_5
    SLICE_X111Y153       CARRY8 (Prop_CARRY8_SLICEM_CI_O[7])
                                                      0.116     3.137 r  bd_0_i/hls_inst/inst/grp_Compute_Auto_fu_771/grp_Compute_Auto_Pipeline_ROW_COL_fu_276/ram_reg_bram_1_i_95__1/O[7]
                         net (fo=2, routed)           0.801     3.938    bd_0_i/hls_inst/inst/grp_Compute_Auto_fu_771/grp_Compute_Auto_Pipeline_ROW_COL_fu_276/sub_ln82_3_fu_2201_p2[55]
    SLICE_X122Y161       LUT6 (Prop_H6LUT_SLICEM_I0_O)
                                                      0.152     4.090 r  bd_0_i/hls_inst/inst/grp_Compute_Auto_fu_771/grp_Compute_Auto_Pipeline_ROW_COL_fu_276/ram_reg_bram_1_i_65__2/O
                         net (fo=2, routed)           1.015     5.104    bd_0_i/hls_inst/inst/grp_Compute_Auto_fu_771/grp_Compute_Auto_Pipeline_ROW_COL_fu_276/grp_Compute_Auto_fu_771_p_ZL13result_buffer_0_3_d1[55]
    SLICE_X149Y198       LUT4 (Prop_G6LUT_SLICEM_I1_O)
                                                      0.090     5.194 r  bd_0_i/hls_inst/inst/grp_Compute_Auto_fu_771/grp_Compute_Auto_Pipeline_ROW_COL_fu_276/ram_reg_bram_1_i_37__5/O
                         net (fo=1, routed)           0.143     5.337    bd_0_i/hls_inst/inst/grp_Top_Pipeline_Limb_Loop_Row_Loop_Col_Loop2_fu_1414/sub_64ns_64ns_64_2_1_U1434/u2/ram_reg_bram_1_90
    SLICE_X149Y202       LUT6 (Prop_G6LUT_SLICEM_I4_O)
                                                      0.052     5.389 r  bd_0_i/hls_inst/inst/grp_Top_Pipeline_Limb_Loop_Row_Loop_Col_Loop2_fu_1414/sub_64ns_64ns_64_2_1_U1434/u2/ram_reg_bram_1_i_9__6/O
                         net (fo=1, routed)           0.366     5.755    bd_0_i/hls_inst/inst/p_ZL13result_buffer_3_3_U/d1[55]
    RAMB36_X10Y42        RAMB36E2                                     r  bd_0_i/hls_inst/inst/p_ZL13result_buffer_3_3_U/ram_reg_bram_1/DINADIN[19]
  -------------------------------------------------------------------    -------------------

                         (clock ap_clk rise edge)     6.000     6.000 r  
                                                      0.000     6.000 r  ap_clk (IN)
                         net (fo=79370, unset)        0.039     6.039    bd_0_i/hls_inst/inst/p_ZL13result_buffer_3_3_U/ap_clk
    RAMB36_X10Y42        RAMB36E2                                     r  bd_0_i/hls_inst/inst/p_ZL13result_buffer_3_3_U/ram_reg_bram_1/CLKARDCLK
                         clock pessimism              0.000     6.039    
                         clock uncertainty           -0.785     5.254    
    RAMB36_X10Y42        RAMB36E2 (Setup_RAMB36E2_RAMB36_CLKARDCLK_DINADIN[19])
                                                     -0.236     5.018    bd_0_i/hls_inst/inst/p_ZL13result_buffer_3_3_U/ram_reg_bram_1
  -------------------------------------------------------------------
                         required time                          5.018    
                         arrival time                          -5.755    
  -------------------------------------------------------------------
                         slack                                 -0.738    

Slack (VIOLATED) :        -0.736ns  (required time - arrival time)
  Source:                 bd_0_i/hls_inst/inst/p_ZL13poly_buffer_1_5_0_U/ram_reg/CLKARDCLK
                            (rising edge-triggered cell RAMB36E2 clocked by ap_clk  {rise@0.000ns fall@3.000ns period=6.000ns})
  Destination:            bd_0_i/hls_inst/inst/p_ZL13result_buffer_2_0_U/ram_reg_bram_1/DINADIN[16]
                            (rising edge-triggered cell RAMB36E2 clocked by ap_clk  {rise@0.000ns fall@3.000ns period=6.000ns})
  Path Group:             ap_clk
  Path Type:              Setup (Max at Slow Process Corner)
  Requirement:            6.000ns  (ap_clk rise@6.000ns - ap_clk rise@0.000ns)
  Data Path Delay:        5.653ns  (logic 1.529ns (27.049%)  route 4.124ns (72.951%))
  Logic Levels:           8  (LUT3=1 LUT4=2 LUT5=1 LUT6=3 MUXF7=1)
  Clock Path Skew:        -0.037ns (DCD - SCD + CPR)
    Destination Clock Delay (DCD):    0.039ns = ( 6.039 - 6.000 ) 
    Source Clock Delay      (SCD):    0.076ns
    Clock Pessimism Removal (CPR):    0.000ns
  Clock Uncertainty:      0.785ns  ((TSJ^2 + TIJ^2)^1/2 + DJ) / 2 + PE + UU
    Total System Jitter     (TSJ):    0.071ns
    Total Input Jitter      (TIJ):    0.000ns
    Discrete Jitter          (DJ):    0.000ns
    Phase Error              (PE):    0.000ns
    User Uncertainty         (UU):    0.750ns

    Location             Delay type                Incr(ns)  Path(ns)    Netlist Resource(s)
  -------------------------------------------------------------------    -------------------
                         (clock ap_clk rise edge)     0.000     0.000 r  
                                                      0.000     0.000 r  ap_clk (IN)
                         net (fo=79370, unset)        0.076     0.076    bd_0_i/hls_inst/inst/p_ZL13poly_buffer_1_5_0_U/ap_clk
    RAMB36_X4Y35         RAMB36E2                                     r  bd_0_i/hls_inst/inst/p_ZL13poly_buffer_1_5_0_U/ram_reg/CLKARDCLK
  -------------------------------------------------------------------    -------------------
    RAMB36_X4Y35         RAMB36E2 (Prop_RAMB36E2_RAMB36_CLKARDCLK_DOUTADOUT[1])
                                                      0.832     0.908 r  bd_0_i/hls_inst/inst/p_ZL13poly_buffer_1_5_0_U/ram_reg/DOUTADOUT[1]
                         net (fo=8, routed)           0.780     1.688    bd_0_i/hls_inst/inst/grp_Compute_Auto_fu_771/grp_Compute_Auto_Pipeline_ROW_COL_fu_276/sparsemux_17_3_64_1_1_U206/p_ZL13poly_buffer_1_5_0_q0[1]
    SLICE_X102Y175       LUT6 (Prop_A6LUT_SLICEM_I3_O)
                                                      0.125     1.813 r  bd_0_i/hls_inst/inst/grp_Compute_Auto_fu_771/grp_Compute_Auto_Pipeline_ROW_COL_fu_276/sparsemux_17_3_64_1_1_U206/ram_reg_bram_0_i_263/O
                         net (fo=1, routed)           0.011     1.824    bd_0_i/hls_inst/inst/grp_Compute_Auto_fu_771/grp_Compute_Auto_Pipeline_ROW_COL_fu_276/sparsemux_17_3_64_1_1_U206/ram_reg_bram_0_i_263_n_5
    SLICE_X102Y175       MUXF7 (Prop_F7MUX_AB_SLICEM_I1_O)
                                                      0.065     1.889 r  bd_0_i/hls_inst/inst/grp_Compute_Auto_fu_771/grp_Compute_Auto_Pipeline_ROW_COL_fu_276/sparsemux_17_3_64_1_1_U206/ram_reg_bram_0_i_155/O
                         net (fo=3, routed)           0.239     2.128    bd_0_i/hls_inst/inst/grp_Compute_Auto_fu_771/grp_Compute_Auto_Pipeline_ROW_COL_fu_276/v_fu_1949_p19[1]
    SLICE_X101Y176       LUT4 (Prop_A6LUT_SLICEL_I3_O)
                                                      0.098     2.226 r  bd_0_i/hls_inst/inst/grp_Compute_Auto_fu_771/grp_Compute_Auto_Pipeline_ROW_COL_fu_276/ram_reg_bram_0_i_284__1/O
                         net (fo=1, routed)           0.203     2.429    bd_0_i/hls_inst/inst/grp_Compute_Auto_fu_771/grp_Compute_Auto_Pipeline_ROW_COL_fu_276/ram_reg_bram_0_i_284__1_n_5
    SLICE_X101Y179       LUT5 (Prop_B6LUT_SLICEL_I4_O)
                                                      0.124     2.553 r  bd_0_i/hls_inst/inst/grp_Compute_Auto_fu_771/grp_Compute_Auto_Pipeline_ROW_COL_fu_276/ram_reg_bram_0_i_172__1/O
                         net (fo=1, routed)           0.087     2.640    bd_0_i/hls_inst/inst/grp_Compute_Auto_fu_771/grp_Compute_Auto_Pipeline_ROW_COL_fu_276/ram_reg_bram_0_i_172__1_n_5
    SLICE_X101Y180       LUT4 (Prop_B6LUT_SLICEL_I2_O)
                                                      0.098     2.738 r  bd_0_i/hls_inst/inst/grp_Compute_Auto_fu_771/grp_Compute_Auto_Pipeline_ROW_COL_fu_276/ram_reg_bram_0_i_119__3/O
                         net (fo=64, routed)          0.799     3.537    bd_0_i/hls_inst/inst/grp_Compute_Auto_fu_771/grp_Compute_Auto_Pipeline_ROW_COL_fu_276/ram_reg_bram_0_i_119__3_n_5
    SLICE_X114Y186       LUT6 (Prop_G6LUT_SLICEM_I1_O)
                                                      0.100     3.637 r  bd_0_i/hls_inst/inst/grp_Compute_Auto_fu_771/grp_Compute_Auto_Pipeline_ROW_COL_fu_276/ram_reg_bram_1_i_68__2/O
                         net (fo=2, routed)           0.767     4.404    bd_0_i/hls_inst/inst/grp_Compute_Auto_fu_771/grp_Compute_Auto_Pipeline_ROW_COL_fu_276/grp_Compute_Auto_fu_771_p_ZL13result_buffer_0_0_d1[52]
    SLICE_X122Y193       LUT3 (Prop_E6LUT_SLICEM_I1_O)
                                                      0.052     4.456 r  bd_0_i/hls_inst/inst/grp_Compute_Auto_fu_771/grp_Compute_Auto_Pipeline_ROW_COL_fu_276/ram_reg_bram_1_i_40__17/O
                         net (fo=3, routed)           1.095     5.551    bd_0_i/hls_inst/inst/grp_MultMod_1_fu_2955/ram_reg_bram_1_155
    SLICE_X177Y195       LUT6 (Prop_A6LUT_SLICEL_I2_O)
                                                      0.035     5.586 r  bd_0_i/hls_inst/inst/grp_MultMod_1_fu_2955/ram_reg_bram_1_i_12__23/O
                         net (fo=1, routed)           0.143     5.729    bd_0_i/hls_inst/inst/p_ZL13result_buffer_2_0_U/d1[52]
    RAMB36_X11Y39        RAMB36E2                                     r  bd_0_i/hls_inst/inst/p_ZL13result_buffer_2_0_U/ram_reg_bram_1/DINADIN[16]
  -------------------------------------------------------------------    -------------------

                         (clock ap_clk rise edge)     6.000     6.000 r  
                                                      0.000     6.000 r  ap_clk (IN)
                         net (fo=79370, unset)        0.039     6.039    bd_0_i/hls_inst/inst/p_ZL13result_buffer_2_0_U/ap_clk
    RAMB36_X11Y39        RAMB36E2                                     r  bd_0_i/hls_inst/inst/p_ZL13result_buffer_2_0_U/ram_reg_bram_1/CLKARDCLK
                         clock pessimism              0.000     6.039    
                         clock uncertainty           -0.785     5.254    
    RAMB36_X11Y39        RAMB36E2 (Setup_RAMB36E2_RAMB36_CLKARDCLK_DINADIN[16])
                                                     -0.261     4.993    bd_0_i/hls_inst/inst/p_ZL13result_buffer_2_0_U/ram_reg_bram_1
  -------------------------------------------------------------------
                         required time                          4.993    
                         arrival time                          -5.729    
  -------------------------------------------------------------------
                         slack                                 -0.736    

Slack (VIOLATED) :        -0.734ns  (required time - arrival time)
  Source:                 bd_0_i/hls_inst/inst/p_ZL13poly_buffer_1_5_0_U/ram_reg/CLKARDCLK
                            (rising edge-triggered cell RAMB36E2 clocked by ap_clk  {rise@0.000ns fall@3.000ns period=6.000ns})
  Destination:            bd_0_i/hls_inst/inst/p_ZL13result_buffer_2_0_U/ram_reg_bram_1/DINADIN[23]
                            (rising edge-triggered cell RAMB36E2 clocked by ap_clk  {rise@0.000ns fall@3.000ns period=6.000ns})
  Path Group:             ap_clk
  Path Type:              Setup (Max at Slow Process Corner)
  Requirement:            6.000ns  (ap_clk rise@6.000ns - ap_clk rise@0.000ns)
  Data Path Delay:        5.666ns  (logic 1.566ns (27.640%)  route 4.100ns (72.360%))
  Logic Levels:           8  (LUT3=1 LUT4=2 LUT5=1 LUT6=3 MUXF7=1)
  Clock Path Skew:        -0.037ns (DCD - SCD + CPR)
    Destination Clock Delay (DCD):    0.039ns = ( 6.039 - 6.000 ) 
    Source Clock Delay      (SCD):    0.076ns
    Clock Pessimism Removal (CPR):    0.000ns
  Clock Uncertainty:      0.785ns  ((TSJ^2 + TIJ^2)^1/2 + DJ) / 2 + PE + UU
    Total System Jitter     (TSJ):    0.071ns
    Total Input Jitter      (TIJ):    0.000ns
    Discrete Jitter          (DJ):    0.000ns
    Phase Error              (PE):    0.000ns
    User Uncertainty         (UU):    0.750ns

    Location             Delay type                Incr(ns)  Path(ns)    Netlist Resource(s)
  -------------------------------------------------------------------    -------------------
                         (clock ap_clk rise edge)     0.000     0.000 r  
                                                      0.000     0.000 r  ap_clk (IN)
                         net (fo=79370, unset)        0.076     0.076    bd_0_i/hls_inst/inst/p_ZL13poly_buffer_1_5_0_U/ap_clk
    RAMB36_X4Y35         RAMB36E2                                     r  bd_0_i/hls_inst/inst/p_ZL13poly_buffer_1_5_0_U/ram_reg/CLKARDCLK
  -------------------------------------------------------------------    -------------------
    RAMB36_X4Y35         RAMB36E2 (Prop_RAMB36E2_RAMB36_CLKARDCLK_DOUTADOUT[1])
                                                      0.832     0.908 r  bd_0_i/hls_inst/inst/p_ZL13poly_buffer_1_5_0_U/ram_reg/DOUTADOUT[1]
                         net (fo=8, routed)           0.780     1.688    bd_0_i/hls_inst/inst/grp_Compute_Auto_fu_771/grp_Compute_Auto_Pipeline_ROW_COL_fu_276/sparsemux_17_3_64_1_1_U206/p_ZL13poly_buffer_1_5_0_q0[1]
    SLICE_X102Y175       LUT6 (Prop_A6LUT_SLICEM_I3_O)
                                                      0.125     1.813 r  bd_0_i/hls_inst/inst/grp_Compute_Auto_fu_771/grp_Compute_Auto_Pipeline_ROW_COL_fu_276/sparsemux_17_3_64_1_1_U206/ram_reg_bram_0_i_263/O
                         net (fo=1, routed)           0.011     1.824    bd_0_i/hls_inst/inst/grp_Compute_Auto_fu_771/grp_Compute_Auto_Pipeline_ROW_COL_fu_276/sparsemux_17_3_64_1_1_U206/ram_reg_bram_0_i_263_n_5
    SLICE_X102Y175       MUXF7 (Prop_F7MUX_AB_SLICEM_I1_O)
                                                      0.065     1.889 r  bd_0_i/hls_inst/inst/grp_Compute_Auto_fu_771/grp_Compute_Auto_Pipeline_ROW_COL_fu_276/sparsemux_17_3_64_1_1_U206/ram_reg_bram_0_i_155/O
                         net (fo=3, routed)           0.239     2.128    bd_0_i/hls_inst/inst/grp_Compute_Auto_fu_771/grp_Compute_Auto_Pipeline_ROW_COL_fu_276/v_fu_1949_p19[1]
    SLICE_X101Y176       LUT4 (Prop_A6LUT_SLICEL_I3_O)
                                                      0.098     2.226 r  bd_0_i/hls_inst/inst/grp_Compute_Auto_fu_771/grp_Compute_Auto_Pipeline_ROW_COL_fu_276/ram_reg_bram_0_i_284__1/O
                         net (fo=1, routed)           0.203     2.429    bd_0_i/hls_inst/inst/grp_Compute_Auto_fu_771/grp_Compute_Auto_Pipeline_ROW_COL_fu_276/ram_reg_bram_0_i_284__1_n_5
    SLICE_X101Y179       LUT5 (Prop_B6LUT_SLICEL_I4_O)
                                                      0.124     2.553 r  bd_0_i/hls_inst/inst/grp_Compute_Auto_fu_771/grp_Compute_Auto_Pipeline_ROW_COL_fu_276/ram_reg_bram_0_i_172__1/O
                         net (fo=1, routed)           0.087     2.640    bd_0_i/hls_inst/inst/grp_Compute_Auto_fu_771/grp_Compute_Auto_Pipeline_ROW_COL_fu_276/ram_reg_bram_0_i_172__1_n_5
    SLICE_X101Y180       LUT4 (Prop_B6LUT_SLICEL_I2_O)
                                                      0.098     2.738 r  bd_0_i/hls_inst/inst/grp_Compute_Auto_fu_771/grp_Compute_Auto_Pipeline_ROW_COL_fu_276/ram_reg_bram_0_i_119__3/O
                         net (fo=64, routed)          1.195     3.934    bd_0_i/hls_inst/inst/grp_Compute_Auto_fu_771/grp_Compute_Auto_Pipeline_ROW_COL_fu_276/ram_reg_bram_0_i_119__3_n_5
    SLICE_X120Y184       LUT6 (Prop_H6LUT_SLICEL_I1_O)
                                                      0.150     4.084 r  bd_0_i/hls_inst/inst/grp_Compute_Auto_fu_771/grp_Compute_Auto_Pipeline_ROW_COL_fu_276/ram_reg_bram_1_i_61__0/O
                         net (fo=2, routed)           0.422     4.506    bd_0_i/hls_inst/inst/grp_Compute_Auto_fu_771/grp_Compute_Auto_Pipeline_ROW_COL_fu_276/grp_Compute_Auto_fu_771_p_ZL13result_buffer_0_0_d1[59]
    SLICE_X128Y191       LUT3 (Prop_E6LUT_SLICEM_I1_O)
                                                      0.037     4.543 r  bd_0_i/hls_inst/inst/grp_Compute_Auto_fu_771/grp_Compute_Auto_Pipeline_ROW_COL_fu_276/ram_reg_bram_1_i_33__16/O
                         net (fo=3, routed)           0.495     5.038    bd_0_i/hls_inst/inst/grp_MultMod_1_fu_2955/ram_reg_bram_1_148
    SLICE_X150Y193       LUT6 (Prop_B6LUT_SLICEM_I2_O)
                                                      0.037     5.075 r  bd_0_i/hls_inst/inst/grp_MultMod_1_fu_2955/ram_reg_bram_1_i_5__23/O
                         net (fo=1, routed)           0.667     5.742    bd_0_i/hls_inst/inst/p_ZL13result_buffer_2_0_U/d1[59]
    RAMB36_X11Y39        RAMB36E2                                     r  bd_0_i/hls_inst/inst/p_ZL13result_buffer_2_0_U/ram_reg_bram_1/DINADIN[23]
  -------------------------------------------------------------------    -------------------

                         (clock ap_clk rise edge)     6.000     6.000 r  
                                                      0.000     6.000 r  ap_clk (IN)
                         net (fo=79370, unset)        0.039     6.039    bd_0_i/hls_inst/inst/p_ZL13result_buffer_2_0_U/ap_clk
    RAMB36_X11Y39        RAMB36E2                                     r  bd_0_i/hls_inst/inst/p_ZL13result_buffer_2_0_U/ram_reg_bram_1/CLKARDCLK
                         clock pessimism              0.000     6.039    
                         clock uncertainty           -0.785     5.254    
    RAMB36_X11Y39        RAMB36E2 (Setup_RAMB36E2_RAMB36_CLKARDCLK_DINADIN[23])
                                                     -0.246     5.008    bd_0_i/hls_inst/inst/p_ZL13result_buffer_2_0_U/ram_reg_bram_1
  -------------------------------------------------------------------
                         required time                          5.008    
                         arrival time                          -5.742    
  -------------------------------------------------------------------
                         slack                                 -0.734    

Slack (VIOLATED) :        -0.734ns  (required time - arrival time)
  Source:                 bd_0_i/hls_inst/inst/p_ZL13poly_buffer_1_5_0_U/ram_reg/CLKARDCLK
                            (rising edge-triggered cell RAMB36E2 clocked by ap_clk  {rise@0.000ns fall@3.000ns period=6.000ns})
  Destination:            bd_0_i/hls_inst/inst/p_ZL13result_buffer_0_0_U/ram_reg_bram_1/DINADIN[19]
                            (rising edge-triggered cell RAMB36E2 clocked by ap_clk  {rise@0.000ns fall@3.000ns period=6.000ns})
  Path Group:             ap_clk
  Path Type:              Setup (Max at Slow Process Corner)
  Requirement:            6.000ns  (ap_clk rise@6.000ns - ap_clk rise@0.000ns)
  Data Path Delay:        5.675ns  (logic 1.613ns (28.421%)  route 4.062ns (71.579%))
  Logic Levels:           8  (LUT3=1 LUT4=2 LUT5=1 LUT6=3 MUXF7=1)
  Clock Path Skew:        -0.037ns (DCD - SCD + CPR)
    Destination Clock Delay (DCD):    0.039ns = ( 6.039 - 6.000 ) 
    Source Clock Delay      (SCD):    0.076ns
    Clock Pessimism Removal (CPR):    0.000ns
  Clock Uncertainty:      0.785ns  ((TSJ^2 + TIJ^2)^1/2 + DJ) / 2 + PE + UU
    Total System Jitter     (TSJ):    0.071ns
    Total Input Jitter      (TIJ):    0.000ns
    Discrete Jitter          (DJ):    0.000ns
    Phase Error              (PE):    0.000ns
    User Uncertainty         (UU):    0.750ns

    Location             Delay type                Incr(ns)  Path(ns)    Netlist Resource(s)
  -------------------------------------------------------------------    -------------------
                         (clock ap_clk rise edge)     0.000     0.000 r  
                                                      0.000     0.000 r  ap_clk (IN)
                         net (fo=79370, unset)        0.076     0.076    bd_0_i/hls_inst/inst/p_ZL13poly_buffer_1_5_0_U/ap_clk
    RAMB36_X4Y35         RAMB36E2                                     r  bd_0_i/hls_inst/inst/p_ZL13poly_buffer_1_5_0_U/ram_reg/CLKARDCLK
  -------------------------------------------------------------------    -------------------
    RAMB36_X4Y35         RAMB36E2 (Prop_RAMB36E2_RAMB36_CLKARDCLK_DOUTADOUT[1])
                                                      0.832     0.908 r  bd_0_i/hls_inst/inst/p_ZL13poly_buffer_1_5_0_U/ram_reg/DOUTADOUT[1]
                         net (fo=8, routed)           0.780     1.688    bd_0_i/hls_inst/inst/grp_Compute_Auto_fu_771/grp_Compute_Auto_Pipeline_ROW_COL_fu_276/sparsemux_17_3_64_1_1_U206/p_ZL13poly_buffer_1_5_0_q0[1]
    SLICE_X102Y175       LUT6 (Prop_A6LUT_SLICEM_I3_O)
                                                      0.125     1.813 r  bd_0_i/hls_inst/inst/grp_Compute_Auto_fu_771/grp_Compute_Auto_Pipeline_ROW_COL_fu_276/sparsemux_17_3_64_1_1_U206/ram_reg_bram_0_i_263/O
                         net (fo=1, routed)           0.011     1.824    bd_0_i/hls_inst/inst/grp_Compute_Auto_fu_771/grp_Compute_Auto_Pipeline_ROW_COL_fu_276/sparsemux_17_3_64_1_1_U206/ram_reg_bram_0_i_263_n_5
    SLICE_X102Y175       MUXF7 (Prop_F7MUX_AB_SLICEM_I1_O)
                                                      0.065     1.889 r  bd_0_i/hls_inst/inst/grp_Compute_Auto_fu_771/grp_Compute_Auto_Pipeline_ROW_COL_fu_276/sparsemux_17_3_64_1_1_U206/ram_reg_bram_0_i_155/O
                         net (fo=3, routed)           0.239     2.128    bd_0_i/hls_inst/inst/grp_Compute_Auto_fu_771/grp_Compute_Auto_Pipeline_ROW_COL_fu_276/v_fu_1949_p19[1]
    SLICE_X101Y176       LUT4 (Prop_A6LUT_SLICEL_I3_O)
                                                      0.098     2.226 r  bd_0_i/hls_inst/inst/grp_Compute_Auto_fu_771/grp_Compute_Auto_Pipeline_ROW_COL_fu_276/ram_reg_bram_0_i_284__1/O
                         net (fo=1, routed)           0.203     2.429    bd_0_i/hls_inst/inst/grp_Compute_Auto_fu_771/grp_Compute_Auto_Pipeline_ROW_COL_fu_276/ram_reg_bram_0_i_284__1_n_5
    SLICE_X101Y179       LUT5 (Prop_B6LUT_SLICEL_I4_O)
                                                      0.124     2.553 r  bd_0_i/hls_inst/inst/grp_Compute_Auto_fu_771/grp_Compute_Auto_Pipeline_ROW_COL_fu_276/ram_reg_bram_0_i_172__1/O
                         net (fo=1, routed)           0.087     2.640    bd_0_i/hls_inst/inst/grp_Compute_Auto_fu_771/grp_Compute_Auto_Pipeline_ROW_COL_fu_276/ram_reg_bram_0_i_172__1_n_5
    SLICE_X101Y180       LUT4 (Prop_B6LUT_SLICEL_I2_O)
                                                      0.098     2.738 r  bd_0_i/hls_inst/inst/grp_Compute_Auto_fu_771/grp_Compute_Auto_Pipeline_ROW_COL_fu_276/ram_reg_bram_0_i_119__3/O
                         net (fo=64, routed)          1.205     3.943    bd_0_i/hls_inst/inst/grp_Compute_Auto_fu_771/grp_Compute_Auto_Pipeline_ROW_COL_fu_276/ram_reg_bram_0_i_119__3_n_5
    SLICE_X120Y185       LUT6 (Prop_H6LUT_SLICEL_I1_O)
                                                      0.051     3.994 r  bd_0_i/hls_inst/inst/grp_Compute_Auto_fu_771/grp_Compute_Auto_Pipeline_ROW_COL_fu_276/ram_reg_bram_1_i_65/O
                         net (fo=2, routed)           0.340     4.334    bd_0_i/hls_inst/inst/grp_Compute_Auto_fu_771/grp_Compute_Auto_Pipeline_ROW_COL_fu_276/grp_Compute_Auto_fu_771_p_ZL13result_buffer_0_0_d1[55]
    SLICE_X125Y193       LUT3 (Prop_C6LUT_SLICEL_I1_O)
                                                      0.096     4.430 r  bd_0_i/hls_inst/inst/grp_Compute_Auto_fu_771/grp_Compute_Auto_Pipeline_ROW_COL_fu_276/ram_reg_bram_1_i_37__15/O
                         net (fo=3, routed)           0.627     5.057    bd_0_i/hls_inst/inst/grp_MultMod_1_fu_2939/ram_reg_bram_1_160
    SLICE_X138Y202       LUT6 (Prop_H6LUT_SLICEL_I2_O)
                                                      0.124     5.181 r  bd_0_i/hls_inst/inst/grp_MultMod_1_fu_2939/ram_reg_bram_1_i_9__20/O
                         net (fo=1, routed)           0.570     5.751    bd_0_i/hls_inst/inst/p_ZL13result_buffer_0_0_U/d1[55]
    RAMB36_X9Y46         RAMB36E2                                     r  bd_0_i/hls_inst/inst/p_ZL13result_buffer_0_0_U/ram_reg_bram_1/DINADIN[19]
  -------------------------------------------------------------------    -------------------

                         (clock ap_clk rise edge)     6.000     6.000 r  
                                                      0.000     6.000 r  ap_clk (IN)
                         net (fo=79370, unset)        0.039     6.039    bd_0_i/hls_inst/inst/p_ZL13result_buffer_0_0_U/ap_clk
    RAMB36_X9Y46         RAMB36E2                                     r  bd_0_i/hls_inst/inst/p_ZL13result_buffer_0_0_U/ram_reg_bram_1/CLKARDCLK
                         clock pessimism              0.000     6.039    
                         clock uncertainty           -0.785     5.254    
    RAMB36_X9Y46         RAMB36E2 (Setup_RAMB36E2_RAMB36_CLKARDCLK_DINADIN[19])
                                                     -0.236     5.018    bd_0_i/hls_inst/inst/p_ZL13result_buffer_0_0_U/ram_reg_bram_1
  -------------------------------------------------------------------
                         required time                          5.018    
                         arrival time                          -5.751    
  -------------------------------------------------------------------
                         slack                                 -0.734    

Slack (VIOLATED) :        -0.732ns  (required time - arrival time)
  Source:                 bd_0_i/hls_inst/inst/p_ZL13poly_buffer_1_7_2_U/ram_reg/CLKARDCLK
                            (rising edge-triggered cell RAMB36E2 clocked by ap_clk  {rise@0.000ns fall@3.000ns period=6.000ns})
  Destination:            bd_0_i/hls_inst/inst/p_ZL13result_buffer_0_2_U/ram_reg_bram_0/DINADIN[2]
                            (rising edge-triggered cell RAMB36E2 clocked by ap_clk  {rise@0.000ns fall@3.000ns period=6.000ns})
  Path Group:             ap_clk
  Path Type:              Setup (Max at Slow Process Corner)
  Requirement:            6.000ns  (ap_clk rise@6.000ns - ap_clk rise@0.000ns)
  Data Path Delay:        5.634ns  (logic 1.465ns (26.003%)  route 4.169ns (73.997%))
  Logic Levels:           7  (LUT3=1 LUT5=1 LUT6=4 MUXF7=1)
  Clock Path Skew:        -0.037ns (DCD - SCD + CPR)
    Destination Clock Delay (DCD):    0.039ns = ( 6.039 - 6.000 ) 
    Source Clock Delay      (SCD):    0.076ns
    Clock Pessimism Removal (CPR):    0.000ns
  Clock Uncertainty:      0.785ns  ((TSJ^2 + TIJ^2)^1/2 + DJ) / 2 + PE + UU
    Total System Jitter     (TSJ):    0.071ns
    Total Input Jitter      (TIJ):    0.000ns
    Discrete Jitter          (DJ):    0.000ns
    Phase Error              (PE):    0.000ns
    User Uncertainty         (UU):    0.750ns

    Location             Delay type                Incr(ns)  Path(ns)    Netlist Resource(s)
  -------------------------------------------------------------------    -------------------
                         (clock ap_clk rise edge)     0.000     0.000 r  
                                                      0.000     0.000 r  ap_clk (IN)
                         net (fo=79370, unset)        0.076     0.076    bd_0_i/hls_inst/inst/p_ZL13poly_buffer_1_7_2_U/ap_clk
    RAMB36_X5Y28         RAMB36E2                                     r  bd_0_i/hls_inst/inst/p_ZL13poly_buffer_1_7_2_U/ram_reg/CLKARDCLK
  -------------------------------------------------------------------    -------------------
    RAMB36_X5Y28         RAMB36E2 (Prop_RAMB36E2_RAMB36_CLKARDCLK_DOUTBDOUT[6])
                                                      0.835     0.911 r  bd_0_i/hls_inst/inst/p_ZL13poly_buffer_1_7_2_U/ram_reg/DOUTBDOUT[6]
                         net (fo=8, routed)           0.858     1.769    bd_0_i/hls_inst/inst/grp_Compute_Auto_fu_771/grp_Compute_Auto_Pipeline_ROW_COL_fu_276/sparsemux_17_3_64_1_1_U208/p_ZL13poly_buffer_1_7_2_q0[38]
    SLICE_X99Y185        LUT6 (Prop_C6LUT_SLICEM_I0_O)
                                                      0.123     1.892 r  bd_0_i/hls_inst/inst/grp_Compute_Auto_fu_771/grp_Compute_Auto_Pipeline_ROW_COL_fu_276/sparsemux_17_3_64_1_1_U208/ram_reg_bram_1_i_191/O
                         net (fo=1, routed)           0.021     1.913    bd_0_i/hls_inst/inst/grp_Compute_Auto_fu_771/grp_Compute_Auto_Pipeline_ROW_COL_fu_276/sparsemux_17_3_64_1_1_U208/ram_reg_bram_1_i_191_n_5
    SLICE_X99Y185        MUXF7 (Prop_F7MUX_CD_SLICEM_I1_O)
                                                      0.068     1.981 r  bd_0_i/hls_inst/inst/grp_Compute_Auto_fu_771/grp_Compute_Auto_Pipeline_ROW_COL_fu_276/sparsemux_17_3_64_1_1_U208/ram_reg_bram_1_i_113/O
                         net (fo=3, routed)           0.674     2.655    bd_0_i/hls_inst/inst/grp_Compute_Auto_fu_771/grp_Compute_Auto_Pipeline_ROW_COL_fu_276/v_2_fu_2087_p19[38]
    SLICE_X115Y188       LUT5 (Prop_F6LUT_SLICEM_I3_O)
                                                      0.123     2.778 r  bd_0_i/hls_inst/inst/grp_Compute_Auto_fu_771/grp_Compute_Auto_Pipeline_ROW_COL_fu_276/ram_reg_bram_0_i_187__1/O
                         net (fo=1, routed)           0.136     2.914    bd_0_i/hls_inst/inst/grp_Compute_Auto_fu_771/grp_Compute_Auto_Pipeline_ROW_COL_fu_276/ram_reg_bram_0_i_187__1_n_5
    SLICE_X116Y186       LUT6 (Prop_E6LUT_SLICEL_I5_O)
                                                      0.051     2.965 r  bd_0_i/hls_inst/inst/grp_Compute_Auto_fu_771/grp_Compute_Auto_Pipeline_ROW_COL_fu_276/ram_reg_bram_0_i_131__3/O
                         net (fo=64, routed)          0.825     3.790    bd_0_i/hls_inst/inst/grp_Compute_Auto_fu_771/grp_Compute_Auto_Pipeline_ROW_COL_fu_276/ram_reg_bram_0_i_131__3_n_5
    SLICE_X119Y180       LUT6 (Prop_H6LUT_SLICEL_I3_O)
                                                      0.124     3.914 r  bd_0_i/hls_inst/inst/grp_Compute_Auto_fu_771/grp_Compute_Auto_Pipeline_ROW_COL_fu_276/ram_reg_bram_0_i_117__1/O
                         net (fo=2, routed)           0.530     4.444    bd_0_i/hls_inst/inst/grp_Compute_Auto_fu_771/grp_Compute_Auto_Pipeline_ROW_COL_fu_276/grp_Compute_Auto_fu_771_p_ZL13result_buffer_0_2_d1[2]
    SLICE_X122Y153       LUT3 (Prop_G6LUT_SLICEM_I1_O)
                                                      0.052     4.496 r  bd_0_i/hls_inst/inst/grp_Compute_Auto_fu_771/grp_Compute_Auto_Pipeline_ROW_COL_fu_276/ram_reg_bram_0_i_78__13/O
                         net (fo=3, routed)           0.604     5.100    bd_0_i/hls_inst/inst/grp_MultMod_1_fu_2939/sub_64ns_64s_64_3_1_U1189/ram_reg_bram_0_16
    SLICE_X138Y139       LUT6 (Prop_F6LUT_SLICEL_I2_O)
                                                      0.089     5.189 r  bd_0_i/hls_inst/inst/grp_MultMod_1_fu_2939/sub_64ns_64s_64_3_1_U1189/ram_reg_bram_0_i_31__16/O
                         net (fo=1, routed)           0.521     5.710    bd_0_i/hls_inst/inst/p_ZL13result_buffer_0_2_U/d1[2]
    RAMB36_X10Y26        RAMB36E2                                     r  bd_0_i/hls_inst/inst/p_ZL13result_buffer_0_2_U/ram_reg_bram_0/DINADIN[2]
  -------------------------------------------------------------------    -------------------

                         (clock ap_clk rise edge)     6.000     6.000 r  
                                                      0.000     6.000 r  ap_clk (IN)
                         net (fo=79370, unset)        0.039     6.039    bd_0_i/hls_inst/inst/p_ZL13result_buffer_0_2_U/ap_clk
    RAMB36_X10Y26        RAMB36E2                                     r  bd_0_i/hls_inst/inst/p_ZL13result_buffer_0_2_U/ram_reg_bram_0/CLKARDCLK
                         clock pessimism              0.000     6.039    
                         clock uncertainty           -0.785     5.254    
    RAMB36_X10Y26        RAMB36E2 (Setup_RAMB36E2_RAMB36_CLKARDCLK_DINADIN[2])
                                                     -0.276     4.978    bd_0_i/hls_inst/inst/p_ZL13result_buffer_0_2_U/ram_reg_bram_0
  -------------------------------------------------------------------
                         required time                          4.978    
                         arrival time                          -5.710    
  -------------------------------------------------------------------
                         slack                                 -0.732    




