Copyright 1986-2022 Xilinx, Inc. All Rights Reserved. Copyright 2022-2023 Advanced Micro Devices, Inc. All Rights Reserved.
--------------------------------------------------------------------------------------------------------------------------------------------------------------------------------------------------------------------------
| Tool Version : Vivado v.2023.2 (lin64) Build 4029153 Fri Oct 13 20:13:54 MDT 2023
| Date         : Fri Sep  4 12:05:59 2026
| Host         : LAPTOP-PERMR8RO running 64-bit Ubuntu 22.04.5 LTS
| Command      : report_design_analysis -congestion -file /home/timhan/FHE/openfhe-for-HKS-ACC/src/fpga_backend/Solution/hks_digit_csynth_wide256_direct_r3/solution1/impl/verilog/report/postroute_margin/congestion.rpt
| Design       : bd_0_wrapper
| Device       : xcu55c
| Design State : Routed
--------------------------------------------------------------------------------------------------------------------------------------------------------------------------------------------------------------------------

Report Design Analysis

Table of Contents
-----------------
1. Placer Final Level Congestion Reporting
2. Router Initial Congestion
3. SLR Net Crossing Reporting

1. Placer Final Level Congestion Reporting
------------------------------------------

+-----------+------+-------+------------------------------+---------------+---------------+-----+--------+------+------+------+------+-----+-------+-----+-------------------------------------------------------------------------------------------------------------------------------------------------------------------------------------------------------------------------------------+
| Direction | Type | Level |            Window            | Combined LUTs | Avg LUT Input | LUT | LUTRAM | Flop | MUXF | RAMB | URAM | DSP | CARRY | SRL |                                                                                                              Cell Names                                                                                                             |
+-----------+------+-------+------------------------------+---------------+---------------+-----+--------+------+------+------+------+-----+-------+-----+-------------------------------------------------------------------------------------------------------------------------------------------------------------------------------------------------------------------------------------+
| South     | Long |     5 | (CLEL_R_X52Y149,DSP_X67Y180) |            0% |         3.666 | 62% | 0%     |   2% |  12% | 100% | 100% | 0%  |    0% |  0% | bd_0_i/hls_inst/inst(65%),bd_0_i/hls_inst/inst/grp_Execute_Transform_Operation_fu_2188/grp_Execute_Transform_fu_1168(11%),bd_0_i/hls_inst/inst/grp_Execute_Transform_Operation_fu_2188/grp_Compute_BConv_Systolic_33_34_fu_1005(6%) |
| East      | Long |     5 | (CLEL_R_X57Y149,DSP_X72Y180) |            0% |         4.004 | 68% | 0%     |   3% |  15% | 100% | 100% | 0%  |    2% |  0% | bd_0_i/hls_inst/inst(73%),bd_0_i/hls_inst/inst/grp_Execute_Transform_Operation_fu_2188/grp_Execute_Transform_fu_1168(13%)                                                                                                           |
+-----------+------+-------+------------------------------+---------------+---------------+-----+--------+------+------+------+------+-----+-------+-----+-------------------------------------------------------------------------------------------------------------------------------------------------------------------------------------------------------------------------------------+


2. Router Initial Congestion
----------------------------

+-----------+--------+-------+---------------------------------+---------------+---------------+-----+--------+------+------+------+------+-----+-------+-----+-------------------------------------------------------------------------------------------------------------------------------------------------------------------------------------------------------------------------------------------------------------------------------------------------------------+-------------------------------------------------------------------------------------------------------------------------------------------------------------------------------------------------------------------------------------------------------------------------------------------------------------------------------------------------------------------------------------------------+
| Direction |  Type  | Level |              Window             | Combined LUTs | Avg LUT Input | LUT | LUTRAM | Flop | MUXF | RAMB | URAM | DSP | CARRY | SRL |                                                                                                                                                  Cell Names                                                                                                                                                 |                                                                                                                                                                                           Sub Windows                                                                                                                                                                                           |
+-----------+--------+-------+---------------------------------+---------------+---------------+-----+--------+------+------+------+------+-----+-------+-----+-------------------------------------------------------------------------------------------------------------------------------------------------------------------------------------------------------------------------------------------------------------------------------------------------------------+-------------------------------------------------------------------------------------------------------------------------------------------------------------------------------------------------------------------------------------------------------------------------------------------------------------------------------------------------------------------------------------------------+
| East      | Global |     5 | (CLEM_X57Y138,CLEM_X80Y193)     |            0% |         5.521 | 68% |     0% |   5% |  13% | 100% |   NA |  9% |    7% |  0% | bd_0_i/hls_inst/inst(73%),bd_0_i/hls_inst/inst/grp_Execute_Transform_Operation_fu_2188/grp_Execute_Transform_fu_1168(9%),bd_0_i/hls_inst/inst/grp_Execute_Transform_Operation_fu_2188/grp_Execute_Transform_fu_1168/grp_CG_Transform_Banks_fu_742/grp_CG_Transform_Banks_Pipeline_BUTTERFLY_LOOP_fu_320(4%) | (CLEM_X57Y186,CLEM_X64Y193), (CLEM_X57Y178,CLEM_X64Y185), (CLEM_X57Y170,CLEM_X64Y177), (CLEM_X57Y162,CLEM_X64Y169), (CLEM_X57Y154,CLEM_X64Y161), (CLEM_X57Y146,CLEM_X64Y153), (CLEM_X57Y138,CLEM_X64Y145), (CLEL_R_X65Y186,CLEM_X72Y193), (CLEL_R_X65Y178,CLEM_X72Y185), (CLEL_R_X65Y170,CLEM_X72Y177), (CLEL_R_X65Y146,CLEM_X72Y153), (CLEM_X73Y186,CLEM_X80Y193), (CLEM_X73Y170,CLEM_X80Y177) |
| North     | Long   |     5 | (CLEL_R_X56Y142,CLEL_R_X71Y205) |            0% |         5.714 | 58% |     0% |   3% |  12% | 100% | 100% |  0% |    4% |  0% | bd_0_i/hls_inst/inst(71%),bd_0_i/hls_inst/inst/grp_Execute_Transform_Operation_fu_2188/grp_Execute_Transform_fu_1168(10%),bd_0_i/hls_inst/inst/grp_Execute_Transform_Operation_fu_2188/grp_Compute_BConv_Systolic_33_34_fu_1005(3%)                                                                         | (CLEL_R_X56Y190,CLEL_R_X71Y205), (CLEL_R_X56Y174,CLEL_R_X71Y189), (CLEL_R_X56Y158,CLEL_R_X71Y173), (CLEL_R_X56Y142,CLEL_R_X71Y157)                                                                                                                                                                                                                                                              |
| South     | Long   |     6 | (CLEM_X49Y125,CLEM_X80Y188)     |            0% |         5.443 | 57% |     0% |   7% |   7% | 100% | 100% |  6% |    9% |  1% | bd_0_i/hls_inst/inst(74%),bd_0_i/hls_inst/inst/grp_Execute_Transform_Operation_fu_2188(13%),bd_0_i/hls_inst/inst/grp_Execute_Transform_Operation_fu_2188/grp_Execute_Transform_fu_1168(7%)                                                                                                                  | (CLEM_X49Y157,CLEM_X80Y188), (CLEM_X49Y125,CLEM_X80Y156)                                                                                                                                                                                                                                                                                                                                        |
| East      | Long   |     6 | (CLEL_L_X50Y134,CLEL_R_X81Y197) |            0% |         5.452 | 57% |     0% |   6% |   8% | 100% |  75% |  7% |    9% |  0% | bd_0_i/hls_inst/inst(77%),bd_0_i/hls_inst/inst/grp_Execute_Transform_Operation_fu_2188(9%),bd_0_i/hls_inst/inst/grp_Execute_Transform_Operation_fu_2188/grp_Execute_Transform_fu_1168(7%)                                                                                                                   | (CLEL_L_X50Y182,CLEL_R_X65Y197), (CLEL_L_X50Y166,CLEL_R_X65Y181), (CLEL_L_X50Y150,CLEL_R_X65Y165), (CLEL_L_X50Y134,CLEL_R_X65Y149), (CLEM_X66Y182,CLEL_R_X81Y197), (CLEM_X66Y166,CLEL_R_X81Y181), (CLEM_X66Y150,CLEL_R_X81Y165), (CLEM_X66Y134,CLEL_R_X81Y149)                                                                                                                                  |
+-----------+--------+-------+---------------------------------+---------------+---------------+-----+--------+------+------+------+------+-----+-------+-----+-------------------------------------------------------------------------------------------------------------------------------------------------------------------------------------------------------------------------------------------------------------------------------------------------------------+-------------------------------------------------------------------------------------------------------------------------------------------------------------------------------------------------------------------------------------------------------------------------------------------------------------------------------------------------------------------------------------------------+


3. SLR Net Crossing Reporting
-----------------------------

+------------+-----------------------------+-------------+-------------+-------------+
| Cell Names | Number of Nets crossing SLR | 0 - 1 Cuts  | 0 - 2 Cuts  | 1 - 2 Cuts  |
+------------+-----------------------------+-------------+-------------+-------------+
* Information not available. There are no nets crossing SLRs.


