                             latency        interval
transaction       0:              91              91
transaction       1:          295023          295023
transaction       2:           10779           10779
transaction       3:           10774           10774
transaction       4:           13928           13928
transaction       5:           10784           10784
transaction       6:           10774           10774
transaction       7:           10774           10774
transaction       8:           70136           70136
transaction       9:           10784           10784
transaction      10:           15620           15620
transaction      11:           10779           10779
transaction      12:           10774           10774
transaction      13:           10774           10774
transaction      14:           10774           10774
transaction      15:           69603           69603
transaction      16:           10779           10779
transaction      17:           10774           10774
transaction      18:           10774           10774
transaction      19:           12224           12224
transaction      20:           10784           10784
transaction      21:           10774           10774
transaction      22:           70664           70664
transaction      23:           10784           10784
transaction      24:           10774           10774
transaction      25:           13928           13928
transaction      26:           10779           10779
transaction      27:           10774           10774
transaction      28:           10774           10774
transaction      29:           70136           70136
transaction      30:            6538            6538
transaction      31:            6538            6538
transaction      32:            6562            6562
transaction      33:            8590            8590
transaction      34:              51               x
