

================================================================
== Synthesis Summary Report of 'Compute_NTT'
================================================================
+ General Information: 
    * Date:           Thu Apr 23 12:19:40 2026
    * Version:        2023.2 (Build 4023990 on Oct 11 2023)
    * Project:        cosim_Compute_NTT
    * Solution:       solution1 (Vivado IP Flow Target)
    * Product family: virtexuplusHBM
    * Target device:  xcu55c-fsvh2892-2L-e
    

+ Performance & Resource Estimates: 
    
    PS: '+' for module; 'o' for loop; '*' for dataflow
    +------------------------------------------------------------+--------+-------+---------+-----------+----------+---------+------+----------+----------+-----------+-------------+-------------+-----+
    |                           Modules                          |  Issue |       | Latency |  Latency  | Iteration|         | Trip |          |          |           |             |             |     |
    |                           & Loops                          |  Type  | Slack | (cycles)|    (ns)   |  Latency | Interval| Count| Pipelined|   BRAM   |    DSP    |      FF     |     LUT     | URAM|
    +------------------------------------------------------------+--------+-------+---------+-----------+----------+---------+------+----------+----------+-----------+-------------+-------------+-----+
    |+ Compute_NTT                                               |  Timing|  -0.11|   362471|  1.812e+06|         -|   362472|     -|        no|  32 (~0%)|  928 (10%)|  121468 (4%)|  103501 (7%)|    -|
    | o LIMB_LOOP                                                |       -|   3.65|   362470|  1.812e+06|     72494|        -|     5|        no|         -|          -|            -|            -|    -|
    |  + NTT_Kernel_1                                            |  Timing|  -0.11|    72491|  3.625e+05|         -|    72491|     -|        no|  32 (~0%)|  928 (10%)|  121140 (4%)|  103285 (7%)|    -|
    |   + NTT_Kernel_1_Pipeline_INIT_ROWS_INIT_BLOCKS            |  Timing|  -0.11|      514|  2.570e+03|         -|      514|     -|        no|         -|          -|     36 (~0%)|    167 (~0%)|    -|
    |    o INIT_ROWS_INIT_BLOCKS                                 |       -|   3.65|      512|  2.560e+03|         2|        1|   512|       yes|         -|          -|            -|            -|    -|
    |   + NTT_Kernel_1_Pipeline_WRITEBACK_ROWS_WRITEBACK_BLOCKS  |       -|   0.80|      514|  2.570e+03|         -|      514|     -|        no|         -|          -|     39 (~0%)|    167 (~0%)|    -|
    |    o WRITEBACK_ROWS_WRITEBACK_BLOCKS                       |       -|   3.65|      512|  2.560e+03|         2|        1|   512|       yes|         -|          -|            -|            -|    -|
    |   o STAGE_LOOP                                             |       -|   3.65|    71460|  3.573e+05|      5955|        -|    12|        no|         -|          -|            -|            -|    -|
    |    o ROW_LOOP                                              |       -|   3.65|     5952|  2.976e+04|        93|        -|    64|        no|         -|          -|            -|            -|    -|
    |     + NTT_Kernel_1_Pipeline_VITIS_LOOP_28_1                |       -|   1.34|       10|     50.000|         -|       10|     -|        no|         -|          -|   2057 (~0%)|    933 (~0%)|    -|
    |      o VITIS_LOOP_28_1                                     |       -|   3.65|        8|     40.000|         1|        1|     8|       yes|         -|          -|            -|            -|    -|
    |     + NTT_Kernel_1_Pipeline_VITIS_LOOP_46_1                |       -|   1.42|       10|     50.000|         -|       10|     -|        no|         -|          -|   2057 (~0%)|   1127 (~0%)|    -|
    |      o VITIS_LOOP_46_1                                     |       -|   3.65|        8|     40.000|         1|        1|     8|       yes|         -|          -|            -|            -|    -|
    |     + NTT_Kernel_1_Pipeline_VITIS_LOOP_70_1                |       -|   0.65|       10|     50.000|         -|       10|     -|        no|         -|          -|   4112 (~0%)|   1054 (~0%)|    -|
    |      o VITIS_LOOP_70_1                                     |       -|   3.65|        8|     40.000|         2|        1|     8|       yes|         -|          -|            -|            -|    -|
    |     + NTT_Kernel_1_Pipeline_VITIS_LOOP_70_12               |       -|   0.65|       10|     50.000|         -|       10|     -|        no|         -|          -|   4112 (~0%)|   1054 (~0%)|    -|
    |      o VITIS_LOOP_70_1                                     |       -|   3.65|        8|     40.000|         2|        1|     8|       yes|         -|          -|            -|            -|    -|
    |     + NTT_Kernel_1_Pipeline_VITIS_LOOP_88_1                |       -|   1.54|       10|     50.000|         -|       10|     -|        no|         -|          -|   4105 (~0%)|   3147 (~0%)|    -|
    |      o VITIS_LOOP_88_1                                     |       -|   3.65|        8|     40.000|         1|        1|     8|       yes|         -|          -|            -|            -|    -|
    |     + NTT_Kernel_1_Pipeline_VITIS_LOOP_96_1                |       -|   0.82|        6|     30.000|         -|        6|     -|        no|         -|          -|   1037 (~0%)|   3193 (~0%)|    -|
    |      o VITIS_LOOP_96_1                                     |       -|   3.65|        4|     20.000|         1|        1|     4|       yes|         -|          -|            -|            -|    -|
    |     + NTT_Kernel_1_Pipeline_VITIS_LOOP_114_13              |       -|   0.28|        7|     35.000|         -|        7|     -|        no|         -|          -|   2189 (~0%)|    677 (~0%)|    -|
    |      o VITIS_LOOP_114_1                                    |       -|   3.65|        5|     25.000|         3|        1|     4|       yes|         -|          -|            -|            -|    -|
    |     + NTT_Kernel_1_Pipeline_VITIS_LOOP_114_1               |       -|   0.28|        7|     35.000|         -|        7|     -|        no|         -|          -|   2189 (~0%)|    677 (~0%)|    -|
    |      o VITIS_LOOP_114_1                                    |       -|   3.65|        5|     25.000|         3|        1|     4|       yes|         -|          -|            -|            -|    -|
    |     + NTT_Kernel_1_Pipeline_VITIS_LOOP_136_1               |       -|   0.04|       22|    110.000|         -|       22|     -|        no|         -|  928 (10%)|   63803 (2%)|   83372 (6%)|    -|
    |      o VITIS_LOOP_136_1                                    |       -|   3.65|       20|    100.000|        18|        1|     4|       yes|         -|          -|            -|            -|    -|
    |       + MultMod                                            |       -|   0.04|       14|     70.000|         -|        1|     -|       yes|         -|   58 (~0%)|   2438 (~0%)|   3850 (~0%)|    -|
    |       + MultMod                                            |       -|   0.04|       14|     70.000|         -|        1|     -|       yes|         -|   58 (~0%)|   2438 (~0%)|   3850 (~0%)|    -|
    |       + MultMod                                            |       -|   0.04|       14|     70.000|         -|        1|     -|       yes|         -|   58 (~0%)|   2438 (~0%)|   3850 (~0%)|    -|
    |       + MultMod                                            |       -|   0.04|       14|     70.000|         -|        1|     -|       yes|         -|   58 (~0%)|   2438 (~0%)|   3850 (~0%)|    -|
    |       + MultMod                                            |       -|   0.04|       14|     70.000|         -|        1|     -|       yes|         -|   58 (~0%)|   2438 (~0%)|   3850 (~0%)|    -|
    |       + MultMod                                            |       -|   0.04|       14|     70.000|         -|        1|     -|       yes|         -|   58 (~0%)|   2438 (~0%)|   3850 (~0%)|    -|
    |       + MultMod                                            |       -|   0.04|       14|     70.000|         -|        1|     -|       yes|         -|   58 (~0%)|   2438 (~0%)|   3850 (~0%)|    -|
    |       + MultMod                                            |       -|   0.04|       14|     70.000|         -|        1|     -|       yes|         -|   58 (~0%)|   2438 (~0%)|   3850 (~0%)|    -|
    |       + MultMod                                            |       -|   0.04|       14|     70.000|         -|        1|     -|       yes|         -|   58 (~0%)|   2438 (~0%)|   3850 (~0%)|    -|
    |       + MultMod                                            |       -|   0.04|       14|     70.000|         -|        1|     -|       yes|         -|   58 (~0%)|   2438 (~0%)|   3850 (~0%)|    -|
    |       + MultMod                                            |       -|   0.04|       14|     70.000|         -|        1|     -|       yes|         -|   58 (~0%)|   2438 (~0%)|   3850 (~0%)|    -|
    |       + MultMod                                            |       -|   0.04|       14|     70.000|         -|        1|     -|       yes|         -|   58 (~0%)|   2438 (~0%)|   3850 (~0%)|    -|
    |       + MultMod                                            |       -|   0.04|       14|     70.000|         -|        1|     -|       yes|         -|   58 (~0%)|   2438 (~0%)|   3850 (~0%)|    -|
    |       + MultMod                                            |       -|   0.04|       14|     70.000|         -|        1|     -|       yes|         -|   58 (~0%)|   2438 (~0%)|   3850 (~0%)|    -|
    |       + MultMod                                            |       -|   0.04|       14|     70.000|         -|        1|     -|       yes|         -|   58 (~0%)|   2438 (~0%)|   3850 (~0%)|    -|
    |       + MultMod                                            |       -|   0.04|       14|     70.000|         -|        1|     -|       yes|         -|   58 (~0%)|   2438 (~0%)|   3850 (~0%)|    -|
    |     + NTT_Kernel_1_Pipeline_VITIS_LOOP_164_1               |       -|   1.54|       10|     50.000|         -|       10|     -|        no|         -|          -|   4105 (~0%)|   3147 (~0%)|    -|
    |      o VITIS_LOOP_164_1                                    |       -|   3.65|        8|     40.000|         1|        1|     8|       yes|         -|          -|            -|            -|    -|
    |     + NTT_Kernel_1_Pipeline_VITIS_LOOP_181_1               |       -|   0.65|       10|     50.000|         -|       10|     -|        no|         -|          -|      9 (~0%)|    817 (~0%)|    -|
    |      o VITIS_LOOP_181_1                                    |       -|   3.65|        8|     40.000|         1|        1|     8|       yes|         -|          -|            -|            -|    -|
    |     + NTT_Kernel_1_Pipeline_VITIS_LOOP_181_14              |       -|   0.65|       10|     50.000|         -|       10|     -|        no|         -|          -|      9 (~0%)|    809 (~0%)|    -|
    |      o VITIS_LOOP_181_1                                    |       -|   3.65|        8|     40.000|         1|        1|     8|       yes|         -|          -|            -|            -|    -|
    +------------------------------------------------------------+--------+-------+---------+-----------+----------+---------+------+----------+----------+-----------+-------------+-------------+-----+


================================================================
== HW Interfaces
================================================================
* AP_MEMORY
+--------------------------------+-----------+----------+
| Port                           | Direction | Bitwidth |
+--------------------------------+-----------+----------+
| K_HALF_address0                | out       | 3        |
| K_HALF_q0                      | in        | 64       |
| M_address0                     | out       | 3        |
| M_q0                           | in        | 64       |
| in_memory_0_address0           | out       | 12       |
| in_memory_0_d0                 | out       | 64       |
| in_memory_0_q0                 | in        | 64       |
| in_memory_1_address0           | out       | 12       |
| in_memory_1_d0                 | out       | 64       |
| in_memory_1_q0                 | in        | 64       |
| in_memory_2_address0           | out       | 12       |
| in_memory_2_d0                 | out       | 64       |
| in_memory_2_q0                 | in        | 64       |
| in_memory_3_address0           | out       | 12       |
| in_memory_3_d0                 | out       | 64       |
| in_memory_3_q0                 | in        | 64       |
| in_memory_4_address0           | out       | 12       |
| in_memory_4_d0                 | out       | 64       |
| in_memory_4_q0                 | in        | 64       |
| in_memory_5_address0           | out       | 12       |
| in_memory_5_d0                 | out       | 64       |
| in_memory_5_q0                 | in        | 64       |
| in_memory_6_address0           | out       | 12       |
| in_memory_6_d0                 | out       | 64       |
| in_memory_6_q0                 | in        | 64       |
| in_memory_7_address0           | out       | 12       |
| in_memory_7_d0                 | out       | 64       |
| in_memory_7_q0                 | in        | 64       |
| intt_twiddle_memory_0_address0 | out       | 15       |
| intt_twiddle_memory_0_q0       | in        | 64       |
| intt_twiddle_memory_1_address0 | out       | 15       |
| intt_twiddle_memory_1_q0       | in        | 64       |
| intt_twiddle_memory_2_address0 | out       | 15       |
| intt_twiddle_memory_2_q0       | in        | 64       |
| intt_twiddle_memory_3_address0 | out       | 15       |
| intt_twiddle_memory_3_q0       | in        | 64       |
| intt_twiddle_memory_4_address0 | out       | 15       |
| intt_twiddle_memory_4_q0       | in        | 64       |
| intt_twiddle_memory_5_address0 | out       | 15       |
| intt_twiddle_memory_5_q0       | in        | 64       |
| intt_twiddle_memory_6_address0 | out       | 15       |
| intt_twiddle_memory_6_q0       | in        | 64       |
| intt_twiddle_memory_7_address0 | out       | 15       |
| intt_twiddle_memory_7_q0       | in        | 64       |
| modulus_address0               | out       | 3        |
| modulus_q0                     | in        | 64       |
| ntt_twiddle_memory_0_address0  | out       | 15       |
| ntt_twiddle_memory_0_q0        | in        | 64       |
| ntt_twiddle_memory_1_address0  | out       | 15       |
| ntt_twiddle_memory_1_q0        | in        | 64       |
| ntt_twiddle_memory_2_address0  | out       | 15       |
| ntt_twiddle_memory_2_q0        | in        | 64       |
| ntt_twiddle_memory_3_address0  | out       | 15       |
| ntt_twiddle_memory_3_q0        | in        | 64       |
| ntt_twiddle_memory_4_address0  | out       | 15       |
| ntt_twiddle_memory_4_q0        | in        | 64       |
| ntt_twiddle_memory_5_address0  | out       | 15       |
| ntt_twiddle_memory_5_q0        | in        | 64       |
| ntt_twiddle_memory_6_address0  | out       | 15       |
| ntt_twiddle_memory_6_q0        | in        | 64       |
| ntt_twiddle_memory_7_address0  | out       | 15       |
| ntt_twiddle_memory_7_q0        | in        | 64       |
+--------------------------------+-----------+----------+

* Other Ports
+------------------+---------+-----------+----------+
| Port             | Mode    | Direction | Bitwidth |
+------------------+---------+-----------+----------+
| is_ntt           | ap_none | in        | 1        |
| mod_idx_offset   | ap_none | in        | 32       |
| num_active_limbs | ap_none | in        | 32       |
+------------------+---------+-----------+----------+

* TOP LEVEL CONTROL
+-----------+------------+-----------------------------------+
| Interface | Type       | Ports                             |
+-----------+------------+-----------------------------------+
| ap_clk    | clock      | ap_clk                            |
| ap_rst    | reset      | ap_rst                            |
| ap_ctrl   | ap_ctrl_hs | ap_done ap_idle ap_ready ap_start |
+-----------+------------+-----------------------------------+


================================================================
== SW I/O Information
================================================================
* Top Function Arguments
+---------------------+-----------+---------------------------+
| Argument            | Direction | Datatype                  |
+---------------------+-----------+---------------------------+
| in_memory           | inout     | long unsigned int*        |
| ntt_twiddle_memory  | in        | long unsigned int const * |
| intt_twiddle_memory | in        | long unsigned int const * |
| modulus             | in        | long unsigned int const * |
| K_HALF              | in        | long unsigned int const * |
| M                   | in        | long unsigned int const * |
| is_ntt              | in        | bool                      |
| num_active_limbs    | in        | int                       |
| mod_idx_offset      | in        | int                       |
+---------------------+-----------+---------------------------+

* SW-to-HW Mapping
+---------------------+--------------------------------+---------+----------+
| Argument            | HW Interface                   | HW Type | HW Usage |
+---------------------+--------------------------------+---------+----------+
| in_memory           | in_memory_0_address0           | port    | offset   |
| in_memory           | in_memory_0_ce0                | port    |          |
| in_memory           | in_memory_0_we0                | port    |          |
| in_memory           | in_memory_0_d0                 | port    |          |
| in_memory           | in_memory_0_q0                 | port    |          |
| in_memory           | in_memory_1_address0           | port    | offset   |
| in_memory           | in_memory_1_ce0                | port    |          |
| in_memory           | in_memory_1_we0                | port    |          |
| in_memory           | in_memory_1_d0                 | port    |          |
| in_memory           | in_memory_1_q0                 | port    |          |
| in_memory           | in_memory_2_address0           | port    | offset   |
| in_memory           | in_memory_2_ce0                | port    |          |
| in_memory           | in_memory_2_we0                | port    |          |
| in_memory           | in_memory_2_d0                 | port    |          |
| in_memory           | in_memory_2_q0                 | port    |          |
| in_memory           | in_memory_3_address0           | port    | offset   |
| in_memory           | in_memory_3_ce0                | port    |          |
| in_memory           | in_memory_3_we0                | port    |          |
| in_memory           | in_memory_3_d0                 | port    |          |
| in_memory           | in_memory_3_q0                 | port    |          |
| in_memory           | in_memory_4_address0           | port    | offset   |
| in_memory           | in_memory_4_ce0                | port    |          |
| in_memory           | in_memory_4_we0                | port    |          |
| in_memory           | in_memory_4_d0                 | port    |          |
| in_memory           | in_memory_4_q0                 | port    |          |
| in_memory           | in_memory_5_address0           | port    | offset   |
| in_memory           | in_memory_5_ce0                | port    |          |
| in_memory           | in_memory_5_we0                | port    |          |
| in_memory           | in_memory_5_d0                 | port    |          |
| in_memory           | in_memory_5_q0                 | port    |          |
| in_memory           | in_memory_6_address0           | port    | offset   |
| in_memory           | in_memory_6_ce0                | port    |          |
| in_memory           | in_memory_6_we0                | port    |          |
| in_memory           | in_memory_6_d0                 | port    |          |
| in_memory           | in_memory_6_q0                 | port    |          |
| in_memory           | in_memory_7_address0           | port    | offset   |
| in_memory           | in_memory_7_ce0                | port    |          |
| in_memory           | in_memory_7_we0                | port    |          |
| in_memory           | in_memory_7_d0                 | port    |          |
| in_memory           | in_memory_7_q0                 | port    |          |
| ntt_twiddle_memory  | ntt_twiddle_memory_0_address0  | port    | offset   |
| ntt_twiddle_memory  | ntt_twiddle_memory_0_ce0       | port    |          |
| ntt_twiddle_memory  | ntt_twiddle_memory_0_q0        | port    |          |
| ntt_twiddle_memory  | ntt_twiddle_memory_1_address0  | port    | offset   |
| ntt_twiddle_memory  | ntt_twiddle_memory_1_ce0       | port    |          |
| ntt_twiddle_memory  | ntt_twiddle_memory_1_q0        | port    |          |
| ntt_twiddle_memory  | ntt_twiddle_memory_2_address0  | port    | offset   |
| ntt_twiddle_memory  | ntt_twiddle_memory_2_ce0       | port    |          |
| ntt_twiddle_memory  | ntt_twiddle_memory_2_q0        | port    |          |
| ntt_twiddle_memory  | ntt_twiddle_memory_3_address0  | port    | offset   |
| ntt_twiddle_memory  | ntt_twiddle_memory_3_ce0       | port    |          |
| ntt_twiddle_memory  | ntt_twiddle_memory_3_q0        | port    |          |
| ntt_twiddle_memory  | ntt_twiddle_memory_4_address0  | port    | offset   |
| ntt_twiddle_memory  | ntt_twiddle_memory_4_ce0       | port    |          |
| ntt_twiddle_memory  | ntt_twiddle_memory_4_q0        | port    |          |
| ntt_twiddle_memory  | ntt_twiddle_memory_5_address0  | port    | offset   |
| ntt_twiddle_memory  | ntt_twiddle_memory_5_ce0       | port    |          |
| ntt_twiddle_memory  | ntt_twiddle_memory_5_q0        | port    |          |
| ntt_twiddle_memory  | ntt_twiddle_memory_6_address0  | port    | offset   |
| ntt_twiddle_memory  | ntt_twiddle_memory_6_ce0       | port    |          |
| ntt_twiddle_memory  | ntt_twiddle_memory_6_q0        | port    |          |
| ntt_twiddle_memory  | ntt_twiddle_memory_7_address0  | port    | offset   |
| ntt_twiddle_memory  | ntt_twiddle_memory_7_ce0       | port    |          |
| ntt_twiddle_memory  | ntt_twiddle_memory_7_q0        | port    |          |
| intt_twiddle_memory | intt_twiddle_memory_0_address0 | port    | offset   |
| intt_twiddle_memory | intt_twiddle_memory_0_ce0      | port    |          |
| intt_twiddle_memory | intt_twiddle_memory_0_q0       | port    |          |
| intt_twiddle_memory | intt_twiddle_memory_1_address0 | port    | offset   |
| intt_twiddle_memory | intt_twiddle_memory_1_ce0      | port    |          |
| intt_twiddle_memory | intt_twiddle_memory_1_q0       | port    |          |
| intt_twiddle_memory | intt_twiddle_memory_2_address0 | port    | offset   |
| intt_twiddle_memory | intt_twiddle_memory_2_ce0      | port    |          |
| intt_twiddle_memory | intt_twiddle_memory_2_q0       | port    |          |
| intt_twiddle_memory | intt_twiddle_memory_3_address0 | port    | offset   |
| intt_twiddle_memory | intt_twiddle_memory_3_ce0      | port    |          |
| intt_twiddle_memory | intt_twiddle_memory_3_q0       | port    |          |
| intt_twiddle_memory | intt_twiddle_memory_4_address0 | port    | offset   |
| intt_twiddle_memory | intt_twiddle_memory_4_ce0      | port    |          |
| intt_twiddle_memory | intt_twiddle_memory_4_q0       | port    |          |
| intt_twiddle_memory | intt_twiddle_memory_5_address0 | port    | offset   |
| intt_twiddle_memory | intt_twiddle_memory_5_ce0      | port    |          |
| intt_twiddle_memory | intt_twiddle_memory_5_q0       | port    |          |
| intt_twiddle_memory | intt_twiddle_memory_6_address0 | port    | offset   |
| intt_twiddle_memory | intt_twiddle_memory_6_ce0      | port    |          |
| intt_twiddle_memory | intt_twiddle_memory_6_q0       | port    |          |
| intt_twiddle_memory | intt_twiddle_memory_7_address0 | port    | offset   |
| intt_twiddle_memory | intt_twiddle_memory_7_ce0      | port    |          |
| intt_twiddle_memory | intt_twiddle_memory_7_q0       | port    |          |
| modulus             | modulus_address0               | port    | offset   |
| modulus             | modulus_ce0                    | port    |          |
| modulus             | modulus_q0                     | port    |          |
| K_HALF              | K_HALF_address0                | port    | offset   |
| K_HALF              | K_HALF_ce0                     | port    |          |
| K_HALF              | K_HALF_q0                      | port    |          |
| M                   | M_address0                     | port    | offset   |
| M                   | M_ce0                          | port    |          |
| M                   | M_q0                           | port    |          |
| is_ntt              | is_ntt                         | port    |          |
| num_active_limbs    | num_active_limbs               | port    |          |
| mod_idx_offset      | mod_idx_offset                 | port    |          |
+---------------------+--------------------------------+---------+----------+


================================================================
== Bind Op Report
================================================================
+-----------------------------------------------------------+-----+--------+-----------------+-----+--------+---------+
| Name                                                      | DSP | Pragma | Variable        | Op  | Impl   | Latency |
+-----------------------------------------------------------+-----+--------+-----------------+-----+--------+---------+
| + Compute_NTT                                             | 928 |        |                 |     |        |         |
|   add_fu_221_p2                                           |     |        | add             | add | fabric | 0       |
|   add_ln429_fu_255_p2                                     |     |        | add_ln429       | add | fabric | 0       |
|  + NTT_Kernel_1                                           | 928 |        |                 |     |        |         |
|    add_i_i95_fu_7182_p2                                   |     |        | add_i_i95       | add | fabric | 0       |
|    j_1_fu_7207_p2                                         |     |        | j_1             | add | fabric | 0       |
|    sub_fu_7213_p2                                         |     |        | sub             | sub | fabric | 0       |
|    sub_i_i_fu_7241_p2                                     |     |        | sub_i_i         | add | fabric | 0       |
|    dis_log_fu_7267_p2                                     |     |        | dis_log         | sub | fabric | 0       |
|    add_i_i_fu_7277_p2                                     |     |        | add_i_i         | add | fabric | 0       |
|    mask1_1_fu_7297_p2                                     |     |        | mask1_1         | add | fabric | 0       |
|    mask3_fu_7303_p2                                       |     |        | mask3           | sub | fabric | 0       |
|    shift_val_fu_7315_p2                                   |     |        | shift_val       | sub | fabric | 0       |
|    mask_fu_7335_p2                                        |     |        | mask            | add | fabric | 0       |
|    sub_i46_cast_fu_7361_p2                                |     |        | sub_i46_cast    | add | fabric | 0       |
|    add_ln326_fu_7403_p2                                   |     |        | add_ln326       | add | fabric | 0       |
|    mul_6s_6s_6_1_1_U1854                                  |     |        | mul_i           | mul | auto   | 0       |
|    add_i48_fu_10058_p2                                    |     |        | add_i48         | add | fabric | 0       |
|    add11_i_fu_10067_p2                                    |     |        | add11_i         | add | fabric | 0       |
|   + NTT_Kernel_1_Pipeline_INIT_ROWS_INIT_BLOCKS           | 0   |        |                 |     |        |         |
|     add_ln297_1_fu_344_p2                                 |     |        | add_ln297_1     | add | fabric | 0       |
|     add_ln297_fu_356_p2                                   |     |        | add_ln297       | add | fabric | 0       |
|     add_ln307_fu_404_p2                                   |     |        | add_ln307       | add | fabric | 0       |
|     add_ln300_fu_430_p2                                   |     |        | add_ln300       | add | fabric | 0       |
|   + NTT_Kernel_1_Pipeline_WRITEBACK_ROWS_WRITEBACK_BLOCKS | 0   |        |                 |     |        |         |
|     add_ln384_1_fu_354_p2                                 |     |        | add_ln384_1     | add | fabric | 0       |
|     add_ln384_fu_366_p2                                   |     |        | add_ln384       | add | fabric | 0       |
|     add_ln393_fu_414_p2                                   |     |        | add_ln393       | add | fabric | 0       |
|     add_ln386_fu_440_p2                                   |     |        | add_ln386       | add | fabric | 0       |
|   + NTT_Kernel_1_Pipeline_VITIS_LOOP_28_1                 | 0   |        |                 |     |        |         |
|     InputIndex_128_fu_1842_p2                             |     |        | InputIndex_128  | add | fabric | 0       |
|     InputIndex_129_fu_1892_p2                             |     |        | InputIndex_129  | add | fabric | 0       |
|     InputIndex_130_fu_1956_p2                             |     |        | InputIndex_130  | add | fabric | 0       |
|     InputIndex_131_fu_2014_p2                             |     |        | InputIndex_131  | add | fabric | 0       |
|     add_ln32_fu_2024_p2                                   |     |        | add_ln32        | add | fabric | 0       |
|     InputIndex_132_fu_2078_p2                             |     |        | InputIndex_132  | add | fabric | 0       |
|     add_ln32_1_fu_2088_p2                                 |     |        | add_ln32_1      | add | fabric | 0       |
|     InputIndex_133_fu_2136_p2                             |     |        | InputIndex_133  | add | fabric | 0       |
|     InputIndex_134_fu_2200_p2                             |     |        | InputIndex_134  | add | fabric | 0       |
|     InputIndex_135_fu_2258_p2                             |     |        | InputIndex_135  | add | fabric | 0       |
|     add_ln28_fu_2588_p2                                   |     |        | add_ln28        | add | fabric | 0       |
|   + NTT_Kernel_1_Pipeline_VITIS_LOOP_46_1                 | 0   |        |                 |     |        |         |
|     sub_ln50_fu_1804_p2                                   |     |        | sub_ln50        | sub | fabric | 0       |
|     add_ln51_fu_1814_p2                                   |     |        | add_ln51        | add | fabric | 0       |
|     sub_ln50_1_fu_1868_p2                                 |     |        | sub_ln50_1      | sub | fabric | 0       |
|     sub_ln50_2_fu_1932_p2                                 |     |        | sub_ln50_2      | sub | fabric | 0       |
|     sub_ln50_3_fu_1996_p2                                 |     |        | sub_ln50_3      | sub | fabric | 0       |
|     sub_ln50_6_fu_2188_p2                                 |     |        | sub_ln50_6      | sub | fabric | 0       |
|     sub_ln50_7_fu_2252_p2                                 |     |        | sub_ln50_7      | sub | fabric | 0       |
|     add_ln46_fu_2630_p2                                   |     |        | add_ln46        | add | fabric | 0       |
|   + NTT_Kernel_1_Pipeline_VITIS_LOOP_70_1                 | 0   |        |                 |     |        |         |
|     sub_ln74_fu_2040_p2                                   |     |        | sub_ln74        | sub | fabric | 0       |
|     ReadAddr_fu_2052_p2                                   |     |        | ReadAddr        | add | fabric | 0       |
|     sub_ln74_8_fu_2071_p2                                 |     |        | sub_ln74_8      | sub | fabric | 0       |
|     ReadAddr_8_fu_2083_p2                                 |     |        | ReadAddr_8      | add | fabric | 0       |
|     sub_ln74_9_fu_2102_p2                                 |     |        | sub_ln74_9      | sub | fabric | 0       |
|     ReadAddr_9_fu_2114_p2                                 |     |        | ReadAddr_9      | add | fabric | 0       |
|     sub_ln74_10_fu_2133_p2                                |     |        | sub_ln74_10     | sub | fabric | 0       |
|     ReadAddr_10_fu_2145_p2                                |     |        | ReadAddr_10     | add | fabric | 0       |
|     ReadAddr_11_fu_2182_p2                                |     |        | ReadAddr_11     | add | fabric | 0       |
|     ReadAddr_12_fu_2219_p2                                |     |        | ReadAddr_12     | add | fabric | 0       |
|     sub_ln74_13_fu_2238_p2                                |     |        | sub_ln74_13     | sub | fabric | 0       |
|     ReadAddr_13_fu_2250_p2                                |     |        | ReadAddr_13     | add | fabric | 0       |
|     sub_ln74_14_fu_2269_p2                                |     |        | sub_ln74_14     | sub | fabric | 0       |
|     ReadAddr_14_fu_2281_p2                                |     |        | ReadAddr_14     | add | fabric | 0       |
|     add_ln70_fu_2300_p2                                   |     |        | add_ln70        | add | fabric | 0       |
|   + NTT_Kernel_1_Pipeline_VITIS_LOOP_70_12                | 0   |        |                 |     |        |         |
|     sub_ln74_fu_2040_p2                                   |     |        | sub_ln74        | sub | fabric | 0       |
|     ReadAddr_fu_2052_p2                                   |     |        | ReadAddr        | add | fabric | 0       |
|     sub_ln74_1_fu_2071_p2                                 |     |        | sub_ln74_1      | sub | fabric | 0       |
|     ReadAddr_1_fu_2083_p2                                 |     |        | ReadAddr_1      | add | fabric | 0       |
|     sub_ln74_2_fu_2102_p2                                 |     |        | sub_ln74_2      | sub | fabric | 0       |
|     ReadAddr_2_fu_2114_p2                                 |     |        | ReadAddr_2      | add | fabric | 0       |
|     sub_ln74_3_fu_2133_p2                                 |     |        | sub_ln74_3      | sub | fabric | 0       |
|     ReadAddr_3_fu_2145_p2                                 |     |        | ReadAddr_3      | add | fabric | 0       |
|     ReadAddr_4_fu_2182_p2                                 |     |        | ReadAddr_4      | add | fabric | 0       |
|     ReadAddr_5_fu_2219_p2                                 |     |        | ReadAddr_5      | add | fabric | 0       |
|     sub_ln74_6_fu_2238_p2                                 |     |        | sub_ln74_6      | sub | fabric | 0       |
|     ReadAddr_6_fu_2250_p2                                 |     |        | ReadAddr_6      | add | fabric | 0       |
|     sub_ln74_7_fu_2269_p2                                 |     |        | sub_ln74_7      | sub | fabric | 0       |
|     ReadAddr_7_fu_2281_p2                                 |     |        | ReadAddr_7      | add | fabric | 0       |
|     add_ln70_fu_2300_p2                                   |     |        | add_ln70        | add | fabric | 0       |
|   + NTT_Kernel_1_Pipeline_VITIS_LOOP_88_1                 | 0   |        |                 |     |        |         |
|     add_ln88_fu_5632_p2                                   |     |        | add_ln88        | add | fabric | 0       |
|   + NTT_Kernel_1_Pipeline_VITIS_LOOP_96_1                 | 0   |        |                 |     |        |         |
|     add_ln101_fu_1120_p2                                  |     |        | add_ln101       | add | fabric | 0       |
|     add_ln101_1_fu_1139_p2                                |     |        | add_ln101_1     | add | fabric | 0       |
|     TwiddleIndex_64_fu_1196_p2                            |     |        | TwiddleIndex_64 | add | fabric | 0       |
|     TwiddleIndex_65_fu_1205_p2                            |     |        | TwiddleIndex_65 | add | fabric | 0       |
|     TwiddleIndex_66_fu_1214_p2                            |     |        | TwiddleIndex_66 | add | fabric | 0       |
|     TwiddleIndex_67_fu_1223_p2                            |     |        | TwiddleIndex_67 | add | fabric | 0       |
|     TwiddleIndex_68_fu_1232_p2                            |     |        | TwiddleIndex_68 | add | fabric | 0       |
|     TwiddleIndex_69_fu_1241_p2                            |     |        | TwiddleIndex_69 | add | fabric | 0       |
|     TwiddleIndex_70_fu_1250_p2                            |     |        | TwiddleIndex_70 | add | fabric | 0       |
|     TwiddleIndex_71_fu_1259_p2                            |     |        | TwiddleIndex_71 | add | fabric | 0       |
|     TwiddleIndex_72_fu_1268_p2                            |     |        | TwiddleIndex_72 | add | fabric | 0       |
|     TwiddleIndex_73_fu_1273_p2                            |     |        | TwiddleIndex_73 | add | fabric | 0       |
|     TwiddleIndex_74_fu_1278_p2                            |     |        | TwiddleIndex_74 | add | fabric | 0       |
|     TwiddleIndex_75_fu_1283_p2                            |     |        | TwiddleIndex_75 | add | fabric | 0       |
|     TwiddleIndex_76_fu_1288_p2                            |     |        | TwiddleIndex_76 | add | fabric | 0       |
|     TwiddleIndex_77_fu_1293_p2                            |     |        | TwiddleIndex_77 | add | fabric | 0       |
|     TwiddleIndex_78_fu_1298_p2                            |     |        | TwiddleIndex_78 | add | fabric | 0       |
|     TwiddleIndex_79_fu_1303_p2                            |     |        | TwiddleIndex_79 | add | fabric | 0       |
|     add_ln96_fu_1929_p2                                   |     |        | add_ln96        | add | fabric | 0       |
|   + NTT_Kernel_1_Pipeline_VITIS_LOOP_114_13               | 0   |        |                 |     |        |         |
|     add_ln116_fu_1314_p2                                  |     |        | add_ln116       | add | fabric | 0       |
|     add_ln116_1_fu_1344_p2                                |     |        | add_ln116_1     | add | fabric | 0       |
|     add_ln116_2_fu_1374_p2                                |     |        | add_ln116_2     | add | fabric | 0       |
|     add_ln116_3_fu_1404_p2                                |     |        | add_ln116_3     | add | fabric | 0       |
|     add_ln116_4_fu_1434_p2                                |     |        | add_ln116_4     | add | fabric | 0       |
|     add_ln116_5_fu_1464_p2                                |     |        | add_ln116_5     | add | fabric | 0       |
|     add_ln116_6_fu_1494_p2                                |     |        | add_ln116_6     | add | fabric | 0       |
|     add_ln116_7_fu_1524_p2                                |     |        | add_ln116_7     | add | fabric | 0       |
|     add_ln114_fu_1530_p2                                  |     |        | add_ln114       | add | fabric | 0       |
|   + NTT_Kernel_1_Pipeline_VITIS_LOOP_114_1                | 0   |        |                 |     |        |         |
|     add_ln116_fu_1314_p2                                  |     |        | add_ln116       | add | fabric | 0       |
|     add_ln116_1_fu_1344_p2                                |     |        | add_ln116_1     | add | fabric | 0       |
|     add_ln116_2_fu_1374_p2                                |     |        | add_ln116_2     | add | fabric | 0       |
|     add_ln116_3_fu_1404_p2                                |     |        | add_ln116_3     | add | fabric | 0       |
|     add_ln116_4_fu_1434_p2                                |     |        | add_ln116_4     | add | fabric | 0       |
|     add_ln116_5_fu_1464_p2                                |     |        | add_ln116_5     | add | fabric | 0       |
|     add_ln116_6_fu_1494_p2                                |     |        | add_ln116_6     | add | fabric | 0       |
|     add_ln116_7_fu_1524_p2                                |     |        | add_ln116_7     | add | fabric | 0       |
|     add_ln114_fu_1530_p2                                  |     |        | add_ln114       | add | fabric | 0       |
|   + NTT_Kernel_1_Pipeline_VITIS_LOOP_136_1                | 928 |        |                 |     |        |         |
|     add_ln12_fu_3976_p2                                   |     |        | add_ln12        | add | fabric | 0       |
|     temp_res_fu_3980_p2                                   |     |        | temp_res        | add | fabric | 0       |
|     sub_ln13_fu_4193_p2                                   |     |        | sub_ln13        | sub | fabric | 0       |
|     add_ln23_fu_3694_p2                                   |     |        | add_ln23        | add | fabric | 0       |
|     input1_temp_55_fu_3708_p2                             |     |        | input1_temp_55  | sub | fabric | 0       |
|     NTTData_146_fu_4233_p2                                |     |        | NTTData_146     | add | fabric | 0       |
|     NTTData_147_fu_6570_p2                                |     |        | NTTData_147     | add | fabric | 0       |
|     add_ln12_4_fu_3997_p2                                 |     |        | add_ln12_4      | add | fabric | 0       |
|     temp_res_2_fu_4001_p2                                 |     |        | temp_res_2      | add | fabric | 0       |
|     sub_ln13_2_fu_4288_p2                                 |     |        | sub_ln13_2      | sub | fabric | 0       |
|     add_ln23_2_fu_3726_p2                                 |     |        | add_ln23_2      | add | fabric | 0       |
|     input1_temp_53_fu_3740_p2                             |     |        | input1_temp_53  | sub | fabric | 0       |
|     NTTData_174_fu_4328_p2                                |     |        | NTTData_174     | add | fabric | 0       |
|     NTTData_175_fu_6633_p2                                |     |        | NTTData_175     | add | fabric | 0       |
|     add_ln12_8_fu_4018_p2                                 |     |        | add_ln12_8      | add | fabric | 0       |
|     temp_res_4_fu_4022_p2                                 |     |        | temp_res_4      | add | fabric | 0       |
|     sub_ln13_4_fu_4371_p2                                 |     |        | sub_ln13_4      | sub | fabric | 0       |
|     add_ln23_4_fu_3758_p2                                 |     |        | add_ln23_4      | add | fabric | 0       |
|     input1_temp_51_fu_3772_p2                             |     |        | input1_temp_51  | sub | fabric | 0       |
|     NTTData_202_fu_4411_p2                                |     |        | NTTData_202     | add | fabric | 0       |
|     NTTData_203_fu_6696_p2                                |     |        | NTTData_203     | add | fabric | 0       |
|     add_ln12_12_fu_4039_p2                                |     |        | add_ln12_12     | add | fabric | 0       |
|     temp_res_6_fu_4043_p2                                 |     |        | temp_res_6      | add | fabric | 0       |
|     sub_ln13_6_fu_4454_p2                                 |     |        | sub_ln13_6      | sub | fabric | 0       |
|     add_ln23_6_fu_3790_p2                                 |     |        | add_ln23_6      | add | fabric | 0       |
|     input1_temp_49_fu_3804_p2                             |     |        | input1_temp_49  | sub | fabric | 0       |
|     NTTData_230_fu_4494_p2                                |     |        | NTTData_230     | add | fabric | 0       |
|     NTTData_231_fu_6759_p2                                |     |        | NTTData_231     | add | fabric | 0       |
|     add_ln12_16_fu_4060_p2                                |     |        | add_ln12_16     | add | fabric | 0       |
|     temp_res_8_fu_4064_p2                                 |     |        | temp_res_8      | add | fabric | 0       |
|     sub_ln13_8_fu_4537_p2                                 |     |        | sub_ln13_8      | sub | fabric | 0       |
|     add_ln23_8_fu_3822_p2                                 |     |        | add_ln23_8      | add | fabric | 0       |
|     input1_temp_47_fu_3836_p2                             |     |        | input1_temp_47  | sub | fabric | 0       |
|     NTTData_258_fu_4577_p2                                |     |        | NTTData_258     | add | fabric | 0       |
|     NTTData_259_fu_6822_p2                                |     |        | NTTData_259     | add | fabric | 0       |
|     add_ln12_20_fu_4081_p2                                |     |        | add_ln12_20     | add | fabric | 0       |
|     temp_res_10_fu_4085_p2                                |     |        | temp_res_10     | add | fabric | 0       |
|     sub_ln13_10_fu_4620_p2                                |     |        | sub_ln13_10     | sub | fabric | 0       |
|     add_ln23_10_fu_3854_p2                                |     |        | add_ln23_10     | add | fabric | 0       |
|     input1_temp_45_fu_3868_p2                             |     |        | input1_temp_45  | sub | fabric | 0       |
|     NTTData_286_fu_4660_p2                                |     |        | NTTData_286     | add | fabric | 0       |
|     NTTData_287_fu_6885_p2                                |     |        | NTTData_287     | add | fabric | 0       |
|     add_ln12_24_fu_4102_p2                                |     |        | add_ln12_24     | add | fabric | 0       |
|     temp_res_12_fu_4106_p2                                |     |        | temp_res_12     | add | fabric | 0       |
|     sub_ln13_12_fu_4703_p2                                |     |        | sub_ln13_12     | sub | fabric | 0       |
|     add_ln23_12_fu_3886_p2                                |     |        | add_ln23_12     | add | fabric | 0       |
|     input1_temp_43_fu_3900_p2                             |     |        | input1_temp_43  | sub | fabric | 0       |
|     NTTData_314_fu_4743_p2                                |     |        | NTTData_314     | add | fabric | 0       |
|     NTTData_315_fu_6948_p2                                |     |        | NTTData_315     | add | fabric | 0       |
|     add_ln12_28_fu_3955_p2                                |     |        | add_ln12_28     | add | fabric | 0       |
|     temp_res_14_fu_3959_p2                                |     |        | temp_res_14     | add | fabric | 0       |
|     sub_ln13_14_fu_4122_p2                                |     |        | sub_ln13_14     | sub | fabric | 0       |
|     add_ln23_14_fu_3918_p2                                |     |        | add_ln23_14     | add | fabric | 0       |
|     input1_temp_41_fu_3932_p2                             |     |        | input1_temp_41  | sub | fabric | 0       |
|     NTTData_324_fu_4162_p2                                |     |        | NTTData_324     | add | fabric | 0       |
|     NTTData_327_fu_7011_p2                                |     |        | NTTData_327     | add | fabric | 0       |
|     add_ln12_2_fu_5348_p2                                 |     |        | add_ln12_2      | add | fabric | 0       |
|     temp_res_1_fu_5353_p2                                 |     |        | temp_res_1      | add | fabric | 0       |
|     sub_ln13_1_fu_5370_p2                                 |     |        | sub_ln13_1      | sub | fabric | 0       |
|     add_ln23_1_fu_7608_p2                                 |     |        | add_ln23_1      | add | fabric | 0       |
|     input1_temp_69_fu_7619_p2                             |     |        | input1_temp_69  | sub | fabric | 0       |
|     add_ln12_6_fu_5434_p2                                 |     |        | add_ln12_6      | add | fabric | 0       |
|     temp_res_3_fu_5439_p2                                 |     |        | temp_res_3      | add | fabric | 0       |
|     sub_ln13_3_fu_5456_p2                                 |     |        | sub_ln13_3      | sub | fabric | 0       |
|     add_ln23_3_fu_7664_p2                                 |     |        | add_ln23_3      | add | fabric | 0       |
|     input1_temp_67_fu_7675_p2                             |     |        | input1_temp_67  | sub | fabric | 0       |
|     add_ln12_10_fu_5508_p2                                |     |        | add_ln12_10     | add | fabric | 0       |
|     temp_res_5_fu_5513_p2                                 |     |        | temp_res_5      | add | fabric | 0       |
|     sub_ln13_5_fu_5530_p2                                 |     |        | sub_ln13_5      | sub | fabric | 0       |
|     add_ln23_5_fu_7720_p2                                 |     |        | add_ln23_5      | add | fabric | 0       |
|     input1_temp_65_fu_7731_p2                             |     |        | input1_temp_65  | sub | fabric | 0       |
|     add_ln12_14_fu_5582_p2                                |     |        | add_ln12_14     | add | fabric | 0       |
|     temp_res_7_fu_5587_p2                                 |     |        | temp_res_7      | add | fabric | 0       |
|     sub_ln13_7_fu_5604_p2                                 |     |        | sub_ln13_7      | sub | fabric | 0       |
|     add_ln23_7_fu_7776_p2                                 |     |        | add_ln23_7      | add | fabric | 0       |
|     input1_temp_63_fu_7787_p2                             |     |        | input1_temp_63  | sub | fabric | 0       |
|     add_ln12_18_fu_5656_p2                                |     |        | add_ln12_18     | add | fabric | 0       |
|     temp_res_9_fu_5661_p2                                 |     |        | temp_res_9      | add | fabric | 0       |
|     sub_ln13_9_fu_5678_p2                                 |     |        | sub_ln13_9      | sub | fabric | 0       |
|     add_ln23_9_fu_7832_p2                                 |     |        | add_ln23_9      | add | fabric | 0       |
|     input1_temp_61_fu_7843_p2                             |     |        | input1_temp_61  | sub | fabric | 0       |
|     add_ln12_22_fu_5730_p2                                |     |        | add_ln12_22     | add | fabric | 0       |
|     temp_res_11_fu_5735_p2                                |     |        | temp_res_11     | add | fabric | 0       |
|     sub_ln13_11_fu_5752_p2                                |     |        | sub_ln13_11     | sub | fabric | 0       |
|     add_ln23_11_fu_7888_p2                                |     |        | add_ln23_11     | add | fabric | 0       |
|     input1_temp_59_fu_7899_p2                             |     |        | input1_temp_59  | sub | fabric | 0       |
|     add_ln12_26_fu_5804_p2                                |     |        | add_ln12_26     | add | fabric | 0       |
|     temp_res_13_fu_5809_p2                                |     |        | temp_res_13     | add | fabric | 0       |
|     sub_ln13_13_fu_5826_p2                                |     |        | sub_ln13_13     | sub | fabric | 0       |
|     add_ln23_13_fu_7944_p2                                |     |        | add_ln23_13     | add | fabric | 0       |
|     input1_temp_57_fu_7955_p2                             |     |        | input1_temp_57  | sub | fabric | 0       |
|     add_ln12_30_fu_5878_p2                                |     |        | add_ln12_30     | add | fabric | 0       |
|     temp_res_15_fu_5883_p2                                |     |        | temp_res_15     | add | fabric | 0       |
|     sub_ln13_15_fu_5900_p2                                |     |        | sub_ln13_15     | sub | fabric | 0       |
|     add_ln23_15_fu_5924_p2                                |     |        | add_ln23_15     | add | fabric | 0       |
|     NTTData_329_fu_5935_p2                                |     |        | NTTData_329     | sub | fabric | 0       |
|     add_ln136_fu_3938_p2                                  |     |        | add_ln136       | add | fabric | 0       |
|    + MultMod (grp_MultMod_fu_2435)                        | 58  |        |                 |     |        |         |
|      mul_64ns_64ns_128_5_0_U1136                          | 16  | yes    | mul_ln95        | mul | dsp    | 4       |
|      mul_64ns_64ns_128_5_0_U1137                          | 16  | yes    | p_high          | mul | dsp    | 4       |
|      mul_64ns_64ns_128_5_0_U1138                          | 16  | yes    | p_low           | mul | dsp    | 4       |
|      add_ln109_fu_173_p2                                  |     |        | add_ln109       | add | fabric | 0       |
|      q_fu_240_p2                                          |     |        | q               | add | fabric | 0       |
|      sub_ln111_fu_205_p2                                  |     |        | sub_ln111       | sub | fabric | 0       |
|      q_1_fu_244_p2                                        |     |        | q_1             | add | fabric | 0       |
|      q_2_fu_234_p2                                        |     |        | q_2             | add | fabric | 0       |
|      mul_64s_64s_64_2_0_U1135                             | 10  |        | mul_ln117       | mul | auto   | 1       |
|      r_fu_272_p2                                          |     |        | r               | sub | fabric | 0       |
|      r_1_fu_287_p2                                        |     |        | r_1             | sub | fabric | 0       |
|      r_3_fu_310_p2                                        |     |        | r_3             | sub | fabric | 0       |
|      r_5_fu_332_p2                                        |     |        | r_5             | sub | fabric | 0       |
|    + MultMod (grp_MultMod_fu_2451)                        | 58  |        |                 |     |        |         |
|      mul_64ns_64ns_128_5_0_U1136                          | 16  | yes    | mul_ln95        | mul | dsp    | 4       |
|      mul_64ns_64ns_128_5_0_U1137                          | 16  | yes    | p_high          | mul | dsp    | 4       |
|      mul_64ns_64ns_128_5_0_U1138                          | 16  | yes    | p_low           | mul | dsp    | 4       |
|      add_ln109_fu_173_p2                                  |     |        | add_ln109       | add | fabric | 0       |
|      q_fu_240_p2                                          |     |        | q               | add | fabric | 0       |
|      sub_ln111_fu_205_p2                                  |     |        | sub_ln111       | sub | fabric | 0       |
|      q_1_fu_244_p2                                        |     |        | q_1             | add | fabric | 0       |
|      q_2_fu_234_p2                                        |     |        | q_2             | add | fabric | 0       |
|      mul_64s_64s_64_2_0_U1135                             | 10  |        | mul_ln117       | mul | auto   | 1       |
|      r_fu_272_p2                                          |     |        | r               | sub | fabric | 0       |
|      r_1_fu_287_p2                                        |     |        | r_1             | sub | fabric | 0       |
|      r_3_fu_310_p2                                        |     |        | r_3             | sub | fabric | 0       |
|      r_5_fu_332_p2                                        |     |        | r_5             | sub | fabric | 0       |
|    + MultMod (grp_MultMod_fu_2467)                        | 58  |        |                 |     |        |         |
|      mul_64ns_64ns_128_5_0_U1136                          | 16  | yes    | mul_ln95        | mul | dsp    | 4       |
|      mul_64ns_64ns_128_5_0_U1137                          | 16  | yes    | p_high          | mul | dsp    | 4       |
|      mul_64ns_64ns_128_5_0_U1138                          | 16  | yes    | p_low           | mul | dsp    | 4       |
|      add_ln109_fu_173_p2                                  |     |        | add_ln109       | add | fabric | 0       |
|      q_fu_240_p2                                          |     |        | q               | add | fabric | 0       |
|      sub_ln111_fu_205_p2                                  |     |        | sub_ln111       | sub | fabric | 0       |
|      q_1_fu_244_p2                                        |     |        | q_1             | add | fabric | 0       |
|      q_2_fu_234_p2                                        |     |        | q_2             | add | fabric | 0       |
|      mul_64s_64s_64_2_0_U1135                             | 10  |        | mul_ln117       | mul | auto   | 1       |
|      r_fu_272_p2                                          |     |        | r               | sub | fabric | 0       |
|      r_1_fu_287_p2                                        |     |        | r_1             | sub | fabric | 0       |
|      r_3_fu_310_p2                                        |     |        | r_3             | sub | fabric | 0       |
|      r_5_fu_332_p2                                        |     |        | r_5             | sub | fabric | 0       |
|    + MultMod (grp_MultMod_fu_2483)                        | 58  |        |                 |     |        |         |
|      mul_64ns_64ns_128_5_0_U1136                          | 16  | yes    | mul_ln95        | mul | dsp    | 4       |
|      mul_64ns_64ns_128_5_0_U1137                          | 16  | yes    | p_high          | mul | dsp    | 4       |
|      mul_64ns_64ns_128_5_0_U1138                          | 16  | yes    | p_low           | mul | dsp    | 4       |
|      add_ln109_fu_173_p2                                  |     |        | add_ln109       | add | fabric | 0       |
|      q_fu_240_p2                                          |     |        | q               | add | fabric | 0       |
|      sub_ln111_fu_205_p2                                  |     |        | sub_ln111       | sub | fabric | 0       |
|      q_1_fu_244_p2                                        |     |        | q_1             | add | fabric | 0       |
|      q_2_fu_234_p2                                        |     |        | q_2             | add | fabric | 0       |
|      mul_64s_64s_64_2_0_U1135                             | 10  |        | mul_ln117       | mul | auto   | 1       |
|      r_fu_272_p2                                          |     |        | r               | sub | fabric | 0       |
|      r_1_fu_287_p2                                        |     |        | r_1             | sub | fabric | 0       |
|      r_3_fu_310_p2                                        |     |        | r_3             | sub | fabric | 0       |
|      r_5_fu_332_p2                                        |     |        | r_5             | sub | fabric | 0       |
|    + MultMod (grp_MultMod_fu_2499)                        | 58  |        |                 |     |        |         |
|      mul_64ns_64ns_128_5_0_U1136                          | 16  | yes    | mul_ln95        | mul | dsp    | 4       |
|      mul_64ns_64ns_128_5_0_U1137                          | 16  | yes    | p_high          | mul | dsp    | 4       |
|      mul_64ns_64ns_128_5_0_U1138                          | 16  | yes    | p_low           | mul | dsp    | 4       |
|      add_ln109_fu_173_p2                                  |     |        | add_ln109       | add | fabric | 0       |
|      q_fu_240_p2                                          |     |        | q               | add | fabric | 0       |
|      sub_ln111_fu_205_p2                                  |     |        | sub_ln111       | sub | fabric | 0       |
|      q_1_fu_244_p2                                        |     |        | q_1             | add | fabric | 0       |
|      q_2_fu_234_p2                                        |     |        | q_2             | add | fabric | 0       |
|      mul_64s_64s_64_2_0_U1135                             | 10  |        | mul_ln117       | mul | auto   | 1       |
|      r_fu_272_p2                                          |     |        | r               | sub | fabric | 0       |
|      r_1_fu_287_p2                                        |     |        | r_1             | sub | fabric | 0       |
|      r_3_fu_310_p2                                        |     |        | r_3             | sub | fabric | 0       |
|      r_5_fu_332_p2                                        |     |        | r_5             | sub | fabric | 0       |
|    + MultMod (grp_MultMod_fu_2515)                        | 58  |        |                 |     |        |         |
|      mul_64ns_64ns_128_5_0_U1136                          | 16  | yes    | mul_ln95        | mul | dsp    | 4       |
|      mul_64ns_64ns_128_5_0_U1137                          | 16  | yes    | p_high          | mul | dsp    | 4       |
|      mul_64ns_64ns_128_5_0_U1138                          | 16  | yes    | p_low           | mul | dsp    | 4       |
|      add_ln109_fu_173_p2                                  |     |        | add_ln109       | add | fabric | 0       |
|      q_fu_240_p2                                          |     |        | q               | add | fabric | 0       |
|      sub_ln111_fu_205_p2                                  |     |        | sub_ln111       | sub | fabric | 0       |
|      q_1_fu_244_p2                                        |     |        | q_1             | add | fabric | 0       |
|      q_2_fu_234_p2                                        |     |        | q_2             | add | fabric | 0       |
|      mul_64s_64s_64_2_0_U1135                             | 10  |        | mul_ln117       | mul | auto   | 1       |
|      r_fu_272_p2                                          |     |        | r               | sub | fabric | 0       |
|      r_1_fu_287_p2                                        |     |        | r_1             | sub | fabric | 0       |
|      r_3_fu_310_p2                                        |     |        | r_3             | sub | fabric | 0       |
|      r_5_fu_332_p2                                        |     |        | r_5             | sub | fabric | 0       |
|    + MultMod (grp_MultMod_fu_2531)                        | 58  |        |                 |     |        |         |
|      mul_64ns_64ns_128_5_0_U1136                          | 16  | yes    | mul_ln95        | mul | dsp    | 4       |
|      mul_64ns_64ns_128_5_0_U1137                          | 16  | yes    | p_high          | mul | dsp    | 4       |
|      mul_64ns_64ns_128_5_0_U1138                          | 16  | yes    | p_low           | mul | dsp    | 4       |
|      add_ln109_fu_173_p2                                  |     |        | add_ln109       | add | fabric | 0       |
|      q_fu_240_p2                                          |     |        | q               | add | fabric | 0       |
|      sub_ln111_fu_205_p2                                  |     |        | sub_ln111       | sub | fabric | 0       |
|      q_1_fu_244_p2                                        |     |        | q_1             | add | fabric | 0       |
|      q_2_fu_234_p2                                        |     |        | q_2             | add | fabric | 0       |
|      mul_64s_64s_64_2_0_U1135                             | 10  |        | mul_ln117       | mul | auto   | 1       |
|      r_fu_272_p2                                          |     |        | r               | sub | fabric | 0       |
|      r_1_fu_287_p2                                        |     |        | r_1             | sub | fabric | 0       |
|      r_3_fu_310_p2                                        |     |        | r_3             | sub | fabric | 0       |
|      r_5_fu_332_p2                                        |     |        | r_5             | sub | fabric | 0       |
|    + MultMod (grp_MultMod_fu_2547)                        | 58  |        |                 |     |        |         |
|      mul_64ns_64ns_128_5_0_U1136                          | 16  | yes    | mul_ln95        | mul | dsp    | 4       |
|      mul_64ns_64ns_128_5_0_U1137                          | 16  | yes    | p_high          | mul | dsp    | 4       |
|      mul_64ns_64ns_128_5_0_U1138                          | 16  | yes    | p_low           | mul | dsp    | 4       |
|      add_ln109_fu_173_p2                                  |     |        | add_ln109       | add | fabric | 0       |
|      q_fu_240_p2                                          |     |        | q               | add | fabric | 0       |
|      sub_ln111_fu_205_p2                                  |     |        | sub_ln111       | sub | fabric | 0       |
|      q_1_fu_244_p2                                        |     |        | q_1             | add | fabric | 0       |
|      q_2_fu_234_p2                                        |     |        | q_2             | add | fabric | 0       |
|      mul_64s_64s_64_2_0_U1135                             | 10  |        | mul_ln117       | mul | auto   | 1       |
|      r_fu_272_p2                                          |     |        | r               | sub | fabric | 0       |
|      r_1_fu_287_p2                                        |     |        | r_1             | sub | fabric | 0       |
|      r_3_fu_310_p2                                        |     |        | r_3             | sub | fabric | 0       |
|      r_5_fu_332_p2                                        |     |        | r_5             | sub | fabric | 0       |
|    + MultMod (grp_MultMod_fu_2563)                        | 58  |        |                 |     |        |         |
|      mul_64ns_64ns_128_5_0_U1136                          | 16  | yes    | mul_ln95        | mul | dsp    | 4       |
|      mul_64ns_64ns_128_5_0_U1137                          | 16  | yes    | p_high          | mul | dsp    | 4       |
|      mul_64ns_64ns_128_5_0_U1138                          | 16  | yes    | p_low           | mul | dsp    | 4       |
|      add_ln109_fu_173_p2                                  |     |        | add_ln109       | add | fabric | 0       |
|      q_fu_240_p2                                          |     |        | q               | add | fabric | 0       |
|      sub_ln111_fu_205_p2                                  |     |        | sub_ln111       | sub | fabric | 0       |
|      q_1_fu_244_p2                                        |     |        | q_1             | add | fabric | 0       |
|      q_2_fu_234_p2                                        |     |        | q_2             | add | fabric | 0       |
|      mul_64s_64s_64_2_0_U1135                             | 10  |        | mul_ln117       | mul | auto   | 1       |
|      r_fu_272_p2                                          |     |        | r               | sub | fabric | 0       |
|      r_1_fu_287_p2                                        |     |        | r_1             | sub | fabric | 0       |
|      r_3_fu_310_p2                                        |     |        | r_3             | sub | fabric | 0       |
|      r_5_fu_332_p2                                        |     |        | r_5             | sub | fabric | 0       |
|    + MultMod (grp_MultMod_fu_2572)                        | 58  |        |                 |     |        |         |
|      mul_64ns_64ns_128_5_0_U1136                          | 16  | yes    | mul_ln95        | mul | dsp    | 4       |
|      mul_64ns_64ns_128_5_0_U1137                          | 16  | yes    | p_high          | mul | dsp    | 4       |
|      mul_64ns_64ns_128_5_0_U1138                          | 16  | yes    | p_low           | mul | dsp    | 4       |
|      add_ln109_fu_173_p2                                  |     |        | add_ln109       | add | fabric | 0       |
|      q_fu_240_p2                                          |     |        | q               | add | fabric | 0       |
|      sub_ln111_fu_205_p2                                  |     |        | sub_ln111       | sub | fabric | 0       |
|      q_1_fu_244_p2                                        |     |        | q_1             | add | fabric | 0       |
|      q_2_fu_234_p2                                        |     |        | q_2             | add | fabric | 0       |
|      mul_64s_64s_64_2_0_U1135                             | 10  |        | mul_ln117       | mul | auto   | 1       |
|      r_fu_272_p2                                          |     |        | r               | sub | fabric | 0       |
|      r_1_fu_287_p2                                        |     |        | r_1             | sub | fabric | 0       |
|      r_3_fu_310_p2                                        |     |        | r_3             | sub | fabric | 0       |
|      r_5_fu_332_p2                                        |     |        | r_5             | sub | fabric | 0       |
|    + MultMod (grp_MultMod_fu_2581)                        | 58  |        |                 |     |        |         |
|      mul_64ns_64ns_128_5_0_U1136                          | 16  | yes    | mul_ln95        | mul | dsp    | 4       |
|      mul_64ns_64ns_128_5_0_U1137                          | 16  | yes    | p_high          | mul | dsp    | 4       |
|      mul_64ns_64ns_128_5_0_U1138                          | 16  | yes    | p_low           | mul | dsp    | 4       |
|      add_ln109_fu_173_p2                                  |     |        | add_ln109       | add | fabric | 0       |
|      q_fu_240_p2                                          |     |        | q               | add | fabric | 0       |
|      sub_ln111_fu_205_p2                                  |     |        | sub_ln111       | sub | fabric | 0       |
|      q_1_fu_244_p2                                        |     |        | q_1             | add | fabric | 0       |
|      q_2_fu_234_p2                                        |     |        | q_2             | add | fabric | 0       |
|      mul_64s_64s_64_2_0_U1135                             | 10  |        | mul_ln117       | mul | auto   | 1       |
|      r_fu_272_p2                                          |     |        | r               | sub | fabric | 0       |
|      r_1_fu_287_p2                                        |     |        | r_1             | sub | fabric | 0       |
|      r_3_fu_310_p2                                        |     |        | r_3             | sub | fabric | 0       |
|      r_5_fu_332_p2                                        |     |        | r_5             | sub | fabric | 0       |
|    + MultMod (grp_MultMod_fu_2590)                        | 58  |        |                 |     |        |         |
|      mul_64ns_64ns_128_5_0_U1136                          | 16  | yes    | mul_ln95        | mul | dsp    | 4       |
|      mul_64ns_64ns_128_5_0_U1137                          | 16  | yes    | p_high          | mul | dsp    | 4       |
|      mul_64ns_64ns_128_5_0_U1138                          | 16  | yes    | p_low           | mul | dsp    | 4       |
|      add_ln109_fu_173_p2                                  |     |        | add_ln109       | add | fabric | 0       |
|      q_fu_240_p2                                          |     |        | q               | add | fabric | 0       |
|      sub_ln111_fu_205_p2                                  |     |        | sub_ln111       | sub | fabric | 0       |
|      q_1_fu_244_p2                                        |     |        | q_1             | add | fabric | 0       |
|      q_2_fu_234_p2                                        |     |        | q_2             | add | fabric | 0       |
|      mul_64s_64s_64_2_0_U1135                             | 10  |        | mul_ln117       | mul | auto   | 1       |
|      r_fu_272_p2                                          |     |        | r               | sub | fabric | 0       |
|      r_1_fu_287_p2                                        |     |        | r_1             | sub | fabric | 0       |
|      r_3_fu_310_p2                                        |     |        | r_3             | sub | fabric | 0       |
|      r_5_fu_332_p2                                        |     |        | r_5             | sub | fabric | 0       |
|    + MultMod (grp_MultMod_fu_2599)                        | 58  |        |                 |     |        |         |
|      mul_64ns_64ns_128_5_0_U1136                          | 16  | yes    | mul_ln95        | mul | dsp    | 4       |
|      mul_64ns_64ns_128_5_0_U1137                          | 16  | yes    | p_high          | mul | dsp    | 4       |
|      mul_64ns_64ns_128_5_0_U1138                          | 16  | yes    | p_low           | mul | dsp    | 4       |
|      add_ln109_fu_173_p2                                  |     |        | add_ln109       | add | fabric | 0       |
|      q_fu_240_p2                                          |     |        | q               | add | fabric | 0       |
|      sub_ln111_fu_205_p2                                  |     |        | sub_ln111       | sub | fabric | 0       |
|      q_1_fu_244_p2                                        |     |        | q_1             | add | fabric | 0       |
|      q_2_fu_234_p2                                        |     |        | q_2             | add | fabric | 0       |
|      mul_64s_64s_64_2_0_U1135                             | 10  |        | mul_ln117       | mul | auto   | 1       |
|      r_fu_272_p2                                          |     |        | r               | sub | fabric | 0       |
|      r_1_fu_287_p2                                        |     |        | r_1             | sub | fabric | 0       |
|      r_3_fu_310_p2                                        |     |        | r_3             | sub | fabric | 0       |
|      r_5_fu_332_p2                                        |     |        | r_5             | sub | fabric | 0       |
|    + MultMod (grp_MultMod_fu_2608)                        | 58  |        |                 |     |        |         |
|      mul_64ns_64ns_128_5_0_U1136                          | 16  | yes    | mul_ln95        | mul | dsp    | 4       |
|      mul_64ns_64ns_128_5_0_U1137                          | 16  | yes    | p_high          | mul | dsp    | 4       |
|      mul_64ns_64ns_128_5_0_U1138                          | 16  | yes    | p_low           | mul | dsp    | 4       |
|      add_ln109_fu_173_p2                                  |     |        | add_ln109       | add | fabric | 0       |
|      q_fu_240_p2                                          |     |        | q               | add | fabric | 0       |
|      sub_ln111_fu_205_p2                                  |     |        | sub_ln111       | sub | fabric | 0       |
|      q_1_fu_244_p2                                        |     |        | q_1             | add | fabric | 0       |
|      q_2_fu_234_p2                                        |     |        | q_2             | add | fabric | 0       |
|      mul_64s_64s_64_2_0_U1135                             | 10  |        | mul_ln117       | mul | auto   | 1       |
|      r_fu_272_p2                                          |     |        | r               | sub | fabric | 0       |
|      r_1_fu_287_p2                                        |     |        | r_1             | sub | fabric | 0       |
|      r_3_fu_310_p2                                        |     |        | r_3             | sub | fabric | 0       |
|      r_5_fu_332_p2                                        |     |        | r_5             | sub | fabric | 0       |
|    + MultMod (grp_MultMod_fu_2617)                        | 58  |        |                 |     |        |         |
|      mul_64ns_64ns_128_5_0_U1136                          | 16  | yes    | mul_ln95        | mul | dsp    | 4       |
|      mul_64ns_64ns_128_5_0_U1137                          | 16  | yes    | p_high          | mul | dsp    | 4       |
|      mul_64ns_64ns_128_5_0_U1138                          | 16  | yes    | p_low           | mul | dsp    | 4       |
|      add_ln109_fu_173_p2                                  |     |        | add_ln109       | add | fabric | 0       |
|      q_fu_240_p2                                          |     |        | q               | add | fabric | 0       |
|      sub_ln111_fu_205_p2                                  |     |        | sub_ln111       | sub | fabric | 0       |
|      q_1_fu_244_p2                                        |     |        | q_1             | add | fabric | 0       |
|      q_2_fu_234_p2                                        |     |        | q_2             | add | fabric | 0       |
|      mul_64s_64s_64_2_0_U1135                             | 10  |        | mul_ln117       | mul | auto   | 1       |
|      r_fu_272_p2                                          |     |        | r               | sub | fabric | 0       |
|      r_1_fu_287_p2                                        |     |        | r_1             | sub | fabric | 0       |
|      r_3_fu_310_p2                                        |     |        | r_3             | sub | fabric | 0       |
|      r_5_fu_332_p2                                        |     |        | r_5             | sub | fabric | 0       |
|    + MultMod (grp_MultMod_fu_2626)                        | 58  |        |                 |     |        |         |
|      mul_64ns_64ns_128_5_0_U1136                          | 16  | yes    | mul_ln95        | mul | dsp    | 4       |
|      mul_64ns_64ns_128_5_0_U1137                          | 16  | yes    | p_high          | mul | dsp    | 4       |
|      mul_64ns_64ns_128_5_0_U1138                          | 16  | yes    | p_low           | mul | dsp    | 4       |
|      add_ln109_fu_173_p2                                  |     |        | add_ln109       | add | fabric | 0       |
|      q_fu_240_p2                                          |     |        | q               | add | fabric | 0       |
|      sub_ln111_fu_205_p2                                  |     |        | sub_ln111       | sub | fabric | 0       |
|      q_1_fu_244_p2                                        |     |        | q_1             | add | fabric | 0       |
|      q_2_fu_234_p2                                        |     |        | q_2             | add | fabric | 0       |
|      mul_64s_64s_64_2_0_U1135                             | 10  |        | mul_ln117       | mul | auto   | 1       |
|      r_fu_272_p2                                          |     |        | r               | sub | fabric | 0       |
|      r_1_fu_287_p2                                        |     |        | r_1             | sub | fabric | 0       |
|      r_3_fu_310_p2                                        |     |        | r_3             | sub | fabric | 0       |
|      r_5_fu_332_p2                                        |     |        | r_5             | sub | fabric | 0       |
|   + NTT_Kernel_1_Pipeline_VITIS_LOOP_164_1                | 0   |        |                 |     |        |         |
|     add_ln164_fu_5632_p2                                  |     |        | add_ln164       | add | fabric | 0       |
|   + NTT_Kernel_1_Pipeline_VITIS_LOOP_181_1                | 0   |        |                 |     |        |         |
|     sub_ln185_fu_1220_p2                                  |     |        | sub_ln185       | sub | fabric | 0       |
|     WriteAddr_fu_1232_p2                                  |     |        | WriteAddr       | add | fabric | 0       |
|     sub_ln185_8_fu_1251_p2                                |     |        | sub_ln185_8     | sub | fabric | 0       |
|     WriteAddr_8_fu_1263_p2                                |     |        | WriteAddr_8     | add | fabric | 0       |
|     sub_ln185_9_fu_1282_p2                                |     |        | sub_ln185_9     | sub | fabric | 0       |
|     WriteAddr_9_fu_1294_p2                                |     |        | WriteAddr_9     | add | fabric | 0       |
|     sub_ln185_10_fu_1313_p2                               |     |        | sub_ln185_10    | sub | fabric | 0       |
|     WriteAddr_10_fu_1325_p2                               |     |        | WriteAddr_10    | add | fabric | 0       |
|     WriteAddr_11_fu_1362_p2                               |     |        | WriteAddr_11    | add | fabric | 0       |
|     WriteAddr_12_fu_1399_p2                               |     |        | WriteAddr_12    | add | fabric | 0       |
|     sub_ln185_13_fu_1418_p2                               |     |        | sub_ln185_13    | sub | fabric | 0       |
|     WriteAddr_13_fu_1430_p2                               |     |        | WriteAddr_13    | add | fabric | 0       |
|     sub_ln185_14_fu_1449_p2                               |     |        | sub_ln185_14    | sub | fabric | 0       |
|     WriteAddr_14_fu_1461_p2                               |     |        | WriteAddr_14    | add | fabric | 0       |
|     add_ln181_fu_1480_p2                                  |     |        | add_ln181       | add | fabric | 0       |
|   + NTT_Kernel_1_Pipeline_VITIS_LOOP_181_14               | 0   |        |                 |     |        |         |
|     sub_ln185_fu_1220_p2                                  |     |        | sub_ln185       | sub | fabric | 0       |
|     WriteAddr_fu_1232_p2                                  |     |        | WriteAddr       | add | fabric | 0       |
|     sub_ln185_1_fu_1251_p2                                |     |        | sub_ln185_1     | sub | fabric | 0       |
|     WriteAddr_1_fu_1263_p2                                |     |        | WriteAddr_1     | add | fabric | 0       |
|     sub_ln185_2_fu_1282_p2                                |     |        | sub_ln185_2     | sub | fabric | 0       |
|     WriteAddr_2_fu_1294_p2                                |     |        | WriteAddr_2     | add | fabric | 0       |
|     sub_ln185_3_fu_1313_p2                                |     |        | sub_ln185_3     | sub | fabric | 0       |
|     WriteAddr_3_fu_1325_p2                                |     |        | WriteAddr_3     | add | fabric | 0       |
|     WriteAddr_4_fu_1362_p2                                |     |        | WriteAddr_4     | add | fabric | 0       |
|     WriteAddr_5_fu_1399_p2                                |     |        | WriteAddr_5     | add | fabric | 0       |
|     sub_ln185_6_fu_1418_p2                                |     |        | sub_ln185_6     | sub | fabric | 0       |
|     WriteAddr_6_fu_1430_p2                                |     |        | WriteAddr_6     | add | fabric | 0       |
|     sub_ln185_7_fu_1449_p2                                |     |        | sub_ln185_7     | sub | fabric | 0       |
|     WriteAddr_7_fu_1461_p2                                |     |        | WriteAddr_7     | add | fabric | 0       |
|     add_ln181_fu_1480_p2                                  |     |        | add_ln181       | add | fabric | 0       |
+-----------------------------------------------------------+-----+--------+-----------------+-----+--------+---------+


================================================================
== Storage Report
================================================================
+-----------------+--------------+------+------+------+--------+----------+------+---------+------------------+
| Name            | Usage        | Type | BRAM | URAM | Pragma | Variable | Impl | Latency | Bitwidth, Depth, |
|                 |              |      |      |      |        |          |      |         | Banks            |
+-----------------+--------------+------+------+------+--------+----------+------+---------+------------------+
| + Compute_NTT   |              |      | 32   | 0    |        |          |      |         |                  |
|  + NTT_Kernel_1 |              |      | 32   | 0    |        |          |      |         |                  |
|    buf_A_U      | ram_1p array |      | 2    |      |        | buf_A    | auto | 1       | 64, 512, 1       |
|    buf_A_1_U    | ram_1p array |      | 2    |      |        | buf_A_1  | auto | 1       | 64, 512, 1       |
|    buf_A_2_U    | ram_1p array |      | 2    |      |        | buf_A_2  | auto | 1       | 64, 512, 1       |
|    buf_A_3_U    | ram_1p array |      | 2    |      |        | buf_A_3  | auto | 1       | 64, 512, 1       |
|    buf_A_4_U    | ram_1p array |      | 2    |      |        | buf_A_4  | auto | 1       | 64, 512, 1       |
|    buf_A_5_U    | ram_1p array |      | 2    |      |        | buf_A_5  | auto | 1       | 64, 512, 1       |
|    buf_A_6_U    | ram_1p array |      | 2    |      |        | buf_A_6  | auto | 1       | 64, 512, 1       |
|    buf_A_7_U    | ram_1p array |      | 2    |      |        | buf_A_7  | auto | 1       | 64, 512, 1       |
|    buf_B_U      | ram_1p array |      | 2    |      |        | buf_B    | auto | 1       | 64, 512, 1       |
|    buf_B_1_U    | ram_1p array |      | 2    |      |        | buf_B_1  | auto | 1       | 64, 512, 1       |
|    buf_B_2_U    | ram_1p array |      | 2    |      |        | buf_B_2  | auto | 1       | 64, 512, 1       |
|    buf_B_3_U    | ram_1p array |      | 2    |      |        | buf_B_3  | auto | 1       | 64, 512, 1       |
|    buf_B_4_U    | ram_1p array |      | 2    |      |        | buf_B_4  | auto | 1       | 64, 512, 1       |
|    buf_B_5_U    | ram_1p array |      | 2    |      |        | buf_B_5  | auto | 1       | 64, 512, 1       |
|    buf_B_6_U    | ram_1p array |      | 2    |      |        | buf_B_6  | auto | 1       | 64, 512, 1       |
|    buf_B_7_U    | ram_1p array |      | 2    |      |        | buf_B_7  | auto | 1       | 64, 512, 1       |
+-----------------+--------------+------+------+------+--------+----------+------+---------+------------------+


================================================================
== Pragma Report
================================================================
* Valid Pragma Syntax
+-----------------+---------------------------------------------------------+---------------------------------------------------------------+
| Type            | Options                                                 | Location                                                      |
+-----------------+---------------------------------------------------------+---------------------------------------------------------------+
| inline          |                                                         | ../src/arithmetic.cpp:9 in addmod                             |
| inline          | off                                                     | ../src/arithmetic.cpp:65 in multmod                           |
| pipeline        | II=1                                                    | ../src/arithmetic.cpp:66 in multmod                           |
| bind_op         | variable=res_mult op=mul impl=dsp latency=4             | ../src/arithmetic.cpp:96 in multmod, res_mult                 |
| bind_op         | variable=p_high op=mul impl=dsp latency=4               | ../src/arithmetic.cpp:104 in multmod, p_high                  |
| bind_op         | variable=p_low op=mul impl=dsp latency=4                | ../src/arithmetic.cpp:105 in multmod, p_low                   |
| inline          |                                                         | ../src/ntt_kernel.cpp:4 in compute_indices                    |
| inline          |                                                         | ../src/ntt_kernel.cpp:21 in generate_input_index              |
| unroll          | factor=PE_PARALLEL                                      | ../src/ntt_kernel.cpp:29 in generate_input_index              |
| inline          |                                                         | ../src/ntt_kernel.cpp:38 in generate_output_index             |
| unroll          | factor=PE_PARALLEL                                      | ../src/ntt_kernel.cpp:47 in generate_output_index             |
| inline          |                                                         | ../src/ntt_kernel.cpp:64 in read_data                         |
| unroll          | factor=PE_PARALLEL                                      | ../src/ntt_kernel.cpp:71 in read_data                         |
| inline          |                                                         | ../src/ntt_kernel.cpp:87 in permutate_data                    |
| unroll          | factor=PE_PARALLEL                                      | ../src/ntt_kernel.cpp:89 in permutate_data                    |
| inline          |                                                         | ../src/ntt_kernel.cpp:95 in generate_twiddle_index            |
| unroll          | factor=PE_PARALLEL                                      | ../src/ntt_kernel.cpp:97 in generate_twiddle_index            |
| inline          |                                                         | ../src/ntt_kernel.cpp:111 in permute_twiddle_factors          |
| unroll          | factor=PE_PARALLEL                                      | ../src/ntt_kernel.cpp:115 in permute_twiddle_factors          |
| inline          |                                                         | ../src/ntt_kernel.cpp:133 in compute_core                     |
| unroll          | factor=PE_PARALLEL                                      | ../src/ntt_kernel.cpp:137 in compute_core                     |
| inline          |                                                         | ../src/ntt_kernel.cpp:163 in repermute_data                   |
| unroll          | factor=PE_PARALLEL                                      | ../src/ntt_kernel.cpp:165 in repermute_data                   |
| inline          |                                                         | ../src/ntt_kernel.cpp:176 in rewrite_data                     |
| unroll          | factor=PE_PARALLEL                                      | ../src/ntt_kernel.cpp:182 in rewrite_data                     |
| inline          |                                                         | ../src/ntt_kernel.cpp:206 in configurable_pe                  |
| array_partition | variable=buf_A cyclic factor=PE_PARALLEL dim=2          | ../src/ntt_kernel.cpp:265 in ntt_kernel, buf_A                |
| array_partition | variable=buf_B cyclic factor=PE_PARALLEL dim=2          | ../src/ntt_kernel.cpp:266 in ntt_kernel, buf_B                |
| array_partition | variable=in_memory cyclic factor=PE_PARALLEL dim=2      | ../src/ntt_kernel.cpp:269 in ntt_kernel, in_memory            |
| array_partition | variable=ntt_twiddle_memory complete dim=1              | ../src/ntt_kernel.cpp:272 in ntt_kernel, ntt_twiddle_memory   |
| array_partition | variable=intt_twiddle_memory complete dim=1             | ../src/ntt_kernel.cpp:273 in ntt_kernel, intt_twiddle_memory  |
| array_partition | variable=InputIndex complete                            | ../src/ntt_kernel.cpp:284 in ntt_kernel, InputIndex           |
| array_partition | variable=OutputIndex complete                           | ../src/ntt_kernel.cpp:285 in ntt_kernel, OutputIndex          |
| array_partition | variable=TwiddleIndex complete                          | ../src/ntt_kernel.cpp:286 in ntt_kernel, TwiddleIndex         |
| array_partition | variable=ReadData complete                              | ../src/ntt_kernel.cpp:287 in ntt_kernel, ReadData             |
| array_partition | variable=PermuteData complete                           | ../src/ntt_kernel.cpp:288 in ntt_kernel, PermuteData          |
| array_partition | variable=TwiddleFactor complete                         | ../src/ntt_kernel.cpp:289 in ntt_kernel, TwiddleFactor        |
| array_partition | variable=NTTData complete                               | ../src/ntt_kernel.cpp:290 in ntt_kernel, NTTData              |
| array_partition | variable=RepermuteData complete                         | ../src/ntt_kernel.cpp:291 in ntt_kernel, RepermuteData        |
| pipeline        | II=1                                                    | ../src/ntt_kernel.cpp:301 in ntt_kernel                       |
| unroll          |                                                         | ../src/ntt_kernel.cpp:306 in ntt_kernel                       |
| loop_flatten    | off                                                     | ../src/ntt_kernel.cpp:323 in ntt_kernel                       |
| dependence      | variable=buf_A type=inter dependent=false direction=RAW | ../src/ntt_kernel.cpp:333 in ntt_kernel, buf_A                |
| dependence      | variable=buf_B type=inter dependent=false direction=RAW | ../src/ntt_kernel.cpp:334 in ntt_kernel, buf_B                |
| dependence      | variable=buf_B type=inter dependent=false direction=WAW | ../src/ntt_kernel.cpp:335 in ntt_kernel, buf_B                |
| pipeline        | II=1                                                    | ../src/ntt_kernel.cpp:387 in ntt_kernel                       |
| unroll          |                                                         | ../src/ntt_kernel.cpp:391 in ntt_kernel                       |
| array_partition | variable=in_memory cyclic factor=PE_PARALLEL dim=3      | ../src/ntt_kernel.cpp:422 in compute_ntt, in_memory           |
| array_partition | variable=ntt_twiddle_memory complete dim=2              | ../src/ntt_kernel.cpp:425 in compute_ntt, ntt_twiddle_memory  |
| array_partition | variable=intt_twiddle_memory complete dim=2             | ../src/ntt_kernel.cpp:426 in compute_ntt, intt_twiddle_memory |
| loop_tripcount  | min=1 max=5 avg=3                                       | ../src/ntt_kernel.cpp:430 in compute_ntt                      |
+-----------------+---------------------------------------------------------+---------------------------------------------------------------+


