

================================================================
== Synthesis Summary Report of 'Compute_BConv_Naive'
================================================================
+ General Information: 
    * Date:           Wed Apr 22 15:42:36 2026
    * Version:        2023.2 (Build 4023990 on Oct 11 2023)
    * Project:        cosim_Compute_BConv_Naive
    * Solution:       solution1 (Vivado IP Flow Target)
    * Product family: virtexuplusHBM
    * Target device:  xcu55c-fsvh2892-2L-e
    

+ Performance & Resource Estimates: 
    
    PS: '+' for module; 'o' for loop; '*' for dataflow
    +-------------------------------------------------------------------------+------+------+---------+-----------+----------+---------+-------+----------+----------+----------+------------+------------+-----+
    |                                 Modules                                 | Issue|      | Latency |  Latency  | Iteration|         |  Trip |          |          |          |            |            |     |
    |                                 & Loops                                 | Type | Slack| (cycles)|    (ns)   |  Latency | Interval| Count | Pipelined|   BRAM   |    DSP   |     FF     |     LUT    | URAM|
    +-------------------------------------------------------------------------+------+------+---------+-----------+----------+---------+-------+----------+----------+----------+------------+------------+-----+
    |+ Compute_BConv_Naive                                                    |     -|  0.04|        -|          -|         -|        -|      -|        no|  120 (2%)|  48 (~0%)|  57259 (2%)|  42341 (3%)|    -|
    | + Compute_BConv_Naive_Pipeline_Load_W_VITIS_LOOP_40_1                   |     -|  0.99|       17|     85.000|         -|       17|      -|        no|         -|         -|   977 (~0%)|   144 (~0%)|    -|
    |  o Load_W_VITIS_LOOP_40_1                                               |     -|  3.65|       15|     75.000|         2|        1|     15|       yes|         -|         -|           -|           -|    -|
    | + Compute_BConv_Naive_Pipeline_Load_Mod                                 |     -|  2.30|        7|     35.000|         -|        7|      -|        no|         -|         -|   329 (~0%)|    58 (~0%)|    -|
    |  o Load_Mod                                                             |     -|  3.65|        5|     25.000|         2|        1|      5|       yes|         -|         -|           -|           -|    -|
    | + Compute_BConv_Naive_Pipeline_Load_X_VITIS_LOOP_55_2_VITIS_LOOP_56_3   |     -|  0.08|    12292|  6.146e+04|         -|    12292|      -|        no|         -|         -|   273 (~0%)|   374 (~0%)|    -|
    |  o Load_X_VITIS_LOOP_55_2_VITIS_LOOP_56_3                               |     -|  3.65|    12290|  6.145e+04|         4|        1|  12288|       yes|         -|         -|           -|           -|    -|
    | + Compute_BConv_Naive_Pipeline_Compute_Loop_VITIS_LOOP_67_4             |     -|  0.04|        -|          -|         -|        -|      -|        no|         -|  48 (~0%)|  55431 (2%)|  41009 (3%)|    -|
    |  o Compute_Loop_VITIS_LOOP_67_4                                         |     -|  3.65|        -|          -|       339|        1|      -|       yes|         -|         -|           -|           -|    -|
    | + Compute_BConv_Naive_Pipeline_Store_X_VITIS_LOOP_88_6_VITIS_LOOP_89_7  |     -|  0.35|        -|          -|         -|        -|      -|        no|         -|         -|   206 (~0%)|   464 (~0%)|    -|
    |  o Store_X_VITIS_LOOP_88_6_VITIS_LOOP_89_7                              |     -|  3.65|        -|          -|         4|        1|      -|       yes|         -|         -|           -|           -|    -|
    +-------------------------------------------------------------------------+------+------+---------+-----------+----------+---------+-------+----------+----------+----------+------------+------------+-----+


================================================================
== HW Interfaces
================================================================
* AP_MEMORY
+------------------------+-----------+----------+
| Port                   | Direction | Bitwidth |
+------------------------+-----------+----------+
| in_w_address0          | out       | 4        |
| in_w_q0                | in        | 64       |
| in_x_address0          | out       | 15       |
| in_x_d0                | out       | 64       |
| in_x_q0                | in        | 64       |
| out_k_half_address0    | out       | 3        |
| out_k_half_address1    | out       | 3        |
| out_k_half_d0          | out       | 64       |
| out_k_half_d1          | out       | 64       |
| out_k_half_q0          | in        | 64       |
| out_k_half_q1          | in        | 64       |
| out_m_barrett_address0 | out       | 3        |
| out_m_barrett_address1 | out       | 3        |
| out_m_barrett_d0       | out       | 64       |
| out_m_barrett_d1       | out       | 64       |
| out_m_barrett_q0       | in        | 64       |
| out_m_barrett_q1       | in        | 64       |
| out_mod_address0       | out       | 3        |
| out_mod_q0             | in        | 64       |
+------------------------+-----------+----------+

* Other Ports
+-------+---------+-----------+----------+
| Port  | Mode    | Direction | Bitwidth |
+-------+---------+-----------+----------+
| sizeP | ap_none | in        | 32       |
+-------+---------+-----------+----------+

* TOP LEVEL CONTROL
+-----------+------------+-----------------------------------+
| Interface | Type       | Ports                             |
+-----------+------------+-----------------------------------+
| ap_clk    | clock      | ap_clk                            |
| ap_rst    | reset      | ap_rst                            |
| ap_ctrl   | ap_ctrl_hs | ap_done ap_idle ap_ready ap_start |
+-----------+------------+-----------------------------------+


================================================================
== SW I/O Information
================================================================
* Top Function Arguments
+---------------+-----------+---------------------------+
| Argument      | Direction | Datatype                  |
+---------------+-----------+---------------------------+
| in_x          | inout     | long unsigned int*        |
| in_w          | in        | long unsigned int const * |
| out_mod       | in        | long unsigned int const * |
| out_k_half    | unused    | long unsigned int const * |
| out_m_barrett | unused    | long unsigned int const * |
| sizeP         | in        | int                       |
+---------------+-----------+---------------------------+

* SW-to-HW Mapping
+---------------+------------------------+---------+----------+
| Argument      | HW Interface           | HW Type | HW Usage |
+---------------+------------------------+---------+----------+
| in_x          | in_x_address0          | port    | offset   |
| in_x          | in_x_ce0               | port    |          |
| in_x          | in_x_we0               | port    |          |
| in_x          | in_x_d0                | port    |          |
| in_x          | in_x_q0                | port    |          |
| in_w          | in_w_address0          | port    | offset   |
| in_w          | in_w_ce0               | port    |          |
| in_w          | in_w_q0                | port    |          |
| out_mod       | out_mod_address0       | port    | offset   |
| out_mod       | out_mod_ce0            | port    |          |
| out_mod       | out_mod_q0             | port    |          |
| out_k_half    | out_k_half_address0    | port    | offset   |
| out_k_half    | out_k_half_ce0         | port    |          |
| out_k_half    | out_k_half_we0         | port    |          |
| out_k_half    | out_k_half_d0          | port    |          |
| out_k_half    | out_k_half_q0          | port    |          |
| out_k_half    | out_k_half_address1    | port    | offset   |
| out_k_half    | out_k_half_ce1         | port    |          |
| out_k_half    | out_k_half_we1         | port    |          |
| out_k_half    | out_k_half_d1          | port    |          |
| out_k_half    | out_k_half_q1          | port    |          |
| out_m_barrett | out_m_barrett_address0 | port    | offset   |
| out_m_barrett | out_m_barrett_ce0      | port    |          |
| out_m_barrett | out_m_barrett_we0      | port    |          |
| out_m_barrett | out_m_barrett_d0       | port    |          |
| out_m_barrett | out_m_barrett_q0       | port    |          |
| out_m_barrett | out_m_barrett_address1 | port    | offset   |
| out_m_barrett | out_m_barrett_ce1      | port    |          |
| out_m_barrett | out_m_barrett_we1      | port    |          |
| out_m_barrett | out_m_barrett_d1       | port    |          |
| out_m_barrett | out_m_barrett_q1       | port    |          |
| sizeP         | sizeP                  | port    |          |
+---------------+------------------------+---------+----------+


================================================================
== Bind Op Report
================================================================
+-------------------------------------------------------------------------+-----+--------+------------+-----+--------+---------+
| Name                                                                    | DSP | Pragma | Variable   | Op  | Impl   | Latency |
+-------------------------------------------------------------------------+-----+--------+------------+-----+--------+---------+
| + Compute_BConv_Naive                                                   | 48  |        |            |     |        |         |
|  + Compute_BConv_Naive_Pipeline_Load_W_VITIS_LOOP_40_1                  | 0   |        |            |     |        |         |
|    add_ln39_1_fu_294_p2                                                 |     |        | add_ln39_1 | add | fabric | 0       |
|    add_ln39_fu_306_p2                                                   |     |        | add_ln39   | add | fabric | 0       |
|    add_ln42_fu_346_p2                                                   |     |        | add_ln42   | add | fabric | 0       |
|    add_ln40_fu_357_p2                                                   |     |        | add_ln40   | add | fabric | 0       |
|  + Compute_BConv_Naive_Pipeline_Load_Mod                                | 0   |        |            |     |        |         |
|    add_ln46_fu_134_p2                                                   |     |        | add_ln46   | add | fabric | 0       |
|  + Compute_BConv_Naive_Pipeline_Load_X_VITIS_LOOP_55_2_VITIS_LOOP_56_3  | 0   |        |            |     |        |         |
|    add_ln54_1_fu_189_p2                                                 |     |        | add_ln54_1 | add | fabric | 0       |
|    add_ln54_fu_204_p2                                                   |     |        | add_ln54   | add | fabric | 0       |
|    add_ln55_fu_250_p2                                                   |     |        | add_ln55   | add | fabric | 0       |
|    add_ln58_1_fu_294_p2                                                 |     |        | add_ln58_1 | add | fabric | 0       |
|    add_ln58_2_fu_324_p2                                                 |     |        | add_ln58_2 | add | fabric | 0       |
|    add_ln58_fu_334_p2                                                   |     |        | add_ln58   | add | fabric | 0       |
|    add_ln56_fu_340_p2                                                   |     |        | add_ln56   | add | fabric | 0       |
|    add_ln55_1_fu_346_p2                                                 |     |        | add_ln55_1 | add | fabric | 0       |
|  + Compute_BConv_Naive_Pipeline_Compute_Loop_VITIS_LOOP_67_4            | 48  |        |            |     |        |         |
|    add_ln66_1_fu_424_p2                                                 |     |        | add_ln66_1 | add | fabric | 0       |
|    add_ln66_fu_433_p2                                                   |     |        | add_ln66   | add | fabric | 0       |
|    mul_64ns_64ns_128_2_1_U27                                            | 16  |        | prod       | mul | auto   | 1       |
|    mul_64ns_64ns_128_2_1_U28                                            | 16  |        | prod_1     | mul | auto   | 1       |
|    add_ln77_fu_627_p2                                                   |     |        | add_ln77   | add | fabric | 0       |
|    mul_64ns_64ns_128_2_1_U29                                            | 16  |        | prod_2     | mul | auto   | 1       |
|    add_ln77_1_fu_641_p2                                                 |     |        | add_ln77_1 | add | fabric | 0       |
|    add_ln67_fu_464_p2                                                   |     |        | add_ln67   | add | fabric | 0       |
|  + Compute_BConv_Naive_Pipeline_Store_X_VITIS_LOOP_88_6_VITIS_LOOP_89_7 | 0   |        |            |     |        |         |
|    add_ln87_1_fu_225_p2                                                 |     |        | add_ln87_1 | add | fabric | 0       |
|    add_ln87_fu_371_p2                                                   |     |        | add_ln87   | add | fabric | 0       |
|    add_ln88_fu_294_p2                                                   |     |        | add_ln88   | add | fabric | 0       |
|    empty_fu_388_p2                                                      |     |        | empty      | add | fabric | 0       |
|    add_ln91_1_fu_405_p2                                                 |     |        | add_ln91_1 | add | fabric | 0       |
|    add_ln91_2_fu_422_p2                                                 |     |        | add_ln91_2 | add | fabric | 0       |
|    add_ln91_fu_337_p2                                                   |     |        | add_ln91   | add | fabric | 0       |
|    add_ln89_fu_352_p2                                                   |     |        | add_ln89   | add | fabric | 0       |
|    add_ln88_1_fu_240_p2                                                 |     |        | add_ln88_1 | add | fabric | 0       |
+-------------------------------------------------------------------------+-----+--------+------------+-----+--------+---------+


================================================================
== Storage Report
================================================================
+-----------------------+--------------+------+------+------+--------+---------------+------+---------+------------------+
| Name                  | Usage        | Type | BRAM | URAM | Pragma | Variable      | Impl | Latency | Bitwidth, Depth, |
|                       |              |      |      |      |        |               |      |         | Banks            |
+-----------------------+--------------+------+------+------+--------+---------------+------+---------+------------------+
| + Compute_BConv_Naive |              |      | 120  | 0    |        |               |      |         |                  |
|   local_in_x_U        | ram_2p array |      | 15   |      | yes    | local_in_x    | bram | 1       | 64, 4096, 1      |
|   local_in_x_1_U      | ram_2p array |      | 15   |      | yes    | local_in_x_1  | bram | 1       | 64, 4096, 1      |
|   local_in_x_2_U      | ram_2p array |      | 15   |      | yes    | local_in_x_2  | bram | 1       | 64, 4096, 1      |
|   local_out_x_U       | ram_2p array |      | 15   |      | yes    | local_out_x   | bram | 1       | 64, 4096, 1      |
|   local_out_x_1_U     | ram_2p array |      | 15   |      | yes    | local_out_x_1 | bram | 1       | 64, 4096, 1      |
|   local_out_x_2_U     | ram_2p array |      | 15   |      | yes    | local_out_x_2 | bram | 1       | 64, 4096, 1      |
|   local_out_x_3_U     | ram_2p array |      | 15   |      | yes    | local_out_x_3 | bram | 1       | 64, 4096, 1      |
|   local_out_x_4_U     | ram_2p array |      | 15   |      | yes    | local_out_x_4 | bram | 1       | 64, 4096, 1      |
+-----------------------+--------------+------+------+------+--------+---------------+------+---------+------------------+


================================================================
== Pragma Report
================================================================
* Valid Pragma Syntax
+-----------------+---------------------------------------------+-------------------------------------------------------------------+
| Type            | Options                                     | Location                                                          |
+-----------------+---------------------------------------------+-------------------------------------------------------------------+
| inline          |                                             | ../src/arithmetic.cpp:9 in addmod                                 |
| inline          | off                                         | ../src/arithmetic.cpp:65 in multmod                               |
| pipeline        | II=1                                        | ../src/arithmetic.cpp:66 in multmod                               |
| bind_op         | variable=res_mult op=mul impl=dsp latency=4 | ../src/arithmetic.cpp:75 in multmod, res_mult                     |
| bind_op         | variable=p_high op=mul impl=dsp latency=4   | ../src/arithmetic.cpp:87 in multmod, p_high                       |
| bind_op         | variable=p_low op=mul impl=dsp latency=4    | ../src/arithmetic.cpp:88 in multmod, p_low                        |
| inline          |                                             | ../src/bconv_naive.cpp:11 in compute_bconv_naive                  |
| bind_storage    | variable=local_in_x type=ram_2p impl=bram   | ../src/bconv_naive.cpp:18 in compute_bconv_naive, local_in_x      |
| array_partition | variable=local_in_x type=complete dim=1     | ../src/bconv_naive.cpp:19 in compute_bconv_naive, local_in_x      |
| bind_storage    | variable=local_out_x type=ram_2p impl=bram  | ../src/bconv_naive.cpp:23 in compute_bconv_naive, local_out_x     |
| array_partition | variable=local_out_x type=complete dim=1    | ../src/bconv_naive.cpp:24 in compute_bconv_naive, local_out_x     |
| array_partition | variable=local_w complete dim=0             | ../src/bconv_naive.cpp:31 in compute_bconv_naive, local_w         |
| array_partition | variable=local_mod complete dim=0           | ../src/bconv_naive.cpp:32 in compute_bconv_naive, local_mod       |
| array_partition | variable=local_k_half complete dim=0        | ../src/bconv_naive.cpp:33 in compute_bconv_naive, local_k_half    |
| array_partition | variable=local_m_barrett complete dim=0     | ../src/bconv_naive.cpp:34 in compute_bconv_naive, local_m_barrett |
| pipeline        | II=1                                        | ../src/bconv_naive.cpp:41 in compute_bconv_naive                  |
| pipeline        | II=1                                        | ../src/bconv_naive.cpp:47 in compute_bconv_naive                  |
| pipeline        | II=1                                        | ../src/bconv_naive.cpp:57 in compute_bconv_naive                  |
| pipeline        | II=1                                        | ../src/bconv_naive.cpp:68 in compute_bconv_naive                  |
| pipeline        | II=1                                        | ../src/bconv_naive.cpp:90 in compute_bconv_naive                  |
+-----------------+---------------------------------------------+-------------------------------------------------------------------+


