

================================================================
== Synthesis Summary Report of 'Compute_BConv_Systolic'
================================================================
+ General Information: 
    * Date:           Wed Apr 22 17:56:07 2026
    * Version:        2023.2 (Build 4023990 on Oct 11 2023)
    * Project:        cosim_Compute_BConv_Systolic
    * Solution:       solution1 (Vivado IP Flow Target)
    * Product family: virtexuplusHBM
    * Target device:  xcu55c-fsvh2892-2L-e
    

+ Performance & Resource Estimates: 
    
    PS: '+' for module; 'o' for loop; '*' for dataflow
    +-------------------------------------------------------------+------+------+---------+-----------+----------+---------+------+----------+----------+----------+--------------+--------------+-----+
    |                           Modules                           | Issue|      | Latency |  Latency  | Iteration|         | Trip |          |          |          |              |              |     |
    |                           & Loops                           | Type | Slack| (cycles)|    (ns)   |  Latency | Interval| Count| Pipelined|   BRAM   |    DSP   |      FF      |      LUT     | URAM|
    +-------------------------------------------------------------+------+------+---------+-----------+----------+---------+------+----------+----------+----------+--------------+--------------+-----+
    |+ Compute_BConv_Systolic                                     |     -|  0.04|     8546|  4.273e+04|         -|     8547|     -|        no|  128 (3%)|  240 (2%)|  531857 (20%)|  206814 (15%)|    -|
    | + Compute_BConv_Systolic_Pipeline_Load_W_VITIS_LOOP_154_1   |     -|  0.99|       17|     85.000|         -|       17|     -|        no|         -|         -|     977 (~0%)|     144 (~0%)|    -|
    |  o Load_W_VITIS_LOOP_154_1                                  |     -|  3.65|       15|     75.000|         2|        1|    15|       yes|         -|         -|             -|             -|    -|
    | + Compute_BConv_Systolic_Pipeline_Load_Mod                  |     -|  2.30|        7|     35.000|         -|        7|     -|        no|         -|         -|     329 (~0%)|      58 (~0%)|    -|
    |  o Load_Mod                                                 |     -|  3.65|        5|     25.000|         2|        1|     5|       yes|         -|         -|             -|             -|    -|
    | + Compute_BConv_Systolic_Pipeline_Load_X_VITIS_LOOP_167_2   |     -|  0.80|     1538|  7.690e+03|         -|     1538|     -|        no|         -|         -|      40 (~0%)|     154 (~0%)|    -|
    |  o Load_X_VITIS_LOOP_167_2                                  |     -|  3.65|     1536|  7.680e+03|         2|        1|  1536|       yes|         -|         -|             -|             -|    -|
    | + Compute_BConv_Systolic_Pipeline_Systolic_Loop             |     -|  0.04|     4441|  2.220e+04|         -|     4441|     -|        no|         -|  240 (2%)|  530109 (20%)|  202897 (15%)|    -|
    |  o Systolic_Loop                                            |     -|  3.65|     4439|  2.220e+04|       338|        1|  4103|       yes|         -|         -|             -|             -|    -|
    | + Compute_BConv_Systolic_Pipeline_Store_X_VITIS_LOOP_182_3  |     -|  0.31|     2562|  1.281e+04|         -|     2562|     -|        no|         -|         -|      99 (~0%)|     472 (~0%)|    -|
    |  o Store_X_VITIS_LOOP_182_3                                 |     -|  3.65|     2560|  1.280e+04|         2|        1|  2560|       yes|         -|         -|             -|             -|    -|
    +-------------------------------------------------------------+------+------+---------+-----------+----------+---------+------+----------+----------+----------+--------------+--------------+-----+


================================================================
== HW Interfaces
================================================================
* S_AXILITE Interfaces
+---------------+------------+---------------+--------+----------+
| Interface     | Data Width | Address Width | Offset | Register |
+---------------+------------+---------------+--------+----------+
| s_axi_control | 32         | 7             | 64     | 0        |
+---------------+------------+---------------+--------+----------+

* S_AXILITE Registers
+---------------+----------+--------+-------+--------+----------------------------------+----------------------------------------------------------------------+
| Interface     | Register | Offset | Width | Access | Description                      | Bit Fields                                                           |
+---------------+----------+--------+-------+--------+----------------------------------+----------------------------------------------------------------------+
| s_axi_control | CTRL     | 0x00   | 32    | RW     | Control signals                  | 0=AP_START 1=AP_DONE 2=AP_IDLE 3=AP_READY 7=AUTO_RESTART 9=INTERRUPT |
| s_axi_control | GIER     | 0x04   | 32    | RW     | Global Interrupt Enable Register | 0=Enable                                                             |
| s_axi_control | IP_IER   | 0x08   | 32    | RW     | IP Interrupt Enable Register     | 0=CHAN0_INT_EN 1=CHAN1_INT_EN                                        |
| s_axi_control | IP_ISR   | 0x0c   | 32    | RW     | IP Interrupt Status Register     | 0=CHAN0_INT_ST 1=CHAN1_INT_ST                                        |
| s_axi_control | sizeP    | 0x10   | 32    | W      | Data signal of sizeP             |                                                                      |
+---------------+----------+--------+-------+--------+----------------------------------+----------------------------------------------------------------------+

* AP_MEMORY
+-----------------+-----------+----------+
| Port            | Direction | Bitwidth |
+-----------------+-----------+----------+
| in_w_address0   | out       | 4        |
| in_w_q0         | in        | 64       |
| in_x_0_address0 | out       | 12       |
| in_x_0_d0       | out       | 64       |
| in_x_0_q0       | in        | 64       |
| in_x_1_address0 | out       | 12       |
| in_x_1_d0       | out       | 64       |
| in_x_1_q0       | in        | 64       |
| in_x_2_address0 | out       | 12       |
| in_x_2_d0       | out       | 64       |
| in_x_2_q0       | in        | 64       |
| in_x_3_address0 | out       | 12       |
| in_x_3_d0       | out       | 64       |
| in_x_3_q0       | in        | 64       |
| in_x_4_address0 | out       | 12       |
| in_x_4_d0       | out       | 64       |
| in_x_4_q0       | in        | 64       |
| in_x_5_address0 | out       | 12       |
| in_x_5_d0       | out       | 64       |
| in_x_5_q0       | in        | 64       |
| in_x_6_address0 | out       | 12       |
| in_x_6_d0       | out       | 64       |
| in_x_6_q0       | in        | 64       |
| in_x_7_address0 | out       | 12       |
| in_x_7_d0       | out       | 64       |
| in_x_7_q0       | in        | 64       |
+-----------------+-----------+----------+

* TOP LEVEL CONTROL
+-----------+------------+-----------+
| Interface | Type       | Ports     |
+-----------+------------+-----------+
| ap_clk    | clock      | ap_clk    |
| ap_rst_n  | reset      | ap_rst_n  |
| interrupt | interrupt  | interrupt |
| ap_ctrl   | ap_ctrl_hs |           |
+-----------+------------+-----------+


================================================================
== SW I/O Information
================================================================
* Top Function Arguments
+----------+-----------+---------------------------+
| Argument | Direction | Datatype                  |
+----------+-----------+---------------------------+
| in_x     | inout     | long unsigned int*        |
| in_w     | in        | long unsigned int const * |
| out_mod  | in        | long unsigned int const * |
| sizeP    | in        | int                       |
+----------+-----------+---------------------------+

* SW-to-HW Mapping
+----------+-----------------+----------+----------+---------------------------------+
| Argument | HW Interface    | HW Type  | HW Usage | HW Info                         |
+----------+-----------------+----------+----------+---------------------------------+
| in_x     | in_x_0_address0 | port     | offset   |                                 |
| in_x     | in_x_0_ce0      | port     |          |                                 |
| in_x     | in_x_0_we0      | port     |          |                                 |
| in_x     | in_x_0_d0       | port     |          |                                 |
| in_x     | in_x_0_q0       | port     |          |                                 |
| in_x     | in_x_1_address0 | port     | offset   |                                 |
| in_x     | in_x_1_ce0      | port     |          |                                 |
| in_x     | in_x_1_we0      | port     |          |                                 |
| in_x     | in_x_1_d0       | port     |          |                                 |
| in_x     | in_x_1_q0       | port     |          |                                 |
| in_x     | in_x_2_address0 | port     | offset   |                                 |
| in_x     | in_x_2_ce0      | port     |          |                                 |
| in_x     | in_x_2_we0      | port     |          |                                 |
| in_x     | in_x_2_d0       | port     |          |                                 |
| in_x     | in_x_2_q0       | port     |          |                                 |
| in_x     | in_x_3_address0 | port     | offset   |                                 |
| in_x     | in_x_3_ce0      | port     |          |                                 |
| in_x     | in_x_3_we0      | port     |          |                                 |
| in_x     | in_x_3_d0       | port     |          |                                 |
| in_x     | in_x_3_q0       | port     |          |                                 |
| in_x     | in_x_4_address0 | port     | offset   |                                 |
| in_x     | in_x_4_ce0      | port     |          |                                 |
| in_x     | in_x_4_we0      | port     |          |                                 |
| in_x     | in_x_4_d0       | port     |          |                                 |
| in_x     | in_x_4_q0       | port     |          |                                 |
| in_x     | in_x_5_address0 | port     | offset   |                                 |
| in_x     | in_x_5_ce0      | port     |          |                                 |
| in_x     | in_x_5_we0      | port     |          |                                 |
| in_x     | in_x_5_d0       | port     |          |                                 |
| in_x     | in_x_5_q0       | port     |          |                                 |
| in_x     | in_x_6_address0 | port     | offset   |                                 |
| in_x     | in_x_6_ce0      | port     |          |                                 |
| in_x     | in_x_6_we0      | port     |          |                                 |
| in_x     | in_x_6_d0       | port     |          |                                 |
| in_x     | in_x_6_q0       | port     |          |                                 |
| in_x     | in_x_7_address0 | port     | offset   |                                 |
| in_x     | in_x_7_ce0      | port     |          |                                 |
| in_x     | in_x_7_we0      | port     |          |                                 |
| in_x     | in_x_7_d0       | port     |          |                                 |
| in_x     | in_x_7_q0       | port     |          |                                 |
| in_w     | in_w_address0   | port     | offset   |                                 |
| in_w     | in_w_ce0        | port     |          |                                 |
| in_w     | in_w_q0         | port     |          |                                 |
| out_mod  | s_axi_control   | memory   |          | name=out_mod offset=64 range=64 |
| sizeP    | s_axi_control   | register |          | name=sizeP offset=0x10 range=32 |
+----------+-----------------+----------+----------+---------------------------------+


================================================================
== Bind Op Report
================================================================
+-------------------------------------------------------------+-----+--------+-------------+-----+--------+---------+
| Name                                                        | DSP | Pragma | Variable    | Op  | Impl   | Latency |
+-------------------------------------------------------------+-----+--------+-------------+-----+--------+---------+
| + Compute_BConv_Systolic                                    | 240 |        |             |     |        |         |
|  + Compute_BConv_Systolic_Pipeline_Load_W_VITIS_LOOP_154_1  | 0   |        |             |     |        |         |
|    add_ln153_1_fu_294_p2                                    |     |        | add_ln153_1 | add | fabric | 0       |
|    add_ln153_fu_306_p2                                      |     |        | add_ln153   | add | fabric | 0       |
|    add_ln156_fu_346_p2                                      |     |        | add_ln156   | add | fabric | 0       |
|    add_ln154_fu_357_p2                                      |     |        | add_ln154   | add | fabric | 0       |
|  + Compute_BConv_Systolic_Pipeline_Load_Mod                 | 0   |        |             |     |        |         |
|    add_ln160_fu_142_p2                                      |     |        | add_ln160   | add | fabric | 0       |
|  + Compute_BConv_Systolic_Pipeline_Load_X_VITIS_LOOP_167_2  | 0   |        |             |     |        |         |
|    add_ln166_1_fu_598_p2                                    |     |        | add_ln166_1 | add | fabric | 0       |
|    add_ln166_fu_610_p2                                      |     |        | add_ln166   | add | fabric | 0       |
|    add_ln167_fu_670_p2                                      |     |        | add_ln167   | add | fabric | 0       |
|  + Compute_BConv_Systolic_Pipeline_Systolic_Loop            | 240 |        |             |     |        |         |
|    add_ln50_fu_2140_p2                                      |     |        | add_ln50    | add | fabric | 0       |
|    add_ln76_fu_2325_p2                                      |     |        | add_ln76    | add | fabric | 0       |
|    add_ln76_1_fu_2540_p2                                    |     |        | add_ln76_1  | add | fabric | 0       |
|    mul_64ns_64ns_128_2_1_U55                                | 16  |        | mul_ln97    | mul | auto   | 1       |
|    mul_64ns_64ns_128_2_1_U56                                | 16  |        | mul_ln97_1  | mul | auto   | 1       |
|    mul_64ns_64ns_128_2_1_U57                                | 16  |        | mul_ln97_2  | mul | auto   | 1       |
|    mul_64ns_64ns_128_2_1_U58                                | 16  |        | mul_ln97_3  | mul | auto   | 1       |
|    mul_64ns_64ns_128_2_1_U59                                | 16  |        | mul_ln97_4  | mul | auto   | 1       |
|    mul_64ns_64ns_128_2_1_U60                                | 16  |        | mul_ln97_5  | mul | auto   | 1       |
|    grp_fu_2786_p0                                           |     |        | add_ln100   | add | fabric | 0       |
|    mul_64ns_64ns_128_2_1_U61                                | 16  |        | mul_ln97_6  | mul | auto   | 1       |
|    grp_fu_2807_p0                                           |     |        | add_ln100_1 | add | fabric | 0       |
|    mul_64ns_64ns_128_2_1_U62                                | 16  |        | mul_ln97_7  | mul | auto   | 1       |
|    grp_fu_2828_p0                                           |     |        | add_ln100_2 | add | fabric | 0       |
|    mul_64ns_64ns_128_2_1_U63                                | 16  |        | mul_ln97_8  | mul | auto   | 1       |
|    grp_fu_2849_p0                                           |     |        | add_ln100_3 | add | fabric | 0       |
|    mul_64ns_64ns_128_2_1_U64                                | 16  |        | mul_ln97_9  | mul | auto   | 1       |
|    grp_fu_2870_p0                                           |     |        | add_ln100_4 | add | fabric | 0       |
|    mul_64ns_64ns_128_2_1_U65                                | 16  |        | mul_ln97_10 | mul | auto   | 1       |
|    grp_fu_2941_p0                                           |     |        | add_ln100_5 | add | fabric | 0       |
|    mul_64ns_64ns_128_2_1_U66                                | 16  |        | mul_ln97_11 | mul | auto   | 1       |
|    grp_fu_2962_p0                                           |     |        | add_ln100_6 | add | fabric | 0       |
|    mul_64ns_64ns_128_2_1_U67                                | 16  |        | mul_ln97_12 | mul | auto   | 1       |
|    grp_fu_2983_p0                                           |     |        | add_ln100_7 | add | fabric | 0       |
|    mul_64ns_64ns_128_2_1_U68                                | 16  |        | mul_ln97_13 | mul | auto   | 1       |
|    grp_fu_3004_p0                                           |     |        | add_ln100_8 | add | fabric | 0       |
|    mul_64ns_64ns_128_2_1_U69                                | 16  |        | mul_ln97_14 | mul | auto   | 1       |
|    grp_fu_3025_p0                                           |     |        | add_ln100_9 | add | fabric | 0       |
|    add_ln111_fu_3055_p2                                     |     |        | add_ln111   | add | fabric | 0       |
|    add_ln111_1_fu_3091_p2                                   |     |        | add_ln111_1 | add | fabric | 0       |
|    add_ln111_2_fu_3127_p2                                   |     |        | add_ln111_2 | add | fabric | 0       |
|    add_ln111_3_fu_3163_p2                                   |     |        | add_ln111_3 | add | fabric | 0       |
|    add_ln111_4_fu_2369_p2                                   |     |        | add_ln111_4 | add | fabric | 0       |
|  + Compute_BConv_Systolic_Pipeline_Store_X_VITIS_LOOP_182_3 | 0   |        |             |     |        |         |
|    add_ln180_1_fu_839_p2                                    |     |        | add_ln180_1 | add | fabric | 0       |
|    add_ln180_fu_937_p2                                      |     |        | add_ln180   | add | fabric | 0       |
|    empty_fu_954_p2                                          |     |        | empty       | add | fabric | 0       |
|    add_ln182_fu_918_p2                                      |     |        | add_ln182   | add | fabric | 0       |
+-------------------------------------------------------------+-----+--------+-------------+-----+--------+---------+


================================================================
== Storage Report
================================================================
+--------------------------+----------------+-----------+------+------+--------+----------------+------+---------+------------------+
| Name                     | Usage          | Type      | BRAM | URAM | Pragma | Variable       | Impl | Latency | Bitwidth, Depth, |
|                          |                |           |      |      |        |                |      |         | Banks            |
+--------------------------+----------------+-----------+------+------+--------+----------------+------+---------+------------------+
| + Compute_BConv_Systolic |                |           | 128  | 0    |        |                |      |         |                  |
|   control_s_axi_U        | interface      | s_axilite |      |      |        |                |      |         |                  |
|   local_in_x_U           | ram_1wnr array |           | 2    |      | yes    | local_in_x     | bram | 1       | 64, 512, 1       |
|   local_in_x_24_U        | ram_1wnr array |           | 2    |      | yes    | local_in_x_24  | bram | 1       | 64, 512, 1       |
|   local_in_x_25_U        | ram_1wnr array |           | 2    |      | yes    | local_in_x_25  | bram | 1       | 64, 512, 1       |
|   local_in_x_26_U        | ram_1wnr array |           | 2    |      | yes    | local_in_x_26  | bram | 1       | 64, 512, 1       |
|   local_in_x_27_U        | ram_1wnr array |           | 2    |      | yes    | local_in_x_27  | bram | 1       | 64, 512, 1       |
|   local_in_x_28_U        | ram_1wnr array |           | 2    |      | yes    | local_in_x_28  | bram | 1       | 64, 512, 1       |
|   local_in_x_29_U        | ram_1wnr array |           | 2    |      | yes    | local_in_x_29  | bram | 1       | 64, 512, 1       |
|   local_in_x_30_U        | ram_1wnr array |           | 2    |      | yes    | local_in_x_30  | bram | 1       | 64, 512, 1       |
|   local_in_x_31_U        | ram_1wnr array |           | 2    |      | yes    | local_in_x_31  | bram | 1       | 64, 512, 1       |
|   local_in_x_32_U        | ram_1wnr array |           | 2    |      | yes    | local_in_x_32  | bram | 1       | 64, 512, 1       |
|   local_in_x_33_U        | ram_1wnr array |           | 2    |      | yes    | local_in_x_33  | bram | 1       | 64, 512, 1       |
|   local_in_x_34_U        | ram_1wnr array |           | 2    |      | yes    | local_in_x_34  | bram | 1       | 64, 512, 1       |
|   local_in_x_35_U        | ram_1wnr array |           | 2    |      | yes    | local_in_x_35  | bram | 1       | 64, 512, 1       |
|   local_in_x_36_U        | ram_1wnr array |           | 2    |      | yes    | local_in_x_36  | bram | 1       | 64, 512, 1       |
|   local_in_x_37_U        | ram_1wnr array |           | 2    |      | yes    | local_in_x_37  | bram | 1       | 64, 512, 1       |
|   local_in_x_38_U        | ram_1wnr array |           | 2    |      | yes    | local_in_x_38  | bram | 1       | 64, 512, 1       |
|   local_in_x_39_U        | ram_1wnr array |           | 2    |      | yes    | local_in_x_39  | bram | 1       | 64, 512, 1       |
|   local_in_x_40_U        | ram_1wnr array |           | 2    |      | yes    | local_in_x_40  | bram | 1       | 64, 512, 1       |
|   local_in_x_41_U        | ram_1wnr array |           | 2    |      | yes    | local_in_x_41  | bram | 1       | 64, 512, 1       |
|   local_in_x_42_U        | ram_1wnr array |           | 2    |      | yes    | local_in_x_42  | bram | 1       | 64, 512, 1       |
|   local_in_x_43_U        | ram_1wnr array |           | 2    |      | yes    | local_in_x_43  | bram | 1       | 64, 512, 1       |
|   local_in_x_44_U        | ram_1wnr array |           | 2    |      | yes    | local_in_x_44  | bram | 1       | 64, 512, 1       |
|   local_in_x_45_U        | ram_1wnr array |           | 2    |      | yes    | local_in_x_45  | bram | 1       | 64, 512, 1       |
|   local_in_x_46_U        | ram_1wnr array |           | 2    |      | yes    | local_in_x_46  | bram | 1       | 64, 512, 1       |
|   local_out_x_U          | ram_s2p array  |           | 2    |      | yes    | local_out_x    | bram | 1       | 64, 512, 1       |
|   local_out_x_40_U       | ram_s2p array  |           | 2    |      | yes    | local_out_x_40 | bram | 1       | 64, 512, 1       |
|   local_out_x_41_U       | ram_s2p array  |           | 2    |      | yes    | local_out_x_41 | bram | 1       | 64, 512, 1       |
|   local_out_x_42_U       | ram_s2p array  |           | 2    |      | yes    | local_out_x_42 | bram | 1       | 64, 512, 1       |
|   local_out_x_43_U       | ram_s2p array  |           | 2    |      | yes    | local_out_x_43 | bram | 1       | 64, 512, 1       |
|   local_out_x_44_U       | ram_s2p array  |           | 2    |      | yes    | local_out_x_44 | bram | 1       | 64, 512, 1       |
|   local_out_x_45_U       | ram_s2p array  |           | 2    |      | yes    | local_out_x_45 | bram | 1       | 64, 512, 1       |
|   local_out_x_46_U       | ram_s2p array  |           | 2    |      | yes    | local_out_x_46 | bram | 1       | 64, 512, 1       |
|   local_out_x_47_U       | ram_s2p array  |           | 2    |      | yes    | local_out_x_47 | bram | 1       | 64, 512, 1       |
|   local_out_x_48_U       | ram_s2p array  |           | 2    |      | yes    | local_out_x_48 | bram | 1       | 64, 512, 1       |
|   local_out_x_49_U       | ram_s2p array  |           | 2    |      | yes    | local_out_x_49 | bram | 1       | 64, 512, 1       |
|   local_out_x_50_U       | ram_s2p array  |           | 2    |      | yes    | local_out_x_50 | bram | 1       | 64, 512, 1       |
|   local_out_x_51_U       | ram_s2p array  |           | 2    |      | yes    | local_out_x_51 | bram | 1       | 64, 512, 1       |
|   local_out_x_52_U       | ram_s2p array  |           | 2    |      | yes    | local_out_x_52 | bram | 1       | 64, 512, 1       |
|   local_out_x_53_U       | ram_s2p array  |           | 2    |      | yes    | local_out_x_53 | bram | 1       | 64, 512, 1       |
|   local_out_x_54_U       | ram_s2p array  |           | 2    |      | yes    | local_out_x_54 | bram | 1       | 64, 512, 1       |
|   local_out_x_55_U       | ram_s2p array  |           | 2    |      | yes    | local_out_x_55 | bram | 1       | 64, 512, 1       |
|   local_out_x_56_U       | ram_s2p array  |           | 2    |      | yes    | local_out_x_56 | bram | 1       | 64, 512, 1       |
|   local_out_x_57_U       | ram_s2p array  |           | 2    |      | yes    | local_out_x_57 | bram | 1       | 64, 512, 1       |
|   local_out_x_58_U       | ram_s2p array  |           | 2    |      | yes    | local_out_x_58 | bram | 1       | 64, 512, 1       |
|   local_out_x_59_U       | ram_s2p array  |           | 2    |      | yes    | local_out_x_59 | bram | 1       | 64, 512, 1       |
|   local_out_x_60_U       | ram_s2p array  |           | 2    |      | yes    | local_out_x_60 | bram | 1       | 64, 512, 1       |
|   local_out_x_61_U       | ram_s2p array  |           | 2    |      | yes    | local_out_x_61 | bram | 1       | 64, 512, 1       |
|   local_out_x_62_U       | ram_s2p array  |           | 2    |      | yes    | local_out_x_62 | bram | 1       | 64, 512, 1       |
|   local_out_x_63_U       | ram_s2p array  |           | 2    |      | yes    | local_out_x_63 | bram | 1       | 64, 512, 1       |
|   local_out_x_64_U       | ram_s2p array  |           | 2    |      | yes    | local_out_x_64 | bram | 1       | 64, 512, 1       |
|   local_out_x_65_U       | ram_s2p array  |           | 2    |      | yes    | local_out_x_65 | bram | 1       | 64, 512, 1       |
|   local_out_x_66_U       | ram_s2p array  |           | 2    |      | yes    | local_out_x_66 | bram | 1       | 64, 512, 1       |
|   local_out_x_67_U       | ram_s2p array  |           | 2    |      | yes    | local_out_x_67 | bram | 1       | 64, 512, 1       |
|   local_out_x_68_U       | ram_s2p array  |           | 2    |      | yes    | local_out_x_68 | bram | 1       | 64, 512, 1       |
|   local_out_x_69_U       | ram_s2p array  |           | 2    |      | yes    | local_out_x_69 | bram | 1       | 64, 512, 1       |
|   local_out_x_70_U       | ram_s2p array  |           | 2    |      | yes    | local_out_x_70 | bram | 1       | 64, 512, 1       |
|   local_out_x_71_U       | ram_s2p array  |           | 2    |      | yes    | local_out_x_71 | bram | 1       | 64, 512, 1       |
|   local_out_x_72_U       | ram_s2p array  |           | 2    |      | yes    | local_out_x_72 | bram | 1       | 64, 512, 1       |
|   local_out_x_73_U       | ram_s2p array  |           | 2    |      | yes    | local_out_x_73 | bram | 1       | 64, 512, 1       |
|   local_out_x_74_U       | ram_s2p array  |           | 2    |      | yes    | local_out_x_74 | bram | 1       | 64, 512, 1       |
|   local_out_x_75_U       | ram_s2p array  |           | 2    |      | yes    | local_out_x_75 | bram | 1       | 64, 512, 1       |
|   local_out_x_76_U       | ram_s2p array  |           | 2    |      | yes    | local_out_x_76 | bram | 1       | 64, 512, 1       |
|   local_out_x_77_U       | ram_s2p array  |           | 2    |      | yes    | local_out_x_77 | bram | 1       | 64, 512, 1       |
|   local_out_x_78_U       | ram_s2p array  |           | 2    |      | yes    | local_out_x_78 | bram | 1       | 64, 512, 1       |
+--------------------------+----------------+-----------+------+------+--------+----------------+------+---------+------------------+


================================================================
== Pragma Report
================================================================
* Valid Pragma Syntax
+-----------------+--------------------------------------------------------+----------------------------------------------------------------------+
| Type            | Options                                                | Location                                                             |
+-----------------+--------------------------------------------------------+----------------------------------------------------------------------+
| inline          |                                                        | ../src/arithmetic.cpp:9 in addmod                                    |
| inline          | off                                                    | ../src/arithmetic.cpp:65 in multmod                                  |
| pipeline        | II=1                                                   | ../src/arithmetic.cpp:66 in multmod                                  |
| bind_op         | variable=res_mult op=mul impl=dsp latency=4            | ../src/arithmetic.cpp:96 in multmod, res_mult                        |
| bind_op         | variable=p_high op=mul impl=dsp latency=4              | ../src/arithmetic.cpp:104 in multmod, p_high                         |
| bind_op         | variable=p_low op=mul impl=dsp latency=4               | ../src/arithmetic.cpp:105 in multmod, p_low                          |
| inline          |                                                        | ../src/bconv_systolic.cpp:24 in bconv_systolic_core                  |
| array_partition | variable=in_w complete dim=0                           | ../src/bconv_systolic.cpp:26 in bconv_systolic_core, in_w            |
| array_partition | variable=out_mod complete dim=0                        | ../src/bconv_systolic.cpp:27 in bconv_systolic_core, out_mod         |
| array_partition | variable=x_reg complete dim=0                          | ../src/bconv_systolic.cpp:31 in bconv_systolic_core, x_reg           |
| array_partition | variable=sum_reg complete dim=0                        | ../src/bconv_systolic.cpp:32 in bconv_systolic_core, sum_reg         |
| unroll          |                                                        | ../src/bconv_systolic.cpp:35 in bconv_systolic_core                  |
| unroll          |                                                        | ../src/bconv_systolic.cpp:37 in bconv_systolic_core                  |
| unroll          |                                                        | ../src/bconv_systolic.cpp:43 in bconv_systolic_core                  |
| unroll          |                                                        | ../src/bconv_systolic.cpp:45 in bconv_systolic_core                  |
| pipeline        | II=1                                                   | ../src/bconv_systolic.cpp:51 in bconv_systolic_core                  |
| array_partition | variable=x_curr complete dim=0                         | ../src/bconv_systolic.cpp:55 in bconv_systolic_core, x_curr          |
| array_partition | variable=sum_curr complete dim=0                       | ../src/bconv_systolic.cpp:56 in bconv_systolic_core, sum_curr        |
| unroll          |                                                        | ../src/bconv_systolic.cpp:59 in bconv_systolic_core                  |
| unroll          |                                                        | ../src/bconv_systolic.cpp:61 in bconv_systolic_core                  |
| unroll          |                                                        | ../src/bconv_systolic.cpp:67 in bconv_systolic_core                  |
| unroll          |                                                        | ../src/bconv_systolic.cpp:69 in bconv_systolic_core                  |
| unroll          |                                                        | ../src/bconv_systolic.cpp:75 in bconv_systolic_core                  |
| unroll          |                                                        | ../src/bconv_systolic.cpp:83 in bconv_systolic_core                  |
| unroll          |                                                        | ../src/bconv_systolic.cpp:88 in bconv_systolic_core                  |
| unroll          |                                                        | ../src/bconv_systolic.cpp:90 in bconv_systolic_core                  |
| unroll          |                                                        | ../src/bconv_systolic.cpp:110 in bconv_systolic_core                 |
| array_partition | variable=in_x type=cyclic factor=LOAD_PAR dim=3        | ../src/bconv_systolic.cpp:130 in compute_bconv_systolic, in_x        |
| interface       | s_axilite port=out_mod bundle=control                  | ../src/bconv_systolic.cpp:133 in compute_bconv_systolic, out_mod     |
| interface       | s_axilite port=sizeP bundle=control                    | ../src/bconv_systolic.cpp:134 in compute_bconv_systolic, sizeP       |
| interface       | s_axilite port=return bundle=control                   | ../src/bconv_systolic.cpp:135 in compute_bconv_systolic, return      |
| bind_storage    | variable=local_in_x type=ram_1wnr impl=bram            | ../src/bconv_systolic.cpp:139 in compute_bconv_systolic, local_in_x  |
| array_partition | variable=local_in_x type=complete dim=1                | ../src/bconv_systolic.cpp:140 in compute_bconv_systolic, local_in_x  |
| array_partition | variable=local_in_x type=cyclic factor=LOAD_PAR dim=2  | ../src/bconv_systolic.cpp:141 in compute_bconv_systolic, local_in_x  |
| bind_storage    | variable=local_out_x type=ram_s2p impl=bram            | ../src/bconv_systolic.cpp:144 in compute_bconv_systolic, local_out_x |
| array_partition | variable=local_out_x type=complete dim=1               | ../src/bconv_systolic.cpp:145 in compute_bconv_systolic, local_out_x |
| array_partition | variable=local_out_x type=cyclic factor=LOAD_PAR dim=2 | ../src/bconv_systolic.cpp:146 in compute_bconv_systolic, local_out_x |
| array_partition | variable=local_w complete dim=0                        | ../src/bconv_systolic.cpp:150 in compute_bconv_systolic, local_w     |
| array_partition | variable=local_mod complete dim=0                      | ../src/bconv_systolic.cpp:151 in compute_bconv_systolic, local_mod   |
| pipeline        | II=1                                                   | ../src/bconv_systolic.cpp:155 in compute_bconv_systolic              |
| pipeline        | II=1                                                   | ../src/bconv_systolic.cpp:161 in compute_bconv_systolic              |
| pipeline        | II=1                                                   | ../src/bconv_systolic.cpp:168 in compute_bconv_systolic              |
| unroll          |                                                        | ../src/bconv_systolic.cpp:170 in compute_bconv_systolic              |
| loop_tripcount  | min=1 max=MAX_OUT_COLS avg=3                           | ../src/bconv_systolic.cpp:181 in compute_bconv_systolic              |
| pipeline        | II=1                                                   | ../src/bconv_systolic.cpp:183 in compute_bconv_systolic              |
| unroll          |                                                        | ../src/bconv_systolic.cpp:185 in compute_bconv_systolic              |
+-----------------+--------------------------------------------------------+----------------------------------------------------------------------+


